[loaded] /Users/jonathanmorgan/rvit_plus_checkpoints/v8/v8_analysis_snapshot.pt (iter=4999) device=cpu  gamma=0.99
  red  (v=5): V@cue=3.76 V@change=4.81 V@max=5.09
  green(v=3): V@cue=2.32 V@change=2.90 V@max=4.02
  blue (v=1): V@cue=0.86 V@change=1.05 V@max=2.36
  no-change: V@cue=2.26 V@change-frame=2.32 V@mean=2.32
[calibration] V vs MC return: slope=1.053 intercept=-0.104 R²=0.660 (n=30287)
[entropy] critic dist entropy pre-change=0.474  post-change=0.208
  |Δθ|=    0: critic qent(post)=0.454 qstd(post)=0.917
  |Δθ|=    5: critic qent(post)=0.451 qstd(post)=0.911
  |Δθ|=   10: critic qent(post)=0.410 qstd(post)=0.878
  |Δθ|=   20: critic qent(post)=-0.133 qstd(post)=0.627
  |Δθ|=   40: critic qent(post)=-1.019 qstd(post)=0.330
  |Δθ|=   80: critic qent(post)=-0.853 qstd(post)=0.369
  bias=-6: V(press)=3.16 Qadv=0.17 qent=-0.932 Hpi=0.143 P(press)=0.919
  bias=-4: V(press)=3.20 Qadv=0.18 qent=-1.019 Hpi=0.126 P(press)=0.928
  bias=-2: V(press)=3.20 Qadv=0.17 qent=-0.988 Hpi=0.129 P(press)=0.930
  bias=-1: V(press)=3.21 Qadv=0.18 qent=-0.987 Hpi=0.132 P(press)=0.933
  bias=+0: V(press)=3.22 Qadv=0.18 qent=-1.013 Hpi=0.128 P(press)=0.936
  bias=+1: V(press)=3.21 Qadv=0.18 qent=-0.989 Hpi=0.133 P(press)=0.927
  bias=+2: V(press)=3.23 Qadv=0.18 qent=-1.024 Hpi=0.131 P(press)=0.929
  bias=+4: V(press)=3.28 Qadv=0.17 qent=-1.023 Hpi=0.143 P(press)=0.923
  bias=+6: V(press)=3.52 Qadv=0.20 qent=-1.032 Hpi=0.184 P(press)=0.905
[advantage] Q(press)-Q(wait) zero-crossing (t) by colour: {'red': 15, 'green': 15, 'blue': 2}  (change@t=15)
[saved] exp5 figures + /Users/jonathanmorgan/AttentionManuscript/RViT_plus_v8/analysis/deepdive/tables/exp5_value.json
[done]
