[loaded] /Users/jonathanmorgan/rvit_plus_checkpoints/v5_part2/v5p2_analysis_snapshot.pt (iter=4999) device=cpu  gamma=0.99
  red  (v=5): V@cue=3.83 V@change=4.72 V@max=4.98
  green(v=3): V@cue=2.24 V@change=3.00 V@max=3.00
  blue (v=1): V@cue=0.74 V@change=0.93 V@max=2.22
  no-change: V@cue=2.22 V@change-frame=2.34 V@mean=2.28
[calibration] V vs MC return: slope=1.007 intercept=0.032 R²=0.655 (n=30984)
[entropy] critic dist entropy pre-change=0.469  post-change=0.558
  |Δθ|=    0: critic qent(post)=0.701 qstd(post)=0.840
  |Δθ|=    5: critic qent(post)=0.686 qstd(post)=0.822
  |Δθ|=   10: critic qent(post)=0.489 qstd(post)=0.722
  |Δθ|=   20: critic qent(post)=-0.206 qstd(post)=0.437
  |Δθ|=   40: critic qent(post)=-0.738 qstd(post)=0.282
  |Δθ|=   80: critic qent(post)=-0.362 qstd(post)=0.394
  bias=-6: V(press)=2.82 Qadv=-0.18 qent=-0.752 Hpi=0.093 P(press)=0.580
  bias=-4: V(press)=2.82 Qadv=-0.18 qent=-0.758 Hpi=0.090 P(press)=0.579
  bias=-2: V(press)=2.83 Qadv=-0.18 qent=-0.776 Hpi=0.093 P(press)=0.583
  bias=-1: V(press)=2.81 Qadv=-0.19 qent=-0.732 Hpi=0.091 P(press)=0.562
  bias=+0: V(press)=2.82 Qadv=-0.19 qent=-0.745 Hpi=0.097 P(press)=0.569
  bias=+1: V(press)=2.82 Qadv=-0.19 qent=-0.736 Hpi=0.094 P(press)=0.569
  bias=+2: V(press)=2.83 Qadv=-0.19 qent=-0.741 Hpi=0.095 P(press)=0.571
  bias=+4: V(press)=2.77 Qadv=-0.17 qent=-0.647 Hpi=0.110 P(press)=0.556
  bias=+6: V(press)=2.66 Qadv=-0.14 qent=-0.700 Hpi=0.133 P(press)=0.545
[advantage] Q(press)-Q(wait) zero-crossing (t) by colour: {'red': 23, 'green': 20, 'blue': 21}  (change@t=15)
[saved] exp5 figures + /Users/jonathanmorgan/AttentionManuscript/RViT_plus_v5_part2/analysis/deepdive/tables/exp5_value.json
[done]
