CR-008  A3 second vector -- multiplicative CF on additive-CF<0.60 cells
  Phi backend: A&S 7.1.26 numpy-vectorised
  config: N=4, d'_max=2.0, f0=0.5, h=sqrt;  Delta_c=0.05, alpha-grid=51 pts (Delta_alpha=0.02 + 1/N)

[Block 0] beta_gamma_multiplicative vs parent ../run.py: max|dev| = 0.000e+00  (IDENTICAL)

[Load] run-003 phase_A rows: 4410  (backend=A&S 7.1.26 numpy-vectorised, Delta_alpha=0.02, Delta_c=0.05)
[Select] valid cells with additive CF < 0.60: |S| = 590 of 4410 (13.4%)

[Block A] recomputing additive (cross-check) + multiplicative CF on 590 cells ...
  max|CF_add_recomputed - CF_add_stored| over S = 0.000e+00
  max|R(P3),R(P4) additive-vs-multiplicative| over S = 0.000e+00  (expect 0.0: family-indep)

[Decompose] over S (additive-CF<0.60 cells):
  additive  CF<0.5 (C1's pre-existing failures): 177
  mult.     CF<0.5                              : 367
  NEW FLIPS (CF_add>=0.5 -> CF_mult<0.5)        : 190  <-- constraint-attributable A3 signal
  recovered (CF_add<0.5 -> CF_mult>=0.5)        : 0
  min CF_add = 0.3040 @ (r=10.000, V=0.2500, v=4, B)
  min CF_mul = 0.2309 @ (r=10.000, V=0.2500, v=4, B)
  Delta CF = CF_mult - CF_add over S: mean=-0.0631, median=-0.0683, min=-0.1087, max=-0.0051
  NEW-FLIP cells (190):
    r=2.512 V=0.3625 v=4 B | CF_add=0.5160 -> CF_mult=0.4944 (dCF=-0.0216)
    r=2.512 V=0.4375 v=3 B | CF_add=0.5095 -> CF_mult=0.4882 (dCF=-0.0213)
    r=3.162 V=0.2875 v=2 B | CF_add=0.5223 -> CF_mult=0.4924 (dCF=-0.0299)
    r=3.162 V=0.2875 v=5 B | CF_add=0.5122 -> CF_mult=0.4776 (dCF=-0.0346)
    r=3.162 V=0.3250 v=2 B | CF_add=0.5017 -> CF_mult=0.4717 (dCF=-0.0300)
    r=3.162 V=0.4000 v=4 B | CF_add=0.5079 -> CF_mult=0.4750 (dCF=-0.0328)
    r=3.162 V=0.4375 v=4 B | CF_add=0.5300 -> CF_mult=0.4968 (dCF=-0.0332)
    r=3.162 V=0.5125 v=2 B | CF_add=0.5014 -> CF_mult=0.4699 (dCF=-0.0314)
    r=3.162 V=0.5125 v=3 B | CF_add=0.5129 -> CF_mult=0.4804 (dCF=-0.0325)
    r=3.162 V=0.5500 v=2 B | CF_add=0.5100 -> CF_mult=0.4782 (dCF=-0.0318)
    r=3.162 V=0.5500 v=3 B | CF_add=0.5286 -> CF_mult=0.4956 (dCF=-0.0329)
    r=3.162 V=0.5875 v=2 B | CF_add=0.5192 -> CF_mult=0.4873 (dCF=-0.0320)
    r=3.162 V=0.6250 v=2 B | CF_add=0.5299 -> CF_mult=0.4976 (dCF=-0.0323)
    r=3.981 V=0.2500 v=2 B | CF_add=0.5146 -> CF_mult=0.4736 (dCF=-0.0411)
    r=3.981 V=0.3250 v=5 B | CF_add=0.5272 -> CF_mult=0.4784 (dCF=-0.0488)
    r=3.981 V=0.4375 v=4 B | CF_add=0.5064 -> CF_mult=0.4611 (dCF=-0.0453)
    r=3.981 V=0.4750 v=4 B | CF_add=0.5283 -> CF_mult=0.4822 (dCF=-0.0462)
    r=3.981 V=0.5500 v=3 B | CF_add=0.5095 -> CF_mult=0.4645 (dCF=-0.0450)
    r=3.981 V=0.5875 v=2 B | CF_add=0.5009 -> CF_mult=0.4572 (dCF=-0.0437)
    r=3.981 V=0.5875 v=3 B | CF_add=0.5259 -> CF_mult=0.4805 (dCF=-0.0455)
    r=3.981 V=0.6250 v=2 B | CF_add=0.5130 -> CF_mult=0.4689 (dCF=-0.0441)
    r=3.981 V=0.6250 v=3 B | CF_add=0.5414 -> CF_mult=0.4960 (dCF=-0.0453)
    r=3.981 V=0.6625 v=2 B | CF_add=0.5243 -> CF_mult=0.4803 (dCF=-0.0440)
    r=3.981 V=0.7000 v=2 B | CF_add=0.5360 -> CF_mult=0.4917 (dCF=-0.0443)
    r=5.012 V=0.3250 v=5 B | CF_add=0.5024 -> CF_mult=0.4400 (dCF=-0.0624)
    r=5.012 V=0.3625 v=5 B | CF_add=0.5373 -> CF_mult=0.4727 (dCF=-0.0646)
    r=5.012 V=0.4000 v=5 B | CF_add=0.5628 -> CF_mult=0.4977 (dCF=-0.0651)
    r=5.012 V=0.4750 v=4 B | CF_add=0.5108 -> CF_mult=0.4513 (dCF=-0.0595)
    r=5.012 V=0.5125 v=4 B | CF_add=0.5318 -> CF_mult=0.4717 (dCF=-0.0601)
    r=5.012 V=0.5500 v=4 B | CF_add=0.5512 -> CF_mult=0.4908 (dCF=-0.0605)
    r=5.012 V=0.5875 v=3 B | CF_add=0.5110 -> CF_mult=0.4528 (dCF=-0.0583)
    r=5.012 V=0.6250 v=3 B | CF_add=0.5272 -> CF_mult=0.4686 (dCF=-0.0586)
    r=5.012 V=0.6625 v=2 B | CF_add=0.5109 -> CF_mult=0.4543 (dCF=-0.0566)
    r=5.012 V=0.6625 v=3 B | CF_add=0.5425 -> CF_mult=0.4837 (dCF=-0.0588)
    r=5.012 V=0.7000 v=2 B | CF_add=0.5236 -> CF_mult=0.4667 (dCF=-0.0570)
    r=5.012 V=0.7000 v=3 B | CF_add=0.5575 -> CF_mult=0.4984 (dCF=-0.0591)
    r=5.012 V=0.7375 v=2 B | CF_add=0.5369 -> CF_mult=0.4796 (dCF=-0.0573)
    r=5.012 V=0.7750 v=2 B | CF_add=0.5497 -> CF_mult=0.4927 (dCF=-0.0571)
    r=6.310 V=0.3625 v=5 B | CF_add=0.5189 -> CF_mult=0.4400 (dCF=-0.0790)
    r=6.310 V=0.4000 v=5 B | CF_add=0.5456 -> CF_mult=0.4654 (dCF=-0.0803)
    r=6.310 V=0.4375 v=5 B | CF_add=0.5655 -> CF_mult=0.4853 (dCF=-0.0802)
    r=6.310 V=0.5125 v=4 B | CF_add=0.5181 -> CF_mult=0.4445 (dCF=-0.0737)
    r=6.310 V=0.5500 v=4 B | CF_add=0.5380 -> CF_mult=0.4636 (dCF=-0.0744)
    r=6.310 V=0.5875 v=4 B | CF_add=0.5560 -> CF_mult=0.4813 (dCF=-0.0747)
    r=6.310 V=0.6250 v=3 B | CF_add=0.5157 -> CF_mult=0.4436 (dCF=-0.0720)
    r=6.310 V=0.6250 v=4 B | CF_add=0.5725 -> CF_mult=0.4975 (dCF=-0.0750)
    r=6.310 V=0.6625 v=3 B | CF_add=0.5318 -> CF_mult=0.4593 (dCF=-0.0725)
    r=6.310 V=0.7000 v=2 B | CF_add=0.5135 -> CF_mult=0.4435 (dCF=-0.0699)
    r=6.310 V=0.7000 v=3 B | CF_add=0.5475 -> CF_mult=0.4747 (dCF=-0.0728)
    r=6.310 V=0.7375 v=2 B | CF_add=0.5275 -> CF_mult=0.4570 (dCF=-0.0705)
    r=6.310 V=0.7375 v=3 B | CF_add=0.5623 -> CF_mult=0.4894 (dCF=-0.0729)
    r=6.310 V=0.7750 v=2 B | CF_add=0.5410 -> CF_mult=0.4705 (dCF=-0.0705)
    r=6.310 V=0.8125 v=2 B | CF_add=0.5552 -> CF_mult=0.4846 (dCF=-0.0706)
    r=6.310 V=0.8500 v=2 B | CF_add=0.5692 -> CF_mult=0.4986 (dCF=-0.0707)
    r=7.943 V=0.2500 v=3 A | CF_add=0.5718 -> CF_mult=0.4902 (dCF=-0.0816)
    r=7.943 V=0.2500 v=4 A | CF_add=0.5693 -> CF_mult=0.4873 (dCF=-0.0820)
    r=7.943 V=0.2500 v=5 A | CF_add=0.5718 -> CF_mult=0.4901 (dCF=-0.0817)
    r=7.943 V=0.2875 v=2 A | CF_add=0.5804 -> CF_mult=0.4996 (dCF=-0.0808)
    r=7.943 V=0.2875 v=3 A | CF_add=0.5691 -> CF_mult=0.4871 (dCF=-0.0820)
    r=7.943 V=0.2875 v=4 A | CF_add=0.5710 -> CF_mult=0.4893 (dCF=-0.0818)
    r=7.943 V=0.2875 v=5 A | CF_add=0.5759 -> CF_mult=0.4943 (dCF=-0.0816)
    r=7.943 V=0.3250 v=2 A | CF_add=0.5728 -> CF_mult=0.4914 (dCF=-0.0814)
    r=7.943 V=0.3250 v=3 A | CF_add=0.5699 -> CF_mult=0.4879 (dCF=-0.0820)
    r=7.943 V=0.3250 v=4 A | CF_add=0.5749 -> CF_mult=0.4933 (dCF=-0.0816)
    r=7.943 V=0.3250 v=5 A | CF_add=0.5815 -> CF_mult=0.4996 (dCF=-0.0819)
    r=7.943 V=0.3625 v=2 A | CF_add=0.5698 -> CF_mult=0.4877 (dCF=-0.0821)
    r=7.943 V=0.3625 v=3 A | CF_add=0.5723 -> CF_mult=0.4907 (dCF=-0.0816)
    r=7.943 V=0.3625 v=4 A | CF_add=0.5795 -> CF_mult=0.4977 (dCF=-0.0818)
    r=7.943 V=0.3625 v=5 B | CF_add=0.5045 -> CF_mult=0.4111 (dCF=-0.0933)
    r=7.943 V=0.4000 v=2 A | CF_add=0.5693 -> CF_mult=0.4873 (dCF=-0.0820)
    r=7.943 V=0.4000 v=3 A | CF_add=0.5756 -> CF_mult=0.4940 (dCF=-0.0816)
    r=7.943 V=0.4000 v=5 B | CF_add=0.5320 -> CF_mult=0.4370 (dCF=-0.0950)
    r=7.943 V=0.4375 v=2 A | CF_add=0.5706 -> CF_mult=0.4887 (dCF=-0.0819)
    r=7.943 V=0.4375 v=3 A | CF_add=0.5805 -> CF_mult=0.4986 (dCF=-0.0819)
    r=7.943 V=0.4375 v=5 B | CF_add=0.5524 -> CF_mult=0.4575 (dCF=-0.0949)
    r=7.943 V=0.4750 v=1 A | CF_add=0.5748 -> CF_mult=0.4935 (dCF=-0.0813)
    r=7.943 V=0.4750 v=2 A | CF_add=0.5734 -> CF_mult=0.4918 (dCF=-0.0816)
    r=7.943 V=0.4750 v=1 B | CF_add=0.5748 -> CF_mult=0.4935 (dCF=-0.0813)
    r=7.943 V=0.4750 v=5 B | CF_add=0.5679 -> CF_mult=0.4738 (dCF=-0.0941)
    r=7.943 V=0.5125 v=1 A | CF_add=0.5702 -> CF_mult=0.4886 (dCF=-0.0816)
    r=7.943 V=0.5125 v=2 A | CF_add=0.5771 -> CF_mult=0.4954 (dCF=-0.0816)
    r=7.943 V=0.5125 v=1 B | CF_add=0.5702 -> CF_mult=0.4886 (dCF=-0.0816)
    r=7.943 V=0.5125 v=4 B | CF_add=0.5067 -> CF_mult=0.4198 (dCF=-0.0869)
    r=7.943 V=0.5125 v=5 B | CF_add=0.5794 -> CF_mult=0.4863 (dCF=-0.0931)
    r=7.943 V=0.5500 v=1 A | CF_add=0.5690 -> CF_mult=0.4870 (dCF=-0.0820)
    r=7.943 V=0.5500 v=1 B | CF_add=0.5690 -> CF_mult=0.4870 (dCF=-0.0820)
    r=7.943 V=0.5500 v=4 B | CF_add=0.5273 -> CF_mult=0.4390 (dCF=-0.0883)
    r=7.943 V=0.5500 v=5 B | CF_add=0.5882 -> CF_mult=0.4965 (dCF=-0.0917)
    r=7.943 V=0.5875 v=1 A | CF_add=0.5697 -> CF_mult=0.4877 (dCF=-0.0821)
    r=7.943 V=0.5875 v=1 B | CF_add=0.5697 -> CF_mult=0.4877 (dCF=-0.0821)
    r=7.943 V=0.5875 v=4 B | CF_add=0.5460 -> CF_mult=0.4571 (dCF=-0.0889)
    r=7.943 V=0.6250 v=1 A | CF_add=0.5718 -> CF_mult=0.4901 (dCF=-0.0817)
    r=7.943 V=0.6250 v=1 B | CF_add=0.5718 -> CF_mult=0.4901 (dCF=-0.0817)
    r=7.943 V=0.6250 v=3 B | CF_add=0.5063 -> CF_mult=0.4210 (dCF=-0.0853)
    r=7.943 V=0.6250 v=4 B | CF_add=0.5632 -> CF_mult=0.4739 (dCF=-0.0893)
    r=7.943 V=0.6625 v=1 A | CF_add=0.5753 -> CF_mult=0.4937 (dCF=-0.0816)
    r=7.943 V=0.6625 v=1 B | CF_add=0.5753 -> CF_mult=0.4937 (dCF=-0.0816)
    r=7.943 V=0.6625 v=3 B | CF_add=0.5230 -> CF_mult=0.4369 (dCF=-0.0861)
    r=7.943 V=0.6625 v=4 B | CF_add=0.5795 -> CF_mult=0.4899 (dCF=-0.0896)
    r=7.943 V=0.7000 v=1 A | CF_add=0.5805 -> CF_mult=0.4986 (dCF=-0.0819)
    r=7.943 V=0.7000 v=1 B | CF_add=0.5805 -> CF_mult=0.4986 (dCF=-0.0819)
    r=7.943 V=0.7000 v=2 B | CF_add=0.5053 -> CF_mult=0.4224 (dCF=-0.0828)
    r=7.943 V=0.7000 v=3 B | CF_add=0.5394 -> CF_mult=0.4527 (dCF=-0.0867)
    r=7.943 V=0.7375 v=2 B | CF_add=0.5199 -> CF_mult=0.4362 (dCF=-0.0837)
    r=7.943 V=0.7375 v=3 B | CF_add=0.5547 -> CF_mult=0.4679 (dCF=-0.0869)
    r=7.943 V=0.7750 v=2 B | CF_add=0.5339 -> CF_mult=0.4500 (dCF=-0.0839)
    r=7.943 V=0.7750 v=3 B | CF_add=0.5701 -> CF_mult=0.4830 (dCF=-0.0871)
    r=7.943 V=0.8125 v=2 B | CF_add=0.5485 -> CF_mult=0.4644 (dCF=-0.0841)
    r=7.943 V=0.8125 v=3 B | CF_add=0.5847 -> CF_mult=0.4977 (dCF=-0.0870)
    r=7.943 V=0.8500 v=2 B | CF_add=0.5630 -> CF_mult=0.4787 (dCF=-0.0843)
    r=7.943 V=0.8875 v=2 B | CF_add=0.5777 -> CF_mult=0.4936 (dCF=-0.0841)
    r=10.000 V=0.2500 v=2 A | CF_add=0.5794 -> CF_mult=0.4855 (dCF=-0.0940)
    r=10.000 V=0.2500 v=3 A | CF_add=0.5603 -> CF_mult=0.4654 (dCF=-0.0949)
    r=10.000 V=0.2500 v=4 A | CF_add=0.5592 -> CF_mult=0.4645 (dCF=-0.0947)
    r=10.000 V=0.2500 v=5 A | CF_add=0.5630 -> CF_mult=0.4684 (dCF=-0.0946)
    r=10.000 V=0.2875 v=2 A | CF_add=0.5672 -> CF_mult=0.4728 (dCF=-0.0944)
    r=10.000 V=0.2875 v=3 A | CF_add=0.5588 -> CF_mult=0.4638 (dCF=-0.0950)
    r=10.000 V=0.2875 v=4 A | CF_add=0.5621 -> CF_mult=0.4676 (dCF=-0.0945)
    r=10.000 V=0.2875 v=5 A | CF_add=0.5681 -> CF_mult=0.4735 (dCF=-0.0946)
    r=10.000 V=0.3250 v=2 A | CF_add=0.5611 -> CF_mult=0.4663 (dCF=-0.0948)
    r=10.000 V=0.3250 v=3 A | CF_add=0.5603 -> CF_mult=0.4656 (dCF=-0.0947)
    r=10.000 V=0.3250 v=4 A | CF_add=0.5668 -> CF_mult=0.4723 (dCF=-0.0946)
    r=10.000 V=0.3250 v=5 A | CF_add=0.5744 -> CF_mult=0.4795 (dCF=-0.0949)
    r=10.000 V=0.3625 v=2 A | CF_add=0.5593 -> CF_mult=0.4640 (dCF=-0.0953)
    r=10.000 V=0.3625 v=3 A | CF_add=0.5636 -> CF_mult=0.4690 (dCF=-0.0945)
    r=10.000 V=0.3625 v=4 A | CF_add=0.5722 -> CF_mult=0.4774 (dCF=-0.0948)
    r=10.000 V=0.3625 v=5 A | CF_add=0.5802 -> CF_mult=0.4854 (dCF=-0.0948)
    r=10.000 V=0.4000 v=1 A | CF_add=0.5794 -> CF_mult=0.4855 (dCF=-0.0940)
    r=10.000 V=0.4000 v=2 A | CF_add=0.5592 -> CF_mult=0.4645 (dCF=-0.0947)
    r=10.000 V=0.4000 v=3 A | CF_add=0.5678 -> CF_mult=0.4732 (dCF=-0.0946)
    r=10.000 V=0.4000 v=4 A | CF_add=0.5780 -> CF_mult=0.4831 (dCF=-0.0949)
    r=10.000 V=0.4000 v=5 A | CF_add=0.5864 -> CF_mult=0.4917 (dCF=-0.0947)
    r=10.000 V=0.4000 v=1 B | CF_add=0.5794 -> CF_mult=0.4855 (dCF=-0.0940)
    r=10.000 V=0.4000 v=5 B | CF_add=0.5201 -> CF_mult=0.4120 (dCF=-0.1082)
    r=10.000 V=0.4375 v=1 A | CF_add=0.5688 -> CF_mult=0.4744 (dCF=-0.0944)
    r=10.000 V=0.4375 v=2 A | CF_add=0.5613 -> CF_mult=0.4669 (dCF=-0.0944)
    r=10.000 V=0.4375 v=3 A | CF_add=0.5732 -> CF_mult=0.4784 (dCF=-0.0949)
    r=10.000 V=0.4375 v=4 A | CF_add=0.5837 -> CF_mult=0.4889 (dCF=-0.0947)
    r=10.000 V=0.4375 v=5 A | CF_add=0.5922 -> CF_mult=0.4975 (dCF=-0.0947)
    r=10.000 V=0.4375 v=1 B | CF_add=0.5688 -> CF_mult=0.4744 (dCF=-0.0944)
    r=10.000 V=0.4375 v=5 B | CF_add=0.5414 -> CF_mult=0.4327 (dCF=-0.1087)
    r=10.000 V=0.4750 v=1 A | CF_add=0.5626 -> CF_mult=0.4677 (dCF=-0.0949)
    r=10.000 V=0.4750 v=2 A | CF_add=0.5651 -> CF_mult=0.4705 (dCF=-0.0946)
    r=10.000 V=0.4750 v=3 A | CF_add=0.5786 -> CF_mult=0.4837 (dCF=-0.0949)
    r=10.000 V=0.4750 v=4 A | CF_add=0.5895 -> CF_mult=0.4949 (dCF=-0.0947)
    r=10.000 V=0.4750 v=1 B | CF_add=0.5626 -> CF_mult=0.4677 (dCF=-0.0949)
    r=10.000 V=0.4750 v=5 B | CF_add=0.5577 -> CF_mult=0.4491 (dCF=-0.1086)
    r=10.000 V=0.5125 v=1 A | CF_add=0.5593 -> CF_mult=0.4643 (dCF=-0.0950)
    r=10.000 V=0.5125 v=2 A | CF_add=0.5694 -> CF_mult=0.4747 (dCF=-0.0947)
    r=10.000 V=0.5125 v=3 A | CF_add=0.5842 -> CF_mult=0.4895 (dCF=-0.0948)
    r=10.000 V=0.5125 v=1 B | CF_add=0.5593 -> CF_mult=0.4643 (dCF=-0.0950)
    r=10.000 V=0.5125 v=5 B | CF_add=0.5702 -> CF_mult=0.4624 (dCF=-0.1077)
    r=10.000 V=0.5500 v=1 A | CF_add=0.5587 -> CF_mult=0.4638 (dCF=-0.0949)
    r=10.000 V=0.5500 v=2 A | CF_add=0.5750 -> CF_mult=0.4800 (dCF=-0.0950)
    r=10.000 V=0.5500 v=3 A | CF_add=0.5900 -> CF_mult=0.4953 (dCF=-0.0946)
    r=10.000 V=0.5500 v=1 B | CF_add=0.5587 -> CF_mult=0.4638 (dCF=-0.0949)
    r=10.000 V=0.5500 v=4 B | CF_add=0.5187 -> CF_mult=0.4171 (dCF=-0.1016)
    r=10.000 V=0.5500 v=5 B | CF_add=0.5796 -> CF_mult=0.4732 (dCF=-0.1064)
    r=10.000 V=0.5875 v=1 A | CF_add=0.5600 -> CF_mult=0.4654 (dCF=-0.0946)
    r=10.000 V=0.5875 v=2 A | CF_add=0.5802 -> CF_mult=0.4854 (dCF=-0.0948)
    r=10.000 V=0.5875 v=1 B | CF_add=0.5600 -> CF_mult=0.4654 (dCF=-0.0946)
    r=10.000 V=0.5875 v=4 B | CF_add=0.5380 -> CF_mult=0.4353 (dCF=-0.1027)
    r=10.000 V=0.5875 v=5 B | CF_add=0.5973 -> CF_mult=0.4907 (dCF=-0.1065)
    r=10.000 V=0.6250 v=1 A | CF_add=0.5630 -> CF_mult=0.4684 (dCF=-0.0946)
    r=10.000 V=0.6250 v=2 A | CF_add=0.5864 -> CF_mult=0.4917 (dCF=-0.0947)
    r=10.000 V=0.6250 v=1 B | CF_add=0.5630 -> CF_mult=0.4684 (dCF=-0.0946)
    r=10.000 V=0.6250 v=4 B | CF_add=0.5557 -> CF_mult=0.4523 (dCF=-0.1034)
    r=10.000 V=0.6625 v=1 A | CF_add=0.5673 -> CF_mult=0.4728 (dCF=-0.0946)
    r=10.000 V=0.6625 v=2 A | CF_add=0.5925 -> CF_mult=0.4979 (dCF=-0.0947)
    r=10.000 V=0.6625 v=1 B | CF_add=0.5673 -> CF_mult=0.4728 (dCF=-0.0946)
    r=10.000 V=0.6625 v=3 B | CF_add=0.5159 -> CF_mult=0.4168 (dCF=-0.0991)
    r=10.000 V=0.6625 v=4 B | CF_add=0.5725 -> CF_mult=0.4687 (dCF=-0.1038)
    r=10.000 V=0.7000 v=1 A | CF_add=0.5732 -> CF_mult=0.4784 (dCF=-0.0949)
    r=10.000 V=0.7000 v=1 B | CF_add=0.5732 -> CF_mult=0.4784 (dCF=-0.0949)
    r=10.000 V=0.7000 v=3 B | CF_add=0.5328 -> CF_mult=0.4327 (dCF=-0.1001)
    r=10.000 V=0.7000 v=4 B | CF_add=0.5880 -> CF_mult=0.4842 (dCF=-0.1038)
    r=10.000 V=0.7375 v=1 A | CF_add=0.5798 -> CF_mult=0.4849 (dCF=-0.0948)
    r=10.000 V=0.7375 v=1 B | CF_add=0.5798 -> CF_mult=0.4849 (dCF=-0.0948)
    r=10.000 V=0.7375 v=2 B | CF_add=0.5136 -> CF_mult=0.4173 (dCF=-0.0963)
    r=10.000 V=0.7375 v=3 B | CF_add=0.5485 -> CF_mult=0.4481 (dCF=-0.1004)
    r=10.000 V=0.7750 v=1 A | CF_add=0.5876 -> CF_mult=0.4929 (dCF=-0.0947)
    r=10.000 V=0.7750 v=1 B | CF_add=0.5876 -> CF_mult=0.4929 (dCF=-0.0947)
    r=10.000 V=0.7750 v=2 B | CF_add=0.5281 -> CF_mult=0.4313 (dCF=-0.0968)
    r=10.000 V=0.7750 v=3 B | CF_add=0.5642 -> CF_mult=0.4635 (dCF=-0.1007)
    r=10.000 V=0.8125 v=2 B | CF_add=0.5430 -> CF_mult=0.4458 (dCF=-0.0972)
    r=10.000 V=0.8125 v=3 B | CF_add=0.5793 -> CF_mult=0.4784 (dCF=-0.1009)
    r=10.000 V=0.8500 v=2 B | CF_add=0.5579 -> CF_mult=0.4604 (dCF=-0.0975)
    r=10.000 V=0.8500 v=3 B | CF_add=0.5942 -> CF_mult=0.4936 (dCF=-0.1006)
    r=10.000 V=0.8875 v=2 B | CF_add=0.5728 -> CF_mult=0.4754 (dCF=-0.0974)
    r=10.000 V=0.9250 v=2 B | CF_add=0.5880 -> CF_mult=0.4908 (dCF=-0.0972)

[Block C] full-grid multiplicative sweep (4,410 cells) for the global CF<0.5 fraction ...
  valid cells (mult): 4410
  additive : CF<0.5 = 177/4410 (4.01%), median CF = 0.7605
  mult.    : CF<0.5 = 368/4410 (8.34%), median CF = 0.7578
  paired Delta CF (mult-add): mean=-0.0261, median=-0.0176, min=-0.1087, max=0.0000
  worst CF erosion over full grid: dCF=-0.1087 at {'r': 10.0, 'V': 0.4375, 'v': 5, 'variant': 'B', 'cf_add': 0.5414167919238351, 'cf_mult': 0.43270200751646226}

Saved /sessions/eloquent-zealous-knuth/mnt/AttentionManuscript/Critique/replications/A3--multiplicative-conservation/cr008_cf_floor/output/results.json  (elapsed 20.71s)
