This is XeTeX, Version 3.141592653-2.6-0.999998 (TeX Live 2026) (preloaded format=xelatex)
 restricted \write18 enabled.
entering extended mode
(./luo_maunsell_environment_comparison.tex
LaTeX2e <2025-11-01>
L3 programming layer <2026-01-19>
(/usr/local/texlive/2026basic/texmf-dist/tex/latex/base/article.cls
Document Class: article 2025/01/22 v1.4n Standard LaTeX document class
(/usr/local/texlive/2026basic/texmf-dist/tex/latex/base/size10.clo))
(/usr/local/texlive/2026basic/texmf-dist/tex/latex/geometry/geometry.sty
(/usr/local/texlive/2026basic/texmf-dist/tex/latex/graphics/keyval.sty)
(/usr/local/texlive/2026basic/texmf-dist/tex/generic/iftex/ifvtex.sty
(/usr/local/texlive/2026basic/texmf-dist/tex/generic/iftex/iftex.sty)))
(/usr/local/texlive/2026basic/texmf-dist/tex/latex/base/fontenc.sty
(/usr/local/texlive/2026basic/texmf-dist/tex/latex/lm/t1lmr.fd))
(/usr/local/texlive/2026basic/texmf-dist/tex/latex/lm/lmodern.sty)
(/usr/local/texlive/2026basic/texmf-dist/tex/latex/microtype/microtype.sty
(/usr/local/texlive/2026basic/texmf-dist/tex/latex/etoolbox/etoolbox.sty)
(/usr/local/texlive/2026basic/texmf-dist/tex/latex/microtype/microtype-xetex.de
f) (/usr/local/texlive/2026basic/texmf-dist/tex/latex/microtype/microtype.cfg))
 (/usr/local/texlive/2026basic/texmf-dist/tex/latex/graphics/graphicx.sty
(/usr/local/texlive/2026basic/texmf-dist/tex/latex/graphics/graphics.sty
(/usr/local/texlive/2026basic/texmf-dist/tex/latex/graphics/trig.sty)
(/usr/local/texlive/2026basic/texmf-dist/tex/latex/graphics-cfg/graphics.cfg)
(/usr/local/texlive/2026basic/texmf-dist/tex/latex/graphics-def/xetex.def)))
(/usr/local/texlive/2026basic/texmf-dist/tex/latex/booktabs/booktabs.sty)
(/usr/local/texlive/2026basic/texmf-dist/tex/latex/tools/tabularx.sty
(/usr/local/texlive/2026basic/texmf-dist/tex/latex/tools/array.sty))
(/usr/local/texlive/2026basic/texmf-dist/tex/latex/xcolor/xcolor.sty
(/usr/local/texlive/2026basic/texmf-dist/tex/latex/graphics-cfg/color.cfg)
(/usr/local/texlive/2026basic/texmf-dist/tex/latex/graphics/mathcolor.ltx))
(/usr/local/texlive/2026basic/texmf-dist/tex/latex/colortbl/colortbl.sty)
(/Users/jonathanmorgan/Library/texmf/tex/latex/enumitem/enumitem.sty)
(/usr/local/texlive/2026basic/texmf-dist/tex/latex/hyperref/hyperref.sty
(/usr/local/texlive/2026basic/texmf-dist/tex/latex/kvsetkeys/kvsetkeys.sty)
(/usr/local/texlive/2026basic/texmf-dist/tex/generic/kvdefinekeys/kvdefinekeys.
sty)
(/usr/local/texlive/2026basic/texmf-dist/tex/generic/pdfescape/pdfescape.sty
(/usr/local/texlive/2026basic/texmf-dist/tex/generic/ltxcmds/ltxcmds.sty)
(/usr/local/texlive/2026basic/texmf-dist/tex/generic/pdftexcmds/pdftexcmds.sty
(/usr/local/texlive/2026basic/texmf-dist/tex/generic/infwarerr/infwarerr.sty)))
 (/usr/local/texlive/2026basic/texmf-dist/tex/latex/hycolor/hycolor.sty)
(/usr/local/texlive/2026basic/texmf-dist/tex/latex/hyperref/nameref.sty
(/usr/local/texlive/2026basic/texmf-dist/tex/latex/refcount/refcount.sty)
(/usr/local/texlive/2026basic/texmf-dist/tex/generic/gettitlestring/gettitlestr
ing.sty
(/usr/local/texlive/2026basic/texmf-dist/tex/latex/kvoptions/kvoptions.sty)))
(/usr/local/texlive/2026basic/texmf-dist/tex/generic/stringenc/stringenc.sty)
(/usr/local/texlive/2026basic/texmf-dist/tex/latex/hyperref/pd1enc.def)
(/usr/local/texlive/2026basic/texmf-dist/tex/generic/intcalc/intcalc.sty)
(/usr/local/texlive/2026basic/texmf-dist/tex/latex/hyperref/puenc.def)
(/usr/local/texlive/2026basic/texmf-dist/tex/latex/url/url.sty)
(/usr/local/texlive/2026basic/texmf-dist/tex/generic/bitset/bitset.sty
(/usr/local/texlive/2026basic/texmf-dist/tex/generic/bigintcalc/bigintcalc.sty)
)) (/usr/local/texlive/2026basic/texmf-dist/tex/latex/hyperref/hxetex.def
(/usr/local/texlive/2026basic/texmf-dist/tex/latex/rerunfilecheck/rerunfilechec
k.sty
(/usr/local/texlive/2026basic/texmf-dist/tex/generic/uniquecounter/uniquecounte
r.sty)))
(/usr/local/texlive/2026basic/texmf-dist/tex/latex/fancyhdr/fancyhdr.sty)
(/usr/local/texlive/2026basic/texmf-dist/tex/latex/amsmath/amsmath.sty
For additional information on amsmath, use the `?' option.
(/usr/local/texlive/2026basic/texmf-dist/tex/latex/amsmath/amstext.sty
(/usr/local/texlive/2026basic/texmf-dist/tex/latex/amsmath/amsgen.sty))
(/usr/local/texlive/2026basic/texmf-dist/tex/latex/amsmath/amsbsy.sty)
(/usr/local/texlive/2026basic/texmf-dist/tex/latex/amsmath/amsopn.sty))
(/usr/local/texlive/2026basic/texmf-dist/tex/latex/amsfonts/amssymb.sty
(/usr/local/texlive/2026basic/texmf-dist/tex/latex/amsfonts/amsfonts.sty))
(/usr/local/texlive/2026basic/texmf-dist/tex/latex/l3backend/l3backend-xetex.de
f) (./luo_maunsell_environment_comparison.aux)
*geometry* driver: auto-detecting
*geometry* detected driver: xetex
(/usr/local/texlive/2026basic/texmf-dist/tex/latex/microtype/mt-cmr.cfg)
(./luo_maunsell_environment_comparison.out)
(./luo_maunsell_environment_comparison.out)

Package hyperref Warning: Rerun to get /PageLabels entry.

(/usr/local/texlive/2026basic/texmf-dist/tex/latex/lm/ot1lmr.fd)
(/usr/local/texlive/2026basic/texmf-dist/tex/latex/lm/omllmm.fd)
(/usr/local/texlive/2026basic/texmf-dist/tex/latex/lm/omslmsy.fd)
(/usr/local/texlive/2026basic/texmf-dist/tex/latex/lm/omxlmex.fd)
(/usr/local/texlive/2026basic/texmf-dist/tex/latex/amsfonts/umsa.fd)
(/usr/local/texlive/2026basic/texmf-dist/tex/latex/microtype/mt-msa.cfg)
(/usr/local/texlive/2026basic/texmf-dist/tex/latex/amsfonts/umsb.fd)
(/usr/local/texlive/2026basic/texmf-dist/tex/latex/microtype/mt-msb.cfg)
(/usr/local/texlive/2026basic/texmf-dist/tex/latex/lm/t1lmtt.fd)
Underfull \hbox (badness 10000) in alignment at lines 77--77
[][][][][][] 
[1]
Underfull \hbox (badness 10000) in paragraph at lines 102--102
[]|\T1/lmtt/m/n/10 envs/tasks.py \T1/lmr/m/n/10 /

Underfull \hbox (badness 10000) in paragraph at lines 128--128
[]|\T1/lmr/m/n/9 Curriculum de-fault could

Underfull \hbox (badness 10000) in paragraph at lines 128--128
[]|\T1/lmr/m/n/9 Subclass re-ward/condition

Underfull \hbox (badness 6094) in paragraph at lines 128--128
\T1/lmr/m/n/9 state ab-sent; source hash

Underfull \hbox (badness 4048) in paragraph at lines 128--128
[]|\T1/lmr/m/n/9 Seven ab-stract frames, 50-
[2] [3] [4] [5] [6] (./luo_maunsell_environment_comparison.aux) )
(see the transcript file for additional information)
Output written on luo_maunsell_environment_comparison.pdf (6 pages).
Transcript written on luo_maunsell_environment_comparison.log.
