[loaded] /Users/jonathanmorgan/rvit_plus_checkpoints/v11/v11_analysis_snapshot.pt (iter=8199) device=cpu  dual-stream 8H/stream, N=100  (salience keys=H1 rows, top-down keys=H2 rows)
[setup] near-threshold |Δθ|=14.0 ring=0.75 change@t=15 n=300 biases=[-6, -4, -2, -1, 0, 1, 2, 4, 6]
[baseline cued] hit=0.520 rt=4.00 prem=0.003 Vadv=-0.941 qent=0.794 qstd=0.968 Hpi=0.002

=== ALL-HEADS region sweeps (change_index_mode='cued', cue=left → changed quad=S1) ===

[sal_all] salience keys (bottom-up readout gain), all heads
  b      hit    rt    prem    Vadv    qent    qstd    Hpi
   -6.0  0.523   6.0  0.000  -0.926  +0.795  0.967  0.006
   -4.0  0.507   5.0  0.000  -0.931  +0.796  0.967  0.003
   -2.0  0.523   5.0  0.000  -0.933  +0.799  0.967  0.004
   -1.0  0.520   6.0  0.000  -0.933  +0.802  0.968  0.003
   +0.0  0.563   5.0  0.000  -0.939  +0.792  0.967  0.003
   +1.0  0.517   5.0  0.000  -0.937  +0.794  0.967  0.003
   +2.0  0.550   5.0  0.000  -0.935  +0.799  0.967  0.003
   +4.0  0.527   4.5  0.000  -0.935  +0.794  0.968  0.005
   +6.0  0.567   4.5  0.000  -0.934  +0.796  0.967  0.003
  Δ(full sweep): hit=+0.043 prem=+0.000 Vadv=-0.008 qent=+0.001 Hpi=-0.003

[td_all] top-down keys (expectation gain), all heads
  b      hit    rt    prem    Vadv    qent    qstd    Hpi
   -6.0  0.567   5.0  0.000  -0.922  +0.801  0.968  0.004
   -4.0  0.577   5.0  0.003  -0.934  +0.793  0.966  0.004
   -2.0  0.580   5.0  0.000  -0.926  +0.801  0.967  0.005
   -1.0  0.570   5.0  0.000  -0.935  +0.792  0.967  0.003
   +0.0  0.517   5.0  0.000  -0.941  +0.793  0.968  0.002
   +1.0  0.550   5.0  0.000  -0.938  +0.794  0.967  0.005
   +2.0  0.520   5.0  0.000  -0.943  +0.796  0.968  0.003
   +4.0  0.550   5.0  0.000  -0.937  +0.796  0.969  0.002
   +6.0  0.533   6.0  0.000  -0.947  +0.789  0.967  0.002
  Δ(full sweep): hit=-0.033 prem=+0.000 Vadv=-0.024 qent=-0.012 Hpi=-0.002

[sal_cued] salience keys of the cued/changed quadrant (S1)
  b      hit    rt    prem    Vadv    qent    qstd    Hpi
   -6.0  0.503   6.0  0.003  -0.887  +0.912  1.047  0.001
   -4.0  0.510   5.0  0.000  -0.914  +0.803  0.996  0.002
   -2.0  0.570   5.0  0.000  -0.939  +0.797  0.971  0.002
   -1.0  0.517   5.0  0.000  -0.941  +0.791  0.967  0.003
   +0.0  0.540   5.0  0.000  -0.937  +0.796  0.968  0.003
   +1.0  0.557   6.0  0.000  -0.939  +0.796  0.967  0.003
   +2.0  0.573   5.0  0.000  -0.928  +0.802  0.968  0.002
   +4.0  0.520   4.0  0.000  -0.940  +0.796  0.967  0.003
   +6.0  0.533   5.0  0.000  -0.919  +0.796  0.967  0.008
  Δ(full sweep): hit=+0.030 prem=-0.003 Vadv=-0.033 qent=-0.116 Hpi=+0.007

[td_cued] top-down keys of the cued/changed quadrant (S1)
  b      hit    rt    prem    Vadv    qent    qstd    Hpi
   -6.0  0.450   5.0  0.000  -0.930  +0.796  0.967  0.005
   -4.0  0.480   6.0  0.000  -0.930  +0.798  0.968  0.003
   -2.0  0.517   6.0  0.000  -0.928  +0.796  0.968  0.004
   -1.0  0.527   5.0  0.000  -0.935  +0.799  0.967  0.002
   +0.0  0.547   5.0  0.000  -0.938  +0.795  0.967  0.002
   +1.0  0.593   6.0  0.000  -0.944  +0.796  0.967  0.002
   +2.0  0.553   5.0  0.000  -0.929  +0.800  0.967  0.004
   +4.0  0.553   5.0  0.000  -0.934  +0.800  0.966  0.002
   +6.0  0.567   5.0  0.000  -0.926  +0.800  0.968  0.002
  Δ(full sweep): hit=+0.117 prem=+0.000 Vadv=+0.004 qent=+0.003 Hpi=-0.002

[sal_uncued] salience keys of an UNCUED quadrant (S4)
  b      hit    rt    prem    Vadv    qent    qstd    Hpi
   -6.0  0.570   5.0  0.000  -0.937  +0.789  0.968  0.004
   -4.0  0.557   5.0  0.000  -0.929  +0.797  0.967  0.005
   -2.0  0.513   5.0  0.000  -0.937  +0.798  0.968  0.003
   -1.0  0.563   4.0  0.000  -0.938  +0.797  0.967  0.003
   +0.0  0.537   6.0  0.000  -0.940  +0.794  0.967  0.002
   +1.0  0.523   5.0  0.000  -0.935  +0.789  0.966  0.005
   +2.0  0.543   5.0  0.000  -0.934  +0.793  0.968  0.003
   +4.0  0.530   5.0  0.003  -0.920  +0.795  0.981  0.003
   +6.0  0.540   6.0  0.000  -0.895  +0.854  1.021  0.003
  Δ(full sweep): hit=-0.030 prem=+0.000 Vadv=+0.042 qent=+0.066 Hpi=-0.001

=== Invalid-alignment control: change ALWAYS at S1, cue FIXED right (cued quad=S4) ===
[baseline changeS1/cueS4] hit=0.520 prem=0.000 Vadv=-0.937 qent=0.796
[sal_changeS1_invalid] Δ hit=+0.050 prem=+0.000 Vadv=+0.031 qent=+0.073
[td_changeS1_invalid] Δ hit=+0.057 prem=+0.000 Vadv=+0.001 qent=-0.010
[sal_all_invalid] Δ hit=+0.003 prem=+0.003 Vadv=-0.006 qent=+0.000
[td_all_invalid] Δ hit=+0.030 prem=+0.000 Vadv=+0.024 qent=+0.003

=== DECISION-vs-UNCERTAINTY summary ===
region	|Δhit|	|Δprem|	|ΔVadv|	|Δqent|	decision	uncertainty	verdict
sal_all	0.043	0.000	0.008	0.001	0.043	0.008	inert
td_all	0.033	0.000	0.024	0.012	0.033	0.024	inert
sal_cued	0.030	0.003	0.033	0.116	0.030	0.116	uncertainty/value-moving
td_cued	0.117	0.000	0.004	0.003	0.117	0.004	DECISION-moving
sal_uncued	0.030	0.000	0.042	0.066	0.030	0.066	uncertainty/value-moving
sal_changeS1_invalid	0.050	0.000	0.031	0.073	0.050	0.073	uncertainty/value-moving
td_changeS1_invalid	0.057	0.000	0.001	0.010	0.057	0.010	DECISION-moving
sal_all_invalid	0.003	0.003	0.006	0.000	0.003	0.006	inert
td_all_invalid	0.030	0.000	0.024	0.003	0.030	0.024	inert

[saved] /Users/jonathanmorgan/AttentionManuscript/RViT_plus_v11/analysis/deepdive/tables/exp4_causal.json
[saved] /Users/jonathanmorgan/AttentionManuscript/RViT_plus_v11/analysis/deepdive/tables/exp4_summary.tsv
[saved] /Users/jonathanmorgan/AttentionManuscript/RViT_plus_v11/analysis/deepdive/figs/exp4_region_behaviour.png, exp4_salience_vs_topdown_value.png
[done]
