This is XeTeX, Version 3.141592653-2.6-0.999998 (TeX Live 2026) (preloaded format=xelatex)
 restricted \write18 enabled.
entering extended mode
(./main.tex
LaTeX2e <2025-11-01>
L3 programming layer <2026-01-19>
(/usr/local/texlive/2026basic/texmf-dist/tex/latex/base/article.cls
Document Class: article 2025/01/22 v1.4n Standard LaTeX document class
(/usr/local/texlive/2026basic/texmf-dist/tex/latex/base/size11.clo))
(/usr/local/texlive/2026basic/texmf-dist/tex/latex/fontspec/fontspec.sty
(/usr/local/texlive/2026basic/texmf-dist/tex/latex/l3packages/xparse/xparse.sty
(/usr/local/texlive/2026basic/texmf-dist/tex/latex/l3kernel/expl3.sty
(/usr/local/texlive/2026basic/texmf-dist/tex/latex/l3backend/l3backend-xetex.de
f)))
(/usr/local/texlive/2026basic/texmf-dist/tex/latex/fontspec/fontspec-xetex.sty
(/usr/local/texlive/2026basic/texmf-dist/tex/latex/base/fontenc.sty)
(/usr/local/texlive/2026basic/texmf-dist/tex/latex/fontspec/fontspec.cfg)))
(/usr/local/texlive/2026basic/texmf-dist/tex/latex/geometry/geometry.sty
(/usr/local/texlive/2026basic/texmf-dist/tex/latex/graphics/keyval.sty)
(/usr/local/texlive/2026basic/texmf-dist/tex/generic/iftex/ifvtex.sty
(/usr/local/texlive/2026basic/texmf-dist/tex/generic/iftex/iftex.sty)))
(/usr/local/texlive/2026basic/texmf-dist/tex/latex/microtype/microtype.sty
(/usr/local/texlive/2026basic/texmf-dist/tex/latex/etoolbox/etoolbox.sty)
(/usr/local/texlive/2026basic/texmf-dist/tex/latex/microtype/microtype-xetex.de
f) (/usr/local/texlive/2026basic/texmf-dist/tex/latex/microtype/microtype.cfg))
 (/usr/local/texlive/2026basic/texmf-dist/tex/latex/graphics/graphicx.sty
(/usr/local/texlive/2026basic/texmf-dist/tex/latex/graphics/graphics.sty
(/usr/local/texlive/2026basic/texmf-dist/tex/latex/graphics/trig.sty)
(/usr/local/texlive/2026basic/texmf-dist/tex/latex/graphics-cfg/graphics.cfg)
(/usr/local/texlive/2026basic/texmf-dist/tex/latex/graphics-def/xetex.def)))
(/usr/local/texlive/2026basic/texmf-dist/tex/latex/booktabs/booktabs.sty)
(/usr/local/texlive/2026basic/texmf-dist/tex/latex/tools/longtable.sty)
(/usr/local/texlive/2026basic/texmf-dist/tex/latex/tools/array.sty)
(/usr/local/texlive/2026basic/texmf-dist/tex/latex/tools/tabularx.sty)
(/usr/local/texlive/2026basic/texmf-dist/tex/latex/ragged2e/ragged2e.sty)
(/usr/local/texlive/2026basic/texmf-dist/tex/latex/pdflscape/pdflscape.sty
(/usr/local/texlive/2026basic/texmf-dist/tex/latex/pdflscape/pdflscape-nometada
ta.sty (/usr/local/texlive/2026basic/texmf-dist/tex/latex/graphics/lscape.sty))
) (/usr/local/texlive/2026basic/texmf-dist/tex/latex/xcolor/xcolor.sty
(/usr/local/texlive/2026basic/texmf-dist/tex/latex/graphics-cfg/color.cfg)
(/usr/local/texlive/2026basic/texmf-dist/tex/latex/graphics/mathcolor.ltx))
(/usr/local/texlive/2026basic/texmf-dist/tex/latex/hyperref/hyperref.sty
(/usr/local/texlive/2026basic/texmf-dist/tex/latex/kvsetkeys/kvsetkeys.sty)
(/usr/local/texlive/2026basic/texmf-dist/tex/generic/kvdefinekeys/kvdefinekeys.
sty)
(/usr/local/texlive/2026basic/texmf-dist/tex/generic/pdfescape/pdfescape.sty
(/usr/local/texlive/2026basic/texmf-dist/tex/generic/ltxcmds/ltxcmds.sty)
(/usr/local/texlive/2026basic/texmf-dist/tex/generic/pdftexcmds/pdftexcmds.sty
(/usr/local/texlive/2026basic/texmf-dist/tex/generic/infwarerr/infwarerr.sty)))
 (/usr/local/texlive/2026basic/texmf-dist/tex/latex/hycolor/hycolor.sty)
(/usr/local/texlive/2026basic/texmf-dist/tex/latex/hyperref/nameref.sty
(/usr/local/texlive/2026basic/texmf-dist/tex/latex/refcount/refcount.sty)
(/usr/local/texlive/2026basic/texmf-dist/tex/generic/gettitlestring/gettitlestr
ing.sty
(/usr/local/texlive/2026basic/texmf-dist/tex/latex/kvoptions/kvoptions.sty)))
(/usr/local/texlive/2026basic/texmf-dist/tex/generic/stringenc/stringenc.sty)
(/usr/local/texlive/2026basic/texmf-dist/tex/latex/hyperref/pd1enc.def)
(/usr/local/texlive/2026basic/texmf-dist/tex/generic/intcalc/intcalc.sty)
(/usr/local/texlive/2026basic/texmf-dist/tex/latex/hyperref/puenc.def)
(/usr/local/texlive/2026basic/texmf-dist/tex/latex/url/url.sty)
(/usr/local/texlive/2026basic/texmf-dist/tex/generic/bitset/bitset.sty
(/usr/local/texlive/2026basic/texmf-dist/tex/generic/bigintcalc/bigintcalc.sty)
)) (/usr/local/texlive/2026basic/texmf-dist/tex/latex/hyperref/hxetex.def
(/usr/local/texlive/2026basic/texmf-dist/tex/latex/rerunfilecheck/rerunfilechec
k.sty
(/usr/local/texlive/2026basic/texmf-dist/tex/generic/uniquecounter/uniquecounte
r.sty)))
(/usr/local/texlive/2026basic/texmf-dist/tex/latex/fancyhdr/fancyhdr.sty)
(/usr/local/texlive/2026basic/texmf-dist/tex/latex/caption/caption.sty
(/usr/local/texlive/2026basic/texmf-dist/tex/latex/caption/caption3.sty)
(/usr/local/texlive/2026basic/texmf-dist/tex/latex/caption/ltcaption.sty))
(/Users/jonathanmorgan/Library/texmf/tex/latex/enumitem/enumitem.sty)
(/usr/local/texlive/2026basic/texmf-dist/tex/latex/amsmath/amsmath.sty
For additional information on amsmath, use the `?' option.
(/usr/local/texlive/2026basic/texmf-dist/tex/latex/amsmath/amstext.sty
(/usr/local/texlive/2026basic/texmf-dist/tex/latex/amsmath/amsgen.sty))
(/usr/local/texlive/2026basic/texmf-dist/tex/latex/amsmath/amsbsy.sty)
(/usr/local/texlive/2026basic/texmf-dist/tex/latex/amsmath/amsopn.sty))
(./main.aux)
*geometry* driver: auto-detecting
*geometry* detected driver: xetex
(./main.out) (./main.out)
(/usr/local/texlive/2026basic/texmf-dist/tex/latex/microtype/mt-cmr.cfg)
Underfull \hbox (badness 1147) in paragraph at lines 70--70
[]|\TU/AvenirNext(0)/m/n/10.95 Newly authored VDA-series manuscript; not a rebu
ild of the earlier 
[1]
Underfull \hbox (badness 10000) in paragraph at lines 95--95
[]|\TU/AvenirNext(0)/m/n/10.95 Source-derived

Underfull \hbox (badness 10000) in paragraph at lines 95--95
[]|\TU/AvenirNext(0)/m/n/10.95 Present for

Underfull \hbox (badness 10000) in paragraph at lines 95--95
\TU/AvenirNext(0)/m/n/10.95 inspected cur-

Underfull \hbox (badness 10000) in paragraph at lines 95--95
\TU/AvenirNext(0)/m/n/10.95 rent source

Underfull \hbox (badness 10000) in paragraph at lines 95--95
[]|\TU/AvenirNext(0)/m/n/10.95 Regenerated

Underfull \hbox (badness 10000) in paragraph at lines 95--95
[]|\TU/AvenirNext(0)/m/n/10.95 Present from

Underfull \hbox (badness 10000) in paragraph at lines 95--95
[]|\TU/AvenirNext(0)/m/n/10.95 Checkpoint-

Underfull \hbox (badness 10000) in paragraph at lines 95--95
[]|\TU/AvenirNext(0)/m/n/10.95 Present for

Overfull \hbox (17.53378pt too wide) in paragraph at lines 95--95
\TU/AvenirNext(0)/m/n/10.95 VDA1/VDA4/VDA9

Underfull \hbox (badness 10000) in paragraph at lines 95--95
\TU/AvenirNext(0)/m/n/10.95 at widths

Underfull \hbox (badness 10000) in paragraph at lines 95--95
\TU/AvenirNext(0)/m/n/10.95 128/256;

Underfull \hbox (badness 10000) in paragraph at lines 95--95
\TU/AvenirNext(0)/m/n/10.95 VDA9 cross-

Underfull \hbox (badness 1845) in paragraph at lines 95--95
\TU/AvenirNext(0)/m/n/10.95 attention d256

Underfull \hbox (badness 10000) in paragraph at lines 95--95
[]|\TU/AvenirNext(0)/m/n/10.95 Decoder/geometry

Underfull \hbox (badness 3965) in paragraph at lines 95--95
[]|\TU/AvenirNext(0)/m/n/10.95 Present in the

Underfull \hbox (badness 10000) in paragraph at lines 95--95
\TU/AvenirNext(0)/m/n/10.95 matched-width

Underfull \hbox (badness 10000) in paragraph at lines 95--95
\TU/AvenirNext(0)/m/n/10.95 battery using

Underfull \hbox (badness 10000) in paragraph at lines 95--95
\TU/AvenirNext(0)/m/n/10.95 foldwise train-

Underfull \hbox (badness 10000) in paragraph at lines 95--95
[]|\TU/AvenirNext(0)/m/n/10.95 Present as

Underfull \hbox (badness 10000) in paragraph at lines 95--95
\TU/AvenirNext(0)/m/n/10.95 additive cued-

Underfull \hbox (badness 10000) in paragraph at lines 95--95
\TU/AvenirNext(0)/m/n/10.95 key logit-bias

Underfull \hbox (badness 10000) in paragraph at lines 95--95
\TU/AvenirNext(0)/m/n/10.95 clamps within

Underfull \hbox (badness 10000) in paragraph at lines 95--95
\TU/AvenirNext(0)/m/n/10.95 admitted

Underfull \hbox (badness 10000) in paragraph at lines 95--95
[]|\TU/AvenirNext(0)/m/n/10.95 Controlled multi-

Underfull \hbox (badness 10000) in paragraph at lines 95--95
[]|\TU/AvenirNext(0)/m/n/10.95 Absent; seed-

Underfull \hbox (badness 10000) in paragraph at lines 95--95
\TU/AvenirNext(0)/m/n/10.95 0 VDA16

Underfull \hbox (badness 10000) in paragraph at lines 95--95
\TU/AvenirNext(0)/m/n/10.95 training is
[1] (./main.toc [2]) [3]
Underfull \hbox (badness 10000) in paragraph at lines 122--123
[]|\TU/AvenirNext(0)/m/n/10 Archived cue-including seman-

Underfull \hbox (badness 10000) in paragraph at lines 122--123
\TU/AvenirNext(0)/m/n/10 tics; realized cue probability

Underfull \hbox (badness 10000) in paragraph at lines 123--124
[]|\TU/AvenirNext(0)/m/n/10 Archived cue-including seman-

Underfull \hbox (badness 10000) in paragraph at lines 125--126
[]|\TU/AvenirNext(0)/m/n/10 Target-alone versus distractor-

Underfull \hbox (badness 10000) in paragraph at lines 125--126
\TU/AvenirNext(0)/m/n/10 present exclusion construction;

Underfull \hbox (badness 10000) in paragraph at lines 126--126
[]|\TU/AvenirNext(0)/m/n/10 registered

Underfull \hbox (badness 10000) in paragraph at lines 126--127
[]|\TU/AvenirNext(0)/m/n/10 Passive cued-location delay

Underfull \hbox (badness 10000) in paragraph at lines 126--127
\TU/AvenirNext(0)/m/n/10 probe; no dedicated trained

Underfull \hbox (badness 10000) in paragraph at lines 127--127
[]|\TU/AvenirNext(0)/m/n/10 registered

Underfull \hbox (badness 10000) in paragraph at lines 127--128
[]|\TU/AvenirNext(0)/m/n/10 Passive uncued-location delay

Underfull \hbox (badness 10000) in paragraph at lines 127--128
\TU/AvenirNext(0)/m/n/10 probe; no dedicated trained
[4] [5] [6]

Package caption Warning: The option `hypcap=true' will be ignored for this
(caption)                particular \caption on input line 153.
See the caption package documentation for explanation.

[7]

Package caption Warning: The option `hypcap=true' will be ignored for this
(caption)                particular \caption on input line 161.
See the caption package documentation for explanation.

[8]
Underfull \hbox (badness 10000) in paragraph at lines 179--179
[]|\TU/AvenirNext(0)/m/n/10.95 Cross-attention

Underfull \hbox (badness 10000) in paragraph at lines 179--179
[]|\TU/AvenirNext(0)/m/n/10.95 Spatial recur-

Underfull \hbox (badness 10000) in paragraph at lines 179--179
[]|\TU/AvenirNext(0)/m/n/10.95 Policy/value
[9]

Package caption Warning: The option `hypcap=true' will be ignored for this
(caption)                particular \caption on input line 183.
See the caption package documentation for explanation.

[10]

Package caption Warning: The option `hypcap=true' will be ignored for this
(caption)                particular \caption on input line 188.
See the caption package documentation for explanation.

[11]

Package caption Warning: The option `hypcap=true' will be ignored for this
(caption)                particular \caption on input line 193.
See the caption package documentation for explanation.

[12]

Package caption Warning: The option `hypcap=true' will be ignored for this
(caption)                particular \caption on input line 198.
See the caption package documentation for explanation.

[13] [14]

Package caption Warning: The option `hypcap=true' will be ignored for this
(caption)                particular \caption on input line 218.
See the caption package documentation for explanation.

[15]

Package caption Warning: The option `hypcap=true' will be ignored for this
(caption)                particular \caption on input line 223.
See the caption package documentation for explanation.

[16]

Package caption Warning: The option `hypcap=true' will be ignored for this
(caption)                particular \caption on input line 228.
See the caption package documentation for explanation.

[17]

Package caption Warning: The option `hypcap=true' will be ignored for this
(caption)                particular \caption on input line 233.
See the caption package documentation for explanation.

[18]

Package caption Warning: The option `hypcap=true' will be ignored for this
(caption)                particular \caption on input line 238.
See the caption package documentation for explanation.

[19]

Package caption Warning: The option `hypcap=true' will be ignored for this
(caption)                particular \caption on input line 243.
See the caption package documentation for explanation.

[20]

Package caption Warning: The option `hypcap=true' will be ignored for this
(caption)                particular \caption on input line 248.
See the caption package documentation for explanation.

[21]

Package caption Warning: The option `hypcap=true' will be ignored for this
(caption)                particular \caption on input line 253.
See the caption package documentation for explanation.

[22] [23]

Package caption Warning: The option `hypcap=true' will be ignored for this
(caption)                particular \caption on input line 264.
See the caption package documentation for explanation.


Package caption Warning: The option `hypcap=true' will be ignored for this
(caption)                particular \caption on input line 267.
See the caption package documentation for explanation.

[24] [25]

Package caption Warning: The option `hypcap=true' will be ignored for this
(caption)                particular \caption on input line 277.
See the caption package documentation for explanation.


Package caption Warning: The option `hypcap=true' will be ignored for this
(caption)                particular \caption on input line 280.
See the caption package documentation for explanation.

[26] [27] [28] [29] [30]

Package caption Warning: The option `hypcap=true' will be ignored for this
(caption)                particular \caption on input line 301.
See the caption package documentation for explanation.


Package caption Warning: The option `hypcap=true' will be ignored for this
(caption)                particular \caption on input line 304.
See the caption package documentation for explanation.

[31]

Package caption Warning: The option `hypcap=true' will be ignored for this
(caption)                particular \caption on input line 309.
See the caption package documentation for explanation.


Package caption Warning: The option `hypcap=true' will be ignored for this
(caption)                particular \caption on input line 312.
See the caption package documentation for explanation.

[32]

LaTeX Warning: Reference `fig:matched-width' on page 33 undefined on input line
 324.

[33] [34]

Package caption Warning: The option `hypcap=true' will be ignored for this
(caption)                particular \caption on input line 332.
See the caption package documentation for explanation.

[35] [36] (./generated/status_summary.tex) [37]

LaTeX Warning: Reference `fig:matched-width' on page 38 undefined on input line
 354.

[38] [39]
Underfull \hbox (badness 1490) in paragraph at lines 394--395
\TU/AvenirNext(0)/m/n/10.95 wave establishes provenance-closed single-checkpoin
t psychometrics and descriptive event-
[40] [41]

Package caption Warning: The option `hypcap=true' will be ignored for this
(caption)                particular \caption on input line 402.
See the caption package documentation for explanation.

[42] (./generated/object_status_counts.tex) [43]
(./generated/panel_coverage_table.tex
Underfull \hbox (badness 7722) in paragraph at lines 18--18
\TU/AvenirNext(0)/m/n/9 H4, H9, H16,

Underfull \hbox (badness 10000) in paragraph at lines 18--18
\TU/AvenirNext(0)/m/n/9 Excl, PC, PU,

Underfull \hbox (badness 7722) in paragraph at lines 19--19
\TU/AvenirNext(0)/m/n/9 H4, H9, H16,

Underfull \hbox (badness 10000) in paragraph at lines 19--19
\TU/AvenirNext(0)/m/n/9 Excl, PC, PU,

Underfull \hbox (badness 10000) in paragraph at lines 20--20
[]|\TU/AvenirNext(0)/m/n/9 cued versus opposing

Underfull \hbox (badness 1721) in paragraph at lines 20--20
\TU/AvenirNext(0)/m/n/9 H9, H16, Excl,

Underfull \hbox (badness 10000) in paragraph at lines 22--22
[]|\TU/AvenirNext(0)/m/n/9 patching and visual fea-

Underfull \hbox (badness 7722) in paragraph at lines 22--22
\TU/AvenirNext(0)/m/n/9 H4, H9, H16,

Underfull \hbox (badness 10000) in paragraph at lines 22--22
\TU/AvenirNext(0)/m/n/9 Excl, PC, PU,

Underfull \hbox (badness 10000) in paragraph at lines 23--23
[]|\TU/AvenirNext(0)/m/n/9 routing/allocation mecha-

Underfull \hbox (badness 7722) in paragraph at lines 23--23
\TU/AvenirNext(0)/m/n/9 H4, H9, H16,

Underfull \hbox (badness 10000) in paragraph at lines 23--23
\TU/AvenirNext(0)/m/n/9 Excl, PC, PU,

Underfull \hbox (badness 7722) in paragraph at lines 24--24
\TU/AvenirNext(0)/m/n/9 H4, H9, H16,

Underfull \hbox (badness 10000) in paragraph at lines 24--24
\TU/AvenirNext(0)/m/n/9 Excl, PC, PU,

Underfull \hbox (badness 7722) in paragraph at lines 25--25
\TU/AvenirNext(0)/m/n/9 H4, H9, H16,

Underfull \hbox (badness 10000) in paragraph at lines 25--25
\TU/AvenirNext(0)/m/n/9 Excl, PC, PU,

Underfull \hbox (badness 10000) in paragraph at lines 28--28
[]|\TU/AvenirNext(0)/m/n/9 conditional logical re-

Underfull \hbox (badness 10000) in paragraph at lines 31--31
[]|\TU/AvenirNext(0)/m/n/9 conditional logical re-

Underfull \hbox (badness 10000) in paragraph at lines 31--31
\TU/AvenirNext(0)/m/n/9 archived uncued, low

Underfull \hbox (badness 10000) in paragraph at lines 32--32
[]|\TU/AvenirNext(0)/m/n/9 conditional logical re-

Underfull \hbox (badness 10000) in paragraph at lines 32--32
\TU/AvenirNext(0)/m/n/9 archived uncued, high

Underfull \hbox (badness 10000) in paragraph at lines 35--35
[]|\TU/AvenirNext(0)/m/n/9 S1 allocation at change

Underfull \hbox (badness 2302) in paragraph at lines 35--35
[]|\TU/AvenirNext(0)/m/n/9 C: H4, H9; P:

Underfull \hbox (badness 10000) in paragraph at lines 39--39
[]|\TU/AvenirNext(0)/m/n/9 response rate: natu-

Underfull \hbox (badness 4242) in paragraph at lines 40--40
[]|\TU/AvenirNext(0)/m/n/9 response rate: matched-

Underfull \hbox (badness 3942) in paragraph at lines 40--40
\TU/AvenirNext(0)/m/n/9 location intervention con-

Underfull \hbox (badness 3942) in paragraph at lines 41--41
\TU/AvenirNext(0)/m/n/9 location intervention con-

Underfull \hbox (badness 10000) in paragraph at lines 42--42
[]|\TU/AvenirNext(0)/m/n/9 reaction time: natu-

Underfull \hbox (badness 7012) in paragraph at lines 43--43
[]|\TU/AvenirNext(0)/m/n/9 reaction time: matched-

Underfull \hbox (badness 3942) in paragraph at lines 43--43
\TU/AvenirNext(0)/m/n/9 location intervention con-

Underfull \hbox (badness 3942) in paragraph at lines 44--44
\TU/AvenirNext(0)/m/n/9 location intervention con-

Underfull \hbox (badness 6575) in paragraph at lines 46--46
[]|\TU/AvenirNext(0)/m/n/9 Val4, H1, H2,

Underfull \hbox (badness 7722) in paragraph at lines 46--46
\TU/AvenirNext(0)/m/n/9 H4, H9, H16,

Underfull \hbox (badness 10000) in paragraph at lines 46--46
\TU/AvenirNext(0)/m/n/9 Excl, PC, PU,

Underfull \hbox (badness 6575) in paragraph at lines 48--48
[]|\TU/AvenirNext(0)/m/n/9 Val4, H1, H2,

Underfull \hbox (badness 7722) in paragraph at lines 48--48
\TU/AvenirNext(0)/m/n/9 H4, H9, H16,

Underfull \hbox (badness 10000) in paragraph at lines 48--48
\TU/AvenirNext(0)/m/n/9 Excl, PC, PU,

Underfull \hbox (badness 6575) in paragraph at lines 50--50
[]|\TU/AvenirNext(0)/m/n/9 Val4, H1, H2,

Underfull \hbox (badness 7722) in paragraph at lines 50--50
\TU/AvenirNext(0)/m/n/9 H4, H9, H16,

Underfull \hbox (badness 10000) in paragraph at lines 50--50
\TU/AvenirNext(0)/m/n/9 Excl, PC, PU,

Underfull \hbox (badness 6575) in paragraph at lines 52--52
[]|\TU/AvenirNext(0)/m/n/9 Val4, H1, H2,

Underfull \hbox (badness 7722) in paragraph at lines 52--52
\TU/AvenirNext(0)/m/n/9 H4, H9, H16,

Underfull \hbox (badness 10000) in paragraph at lines 52--52
\TU/AvenirNext(0)/m/n/9 Excl, PC, PU,

Underfull \hbox (badness 10000) in paragraph at lines 55--55
[]|\TU/AvenirNext(0)/m/n/9 memory-token behav-

Underfull \hbox (badness 10000) in paragraph at lines 58--58
[]|\TU/AvenirNext(0)/m/n/9 additive Q/K/V behav-

Underfull \hbox (badness 1097) in paragraph at lines 60--60
[]|\TU/AvenirNext(0)/m/n/9 multiplicative Q/K/V archi-

Underfull \hbox (badness 3049) in paragraph at lines 65--65
[]|\TU/AvenirNext(0)/m/n/9 all-slot location decoding

Underfull \hbox (badness 3250) in paragraph at lines 65--65
[]|\TU/AvenirNext(0)/m/n/9 Val4, H2, H16,

Underfull \hbox (badness 4699) in paragraph at lines 67--67
[]|\TU/AvenirNext(0)/m/n/9 single-slot binary change

Underfull \hbox (badness 1314) in paragraph at lines 67--67
[]|\TU/AvenirNext(0)/m/n/9 Val4, H1, Excl,

Underfull \hbox (badness 10000) in paragraph at lines 69--69
[]|\TU/AvenirNext(0)/m/n/9 actor-layer change-

Underfull \hbox (badness 2735) in paragraph at lines 70--70
[]|\TU/AvenirNext(0)/m/n/9 actor-layer binary change

Underfull \hbox (badness 1314) in paragraph at lines 70--70
[]|\TU/AvenirNext(0)/m/n/9 Val4, H1, Excl,

Underfull \hbox (badness 3514) in paragraph at lines 72--72
[]|\TU/AvenirNext(0)/m/n/9 graded actor-layer binary

Underfull \hbox (badness 1314) in paragraph at lines 72--72
[]|\TU/AvenirNext(0)/m/n/9 Val4, H1, Excl,

Underfull \hbox (badness 2809) in paragraph at lines 74--74
[]|\TU/AvenirNext(0)/m/n/9 all-trial Wait/Declare logit

Underfull \hbox (badness 6575) in paragraph at lines 74--74
[]|\TU/AvenirNext(0)/m/n/9 Val4, H1, H2,

Underfull \hbox (badness 10000) in paragraph at lines 74--74
\TU/AvenirNext(0)/m/n/9 H4, Excl, PC,

Underfull \hbox (badness 3623) in paragraph at lines 75--75
[]|\TU/AvenirNext(0)/m/n/9 Wait/Declare logit scatter

Underfull \hbox (badness 6575) in paragraph at lines 75--75
[]|\TU/AvenirNext(0)/m/n/9 Val4, H1, H2,

Underfull \hbox (badness 10000) in paragraph at lines 75--75
\TU/AvenirNext(0)/m/n/9 H4, Excl, PC,

Underfull \hbox (badness 3623) in paragraph at lines 76--76
[]|\TU/AvenirNext(0)/m/n/9 Wait/Declare logit scatter

Underfull \hbox (badness 6575) in paragraph at lines 76--76
[]|\TU/AvenirNext(0)/m/n/9 Val4, H2, H4,

Underfull \hbox (badness 3623) in paragraph at lines 77--77
[]|\TU/AvenirNext(0)/m/n/9 Wait/Declare logit scatter

Underfull \hbox (badness 6542) in paragraph at lines 77--77
[]|\TU/AvenirNext(0)/m/n/9 Val4, H4, PC,

Underfull \hbox (badness 3623) in paragraph at lines 78--78
[]|\TU/AvenirNext(0)/m/n/9 Wait/Declare logit scatter

Underfull \hbox (badness 6542) in paragraph at lines 78--78
[]|\TU/AvenirNext(0)/m/n/9 Val4, H4, PC,

Underfull \hbox (badness 10000) in paragraph at lines 80--80
[]|\TU/AvenirNext(0)/m/n/9 natural S1-change logit

Underfull \hbox (badness 6575) in paragraph at lines 80--80
[]|\TU/AvenirNext(0)/m/n/9 Val4, H1, H4,

Underfull \hbox (badness 6575) in paragraph at lines 81--81
[]|\TU/AvenirNext(0)/m/n/9 Val4, H1, H4,

Underfull \hbox (badness 6575) in paragraph at lines 82--82
[]|\TU/AvenirNext(0)/m/n/9 Val4, H1, H4,

Underfull \hbox (badness 7540) in paragraph at lines 90--90
[]|\TU/AvenirNext(0)/m/n/9 value by change magni-

Underfull \hbox (badness 10000) in paragraph at lines 92--92
[]|\TU/AvenirNext(0)/m/n/9 hit rate by opposing-

Underfull \hbox (badness 7379) in paragraph at lines 94--94
[]|\TU/AvenirNext(0)/m/n/9 criterion vs allocation at

Underfull \hbox (badness 1748) in paragraph at lines 97--97
[]|\TU/AvenirNext(0)/m/n/9 sensitivity vs allocation at

Underfull \hbox (badness 4205) in paragraph at lines 98--98
[]|\TU/AvenirNext(0)/m/n/9 sensitivity vs cue-time al-

Underfull \hbox (badness 1024) in paragraph at lines 98--98
\TU/AvenirNext(0)/m/n/9 location with change-time

Underfull \hbox (badness 10000) in paragraph at lines 101--101
[]|\TU/AvenirNext(0)/m/n/9 S17-action-

Underfull \hbox (badness 10000) in paragraph at lines 102--102
[]|\TU/AvenirNext(0)/m/n/9 S17-belief-

Underfull \hbox (badness 10000) in paragraph at lines 103--103
[]|\TU/AvenirNext(0)/m/n/9 S17-rl-

Underfull \hbox (badness 10000) in paragraph at lines 104--104
[]|\TU/AvenirNext(0)/m/n/9 S17-action-

Underfull \hbox (badness 10000) in paragraph at lines 105--105
[]|\TU/AvenirNext(0)/m/n/9 S17-belief-

Underfull \hbox (badness 10000) in paragraph at lines 106--106
[]|\TU/AvenirNext(0)/m/n/9 S17-rl-

Underfull \hbox (badness 2452) in paragraph at lines 106--106
[]|\TU/AvenirNext(0)/m/n/9 allocation row: reinforce-
[44] [45] [46] [47] [48]) [49]
Underfull \hbox (badness 10000) in paragraph at lines 435--435
[]|\TU/AvenirNext(0)/m/n/10.95 First-wave check-

Underfull \hbox (badness 10000) in paragraph at lines 435--435
[]|\TU/AvenirNext(0)/m/n/10.95 Matched-width

Underfull \hbox (badness 10000) in paragraph at lines 435--435
\TU/AvenirNext(0)/m/n/10.95 publication snap-

Underfull \hbox (badness 10000) in paragraph at lines 435--435
[]|\TU/AvenirNext(0)/m/n/10.95 Matched-width

Underfull \hbox (badness 10000) in paragraph at lines 435--435
[]|\TU/AvenirNext(0)/m/n/10.95 Older upgraded

Underfull \hbox (badness 1436) in paragraph at lines 435--435
[]|$[][][][][][][] [] [][][][][][][][] [] [][][][][] [] 

Underfull \hbox (badness 10000) in paragraph at lines 435--435
[]|\TU/AvenirNext(0)/m/n/10.95 Preserved VDA9
[50]
Underfull \hbox (badness 10000) in paragraph at lines 441--442
[]\TU/AvenirNext(0)/m/n/10.95 M. Carrasco. Visual attention: the past 25 years.
 \TU/AvenirNext(0)/m/it/10.95 Vision Research\TU/AvenirNext(0)/m/n/10.95 , 2011
.

Underfull \hbox (badness 4859) in paragraph at lines 445--446
[]\TU/AvenirNext(0)/m/n/10.95 T. Z. Luo and J. H. R. Maunsell. Attentional chan
ges in either criterion or sensitiv-

Underfull \hbox (badness 3568) in paragraph at lines 445--446
\TU/AvenirNext(0)/m/n/10.95 ity are associated with robust modulations in later
al prefrontal cortex. \TU/AvenirNext(0)/m/it/10.95 Neuron\TU/AvenirNext(0)/m/n/
10.95 , 2018.
[51] (./main.aux)

LaTeX Warning: There were undefined references.


LaTeX Warning: Label(s) may have changed. Rerun to get cross-references right.


Package rerunfilecheck Warning: File `main.out' has changed.
(rerunfilecheck)                Rerun to get outlines right
(rerunfilecheck)                or use package `bookmark'.

 )
(see the transcript file for additional information)
Output written on main.pdf (52 pages).
Transcript written on main.log.
This is XeTeX, Version 3.141592653-2.6-0.999998 (TeX Live 2026) (preloaded format=xelatex)
 restricted \write18 enabled.
entering extended mode
(./main.tex
LaTeX2e <2025-11-01>
L3 programming layer <2026-01-19>
(/usr/local/texlive/2026basic/texmf-dist/tex/latex/base/article.cls
Document Class: article 2025/01/22 v1.4n Standard LaTeX document class
(/usr/local/texlive/2026basic/texmf-dist/tex/latex/base/size11.clo))
(/usr/local/texlive/2026basic/texmf-dist/tex/latex/fontspec/fontspec.sty
(/usr/local/texlive/2026basic/texmf-dist/tex/latex/l3packages/xparse/xparse.sty
(/usr/local/texlive/2026basic/texmf-dist/tex/latex/l3kernel/expl3.sty
(/usr/local/texlive/2026basic/texmf-dist/tex/latex/l3backend/l3backend-xetex.de
f)))
(/usr/local/texlive/2026basic/texmf-dist/tex/latex/fontspec/fontspec-xetex.sty
(/usr/local/texlive/2026basic/texmf-dist/tex/latex/base/fontenc.sty)
(/usr/local/texlive/2026basic/texmf-dist/tex/latex/fontspec/fontspec.cfg)))
(/usr/local/texlive/2026basic/texmf-dist/tex/latex/geometry/geometry.sty
(/usr/local/texlive/2026basic/texmf-dist/tex/latex/graphics/keyval.sty)
(/usr/local/texlive/2026basic/texmf-dist/tex/generic/iftex/ifvtex.sty
(/usr/local/texlive/2026basic/texmf-dist/tex/generic/iftex/iftex.sty)))
(/usr/local/texlive/2026basic/texmf-dist/tex/latex/microtype/microtype.sty
(/usr/local/texlive/2026basic/texmf-dist/tex/latex/etoolbox/etoolbox.sty)
(/usr/local/texlive/2026basic/texmf-dist/tex/latex/microtype/microtype-xetex.de
f) (/usr/local/texlive/2026basic/texmf-dist/tex/latex/microtype/microtype.cfg))
 (/usr/local/texlive/2026basic/texmf-dist/tex/latex/graphics/graphicx.sty
(/usr/local/texlive/2026basic/texmf-dist/tex/latex/graphics/graphics.sty
(/usr/local/texlive/2026basic/texmf-dist/tex/latex/graphics/trig.sty)
(/usr/local/texlive/2026basic/texmf-dist/tex/latex/graphics-cfg/graphics.cfg)
(/usr/local/texlive/2026basic/texmf-dist/tex/latex/graphics-def/xetex.def)))
(/usr/local/texlive/2026basic/texmf-dist/tex/latex/booktabs/booktabs.sty)
(/usr/local/texlive/2026basic/texmf-dist/tex/latex/tools/longtable.sty)
(/usr/local/texlive/2026basic/texmf-dist/tex/latex/tools/array.sty)
(/usr/local/texlive/2026basic/texmf-dist/tex/latex/tools/tabularx.sty)
(/usr/local/texlive/2026basic/texmf-dist/tex/latex/ragged2e/ragged2e.sty)
(/usr/local/texlive/2026basic/texmf-dist/tex/latex/pdflscape/pdflscape.sty
(/usr/local/texlive/2026basic/texmf-dist/tex/latex/pdflscape/pdflscape-nometada
ta.sty (/usr/local/texlive/2026basic/texmf-dist/tex/latex/graphics/lscape.sty))
) (/usr/local/texlive/2026basic/texmf-dist/tex/latex/xcolor/xcolor.sty
(/usr/local/texlive/2026basic/texmf-dist/tex/latex/graphics-cfg/color.cfg)
(/usr/local/texlive/2026basic/texmf-dist/tex/latex/graphics/mathcolor.ltx))
(/usr/local/texlive/2026basic/texmf-dist/tex/latex/hyperref/hyperref.sty
(/usr/local/texlive/2026basic/texmf-dist/tex/latex/kvsetkeys/kvsetkeys.sty)
(/usr/local/texlive/2026basic/texmf-dist/tex/generic/kvdefinekeys/kvdefinekeys.
sty)
(/usr/local/texlive/2026basic/texmf-dist/tex/generic/pdfescape/pdfescape.sty
(/usr/local/texlive/2026basic/texmf-dist/tex/generic/ltxcmds/ltxcmds.sty)
(/usr/local/texlive/2026basic/texmf-dist/tex/generic/pdftexcmds/pdftexcmds.sty
(/usr/local/texlive/2026basic/texmf-dist/tex/generic/infwarerr/infwarerr.sty)))
 (/usr/local/texlive/2026basic/texmf-dist/tex/latex/hycolor/hycolor.sty)
(/usr/local/texlive/2026basic/texmf-dist/tex/latex/hyperref/nameref.sty
(/usr/local/texlive/2026basic/texmf-dist/tex/latex/refcount/refcount.sty)
(/usr/local/texlive/2026basic/texmf-dist/tex/generic/gettitlestring/gettitlestr
ing.sty
(/usr/local/texlive/2026basic/texmf-dist/tex/latex/kvoptions/kvoptions.sty)))
(/usr/local/texlive/2026basic/texmf-dist/tex/generic/stringenc/stringenc.sty)
(/usr/local/texlive/2026basic/texmf-dist/tex/latex/hyperref/pd1enc.def)
(/usr/local/texlive/2026basic/texmf-dist/tex/generic/intcalc/intcalc.sty)
(/usr/local/texlive/2026basic/texmf-dist/tex/latex/hyperref/puenc.def)
(/usr/local/texlive/2026basic/texmf-dist/tex/latex/url/url.sty)
(/usr/local/texlive/2026basic/texmf-dist/tex/generic/bitset/bitset.sty
(/usr/local/texlive/2026basic/texmf-dist/tex/generic/bigintcalc/bigintcalc.sty)
)) (/usr/local/texlive/2026basic/texmf-dist/tex/latex/hyperref/hxetex.def
(/usr/local/texlive/2026basic/texmf-dist/tex/latex/rerunfilecheck/rerunfilechec
k.sty
(/usr/local/texlive/2026basic/texmf-dist/tex/generic/uniquecounter/uniquecounte
r.sty)))
(/usr/local/texlive/2026basic/texmf-dist/tex/latex/fancyhdr/fancyhdr.sty)
(/usr/local/texlive/2026basic/texmf-dist/tex/latex/caption/caption.sty
(/usr/local/texlive/2026basic/texmf-dist/tex/latex/caption/caption3.sty)
(/usr/local/texlive/2026basic/texmf-dist/tex/latex/caption/ltcaption.sty))
(/Users/jonathanmorgan/Library/texmf/tex/latex/enumitem/enumitem.sty)
(/usr/local/texlive/2026basic/texmf-dist/tex/latex/amsmath/amsmath.sty
For additional information on amsmath, use the `?' option.
(/usr/local/texlive/2026basic/texmf-dist/tex/latex/amsmath/amstext.sty
(/usr/local/texlive/2026basic/texmf-dist/tex/latex/amsmath/amsgen.sty))
(/usr/local/texlive/2026basic/texmf-dist/tex/latex/amsmath/amsbsy.sty)
(/usr/local/texlive/2026basic/texmf-dist/tex/latex/amsmath/amsopn.sty))
(./main.aux)
*geometry* driver: auto-detecting
*geometry* detected driver: xetex
(./main.out) (./main.out)
(/usr/local/texlive/2026basic/texmf-dist/tex/latex/microtype/mt-cmr.cfg)
Underfull \hbox (badness 1147) in paragraph at lines 70--70
[]|\TU/AvenirNext(0)/m/n/10.95 Newly authored VDA-series manuscript; not a rebu
ild of the earlier 
[1]
Underfull \hbox (badness 10000) in paragraph at lines 95--95
[]|\TU/AvenirNext(0)/m/n/10.95 Source-derived

Underfull \hbox (badness 10000) in paragraph at lines 95--95
[]|\TU/AvenirNext(0)/m/n/10.95 Present for

Underfull \hbox (badness 10000) in paragraph at lines 95--95
\TU/AvenirNext(0)/m/n/10.95 inspected cur-

Underfull \hbox (badness 10000) in paragraph at lines 95--95
\TU/AvenirNext(0)/m/n/10.95 rent source

Underfull \hbox (badness 10000) in paragraph at lines 95--95
[]|\TU/AvenirNext(0)/m/n/10.95 Regenerated

Underfull \hbox (badness 10000) in paragraph at lines 95--95
[]|\TU/AvenirNext(0)/m/n/10.95 Present from

Underfull \hbox (badness 10000) in paragraph at lines 95--95
[]|\TU/AvenirNext(0)/m/n/10.95 Checkpoint-

Underfull \hbox (badness 10000) in paragraph at lines 95--95
[]|\TU/AvenirNext(0)/m/n/10.95 Present for

Overfull \hbox (17.53378pt too wide) in paragraph at lines 95--95
\TU/AvenirNext(0)/m/n/10.95 VDA1/VDA4/VDA9

Underfull \hbox (badness 10000) in paragraph at lines 95--95
\TU/AvenirNext(0)/m/n/10.95 at widths

Underfull \hbox (badness 10000) in paragraph at lines 95--95
\TU/AvenirNext(0)/m/n/10.95 128/256;

Underfull \hbox (badness 10000) in paragraph at lines 95--95
\TU/AvenirNext(0)/m/n/10.95 VDA9 cross-

Underfull \hbox (badness 1845) in paragraph at lines 95--95
\TU/AvenirNext(0)/m/n/10.95 attention d256

Underfull \hbox (badness 10000) in paragraph at lines 95--95
[]|\TU/AvenirNext(0)/m/n/10.95 Decoder/geometry

Underfull \hbox (badness 3965) in paragraph at lines 95--95
[]|\TU/AvenirNext(0)/m/n/10.95 Present in the

Underfull \hbox (badness 10000) in paragraph at lines 95--95
\TU/AvenirNext(0)/m/n/10.95 matched-width

Underfull \hbox (badness 10000) in paragraph at lines 95--95
\TU/AvenirNext(0)/m/n/10.95 battery using

Underfull \hbox (badness 10000) in paragraph at lines 95--95
\TU/AvenirNext(0)/m/n/10.95 foldwise train-

Underfull \hbox (badness 10000) in paragraph at lines 95--95
[]|\TU/AvenirNext(0)/m/n/10.95 Present as

Underfull \hbox (badness 10000) in paragraph at lines 95--95
\TU/AvenirNext(0)/m/n/10.95 additive cued-

Underfull \hbox (badness 10000) in paragraph at lines 95--95
\TU/AvenirNext(0)/m/n/10.95 key logit-bias

Underfull \hbox (badness 10000) in paragraph at lines 95--95
\TU/AvenirNext(0)/m/n/10.95 clamps within

Underfull \hbox (badness 10000) in paragraph at lines 95--95
\TU/AvenirNext(0)/m/n/10.95 admitted

Underfull \hbox (badness 10000) in paragraph at lines 95--95
[]|\TU/AvenirNext(0)/m/n/10.95 Controlled multi-

Underfull \hbox (badness 10000) in paragraph at lines 95--95
[]|\TU/AvenirNext(0)/m/n/10.95 Absent; seed-

Underfull \hbox (badness 10000) in paragraph at lines 95--95
\TU/AvenirNext(0)/m/n/10.95 0 VDA16

Underfull \hbox (badness 10000) in paragraph at lines 95--95
\TU/AvenirNext(0)/m/n/10.95 training is
[1] (./main.toc [2]) [3]
Underfull \hbox (badness 10000) in paragraph at lines 122--123
[]|\TU/AvenirNext(0)/m/n/10 Archived cue-including seman-

Underfull \hbox (badness 10000) in paragraph at lines 122--123
\TU/AvenirNext(0)/m/n/10 tics; realized cue probability

Underfull \hbox (badness 10000) in paragraph at lines 123--124
[]|\TU/AvenirNext(0)/m/n/10 Archived cue-including seman-

Underfull \hbox (badness 10000) in paragraph at lines 125--126
[]|\TU/AvenirNext(0)/m/n/10 Target-alone versus distractor-

Underfull \hbox (badness 10000) in paragraph at lines 125--126
\TU/AvenirNext(0)/m/n/10 present exclusion construction;

Underfull \hbox (badness 10000) in paragraph at lines 126--126
[]|\TU/AvenirNext(0)/m/n/10 registered

Underfull \hbox (badness 10000) in paragraph at lines 126--127
[]|\TU/AvenirNext(0)/m/n/10 Passive cued-location delay

Underfull \hbox (badness 10000) in paragraph at lines 126--127
\TU/AvenirNext(0)/m/n/10 probe; no dedicated trained

Underfull \hbox (badness 10000) in paragraph at lines 127--127
[]|\TU/AvenirNext(0)/m/n/10 registered

Underfull \hbox (badness 10000) in paragraph at lines 127--128
[]|\TU/AvenirNext(0)/m/n/10 Passive uncued-location delay

Underfull \hbox (badness 10000) in paragraph at lines 127--128
\TU/AvenirNext(0)/m/n/10 probe; no dedicated trained
[4] [5] [6]

Package caption Warning: The option `hypcap=true' will be ignored for this
(caption)                particular \caption on input line 153.
See the caption package documentation for explanation.

[7]

Package caption Warning: The option `hypcap=true' will be ignored for this
(caption)                particular \caption on input line 161.
See the caption package documentation for explanation.

[8]
Underfull \hbox (badness 10000) in paragraph at lines 179--179
[]|\TU/AvenirNext(0)/m/n/10.95 Cross-attention

Underfull \hbox (badness 10000) in paragraph at lines 179--179
[]|\TU/AvenirNext(0)/m/n/10.95 Spatial recur-

Underfull \hbox (badness 10000) in paragraph at lines 179--179
[]|\TU/AvenirNext(0)/m/n/10.95 Policy/value
[9]

Package caption Warning: The option `hypcap=true' will be ignored for this
(caption)                particular \caption on input line 183.
See the caption package documentation for explanation.

[10]

Package caption Warning: The option `hypcap=true' will be ignored for this
(caption)                particular \caption on input line 188.
See the caption package documentation for explanation.

[11]

Package caption Warning: The option `hypcap=true' will be ignored for this
(caption)                particular \caption on input line 193.
See the caption package documentation for explanation.

[12]

Package caption Warning: The option `hypcap=true' will be ignored for this
(caption)                particular \caption on input line 198.
See the caption package documentation for explanation.

[13] [14]

Package caption Warning: The option `hypcap=true' will be ignored for this
(caption)                particular \caption on input line 218.
See the caption package documentation for explanation.

[15]

Package caption Warning: The option `hypcap=true' will be ignored for this
(caption)                particular \caption on input line 223.
See the caption package documentation for explanation.

[16]

Package caption Warning: The option `hypcap=true' will be ignored for this
(caption)                particular \caption on input line 228.
See the caption package documentation for explanation.

[17]

Package caption Warning: The option `hypcap=true' will be ignored for this
(caption)                particular \caption on input line 233.
See the caption package documentation for explanation.

[18]

Package caption Warning: The option `hypcap=true' will be ignored for this
(caption)                particular \caption on input line 238.
See the caption package documentation for explanation.

[19]

Package caption Warning: The option `hypcap=true' will be ignored for this
(caption)                particular \caption on input line 243.
See the caption package documentation for explanation.

[20]

Package caption Warning: The option `hypcap=true' will be ignored for this
(caption)                particular \caption on input line 248.
See the caption package documentation for explanation.

[21]

Package caption Warning: The option `hypcap=true' will be ignored for this
(caption)                particular \caption on input line 253.
See the caption package documentation for explanation.

[22] [23]

Package caption Warning: The option `hypcap=true' will be ignored for this
(caption)                particular \caption on input line 264.
See the caption package documentation for explanation.


Package caption Warning: The option `hypcap=true' will be ignored for this
(caption)                particular \caption on input line 267.
See the caption package documentation for explanation.

[24] [25]

Package caption Warning: The option `hypcap=true' will be ignored for this
(caption)                particular \caption on input line 277.
See the caption package documentation for explanation.


Package caption Warning: The option `hypcap=true' will be ignored for this
(caption)                particular \caption on input line 280.
See the caption package documentation for explanation.

[26] [27] [28] [29] [30]

Package caption Warning: The option `hypcap=true' will be ignored for this
(caption)                particular \caption on input line 301.
See the caption package documentation for explanation.


Package caption Warning: The option `hypcap=true' will be ignored for this
(caption)                particular \caption on input line 304.
See the caption package documentation for explanation.

[31]

Package caption Warning: The option `hypcap=true' will be ignored for this
(caption)                particular \caption on input line 309.
See the caption package documentation for explanation.


Package caption Warning: The option `hypcap=true' will be ignored for this
(caption)                particular \caption on input line 312.
See the caption package documentation for explanation.

[32] [33] [34]

Package caption Warning: The option `hypcap=true' will be ignored for this
(caption)                particular \caption on input line 332.
See the caption package documentation for explanation.

[35] [36] (./generated/status_summary.tex) [37] [38] [39]
Underfull \hbox (badness 1490) in paragraph at lines 394--395
\TU/AvenirNext(0)/m/n/10.95 wave establishes provenance-closed single-checkpoin
t psychometrics and descriptive event-
[40] [41]

Package caption Warning: The option `hypcap=true' will be ignored for this
(caption)                particular \caption on input line 402.
See the caption package documentation for explanation.

[42] (./generated/object_status_counts.tex) [43]
(./generated/panel_coverage_table.tex
Underfull \hbox (badness 7722) in paragraph at lines 18--18
\TU/AvenirNext(0)/m/n/9 H4, H9, H16,

Underfull \hbox (badness 10000) in paragraph at lines 18--18
\TU/AvenirNext(0)/m/n/9 Excl, PC, PU,

Underfull \hbox (badness 7722) in paragraph at lines 19--19
\TU/AvenirNext(0)/m/n/9 H4, H9, H16,

Underfull \hbox (badness 10000) in paragraph at lines 19--19
\TU/AvenirNext(0)/m/n/9 Excl, PC, PU,

Underfull \hbox (badness 10000) in paragraph at lines 20--20
[]|\TU/AvenirNext(0)/m/n/9 cued versus opposing

Underfull \hbox (badness 1721) in paragraph at lines 20--20
\TU/AvenirNext(0)/m/n/9 H9, H16, Excl,

Underfull \hbox (badness 10000) in paragraph at lines 22--22
[]|\TU/AvenirNext(0)/m/n/9 patching and visual fea-

Underfull \hbox (badness 7722) in paragraph at lines 22--22
\TU/AvenirNext(0)/m/n/9 H4, H9, H16,

Underfull \hbox (badness 10000) in paragraph at lines 22--22
\TU/AvenirNext(0)/m/n/9 Excl, PC, PU,

Underfull \hbox (badness 10000) in paragraph at lines 23--23
[]|\TU/AvenirNext(0)/m/n/9 routing/allocation mecha-

Underfull \hbox (badness 7722) in paragraph at lines 23--23
\TU/AvenirNext(0)/m/n/9 H4, H9, H16,

Underfull \hbox (badness 10000) in paragraph at lines 23--23
\TU/AvenirNext(0)/m/n/9 Excl, PC, PU,

Underfull \hbox (badness 7722) in paragraph at lines 24--24
\TU/AvenirNext(0)/m/n/9 H4, H9, H16,

Underfull \hbox (badness 10000) in paragraph at lines 24--24
\TU/AvenirNext(0)/m/n/9 Excl, PC, PU,

Underfull \hbox (badness 7722) in paragraph at lines 25--25
\TU/AvenirNext(0)/m/n/9 H4, H9, H16,

Underfull \hbox (badness 10000) in paragraph at lines 25--25
\TU/AvenirNext(0)/m/n/9 Excl, PC, PU,

Underfull \hbox (badness 10000) in paragraph at lines 28--28
[]|\TU/AvenirNext(0)/m/n/9 conditional logical re-

Underfull \hbox (badness 10000) in paragraph at lines 31--31
[]|\TU/AvenirNext(0)/m/n/9 conditional logical re-

Underfull \hbox (badness 10000) in paragraph at lines 31--31
\TU/AvenirNext(0)/m/n/9 archived uncued, low

Underfull \hbox (badness 10000) in paragraph at lines 32--32
[]|\TU/AvenirNext(0)/m/n/9 conditional logical re-

Underfull \hbox (badness 10000) in paragraph at lines 32--32
\TU/AvenirNext(0)/m/n/9 archived uncued, high

Underfull \hbox (badness 10000) in paragraph at lines 35--35
[]|\TU/AvenirNext(0)/m/n/9 S1 allocation at change

Underfull \hbox (badness 2302) in paragraph at lines 35--35
[]|\TU/AvenirNext(0)/m/n/9 C: H4, H9; P:

Underfull \hbox (badness 10000) in paragraph at lines 39--39
[]|\TU/AvenirNext(0)/m/n/9 response rate: natu-

Underfull \hbox (badness 4242) in paragraph at lines 40--40
[]|\TU/AvenirNext(0)/m/n/9 response rate: matched-

Underfull \hbox (badness 3942) in paragraph at lines 40--40
\TU/AvenirNext(0)/m/n/9 location intervention con-

Underfull \hbox (badness 3942) in paragraph at lines 41--41
\TU/AvenirNext(0)/m/n/9 location intervention con-

Underfull \hbox (badness 10000) in paragraph at lines 42--42
[]|\TU/AvenirNext(0)/m/n/9 reaction time: natu-

Underfull \hbox (badness 7012) in paragraph at lines 43--43
[]|\TU/AvenirNext(0)/m/n/9 reaction time: matched-

Underfull \hbox (badness 3942) in paragraph at lines 43--43
\TU/AvenirNext(0)/m/n/9 location intervention con-

Underfull \hbox (badness 3942) in paragraph at lines 44--44
\TU/AvenirNext(0)/m/n/9 location intervention con-

Underfull \hbox (badness 6575) in paragraph at lines 46--46
[]|\TU/AvenirNext(0)/m/n/9 Val4, H1, H2,

Underfull \hbox (badness 7722) in paragraph at lines 46--46
\TU/AvenirNext(0)/m/n/9 H4, H9, H16,

Underfull \hbox (badness 10000) in paragraph at lines 46--46
\TU/AvenirNext(0)/m/n/9 Excl, PC, PU,

Underfull \hbox (badness 6575) in paragraph at lines 48--48
[]|\TU/AvenirNext(0)/m/n/9 Val4, H1, H2,

Underfull \hbox (badness 7722) in paragraph at lines 48--48
\TU/AvenirNext(0)/m/n/9 H4, H9, H16,

Underfull \hbox (badness 10000) in paragraph at lines 48--48
\TU/AvenirNext(0)/m/n/9 Excl, PC, PU,

Underfull \hbox (badness 6575) in paragraph at lines 50--50
[]|\TU/AvenirNext(0)/m/n/9 Val4, H1, H2,

Underfull \hbox (badness 7722) in paragraph at lines 50--50
\TU/AvenirNext(0)/m/n/9 H4, H9, H16,

Underfull \hbox (badness 10000) in paragraph at lines 50--50
\TU/AvenirNext(0)/m/n/9 Excl, PC, PU,

Underfull \hbox (badness 6575) in paragraph at lines 52--52
[]|\TU/AvenirNext(0)/m/n/9 Val4, H1, H2,

Underfull \hbox (badness 7722) in paragraph at lines 52--52
\TU/AvenirNext(0)/m/n/9 H4, H9, H16,

Underfull \hbox (badness 10000) in paragraph at lines 52--52
\TU/AvenirNext(0)/m/n/9 Excl, PC, PU,

Underfull \hbox (badness 10000) in paragraph at lines 55--55
[]|\TU/AvenirNext(0)/m/n/9 memory-token behav-

Underfull \hbox (badness 10000) in paragraph at lines 58--58
[]|\TU/AvenirNext(0)/m/n/9 additive Q/K/V behav-

Underfull \hbox (badness 1097) in paragraph at lines 60--60
[]|\TU/AvenirNext(0)/m/n/9 multiplicative Q/K/V archi-

Underfull \hbox (badness 3049) in paragraph at lines 65--65
[]|\TU/AvenirNext(0)/m/n/9 all-slot location decoding

Underfull \hbox (badness 3250) in paragraph at lines 65--65
[]|\TU/AvenirNext(0)/m/n/9 Val4, H2, H16,

Underfull \hbox (badness 4699) in paragraph at lines 67--67
[]|\TU/AvenirNext(0)/m/n/9 single-slot binary change

Underfull \hbox (badness 1314) in paragraph at lines 67--67
[]|\TU/AvenirNext(0)/m/n/9 Val4, H1, Excl,

Underfull \hbox (badness 10000) in paragraph at lines 69--69
[]|\TU/AvenirNext(0)/m/n/9 actor-layer change-

Underfull \hbox (badness 2735) in paragraph at lines 70--70
[]|\TU/AvenirNext(0)/m/n/9 actor-layer binary change

Underfull \hbox (badness 1314) in paragraph at lines 70--70
[]|\TU/AvenirNext(0)/m/n/9 Val4, H1, Excl,

Underfull \hbox (badness 3514) in paragraph at lines 72--72
[]|\TU/AvenirNext(0)/m/n/9 graded actor-layer binary

Underfull \hbox (badness 1314) in paragraph at lines 72--72
[]|\TU/AvenirNext(0)/m/n/9 Val4, H1, Excl,

Underfull \hbox (badness 2809) in paragraph at lines 74--74
[]|\TU/AvenirNext(0)/m/n/9 all-trial Wait/Declare logit

Underfull \hbox (badness 6575) in paragraph at lines 74--74
[]|\TU/AvenirNext(0)/m/n/9 Val4, H1, H2,

Underfull \hbox (badness 10000) in paragraph at lines 74--74
\TU/AvenirNext(0)/m/n/9 H4, Excl, PC,

Underfull \hbox (badness 3623) in paragraph at lines 75--75
[]|\TU/AvenirNext(0)/m/n/9 Wait/Declare logit scatter

Underfull \hbox (badness 6575) in paragraph at lines 75--75
[]|\TU/AvenirNext(0)/m/n/9 Val4, H1, H2,

Underfull \hbox (badness 10000) in paragraph at lines 75--75
\TU/AvenirNext(0)/m/n/9 H4, Excl, PC,

Underfull \hbox (badness 3623) in paragraph at lines 76--76
[]|\TU/AvenirNext(0)/m/n/9 Wait/Declare logit scatter

Underfull \hbox (badness 6575) in paragraph at lines 76--76
[]|\TU/AvenirNext(0)/m/n/9 Val4, H2, H4,

Underfull \hbox (badness 3623) in paragraph at lines 77--77
[]|\TU/AvenirNext(0)/m/n/9 Wait/Declare logit scatter

Underfull \hbox (badness 6542) in paragraph at lines 77--77
[]|\TU/AvenirNext(0)/m/n/9 Val4, H4, PC,

Underfull \hbox (badness 3623) in paragraph at lines 78--78
[]|\TU/AvenirNext(0)/m/n/9 Wait/Declare logit scatter

Underfull \hbox (badness 6542) in paragraph at lines 78--78
[]|\TU/AvenirNext(0)/m/n/9 Val4, H4, PC,

Underfull \hbox (badness 10000) in paragraph at lines 80--80
[]|\TU/AvenirNext(0)/m/n/9 natural S1-change logit

Underfull \hbox (badness 6575) in paragraph at lines 80--80
[]|\TU/AvenirNext(0)/m/n/9 Val4, H1, H4,

Underfull \hbox (badness 6575) in paragraph at lines 81--81
[]|\TU/AvenirNext(0)/m/n/9 Val4, H1, H4,

Underfull \hbox (badness 6575) in paragraph at lines 82--82
[]|\TU/AvenirNext(0)/m/n/9 Val4, H1, H4,

Underfull \hbox (badness 7540) in paragraph at lines 90--90
[]|\TU/AvenirNext(0)/m/n/9 value by change magni-

Underfull \hbox (badness 10000) in paragraph at lines 92--92
[]|\TU/AvenirNext(0)/m/n/9 hit rate by opposing-

Underfull \hbox (badness 7379) in paragraph at lines 94--94
[]|\TU/AvenirNext(0)/m/n/9 criterion vs allocation at

Underfull \hbox (badness 1748) in paragraph at lines 97--97
[]|\TU/AvenirNext(0)/m/n/9 sensitivity vs allocation at

Underfull \hbox (badness 4205) in paragraph at lines 98--98
[]|\TU/AvenirNext(0)/m/n/9 sensitivity vs cue-time al-

Underfull \hbox (badness 1024) in paragraph at lines 98--98
\TU/AvenirNext(0)/m/n/9 location with change-time

Underfull \hbox (badness 10000) in paragraph at lines 101--101
[]|\TU/AvenirNext(0)/m/n/9 S17-action-

Underfull \hbox (badness 10000) in paragraph at lines 102--102
[]|\TU/AvenirNext(0)/m/n/9 S17-belief-

Underfull \hbox (badness 10000) in paragraph at lines 103--103
[]|\TU/AvenirNext(0)/m/n/9 S17-rl-

Underfull \hbox (badness 10000) in paragraph at lines 104--104
[]|\TU/AvenirNext(0)/m/n/9 S17-action-

Underfull \hbox (badness 10000) in paragraph at lines 105--105
[]|\TU/AvenirNext(0)/m/n/9 S17-belief-

Underfull \hbox (badness 10000) in paragraph at lines 106--106
[]|\TU/AvenirNext(0)/m/n/9 S17-rl-

Underfull \hbox (badness 2452) in paragraph at lines 106--106
[]|\TU/AvenirNext(0)/m/n/9 allocation row: reinforce-
[44] [45] [46] [47] [48]) [49]
Underfull \hbox (badness 10000) in paragraph at lines 435--435
[]|\TU/AvenirNext(0)/m/n/10.95 First-wave check-

Underfull \hbox (badness 10000) in paragraph at lines 435--435
[]|\TU/AvenirNext(0)/m/n/10.95 Matched-width

Underfull \hbox (badness 10000) in paragraph at lines 435--435
\TU/AvenirNext(0)/m/n/10.95 publication snap-

Underfull \hbox (badness 10000) in paragraph at lines 435--435
[]|\TU/AvenirNext(0)/m/n/10.95 Matched-width

Underfull \hbox (badness 10000) in paragraph at lines 435--435
[]|\TU/AvenirNext(0)/m/n/10.95 Older upgraded

Underfull \hbox (badness 1436) in paragraph at lines 435--435
[]|$[][][][][][][] [] [][][][][][][][] [] [][][][][] [] 

Underfull \hbox (badness 10000) in paragraph at lines 435--435
[]|\TU/AvenirNext(0)/m/n/10.95 Preserved VDA9
[50]
Underfull \hbox (badness 10000) in paragraph at lines 441--442
[]\TU/AvenirNext(0)/m/n/10.95 M. Carrasco. Visual attention: the past 25 years.
 \TU/AvenirNext(0)/m/it/10.95 Vision Research\TU/AvenirNext(0)/m/n/10.95 , 2011
.

Underfull \hbox (badness 4859) in paragraph at lines 445--446
[]\TU/AvenirNext(0)/m/n/10.95 T. Z. Luo and J. H. R. Maunsell. Attentional chan
ges in either criterion or sensitiv-

Underfull \hbox (badness 3568) in paragraph at lines 445--446
\TU/AvenirNext(0)/m/n/10.95 ity are associated with robust modulations in later
al prefrontal cortex. \TU/AvenirNext(0)/m/it/10.95 Neuron\TU/AvenirNext(0)/m/n/
10.95 , 2018.
[51] (./main.aux) )
(see the transcript file for additional information)
Output written on main.pdf (52 pages).
Transcript written on main.log.
