This is XeTeX, Version 3.141592653-2.6-0.999998 (TeX Live 2026) (preloaded format=xelatex 2026.3.1)  12 JUL 2026 12:16
entering extended mode
 restricted \write18 enabled.
 %&-line parsing enabled.
**main.tex
(./main.tex
LaTeX2e <2025-11-01>
L3 programming layer <2026-01-19>
(/usr/local/texlive/2026basic/texmf-dist/tex/latex/base/article.cls
Document Class: article 2025/01/22 v1.4n Standard LaTeX document class
(/usr/local/texlive/2026basic/texmf-dist/tex/latex/base/size11.clo
File: size11.clo 2025/01/22 v1.4n Standard LaTeX file (size option)
)
\c@part=\count271
\c@section=\count272
\c@subsection=\count273
\c@subsubsection=\count274
\c@paragraph=\count275
\c@subparagraph=\count276
\c@figure=\count277
\c@table=\count278
\abovecaptionskip=\skip49
\belowcaptionskip=\skip50
\bibindent=\dimen148
)
(/usr/local/texlive/2026basic/texmf-dist/tex/latex/fontspec/fontspec.sty
(/usr/local/texlive/2026basic/texmf-dist/tex/latex/l3packages/xparse/xparse.sty
(/usr/local/texlive/2026basic/texmf-dist/tex/latex/l3kernel/expl3.sty
Package: expl3 2026-01-19 L3 programming layer (loader) 

(/usr/local/texlive/2026basic/texmf-dist/tex/latex/l3backend/l3backend-xetex.de
f
File: l3backend-xetex.def 2025-10-09 L3 backend support: XeTeX
\g__graphics_track_int=\count279
\g__pdfannot_backend_int=\count280
\g__pdfannot_backend_link_int=\count281
))
Package: xparse 2025-10-09 L3 Experimental document command parser
)
Package: fontspec 2025/09/29 v2.9g Font selection for XeLaTeX and LuaLaTeX

(/usr/local/texlive/2026basic/texmf-dist/tex/latex/fontspec/fontspec-xetex.sty
Package: fontspec-xetex 2025/09/29 v2.9g Font selection for XeLaTeX and LuaLaTe
X
\l__fontspec_script_int=\count282
\l__fontspec_language_int=\count283
\l__fontspec_strnum_int=\count284
\l__fontspec_tmp_int=\count285
\l__fontspec_tmpa_int=\count286
\l__fontspec_tmpb_int=\count287
\l__fontspec_tmpc_int=\count288
\l__fontspec_em_int=\count289
\l__fontspec_emdef_int=\count290
\l__fontspec_strong_int=\count291
\l__fontspec_strongdef_int=\count292
\l__fontspec_tmpa_dim=\dimen149
\l__fontspec_tmpb_dim=\dimen150
\l__fontspec_tmpc_dim=\dimen151

(/usr/local/texlive/2026basic/texmf-dist/tex/latex/base/fontenc.sty
Package: fontenc 2025/07/18 v2.1d Standard LaTeX package
)
(/usr/local/texlive/2026basic/texmf-dist/tex/latex/fontspec/fontspec.cfg)))

Package fontspec Info: 
(fontspec)             Font family 'AvenirNext(0)' created for font 'Avenir
(fontspec)             Next' with options [Ligatures=TeX].
(fontspec)              
(fontspec)              This font family consists of the following NFSS
(fontspec)             series/shapes:
(fontspec)              
(fontspec)             - 'normal' (m/n) with NFSS spec.: <->"Avenir
(fontspec)             Next/OT:script=latn;language=dflt;mapping=tex-text;"
(fontspec)             - 'small caps'  (m/sc) with NFSS spec.: <->"Avenir
(fontspec)             Next/OT:script=latn;language=dflt;+smcp;mapping=tex-text
;"
(fontspec)             - 'bold' (b/n) with NFSS spec.: <->"Avenir
(fontspec)             Next/B/OT:script=latn;language=dflt;mapping=tex-text;"
(fontspec)             - 'bold small caps'  (b/sc) with NFSS spec.: <->"Avenir
(fontspec)             Next/B/OT:script=latn;language=dflt;+smcp;mapping=tex-te
xt;"
(fontspec)             - 'italic' (m/it) with NFSS spec.: <->"Avenir
(fontspec)             Next/I/OT:script=latn;language=dflt;mapping=tex-text;"
(fontspec)             - 'italic small caps'  (m/scit) with NFSS spec.:
(fontspec)             <->"Avenir
(fontspec)             Next/I/OT:script=latn;language=dflt;+smcp;mapping=tex-te
xt;"
(fontspec)             - 'bold italic' (b/it) with NFSS spec.: <->"Avenir
(fontspec)             Next/BI/OT:script=latn;language=dflt;mapping=tex-text;"
(fontspec)             - 'bold italic small caps'  (b/scit) with NFSS spec.:
(fontspec)             <->"Avenir
(fontspec)             Next/BI/OT:script=latn;language=dflt;+smcp;mapping=tex-t
ext;"


(/usr/local/texlive/2026basic/texmf-dist/tex/latex/geometry/geometry.sty
Package: geometry 2020/01/02 v5.9 Page Geometry

(/usr/local/texlive/2026basic/texmf-dist/tex/latex/graphics/keyval.sty
Package: keyval 2022/05/29 v1.15 key=value parser (DPC)
\KV@toks@=\toks17
)
(/usr/local/texlive/2026basic/texmf-dist/tex/generic/iftex/ifvtex.sty
Package: ifvtex 2019/10/25 v1.7 ifvtex legacy package. Use iftex instead.

(/usr/local/texlive/2026basic/texmf-dist/tex/generic/iftex/iftex.sty
Package: iftex 2024/12/12 v1.0g TeX engine tests
))
\Gm@cnth=\count293
\Gm@cntv=\count294
\c@Gm@tempcnt=\count295
\Gm@bindingoffset=\dimen152
\Gm@wd@mp=\dimen153
\Gm@odd@mp=\dimen154
\Gm@even@mp=\dimen155
\Gm@layoutwidth=\dimen156
\Gm@layoutheight=\dimen157
\Gm@layouthoffset=\dimen158
\Gm@layoutvoffset=\dimen159
\Gm@dimlist=\toks18
)
(/usr/local/texlive/2026basic/texmf-dist/tex/latex/microtype/microtype.sty
Package: microtype 2026/03/01 v3.2d Micro-typographical refinements (RS)

(/usr/local/texlive/2026basic/texmf-dist/tex/latex/etoolbox/etoolbox.sty
Package: etoolbox 2025/10/02 v2.5m e-TeX tools for LaTeX (JAW)
\etb@tempcnta=\count296
)
\MT@toks=\toks19
\MT@tempbox=\box53
\MT@count=\count297
LaTeX Info: Redefining \noprotrusionifhmode on input line 1084.
LaTeX Info: Redefining \leftprotrusion on input line 1085.
\MT@prot@toks=\toks20
LaTeX Info: Redefining \rightprotrusion on input line 1104.
LaTeX Info: Redefining \textls on input line 1449.
\MT@outer@kern=\dimen160
LaTeX Info: Redefining \microtypecontext on input line 2053.
LaTeX Info: Redefining \textmicrotypecontext on input line 2070.
\MT@listname@count=\count298

(/usr/local/texlive/2026basic/texmf-dist/tex/latex/microtype/microtype-xetex.de
f
File: microtype-xetex.def 2026/03/01 v3.2d Definitions specific to xetex (RS)
LaTeX Info: Redefining \lsstyle on input line 443.
LaTeX Info: Redefining \lslig on input line 451.
\MT@outer@space=\skip51
)
Package microtype Info: Loading configuration file microtype.cfg.
 (/usr/local/texlive/2026basic/texmf-dist/tex/latex/microtype/microtype.cfg
File: microtype.cfg 2026/03/01 v3.2d microtype main configuration file (RS)
)
LaTeX Info: Redefining \microtypesetup on input line 3065.
) (/usr/local/texlive/2026basic/texmf-dist/tex/latex/graphics/graphicx.sty
Package: graphicx 2024/12/31 v1.2e Enhanced LaTeX Graphics (DPC,SPQR)

(/usr/local/texlive/2026basic/texmf-dist/tex/latex/graphics/graphics.sty
Package: graphics 2024/08/06 v1.4g Standard LaTeX Graphics (DPC,SPQR)

(/usr/local/texlive/2026basic/texmf-dist/tex/latex/graphics/trig.sty
Package: trig 2023/12/02 v1.11 sin cos tan (DPC)
)
(/usr/local/texlive/2026basic/texmf-dist/tex/latex/graphics-cfg/graphics.cfg
File: graphics.cfg 2016/06/04 v1.11 sample graphics configuration
)
Package graphics Info: Driver file: xetex.def on input line 106.

(/usr/local/texlive/2026basic/texmf-dist/tex/latex/graphics-def/xetex.def
File: xetex.def 2025/11/01 v5.0p Graphics/color driver for xetex
))
\Gin@req@height=\dimen161
\Gin@req@width=\dimen162
)
(/usr/local/texlive/2026basic/texmf-dist/tex/latex/booktabs/booktabs.sty
Package: booktabs 2020/01/12 v1.61803398 Publication quality tables
\heavyrulewidth=\dimen163
\lightrulewidth=\dimen164
\cmidrulewidth=\dimen165
\belowrulesep=\dimen166
\belowbottomsep=\dimen167
\aboverulesep=\dimen168
\abovetopsep=\dimen169
\cmidrulesep=\dimen170
\cmidrulekern=\dimen171
\defaultaddspace=\dimen172
\@cmidla=\count299
\@cmidlb=\count300
\@aboverulesep=\dimen173
\@belowrulesep=\dimen174
\@thisruleclass=\count301
\@lastruleclass=\count302
\@thisrulewidth=\dimen175
)
(/usr/local/texlive/2026basic/texmf-dist/tex/latex/tools/longtable.sty
Package: longtable 2025-10-13 v4.24 Multi-page Table package (DPC)
\LTleft=\skip52
\LTright=\skip53
\LTpre=\skip54
\LTpost=\skip55
\LTchunksize=\count303
\LTcapwidth=\dimen176
\LT@head=\box54
\LT@firsthead=\box55
\LT@foot=\box56
\LT@lastfoot=\box57
\LT@gbox=\box58
\LT@cols=\count304
\LT@rows=\count305
\c@LT@tables=\count306
\c@LT@chunks=\count307
\LT@p@ftn=\toks21
)
(/usr/local/texlive/2026basic/texmf-dist/tex/latex/tools/array.sty
Package: array 2025/09/25 v2.6n Tabular extension package (FMi)
\col@sep=\dimen177
\ar@mcellbox=\box59
\extrarowheight=\dimen178
\NC@list=\toks22
\extratabsurround=\skip56
\backup@length=\skip57
\ar@cellbox=\box60
)
(/usr/local/texlive/2026basic/texmf-dist/tex/latex/tools/tabularx.sty
Package: tabularx 2023/12/11 v2.12a `tabularx' package (DPC)
\TX@col@width=\dimen179
\TX@old@table=\dimen180
\TX@old@col=\dimen181
\TX@target=\dimen182
\TX@delta=\dimen183
\TX@cols=\count308
\TX@ftn=\toks23
)
(/usr/local/texlive/2026basic/texmf-dist/tex/latex/ragged2e/ragged2e.sty
Package: ragged2e 2023/06/22 v3.6 ragged2e Package
\CenteringLeftskip=\skip58
\RaggedLeftLeftskip=\skip59
\RaggedRightLeftskip=\skip60
\CenteringRightskip=\skip61
\RaggedLeftRightskip=\skip62
\RaggedRightRightskip=\skip63
\CenteringParfillskip=\skip64
\RaggedLeftParfillskip=\skip65
\RaggedRightParfillskip=\skip66
\JustifyingParfillskip=\skip67
\CenteringParindent=\skip68
\RaggedLeftParindent=\skip69
\RaggedRightParindent=\skip70
\JustifyingParindent=\skip71
)
(/usr/local/texlive/2026basic/texmf-dist/tex/latex/pdflscape/pdflscape.sty
Package: pdflscape 2025-06-23 v0.14 Display of landscape pages in PDF

(/usr/local/texlive/2026basic/texmf-dist/tex/latex/pdflscape/pdflscape-nometada
ta.sty
Package: pdflscape-nometadata 2025-06-23 v0.14 Display of landscape pages in PD
F (HO)
 (/usr/local/texlive/2026basic/texmf-dist/tex/latex/graphics/lscape.sty
Package: lscape 2020/05/28 v3.02 Landscape Pages (DPC)
)
Package pdflscape Info: Auto-detected driver: dvipdfm (xetex) on input line 98.

)) (/usr/local/texlive/2026basic/texmf-dist/tex/latex/xcolor/xcolor.sty
Package: xcolor 2024/09/29 v3.02 LaTeX color extensions (UK)

(/usr/local/texlive/2026basic/texmf-dist/tex/latex/graphics-cfg/color.cfg
File: color.cfg 2016/01/02 v1.6 sample color configuration
)
Package xcolor Info: Driver file: xetex.def on input line 274.

(/usr/local/texlive/2026basic/texmf-dist/tex/latex/graphics/mathcolor.ltx)
Package xcolor Info: Model `cmy' substituted by `cmy0' on input line 1349.
Package xcolor Info: Model `RGB' extended on input line 1365.
Package xcolor Info: Model `HTML' substituted by `rgb' on input line 1367.
Package xcolor Info: Model `Hsb' substituted by `hsb' on input line 1368.
Package xcolor Info: Model `tHsb' substituted by `hsb' on input line 1369.
Package xcolor Info: Model `HSB' substituted by `hsb' on input line 1370.
Package xcolor Info: Model `Gray' substituted by `gray' on input line 1371.
Package xcolor Info: Model `wave' substituted by `hsb' on input line 1372.
)
(/usr/local/texlive/2026basic/texmf-dist/tex/latex/hyperref/hyperref.sty
Package: hyperref 2026-01-29 v7.01p Hypertext links for LaTeX

(/usr/local/texlive/2026basic/texmf-dist/tex/latex/kvsetkeys/kvsetkeys.sty
Package: kvsetkeys 2022-10-05 v1.19 Key value parser (HO)
)
(/usr/local/texlive/2026basic/texmf-dist/tex/generic/kvdefinekeys/kvdefinekeys.
sty
Package: kvdefinekeys 2019-12-19 v1.6 Define keys (HO)
)
(/usr/local/texlive/2026basic/texmf-dist/tex/generic/pdfescape/pdfescape.sty
Package: pdfescape 2019/12/09 v1.15 Implements pdfTeX's escape features (HO)

(/usr/local/texlive/2026basic/texmf-dist/tex/generic/ltxcmds/ltxcmds.sty
Package: ltxcmds 2023-12-04 v1.26 LaTeX kernel commands for general use (HO)
)
(/usr/local/texlive/2026basic/texmf-dist/tex/generic/pdftexcmds/pdftexcmds.sty
Package: pdftexcmds 2020-06-27 v0.33 Utility functions of pdfTeX for LuaTeX (HO
)

(/usr/local/texlive/2026basic/texmf-dist/tex/generic/infwarerr/infwarerr.sty
Package: infwarerr 2019/12/03 v1.5 Providing info/warning/error messages (HO)
)
Package pdftexcmds Info: \pdf@primitive is available.
Package pdftexcmds Info: \pdf@ifprimitive is available.
Package pdftexcmds Info: \pdfdraftmode not found.
)) (/usr/local/texlive/2026basic/texmf-dist/tex/latex/hycolor/hycolor.sty
Package: hycolor 2020-01-27 v1.10 Color options for hyperref/bookmark (HO)
)
(/usr/local/texlive/2026basic/texmf-dist/tex/latex/hyperref/nameref.sty
Package: nameref 2026-01-29 v2.58 Cross-referencing by name of section

(/usr/local/texlive/2026basic/texmf-dist/tex/latex/refcount/refcount.sty
Package: refcount 2019/12/15 v3.6 Data extraction from label references (HO)
)
(/usr/local/texlive/2026basic/texmf-dist/tex/generic/gettitlestring/gettitlestr
ing.sty
Package: gettitlestring 2019/12/15 v1.6 Cleanup title references (HO)

(/usr/local/texlive/2026basic/texmf-dist/tex/latex/kvoptions/kvoptions.sty
Package: kvoptions 2022-06-15 v3.15 Key value format for package options (HO)
))
\c@section@level=\count309
)
(/usr/local/texlive/2026basic/texmf-dist/tex/generic/stringenc/stringenc.sty
Package: stringenc 2019/11/29 v1.12 Convert strings between diff. encodings (HO
)
)
\@linkdim=\dimen184
\Hy@linkcounter=\count310
\Hy@pagecounter=\count311

(/usr/local/texlive/2026basic/texmf-dist/tex/latex/hyperref/pd1enc.def
File: pd1enc.def 2026-01-29 v7.01p Hyperref: PDFDocEncoding definition (HO)
)
(/usr/local/texlive/2026basic/texmf-dist/tex/generic/intcalc/intcalc.sty
Package: intcalc 2019/12/15 v1.3 Expandable calculations with integers (HO)
)
\Hy@SavedSpaceFactor=\count312

(/usr/local/texlive/2026basic/texmf-dist/tex/latex/hyperref/puenc.def
File: puenc.def 2026-01-29 v7.01p Hyperref: PDF Unicode definition (HO)
)
Package hyperref Info: Hyper figures OFF on input line 4201.
Package hyperref Info: Link nesting OFF on input line 4206.
Package hyperref Info: Hyper index ON on input line 4209.
Package hyperref Info: Plain pages OFF on input line 4216.
Package hyperref Info: Backreferencing OFF on input line 4221.
Package hyperref Info: Implicit mode ON; LaTeX internals redefined.
Package hyperref Info: Bookmarks ON on input line 4468.
\c@Hy@tempcnt=\count313

(/usr/local/texlive/2026basic/texmf-dist/tex/latex/url/url.sty
\Urlmuskip=\muskip17
Package: url 2013/09/16  ver 3.4  Verb mode for urls, etc.
)
LaTeX Info: Redefining \url on input line 4807.
\XeTeXLinkMargin=\dimen185

(/usr/local/texlive/2026basic/texmf-dist/tex/generic/bitset/bitset.sty
Package: bitset 2019/12/09 v1.3 Handle bit-vector datatype (HO)

(/usr/local/texlive/2026basic/texmf-dist/tex/generic/bigintcalc/bigintcalc.sty
Package: bigintcalc 2019/12/15 v1.5 Expandable calculations on big integers (HO
)
))
\Fld@menulength=\count314
\Field@Width=\dimen186
\Fld@charsize=\dimen187
Package hyperref Info: Hyper figures OFF on input line 6084.
Package hyperref Info: Link nesting OFF on input line 6089.
Package hyperref Info: Hyper index ON on input line 6092.
Package hyperref Info: backreferencing OFF on input line 6099.
Package hyperref Info: Link coloring OFF on input line 6104.
Package hyperref Info: Link coloring with OCG OFF on input line 6109.
Package hyperref Info: PDF/A mode OFF on input line 6114.
\Hy@abspage=\count315
\c@Item=\count316
\c@Hfootnote=\count317
)
Package hyperref Info: Driver (autodetected): hxetex.
 (/usr/local/texlive/2026basic/texmf-dist/tex/latex/hyperref/hxetex.def
File: hxetex.def 2026-01-29 v7.01p Hyperref driver for XeTeX
\pdfm@box=\box61
\c@Hy@AnnotLevel=\count318
\HyField@AnnotCount=\count319
\Fld@listcount=\count320
\c@bookmark@seq@number=\count321

(/usr/local/texlive/2026basic/texmf-dist/tex/latex/rerunfilecheck/rerunfilechec
k.sty
Package: rerunfilecheck 2025-06-21 v1.11 Rerun checks for auxiliary files (HO)

(/usr/local/texlive/2026basic/texmf-dist/tex/generic/uniquecounter/uniquecounte
r.sty
Package: uniquecounter 2019/12/15 v1.4 Provide unlimited unique counter (HO)
)
Package uniquecounter Info: New unique counter `rerunfilecheck' on input line 2
84.
)
\Hy@SectionHShift=\skip72
)
(/usr/local/texlive/2026basic/texmf-dist/tex/latex/fancyhdr/fancyhdr.sty
Package: fancyhdr 2025/02/07 v5.2 Extensive control of page headers and footers

\f@nch@headwidth=\skip73
\f@nch@offset@elh=\skip74
\f@nch@offset@erh=\skip75
\f@nch@offset@olh=\skip76
\f@nch@offset@orh=\skip77
\f@nch@offset@elf=\skip78
\f@nch@offset@erf=\skip79
\f@nch@offset@olf=\skip80
\f@nch@offset@orf=\skip81
\f@nch@height=\skip82
\f@nch@footalignment=\skip83
\f@nch@widthL=\skip84
\f@nch@widthC=\skip85
\f@nch@widthR=\skip86
\@temptokenb=\toks24
)
(/usr/local/texlive/2026basic/texmf-dist/tex/latex/caption/caption.sty
Package: caption 2023/08/05 v3.6o Customizing captions (AR)

(/usr/local/texlive/2026basic/texmf-dist/tex/latex/caption/caption3.sty
Package: caption3 2023/07/31 v2.4d caption3 kernel (AR)
\caption@tempdima=\dimen188
\captionmargin=\dimen189
\caption@leftmargin=\dimen190
\caption@rightmargin=\dimen191
\caption@width=\dimen192
\caption@indent=\dimen193
\caption@parindent=\dimen194
\caption@hangindent=\dimen195
Package caption Info: Standard document class detected.
)
\c@caption@flags=\count322
\c@continuedfloat=\count323
Package caption Info: hyperref package is loaded.
Package caption Info: longtable package is loaded.

(/usr/local/texlive/2026basic/texmf-dist/tex/latex/caption/ltcaption.sty
Package: ltcaption 2021/01/08 v1.4c longtable captions (AR)
))
(/Users/jonathanmorgan/Library/texmf/tex/latex/enumitem/enumitem.sty
Package: enumitem 2025/02/06 v3.11 Customized lists
\labelindent=\skip87
\enit@outerparindent=\dimen196
\enit@toks=\toks25
\enit@inbox=\box62
\enit@count@id=\count324
\enitdp@description=\count325
)
(/usr/local/texlive/2026basic/texmf-dist/tex/latex/amsmath/amsmath.sty
Package: amsmath 2025/07/09 v2.17z AMS math features
\@mathmargin=\skip88

For additional information on amsmath, use the `?' option.
(/usr/local/texlive/2026basic/texmf-dist/tex/latex/amsmath/amstext.sty
Package: amstext 2024/11/17 v2.01 AMS text

(/usr/local/texlive/2026basic/texmf-dist/tex/latex/amsmath/amsgen.sty
File: amsgen.sty 1999/11/30 v2.0 generic functions
\@emptytoks=\toks26
\ex@=\dimen197
))
(/usr/local/texlive/2026basic/texmf-dist/tex/latex/amsmath/amsbsy.sty
Package: amsbsy 1999/11/29 v1.2d Bold Symbols
\pmbraise@=\dimen198
)
(/usr/local/texlive/2026basic/texmf-dist/tex/latex/amsmath/amsopn.sty
Package: amsopn 2022/04/08 v2.04 operator names
)
\inf@bad=\count326
LaTeX Info: Redefining \frac on input line 233.
\uproot@=\count327
\leftroot@=\count328
LaTeX Info: Redefining \overline on input line 398.
LaTeX Info: Redefining \colon on input line 409.
\classnum@=\count329
\DOTSCASE@=\count330
LaTeX Info: Redefining \ldots on input line 495.
LaTeX Info: Redefining \dots on input line 498.
LaTeX Info: Redefining \cdots on input line 619.
\Mathstrutbox@=\box63
\strutbox@=\box64
LaTeX Info: Redefining \big on input line 721.
LaTeX Info: Redefining \Big on input line 722.
LaTeX Info: Redefining \bigg on input line 723.
LaTeX Info: Redefining \Bigg on input line 724.
\big@size=\dimen199
LaTeX Font Info:    Redeclaring font encoding OML on input line 742.
LaTeX Font Info:    Redeclaring font encoding OMS on input line 743.
\macc@depth=\count331
LaTeX Info: Redefining \bmod on input line 904.
LaTeX Info: Redefining \pmod on input line 909.
LaTeX Info: Redefining \smash on input line 939.
LaTeX Info: Redefining \relbar on input line 969.
LaTeX Info: Redefining \Relbar on input line 970.
\c@MaxMatrixCols=\count332
\dotsspace@=\muskip18
\c@parentequation=\count333
\dspbrk@lvl=\count334
\tag@help=\toks27
\row@=\count335
\column@=\count336
\maxfields@=\count337
\andhelp@=\toks28
\eqnshift@=\dimen256
\alignsep@=\dimen257
\tagshift@=\dimen258
\tagwidth@=\dimen259
\totwidth@=\dimen260
\lineht@=\dimen261
\@envbody=\toks29
\multlinegap=\skip89
\multlinetaggap=\skip90
\mathdisplay@stack=\toks30
LaTeX Info: Redefining \[ on input line 2950.
LaTeX Info: Redefining \] on input line 2951.
)
Package hyperref Info: Option `colorlinks' set `true' on input line 25.
Package hyperref Info: Option `breaklinks' set `true' on input line 25.

(./main.aux)
\openout1 = `main.aux'.

LaTeX Font Info:    Checking defaults for OML/cmm/m/it on input line 49.
LaTeX Font Info:    ... okay on input line 49.
LaTeX Font Info:    Checking defaults for OMS/cmsy/m/n on input line 49.
LaTeX Font Info:    ... okay on input line 49.
LaTeX Font Info:    Checking defaults for OT1/cmr/m/n on input line 49.
LaTeX Font Info:    ... okay on input line 49.
LaTeX Font Info:    Checking defaults for T1/cmr/m/n on input line 49.
LaTeX Font Info:    ... okay on input line 49.
LaTeX Font Info:    Checking defaults for TS1/cmr/m/n on input line 49.
LaTeX Font Info:    ... okay on input line 49.
LaTeX Font Info:    Checking defaults for TU/lmr/m/n on input line 49.
LaTeX Font Info:    ... okay on input line 49.
LaTeX Font Info:    Checking defaults for OMX/cmex/m/n on input line 49.
LaTeX Font Info:    ... okay on input line 49.
LaTeX Font Info:    Checking defaults for U/cmr/m/n on input line 49.
LaTeX Font Info:    ... okay on input line 49.
LaTeX Font Info:    Checking defaults for PD1/pdf/m/n on input line 49.
LaTeX Font Info:    ... okay on input line 49.
LaTeX Font Info:    Checking defaults for PU/pdf/m/n on input line 49.
LaTeX Font Info:    ... okay on input line 49.

Package fontspec Info: 
(fontspec)             Adjusting the maths setup (use [no-math] to avoid
(fontspec)             this).

\symlegacymaths=\mathgroup4
LaTeX Font Info:    Overwriting symbol font `legacymaths' in version `bold'
(Font)                  OT1/cmr/m/n --> OT1/cmr/bx/n on input line 49.
LaTeX Font Info:    Redeclaring math accent \acute on input line 49.
LaTeX Font Info:    Redeclaring math accent \grave on input line 49.
LaTeX Font Info:    Redeclaring math accent \ddot on input line 49.
LaTeX Font Info:    Redeclaring math accent \tilde on input line 49.
LaTeX Font Info:    Redeclaring math accent \bar on input line 49.
LaTeX Font Info:    Redeclaring math accent \breve on input line 49.
LaTeX Font Info:    Redeclaring math accent \check on input line 49.
LaTeX Font Info:    Redeclaring math accent \hat on input line 49.
LaTeX Font Info:    Redeclaring math accent \dot on input line 49.
LaTeX Font Info:    Redeclaring math accent \mathring on input line 49.
LaTeX Font Info:    Redeclaring math symbol \Gamma on input line 49.
LaTeX Font Info:    Redeclaring math symbol \Delta on input line 49.
LaTeX Font Info:    Redeclaring math symbol \Theta on input line 49.
LaTeX Font Info:    Redeclaring math symbol \Lambda on input line 49.
LaTeX Font Info:    Redeclaring math symbol \Xi on input line 49.
LaTeX Font Info:    Redeclaring math symbol \Pi on input line 49.
LaTeX Font Info:    Redeclaring math symbol \Sigma on input line 49.
LaTeX Font Info:    Redeclaring math symbol \Upsilon on input line 49.
LaTeX Font Info:    Redeclaring math symbol \Phi on input line 49.
LaTeX Font Info:    Redeclaring math symbol \Psi on input line 49.
LaTeX Font Info:    Redeclaring math symbol \Omega on input line 49.
LaTeX Font Info:    Redeclaring math symbol \mathdollar on input line 49.
LaTeX Font Info:    Redeclaring symbol font `operators' on input line 49.
LaTeX Font Info:    Encoding `OT1' has changed to `TU' for symbol font
(Font)              `operators' in the math version `normal' on input line 49.
LaTeX Font Info:    Overwriting symbol font `operators' in version `normal'
(Font)                  OT1/cmr/m/n --> TU/AvenirNext(0)/m/n on input line 49.
LaTeX Font Info:    Encoding `OT1' has changed to `TU' for symbol font
(Font)              `operators' in the math version `bold' on input line 49.
LaTeX Font Info:    Overwriting symbol font `operators' in version `bold'
(Font)                  OT1/cmr/bx/n --> TU/AvenirNext(0)/m/n on input line 49.

LaTeX Font Info:    Overwriting symbol font `operators' in version `normal'
(Font)                  TU/AvenirNext(0)/m/n --> TU/AvenirNext(0)/m/n on input 
line 49.
LaTeX Font Info:    Overwriting math alphabet `\mathit' in version `normal'
(Font)                  OT1/cmr/m/it --> TU/AvenirNext(0)/m/it on input line 49
.
LaTeX Font Info:    Overwriting math alphabet `\mathbf' in version `normal'
(Font)                  OT1/cmr/bx/n --> TU/AvenirNext(0)/b/n on input line 49.

LaTeX Font Info:    Overwriting math alphabet `\mathsf' in version `normal'
(Font)                  OT1/cmss/m/n --> TU/AvenirNext(0)/m/n on input line 49.

LaTeX Font Info:    Overwriting math alphabet `\mathtt' in version `normal'
(Font)                  OT1/cmtt/m/n --> TU/lmtt/m/n on input line 49.
LaTeX Font Info:    Overwriting symbol font `operators' in version `bold'
(Font)                  TU/AvenirNext(0)/m/n --> TU/AvenirNext(0)/b/n on input 
line 49.
LaTeX Font Info:    Overwriting math alphabet `\mathit' in version `bold'
(Font)                  OT1/cmr/bx/it --> TU/AvenirNext(0)/b/it on input line 4
9.
LaTeX Font Info:    Overwriting math alphabet `\mathsf' in version `bold'
(Font)                  OT1/cmss/bx/n --> TU/AvenirNext(0)/b/n on input line 49
.
LaTeX Font Info:    Overwriting math alphabet `\mathtt' in version `bold'
(Font)                  OT1/cmtt/m/n --> TU/lmtt/b/n on input line 49.

*geometry* driver: auto-detecting
*geometry* detected driver: xetex
*geometry* verbose mode - [ preamble ] result:
* driver: xetex
* paper: a4paper
* layout: <same size as paper>
* layoutoffset:(h,v)=(0.0pt,0.0pt)
* modes: 
* h-part:(L,W,R)=(56.9055pt, 483.69687pt, 56.9055pt)
* v-part:(T,H,B)=(56.9055pt, 731.23584pt, 56.9055pt)
* \paperwidth=597.50787pt
* \paperheight=845.04684pt
* \textwidth=483.69687pt
* \textheight=731.23584pt
* \oddsidemargin=-15.36449pt
* \evensidemargin=-15.36449pt
* \topmargin=-55.36449pt
* \headheight=15.0pt
* \headsep=25.0pt
* \topskip=11.0pt
* \footskip=34.1433pt
* \marginparwidth=50.0pt
* \marginparsep=10.0pt
* \columnsep=10.0pt
* \skip\footins=10.0pt plus 4.0pt minus 2.0pt
* \hoffset=0.0pt
* \voffset=0.0pt
* \mag=1000
* \@twocolumnfalse
* \@twosidefalse
* \@mparswitchfalse
* \@reversemarginfalse
* (1in=72.27pt=25.4mm, 1cm=28.453pt)

LaTeX Info: Redefining \microtypecontext on input line 49.
Package microtype Info: Applying patch `item' on input line 49.
Package microtype Info: Applying patch `toc' on input line 49.
Package microtype Info: Applying patch `eqnum' on input line 49.
Package microtype Info: Applying patch `footnote' on input line 49.
Package microtype Info: Applying patch `verbatim' on input line 49.
LaTeX Info: Redefining \microtypesetup on input line 49.
Package microtype Info: Character protrusion enabled (level 2).
Package microtype Info: Using default protrusion set `alltext'.
Package microtype Info: No adjustment of tracking.
Package microtype Info: No adjustment of spacing.
Package microtype Info: No adjustment of kerning.
Package microtype Info: Loading generic protrusion settings for font family
(microtype)             `AvenirNext' (encoding: TU).
(microtype)             For optimal results, create family-specific settings.
(microtype)             See the microtype manual for details.
Package hyperref Info: Link coloring ON on input line 49.
(./main.out) (./main.out)
\@outlinefile=\write3
\openout3 = `main.out'.

Package caption Info: Begin \AtBeginDocument code.
Package caption Info: End \AtBeginDocument code.

(/usr/local/texlive/2026basic/texmf-dist/tex/latex/microtype/mt-cmr.cfg)
[1

]
Underfull \hbox (badness 1895) in paragraph at lines 98--98
[]|\TU/AvenirNext(0)/m/n/10 Source-derived archi-
 []


Underfull \hbox (badness 10000) in paragraph at lines 98--98
[]|\TU/AvenirNext(0)/m/n/10 Present for in-
 []


Underfull \hbox (badness 6477) in paragraph at lines 98--98
\TU/AvenirNext(0)/m/n/10 spected current
 []


Underfull \hbox (badness 7415) in paragraph at lines 98--98
[]|\TU/AvenirNext(0)/m/n/10 Regenerated archive
 []


Underfull \hbox (badness 10000) in paragraph at lines 98--98
\TU/AvenirNext(0)/m/n/10 gregate NumPy
 []


Underfull \hbox (badness 10000) in paragraph at lines 98--98
\TU/AvenirNext(0)/m/n/10 archive (NPZ;
 []


Underfull \hbox (badness 10000) in paragraph at lines 98--98
[]|\TU/AvenirNext(0)/m/n/10 Checkpoint-
 []


Underfull \hbox (badness 10000) in paragraph at lines 98--98
\TU/AvenirNext(0)/m/n/10 recomputed eval-
 []


Underfull \hbox (badness 10000) in paragraph at lines 98--98
[]|\TU/AvenirNext(0)/m/n/10 VDA1, VDA4,
 []


Underfull \hbox (badness 10000) in paragraph at lines 98--98
\TU/AvenirNext(0)/m/n/10 and VDA9 at
 []


Underfull \hbox (badness 10000) in paragraph at lines 98--98
\TU/AvenirNext(0)/m/n/10 one d256 cell
 []


Underfull \hbox (badness 10000) in paragraph at lines 98--98
\TU/AvenirNext(0)/m/n/10 is competence-
 []


Underfull \hbox (badness 10000) in paragraph at lines 98--98
[]|\TU/AvenirNext(0)/m/n/10 Decoder/geometry
 []


Underfull \hbox (badness 10000) in paragraph at lines 98--98
[]|\TU/AvenirNext(0)/m/n/10 Present using
 []


Underfull \hbox (badness 10000) in paragraph at lines 98--98
\TU/AvenirNext(0)/m/n/10 foldwise train-
 []


Underfull \hbox (badness 10000) in paragraph at lines 98--98
\TU/AvenirNext(0)/m/n/10 only principal-
 []


Underfull \hbox (badness 10000) in paragraph at lines 98--98
\TU/AvenirNext(0)/m/n/10 component
 []


Underfull \hbox (badness 10000) in paragraph at lines 98--98
\TU/AvenirNext(0)/m/n/10 analysis with
 []


Underfull \hbox (badness 10000) in paragraph at lines 98--98
[]|\TU/AvenirNext(0)/m/n/10 Present as ad-
 []


Underfull \hbox (badness 10000) in paragraph at lines 98--98
\TU/AvenirNext(0)/m/n/10 ditive cued-key
 []


Underfull \hbox (badness 10000) in paragraph at lines 98--98
\TU/AvenirNext(0)/m/n/10 within admitted
 []


Underfull \hbox (badness 6542) in paragraph at lines 98--98
[]|\TU/AvenirNext(0)/m/n/10 Absent; seed-0
 []


Underfull \hbox (badness 10000) in paragraph at lines 98--98
\TU/AvenirNext(0)/m/n/10 VDA16 training
 []

[1] (./main.toc [2])
\tf@toc=\write4
\openout4 = `main.toc'.

 [3]
Package microtype Info: Loading generic protrusion settings for font family
(microtype)             `lmtt' (encoding: TU).
(microtype)             For optimal results, create family-specific settings.
(microtype)             See the microtype manual for details.

Underfull \hbox (badness 10000) in paragraph at lines 126--127
[]|\TU/AvenirNext(0)/m/n/10 Archived cue-including seman-
 []


Underfull \hbox (badness 10000) in paragraph at lines 126--127
\TU/AvenirNext(0)/m/n/10 tics; realized cue probability
 []


Underfull \hbox (badness 10000) in paragraph at lines 127--128
[]|\TU/AvenirNext(0)/m/n/10 Archived cue-including seman-
 []


Underfull \hbox (badness 10000) in paragraph at lines 129--130
[]|\TU/AvenirNext(0)/m/n/10 Target-alone versus distractor-
 []


Underfull \hbox (badness 10000) in paragraph at lines 129--130
\TU/AvenirNext(0)/m/n/10 present exclusion construction;
 []


Underfull \hbox (badness 10000) in paragraph at lines 130--130
[]|\TU/AvenirNext(0)/m/n/10 registered
 []


Underfull \hbox (badness 10000) in paragraph at lines 130--131
[]|\TU/AvenirNext(0)/m/n/10 Passive cued-location delay
 []


Underfull \hbox (badness 10000) in paragraph at lines 130--131
\TU/AvenirNext(0)/m/n/10 probe; no dedicated trained
 []


Underfull \hbox (badness 10000) in paragraph at lines 131--131
[]|\TU/AvenirNext(0)/m/n/10 registered
 []


Underfull \hbox (badness 10000) in paragraph at lines 131--132
[]|\TU/AvenirNext(0)/m/n/10 Passive uncued-location delay
 []


Underfull \hbox (badness 10000) in paragraph at lines 131--132
\TU/AvenirNext(0)/m/n/10 probe; no dedicated trained
 []


ignored: Infinite glue shrinkage found in box being split [4

] [5] [6]
File: ../figures/task/m1_task_vda4.pdf Graphic file (type pdf)
<use ../figures/task/m1_task_vda4.pdf>


Package caption Warning: The option `hypcap=true' will be ignored for this
(caption)                particular \caption on input line 157.
See the caption package documentation for explanation.

[7

]
File: ../figures/task/m1_task_vda_fixed4.pdf Graphic file (type pdf)
<use ../figures/task/m1_task_vda_fixed4.pdf>


Package caption Warning: The option `hypcap=true' will be ignored for this
(caption)                particular \caption on input line 165.
See the caption package documentation for explanation.

[8


]

Package caption Warning: \setcaptiontype
(caption)                outside box or environment on input line 172.
See the caption package documentation for explanation.


Package caption Warning: The option `hypcap=true' will be ignored for this
(caption)                particular \caption on input line 172.
See the caption package documentation for explanation.


Underfull \hbox (badness 10000) in paragraph at lines 184--184
[]|\TU/AvenirNext(0)/m/n/10.95 Cross-attention
 []


Underfull \hbox (badness 10000) in paragraph at lines 184--184
[]|\TU/AvenirNext(0)/m/n/10.95 Spatial recur-
 []


Underfull \hbox (badness 10000) in paragraph at lines 184--184
[]|\TU/AvenirNext(0)/m/n/10.95 Policy/value
 []

[9

]
File: ../figures/architecture/m2_architecture_a.pdf Graphic file (type pdf)
<use ../figures/architecture/m2_architecture_a.pdf>


Package caption Warning: The option `hypcap=true' will be ignored for this
(caption)                particular \caption on input line 188.
See the caption package documentation for explanation.

[10

]
File: ../figures/architecture/m2_architecture_b.pdf Graphic file (type pdf)
<use ../figures/architecture/m2_architecture_b.pdf>


Package caption Warning: The option `hypcap=true' will be ignored for this
(caption)                particular \caption on input line 193.
See the caption package documentation for explanation.

[11


]
File: ../figures/architecture/m2_architecture_c.pdf Graphic file (type pdf)
<use ../figures/architecture/m2_architecture_c.pdf>


Package caption Warning: The option `hypcap=true' will be ignored for this
(caption)                particular \caption on input line 198.
See the caption package documentation for explanation.

[12


]
File: ../figures/architecture/m2_architecture_d.pdf Graphic file (type pdf)
<use ../figures/architecture/m2_architecture_d.pdf>


Package caption Warning: The option `hypcap=true' will be ignored for this
(caption)                particular \caption on input line 203.
See the caption package documentation for explanation.

[13


] [14

]
File: ../figures/behavior/m3_behavior_contact_sheet.png Graphic file (type bmp)

<../figures/behavior/m3_behavior_contact_sheet.png>


Package caption Warning: The option `hypcap=true' will be ignored for this
(caption)                particular \caption on input line 269.
See the caption package documentation for explanation.

[15

] [16

]
File: ../figures/first_wave/first_wave_environment_vda4.pdf Graphic file (type 
pdf)
<use ../figures/first_wave/first_wave_environment_vda4.pdf>


Package caption Warning: The option `hypcap=true' will be ignored for this
(caption)                particular \caption on input line 281.
See the caption package documentation for explanation.

File: ../figures/first_wave/first_wave_environment_vda9.pdf Graphic file (type 
pdf)
<use ../figures/first_wave/first_wave_environment_vda9.pdf>

Package caption Warning: The option `hypcap=true' will be ignored for this
(caption)                particular \caption on input line 284.
See the caption package documentation for explanation.

[17

] [18

]
File: ../figures/first_wave/first_wave_attention_vda4_affine_ew.pdf Graphic fil
e (type pdf)
<use ../figures/first_wave/first_wave_attention_vda4_affine_ew.pdf>


Package caption Warning: The option `hypcap=true' will be ignored for this
(caption)                particular \caption on input line 294.
See the caption package documentation for explanation.

[19

]
File: ../figures/first_wave/first_wave_attention_vda4_crossattn1_image_keys.pdf
 Graphic file (type pdf)
<use ../figures/first_wave/first_wave_attention_vda4_crossattn1_image_keys.pdf>



Package caption Warning: The option `hypcap=true' will be ignored for this
(caption)                particular \caption on input line 299.
See the caption package documentation for explanation.

[20


]
File: ../figures/first_wave/first_wave_attention_vda4_crossattn1_recurrent_memo
ry_keys.pdf Graphic file (type pdf)
<use ../figures/first_wave/first_wave_attention_vda4_crossattn1_recurrent_memor
y_keys.pdf>


Package caption Warning: The option `hypcap=true' will be ignored for this
(caption)                particular \caption on input line 304.
See the caption package documentation for explanation.

[21


]
File: ../figures/first_wave/first_wave_attention_vda9_affine_ew.pdf Graphic fil
e (type pdf)
<use ../figures/first_wave/first_wave_attention_vda9_affine_ew.pdf>


Package caption Warning: The option `hypcap=true' will be ignored for this
(caption)                particular \caption on input line 309.
See the caption package documentation for explanation.

[22


]
File: ../figures/first_wave/first_wave_attention_vda9_crossattn1_image_keys.pdf
 Graphic file (type pdf)
<use ../figures/first_wave/first_wave_attention_vda9_crossattn1_image_keys.pdf>



Package caption Warning: The option `hypcap=true' will be ignored for this
(caption)                particular \caption on input line 314.
See the caption package documentation for explanation.

[23


]
File: ../figures/first_wave/first_wave_attention_vda9_crossattn1_recurrent_memo
ry_keys.pdf Graphic file (type pdf)
<use ../figures/first_wave/first_wave_attention_vda9_crossattn1_recurrent_memor
y_keys.pdf>


Package caption Warning: The option `hypcap=true' will be ignored for this
(caption)                particular \caption on input line 319.
See the caption package documentation for explanation.

[24


] [25


]
File: ../figures/first_wave/first_wave_psychometric_vda4_affine_ew.pdf Graphic 
file (type pdf)
<use ../figures/first_wave/first_wave_psychometric_vda4_affine_ew.pdf>


Package caption Warning: The option `hypcap=true' will be ignored for this
(caption)                particular \caption on input line 330.
See the caption package documentation for explanation.

File: ../figures/first_wave/first_wave_psychometric_vda4_crossattn1.pdf Graphic
 file (type pdf)
<use ../figures/first_wave/first_wave_psychometric_vda4_crossattn1.pdf>

Package caption Warning: The option `hypcap=true' will be ignored for this
(caption)                particular \caption on input line 333.
See the caption package documentation for explanation.

[26

]
File: ../figures/first_wave/first_wave_psychometric_vda9_affine_ew.pdf Graphic 
file (type pdf)
<use ../figures/first_wave/first_wave_psychometric_vda9_affine_ew.pdf>


Package caption Warning: The option `hypcap=true' will be ignored for this
(caption)                particular \caption on input line 338.
See the caption package documentation for explanation.

File: ../figures/first_wave/first_wave_psychometric_vda9_crossattn1.pdf Graphic
 file (type pdf)
<use ../figures/first_wave/first_wave_psychometric_vda9_crossattn1.pdf>

Package caption Warning: The option `hypcap=true' will be ignored for this
(caption)                particular \caption on input line 341.
See the caption package documentation for explanation.

[27


]

Package caption Warning: The option `hypcap=true' will be ignored for this
(caption)                particular \caption on input line 351.
See the caption package documentation for explanation.


Underfull \hbox (badness 10000) in paragraph at lines 363--363
[]|\TU/AvenirNext(0)/m/n/10 Per-location recurrent
 []


Underfull \hbox (badness 2181) in paragraph at lines 363--363
[]|\TU/AvenirNext(0)/m/n/10 Flattened actor/critic in-
 []


Underfull \hbox (badness 5133) in paragraph at lines 363--363
[]|\TU/AvenirNext(0)/m/n/10 Task geometry and to-
 []

[28

]

Package caption Warning: The option `hypcap=true' will be ignored for this
(caption)                particular \caption on input line 377.
See the caption package documentation for explanation.


Underfull \hbox (badness 10000) in paragraph at lines 388--388
[]|\TU/AvenirNext(0)/m/n/10 cross-
 []


Underfull \hbox (badness 10000) in paragraph at lines 388--388
[]|\TU/AvenirNext(0)/m/n/10 cross-
 []

[29] [30]
File: ../figures/matched_width/matched_width_summary.pdf Graphic file (type pdf
)
<use ../figures/matched_width/matched_width_summary.pdf>


Package caption Warning: The option `hypcap=true' will be ignored for this
(caption)                particular \caption on input line 415.
See the caption package documentation for explanation.

[31

] [32

] [33] [34] [35]
File: ../figures/task/m1_task_contact_sheet.png Graphic file (type bmp)
<../figures/task/m1_task_contact_sheet.png>


Package caption Warning: The option `hypcap=true' will be ignored for this
(caption)                particular \caption on input line 484.
See the caption package documentation for explanation.

[36


]
File: ../figures/behavior/m3_behavior_vda1_affine_ew.pdf Graphic file (type pdf
)
<use ../figures/behavior/m3_behavior_vda1_affine_ew.pdf>


Package caption Warning: The option `hypcap=true' will be ignored for this
(caption)                particular \caption on input line 487.
See the caption package documentation for explanation.

[37


]
File: ../figures/behavior/m3_behavior_vda1_crossattn1.pdf Graphic file (type pd
f)
<use ../figures/behavior/m3_behavior_vda1_crossattn1.pdf>


Package caption Warning: The option `hypcap=true' will be ignored for this
(caption)                particular \caption on input line 487.
See the caption package documentation for explanation.

[38


]
File: ../figures/behavior/m3_behavior_vda2_affine_ew.pdf Graphic file (type pdf
)
<use ../figures/behavior/m3_behavior_vda2_affine_ew.pdf>


Package caption Warning: The option `hypcap=true' will be ignored for this
(caption)                particular \caption on input line 487.
See the caption package documentation for explanation.

[39


]
File: ../figures/behavior/m3_behavior_vda2_crossattn1.pdf Graphic file (type pd
f)
<use ../figures/behavior/m3_behavior_vda2_crossattn1.pdf>


Package caption Warning: The option `hypcap=true' will be ignored for this
(caption)                particular \caption on input line 487.
See the caption package documentation for explanation.

[40


]
File: ../figures/behavior/m3_behavior_vda4_affine_ew.pdf Graphic file (type pdf
)
<use ../figures/behavior/m3_behavior_vda4_affine_ew.pdf>


Package caption Warning: The option `hypcap=true' will be ignored for this
(caption)                particular \caption on input line 487.
See the caption package documentation for explanation.

[41


]
File: ../figures/behavior/m3_behavior_vda4_crossattn1.pdf Graphic file (type pd
f)
<use ../figures/behavior/m3_behavior_vda4_crossattn1.pdf>


Package caption Warning: The option `hypcap=true' will be ignored for this
(caption)                particular \caption on input line 487.
See the caption package documentation for explanation.

[42


]
File: ../figures/behavior/m3_behavior_vda9_affine_ew.pdf Graphic file (type pdf
)
<use ../figures/behavior/m3_behavior_vda9_affine_ew.pdf>


Package caption Warning: The option `hypcap=true' will be ignored for this
(caption)                particular \caption on input line 487.
See the caption package documentation for explanation.

[43


]
File: ../figures/behavior/m3_behavior_vda9_crossattn1.pdf Graphic file (type pd
f)
<use ../figures/behavior/m3_behavior_vda9_crossattn1.pdf>


Package caption Warning: The option `hypcap=true' will be ignored for this
(caption)                particular \caption on input line 487.
See the caption package documentation for explanation.

[44


]

Package caption Warning: The option `hypcap=true' will be ignored for this
(caption)                particular \caption on input line 492.
See the caption package documentation for explanation.

(./generated/status_summary.tex) (./generated/object_status_counts.tex [45


])
[46] (./generated/panel_coverage_table.tex
Underfull \hbox (badness 7722) in paragraph at lines 18--18
\TU/AvenirNext(0)/m/n/9 H4, H9, H16,
 []


Underfull \hbox (badness 10000) in paragraph at lines 18--18
\TU/AvenirNext(0)/m/n/9 Excl, PC, PU,
 []


Underfull \hbox (badness 7722) in paragraph at lines 19--19
\TU/AvenirNext(0)/m/n/9 H4, H9, H16,
 []


Underfull \hbox (badness 10000) in paragraph at lines 19--19
\TU/AvenirNext(0)/m/n/9 Excl, PC, PU,
 []


Underfull \hbox (badness 10000) in paragraph at lines 20--20
[]|\TU/AvenirNext(0)/m/n/9 cued versus opposing
 []


Underfull \hbox (badness 1721) in paragraph at lines 20--20
\TU/AvenirNext(0)/m/n/9 H9, H16, Excl,
 []


Underfull \hbox (badness 10000) in paragraph at lines 22--22
[]|\TU/AvenirNext(0)/m/n/9 patching and visual fea-
 []


Underfull \hbox (badness 7722) in paragraph at lines 22--22
\TU/AvenirNext(0)/m/n/9 H4, H9, H16,
 []


Underfull \hbox (badness 10000) in paragraph at lines 22--22
\TU/AvenirNext(0)/m/n/9 Excl, PC, PU,
 []


Underfull \hbox (badness 10000) in paragraph at lines 23--23
[]|\TU/AvenirNext(0)/m/n/9 routing/allocation mecha-
 []


Underfull \hbox (badness 7722) in paragraph at lines 23--23
\TU/AvenirNext(0)/m/n/9 H4, H9, H16,
 []


Underfull \hbox (badness 10000) in paragraph at lines 23--23
\TU/AvenirNext(0)/m/n/9 Excl, PC, PU,
 []


Underfull \hbox (badness 7722) in paragraph at lines 24--24
\TU/AvenirNext(0)/m/n/9 H4, H9, H16,
 []


Underfull \hbox (badness 10000) in paragraph at lines 24--24
\TU/AvenirNext(0)/m/n/9 Excl, PC, PU,
 []


Underfull \hbox (badness 7722) in paragraph at lines 25--25
\TU/AvenirNext(0)/m/n/9 H4, H9, H16,
 []


Underfull \hbox (badness 10000) in paragraph at lines 25--25
\TU/AvenirNext(0)/m/n/9 Excl, PC, PU,
 []


Underfull \hbox (badness 10000) in paragraph at lines 28--28
[]|\TU/AvenirNext(0)/m/n/9 conditional logical re-
 []


Underfull \hbox (badness 10000) in paragraph at lines 31--31
[]|\TU/AvenirNext(0)/m/n/9 conditional logical re-
 []


Underfull \hbox (badness 10000) in paragraph at lines 31--31
\TU/AvenirNext(0)/m/n/9 archived uncued, low
 []


Underfull \hbox (badness 10000) in paragraph at lines 32--32
[]|\TU/AvenirNext(0)/m/n/9 conditional logical re-
 []


Underfull \hbox (badness 10000) in paragraph at lines 32--32
\TU/AvenirNext(0)/m/n/9 archived uncued, high
 []


Underfull \hbox (badness 10000) in paragraph at lines 35--35
[]|\TU/AvenirNext(0)/m/n/9 S1 allocation at change
 []


Underfull \hbox (badness 2302) in paragraph at lines 35--35
[]|\TU/AvenirNext(0)/m/n/9 C: H4, H9; P:
 []


Underfull \hbox (badness 10000) in paragraph at lines 39--39
[]|\TU/AvenirNext(0)/m/n/9 response rate: natu-
 []


Underfull \hbox (badness 4242) in paragraph at lines 40--40
[]|\TU/AvenirNext(0)/m/n/9 response rate: matched-
 []


Underfull \hbox (badness 3942) in paragraph at lines 40--40
\TU/AvenirNext(0)/m/n/9 location intervention con-
 []


Underfull \hbox (badness 3942) in paragraph at lines 41--41
\TU/AvenirNext(0)/m/n/9 location intervention con-
 []


Underfull \hbox (badness 10000) in paragraph at lines 42--42
[]|\TU/AvenirNext(0)/m/n/9 reaction time: natu-
 []


Underfull \hbox (badness 7012) in paragraph at lines 43--43
[]|\TU/AvenirNext(0)/m/n/9 reaction time: matched-
 []


Underfull \hbox (badness 3942) in paragraph at lines 43--43
\TU/AvenirNext(0)/m/n/9 location intervention con-
 []


Underfull \hbox (badness 3942) in paragraph at lines 44--44
\TU/AvenirNext(0)/m/n/9 location intervention con-
 []


Underfull \hbox (badness 6575) in paragraph at lines 46--46
[]|\TU/AvenirNext(0)/m/n/9 Val4, H1, H2,
 []


Underfull \hbox (badness 7722) in paragraph at lines 46--46
\TU/AvenirNext(0)/m/n/9 H4, H9, H16,
 []


Underfull \hbox (badness 10000) in paragraph at lines 46--46
\TU/AvenirNext(0)/m/n/9 Excl, PC, PU,
 []


Underfull \hbox (badness 6575) in paragraph at lines 48--48
[]|\TU/AvenirNext(0)/m/n/9 Val4, H1, H2,
 []


Underfull \hbox (badness 7722) in paragraph at lines 48--48
\TU/AvenirNext(0)/m/n/9 H4, H9, H16,
 []


Underfull \hbox (badness 10000) in paragraph at lines 48--48
\TU/AvenirNext(0)/m/n/9 Excl, PC, PU,
 []


Underfull \hbox (badness 6575) in paragraph at lines 50--50
[]|\TU/AvenirNext(0)/m/n/9 Val4, H1, H2,
 []


Underfull \hbox (badness 7722) in paragraph at lines 50--50
\TU/AvenirNext(0)/m/n/9 H4, H9, H16,
 []


Underfull \hbox (badness 10000) in paragraph at lines 50--50
\TU/AvenirNext(0)/m/n/9 Excl, PC, PU,
 []


Underfull \hbox (badness 6575) in paragraph at lines 52--52
[]|\TU/AvenirNext(0)/m/n/9 Val4, H1, H2,
 []


Underfull \hbox (badness 7722) in paragraph at lines 52--52
\TU/AvenirNext(0)/m/n/9 H4, H9, H16,
 []


Underfull \hbox (badness 10000) in paragraph at lines 52--52
\TU/AvenirNext(0)/m/n/9 Excl, PC, PU,
 []


Underfull \hbox (badness 10000) in paragraph at lines 55--55
[]|\TU/AvenirNext(0)/m/n/9 memory-token behav-
 []


Underfull \hbox (badness 10000) in paragraph at lines 58--58
[]|\TU/AvenirNext(0)/m/n/9 additive Q/K/V behav-
 []


Underfull \hbox (badness 1097) in paragraph at lines 60--60
[]|\TU/AvenirNext(0)/m/n/9 multiplicative Q/K/V archi-
 []


Underfull \hbox (badness 3049) in paragraph at lines 65--65
[]|\TU/AvenirNext(0)/m/n/9 all-slot location decoding
 []


Underfull \hbox (badness 3250) in paragraph at lines 65--65
[]|\TU/AvenirNext(0)/m/n/9 Val4, H2, H16,
 []


Underfull \hbox (badness 4699) in paragraph at lines 67--67
[]|\TU/AvenirNext(0)/m/n/9 single-slot binary change
 []


Underfull \hbox (badness 1314) in paragraph at lines 67--67
[]|\TU/AvenirNext(0)/m/n/9 Val4, H1, Excl,
 []


Underfull \hbox (badness 10000) in paragraph at lines 69--69
[]|\TU/AvenirNext(0)/m/n/9 actor-layer change-
 []


Underfull \hbox (badness 2735) in paragraph at lines 70--70
[]|\TU/AvenirNext(0)/m/n/9 actor-layer binary change
 []


Underfull \hbox (badness 1314) in paragraph at lines 70--70
[]|\TU/AvenirNext(0)/m/n/9 Val4, H1, Excl,
 []


Underfull \hbox (badness 3514) in paragraph at lines 72--72
[]|\TU/AvenirNext(0)/m/n/9 graded actor-layer binary
 []


Underfull \hbox (badness 1314) in paragraph at lines 72--72
[]|\TU/AvenirNext(0)/m/n/9 Val4, H1, Excl,
 []


Underfull \hbox (badness 2809) in paragraph at lines 74--74
[]|\TU/AvenirNext(0)/m/n/9 all-trial Wait/Declare logit
 []


Underfull \hbox (badness 6575) in paragraph at lines 74--74
[]|\TU/AvenirNext(0)/m/n/9 Val4, H1, H2,
 []


Underfull \hbox (badness 10000) in paragraph at lines 74--74
\TU/AvenirNext(0)/m/n/9 H4, Excl, PC,
 []


Underfull \hbox (badness 3623) in paragraph at lines 75--75
[]|\TU/AvenirNext(0)/m/n/9 Wait/Declare logit scatter
 []


Underfull \hbox (badness 6575) in paragraph at lines 75--75
[]|\TU/AvenirNext(0)/m/n/9 Val4, H1, H2,
 []


Underfull \hbox (badness 10000) in paragraph at lines 75--75
\TU/AvenirNext(0)/m/n/9 H4, Excl, PC,
 []


Underfull \hbox (badness 3623) in paragraph at lines 76--76
[]|\TU/AvenirNext(0)/m/n/9 Wait/Declare logit scatter
 []


Underfull \hbox (badness 6575) in paragraph at lines 76--76
[]|\TU/AvenirNext(0)/m/n/9 Val4, H2, H4,
 []


Underfull \hbox (badness 3623) in paragraph at lines 77--77
[]|\TU/AvenirNext(0)/m/n/9 Wait/Declare logit scatter
 []


Underfull \hbox (badness 6542) in paragraph at lines 77--77
[]|\TU/AvenirNext(0)/m/n/9 Val4, H4, PC,
 []


Underfull \hbox (badness 3623) in paragraph at lines 78--78
[]|\TU/AvenirNext(0)/m/n/9 Wait/Declare logit scatter
 []


Underfull \hbox (badness 6542) in paragraph at lines 78--78
[]|\TU/AvenirNext(0)/m/n/9 Val4, H4, PC,
 []


Underfull \hbox (badness 10000) in paragraph at lines 80--80
[]|\TU/AvenirNext(0)/m/n/9 natural S1-change logit
 []


Underfull \hbox (badness 6575) in paragraph at lines 80--80
[]|\TU/AvenirNext(0)/m/n/9 Val4, H1, H4,
 []


Underfull \hbox (badness 6575) in paragraph at lines 81--81
[]|\TU/AvenirNext(0)/m/n/9 Val4, H1, H4,
 []


Underfull \hbox (badness 6575) in paragraph at lines 82--82
[]|\TU/AvenirNext(0)/m/n/9 Val4, H1, H4,
 []


Underfull \hbox (badness 7540) in paragraph at lines 90--90
[]|\TU/AvenirNext(0)/m/n/9 value by change magni-
 []


Underfull \hbox (badness 10000) in paragraph at lines 92--92
[]|\TU/AvenirNext(0)/m/n/9 hit rate by opposing-
 []


Underfull \hbox (badness 7379) in paragraph at lines 94--94
[]|\TU/AvenirNext(0)/m/n/9 criterion vs allocation at
 []


Underfull \hbox (badness 1748) in paragraph at lines 97--97
[]|\TU/AvenirNext(0)/m/n/9 sensitivity vs allocation at
 []


Underfull \hbox (badness 4205) in paragraph at lines 98--98
[]|\TU/AvenirNext(0)/m/n/9 sensitivity vs cue-time al-
 []


Underfull \hbox (badness 1024) in paragraph at lines 98--98
\TU/AvenirNext(0)/m/n/9 location with change-time
 []


Underfull \hbox (badness 10000) in paragraph at lines 101--101
[]|\TU/AvenirNext(0)/m/n/9 S17-action-
 []


Underfull \hbox (badness 10000) in paragraph at lines 102--102
[]|\TU/AvenirNext(0)/m/n/9 S17-belief-
 []


Underfull \hbox (badness 10000) in paragraph at lines 103--103
[]|\TU/AvenirNext(0)/m/n/9 S17-rl-
 []


Underfull \hbox (badness 10000) in paragraph at lines 104--104
[]|\TU/AvenirNext(0)/m/n/9 S17-action-
 []


Underfull \hbox (badness 10000) in paragraph at lines 105--105
[]|\TU/AvenirNext(0)/m/n/9 S17-belief-
 []


Underfull \hbox (badness 10000) in paragraph at lines 106--106
[]|\TU/AvenirNext(0)/m/n/9 S17-rl-
 []


Underfull \hbox (badness 2452) in paragraph at lines 106--106
[]|\TU/AvenirNext(0)/m/n/9 allocation row: reinforce-
 []

[47


] [48] [49] [50] [51]) [52] (./generated/matched_width_absolute_behavior.tex

Package caption Warning: The option `hypcap=true' will be ignored for this
(caption)                particular \caption on input line 2.
See the caption package documentation for explanation.

) (./generated/matched_width_clamp_constituents.tex

Package caption Warning: The option `hypcap=true' will be ignored for this
(caption)                particular \caption on input line 2.
See the caption package documentation for explanation.

) [53


]
Underfull \hbox (badness 10000) in paragraph at lines 530--530
[]|\TU/AvenirNext(0)/m/n/10.95 First-wave check-
 []


Underfull \hbox (badness 10000) in paragraph at lines 530--530
[]|\TU/AvenirNext(0)/m/n/10.95 Matched-width
 []


Underfull \hbox (badness 10000) in paragraph at lines 530--530
\TU/AvenirNext(0)/m/n/10.95 publication snap-
 []


Underfull \hbox (badness 7308) in paragraph at lines 530--530
[]|\TU/AvenirNext(0)/m/n/10.95 Locally manifested 
 []


Underfull \hbox (badness 1642) in paragraph at lines 530--530
\TU/AvenirNext(0)/m/n/10.95 PDF/SVG/PNG/JSON and 
 []


Underfull \hbox (badness 10000) in paragraph at lines 530--530
[]|\TU/AvenirNext(0)/m/n/10.95 Matched-width
 []


Underfull \hbox (badness 10000) in paragraph at lines 530--530
[]|\TU/AvenirNext(0)/m/n/10.95 Older upgraded
 []


Underfull \hbox (badness 1436) in paragraph at lines 530--530
[]|$[][][][][][][] [] [][][][][][][][] [] [][][][][] [] 
 []


Underfull \hbox (badness 10000) in paragraph at lines 530--530
[]|\TU/AvenirNext(0)/m/n/10.95 Preserved VDA9
 []

[54

]
Underfull \hbox (badness 10000) in paragraph at lines 536--537
[]\TU/AvenirNext(0)/m/n/10.95 M. Carrasco. Visual attention: the past 25 years.
 \TU/AvenirNext(0)/m/it/10.95 Vision Research\TU/AvenirNext(0)/m/n/10.95 , 2011
.
 []


Underfull \hbox (badness 4859) in paragraph at lines 540--541
[]\TU/AvenirNext(0)/m/n/10.95 T. Z. Luo and J. H. R. Maunsell. Attentional chan
ges in either criterion or sensitiv-
 []


Underfull \hbox (badness 3568) in paragraph at lines 540--541
\TU/AvenirNext(0)/m/n/10.95 ity are associated with robust modulations in later
al prefrontal cortex. \TU/AvenirNext(0)/m/it/10.95 Neuron\TU/AvenirNext(0)/m/n/
10.95 , 2018.
 []

[55

] (./main.aux)
 ***********
LaTeX2e <2025-11-01>
L3 programming layer <2026-01-19>
 ***********
Package rerunfilecheck Info: File `main.out' has not changed.
(rerunfilecheck)             Checksum: 7D084710033196C50598B5ABB61ACCFC;9941.
 ) 
Here is how much of TeX's memory you used:
 16878 strings out of 469709
 339375 string characters out of 5466024
 942494 words of memory out of 5000000
 45255 multiletter control sequences out of 15000+600000
 632244 words of font info for 92 fonts, out of 8000000 for 9000
 319 hyphenation exceptions out of 8191
 73i,13n,93p,2160b,635s stack positions out of 10000i,1000n,20000p,200000b,200000s

Output written on main.pdf (56 pages).
