This is pdfTeX, Version 3.141592653-2.6-1.40.29 (TeX Live 2026) (preloaded format=pdflatex 2026.3.1)  2 JUL 2026 22:20
entering extended mode
 restricted \write18 enabled.
 %&-line parsing enabled.
**paper9_crossattn1.tex
(./paper9_crossattn1.tex
LaTeX2e <2025-11-01>
L3 programming layer <2026-01-19>
(/usr/local/texlive/2026basic/texmf-dist/tex/latex/base/article.cls
Document Class: article 2025/01/22 v1.4n Standard LaTeX document class
(/usr/local/texlive/2026basic/texmf-dist/tex/latex/base/size11.clo
File: size11.clo 2025/01/22 v1.4n Standard LaTeX file (size option)
)
\c@part=\count275
\c@section=\count276
\c@subsection=\count277
\c@subsubsection=\count278
\c@paragraph=\count279
\c@subparagraph=\count280
\c@figure=\count281
\c@table=\count282
\abovecaptionskip=\skip49
\belowcaptionskip=\skip50
\bibindent=\dimen148
)
(/usr/local/texlive/2026basic/texmf-dist/tex/latex/geometry/geometry.sty
Package: geometry 2020/01/02 v5.9 Page Geometry

(/usr/local/texlive/2026basic/texmf-dist/tex/latex/graphics/keyval.sty
Package: keyval 2022/05/29 v1.15 key=value parser (DPC)
\KV@toks@=\toks17
)
(/usr/local/texlive/2026basic/texmf-dist/tex/generic/iftex/ifvtex.sty
Package: ifvtex 2019/10/25 v1.7 ifvtex legacy package. Use iftex instead.

(/usr/local/texlive/2026basic/texmf-dist/tex/generic/iftex/iftex.sty
Package: iftex 2024/12/12 v1.0g TeX engine tests
))
\Gm@cnth=\count283
\Gm@cntv=\count284
\c@Gm@tempcnt=\count285
\Gm@bindingoffset=\dimen149
\Gm@wd@mp=\dimen150
\Gm@odd@mp=\dimen151
\Gm@even@mp=\dimen152
\Gm@layoutwidth=\dimen153
\Gm@layoutheight=\dimen154
\Gm@layouthoffset=\dimen155
\Gm@layoutvoffset=\dimen156
\Gm@dimlist=\toks18
)
(/usr/local/texlive/2026basic/texmf-dist/tex/latex/amsmath/amsmath.sty
Package: amsmath 2025/07/09 v2.17z AMS math features
\@mathmargin=\skip51

For additional information on amsmath, use the `?' option.
(/usr/local/texlive/2026basic/texmf-dist/tex/latex/amsmath/amstext.sty
Package: amstext 2024/11/17 v2.01 AMS text

(/usr/local/texlive/2026basic/texmf-dist/tex/latex/amsmath/amsgen.sty
File: amsgen.sty 1999/11/30 v2.0 generic functions
\@emptytoks=\toks19
\ex@=\dimen157
))
(/usr/local/texlive/2026basic/texmf-dist/tex/latex/amsmath/amsbsy.sty
Package: amsbsy 1999/11/29 v1.2d Bold Symbols
\pmbraise@=\dimen158
)
(/usr/local/texlive/2026basic/texmf-dist/tex/latex/amsmath/amsopn.sty
Package: amsopn 2022/04/08 v2.04 operator names
)
\inf@bad=\count286
LaTeX Info: Redefining \frac on input line 233.
\uproot@=\count287
\leftroot@=\count288
LaTeX Info: Redefining \overline on input line 398.
LaTeX Info: Redefining \colon on input line 409.
\classnum@=\count289
\DOTSCASE@=\count290
LaTeX Info: Redefining \ldots on input line 495.
LaTeX Info: Redefining \dots on input line 498.
LaTeX Info: Redefining \cdots on input line 619.
\Mathstrutbox@=\box53
\strutbox@=\box54
LaTeX Info: Redefining \big on input line 721.
LaTeX Info: Redefining \Big on input line 722.
LaTeX Info: Redefining \bigg on input line 723.
LaTeX Info: Redefining \Bigg on input line 724.
\big@size=\dimen159
LaTeX Font Info:    Redeclaring font encoding OML on input line 742.
LaTeX Font Info:    Redeclaring font encoding OMS on input line 743.
\macc@depth=\count291
LaTeX Info: Redefining \bmod on input line 904.
LaTeX Info: Redefining \pmod on input line 909.
LaTeX Info: Redefining \smash on input line 939.
LaTeX Info: Redefining \relbar on input line 969.
LaTeX Info: Redefining \Relbar on input line 970.
\c@MaxMatrixCols=\count292
\dotsspace@=\muskip17
\c@parentequation=\count293
\dspbrk@lvl=\count294
\tag@help=\toks20
\row@=\count295
\column@=\count296
\maxfields@=\count297
\andhelp@=\toks21
\eqnshift@=\dimen160
\alignsep@=\dimen161
\tagshift@=\dimen162
\tagwidth@=\dimen163
\totwidth@=\dimen164
\lineht@=\dimen165
\@envbody=\toks22
\multlinegap=\skip52
\multlinetaggap=\skip53
\mathdisplay@stack=\toks23
LaTeX Info: Redefining \[ on input line 2950.
LaTeX Info: Redefining \] on input line 2951.
)
(/usr/local/texlive/2026basic/texmf-dist/tex/latex/amsfonts/amssymb.sty
Package: amssymb 2013/01/14 v3.01 AMS font symbols

(/usr/local/texlive/2026basic/texmf-dist/tex/latex/amsfonts/amsfonts.sty
Package: amsfonts 2013/01/14 v3.01 Basic AMSFonts support
\symAMSa=\mathgroup4
\symAMSb=\mathgroup5
LaTeX Font Info:    Redeclaring math symbol \hbar on input line 98.
LaTeX Font Info:    Overwriting math alphabet `\mathfrak' in version `bold'
(Font)                  U/euf/m/n --> U/euf/b/n on input line 106.
))
(/usr/local/texlive/2026basic/texmf-dist/tex/latex/tools/bm.sty
Package: bm 2025/10/21 v1.2g Bold Symbol Support (DPC/FMi)
\symboldoperators=\mathgroup6
\symboldletters=\mathgroup7
\symboldsymbols=\mathgroup8
Package bm Info: No bold for \OMX/cmex/m/n, using \pmb.
Package bm Info: No bold for \U/msa/m/n, using \pmb.
Package bm Info: No bold for \U/msb/m/n, using \pmb.
LaTeX Font Info:    Redeclaring math alphabet \mathbf on input line 149.
)
(/usr/local/texlive/2026basic/texmf-dist/tex/latex/graphics/graphicx.sty
Package: graphicx 2024/12/31 v1.2e Enhanced LaTeX Graphics (DPC,SPQR)

(/usr/local/texlive/2026basic/texmf-dist/tex/latex/graphics/graphics.sty
Package: graphics 2024/08/06 v1.4g Standard LaTeX Graphics (DPC,SPQR)

(/usr/local/texlive/2026basic/texmf-dist/tex/latex/graphics/trig.sty
Package: trig 2023/12/02 v1.11 sin cos tan (DPC)
)
(/usr/local/texlive/2026basic/texmf-dist/tex/latex/graphics-cfg/graphics.cfg
File: graphics.cfg 2016/06/04 v1.11 sample graphics configuration
)
Package graphics Info: Driver file: pdftex.def on input line 106.

(/usr/local/texlive/2026basic/texmf-dist/tex/latex/graphics-def/pdftex.def
File: pdftex.def 2025/09/29 v1.2d Graphics/color driver for pdftex
))
\Gin@req@height=\dimen166
\Gin@req@width=\dimen167
)
(/usr/local/texlive/2026basic/texmf-dist/tex/latex/booktabs/booktabs.sty
Package: booktabs 2020/01/12 v1.61803398 Publication quality tables
\heavyrulewidth=\dimen168
\lightrulewidth=\dimen169
\cmidrulewidth=\dimen170
\belowrulesep=\dimen171
\belowbottomsep=\dimen172
\aboverulesep=\dimen173
\abovetopsep=\dimen174
\cmidrulesep=\dimen175
\cmidrulekern=\dimen176
\defaultaddspace=\dimen177
\@cmidla=\count298
\@cmidlb=\count299
\@aboverulesep=\dimen178
\@belowrulesep=\dimen179
\@thisruleclass=\count300
\@lastruleclass=\count301
\@thisrulewidth=\dimen180
)
(/usr/local/texlive/2026basic/texmf-dist/tex/latex/caption/caption.sty
Package: caption 2023/08/05 v3.6o Customizing captions (AR)

(/usr/local/texlive/2026basic/texmf-dist/tex/latex/caption/caption3.sty
Package: caption3 2023/07/31 v2.4d caption3 kernel (AR)
\caption@tempdima=\dimen181
\captionmargin=\dimen182
\caption@leftmargin=\dimen183
\caption@rightmargin=\dimen184
\caption@width=\dimen185
\caption@indent=\dimen186
\caption@parindent=\dimen187
\caption@hangindent=\dimen188
Package caption Info: Standard document class detected.
)
\c@caption@flags=\count302
\c@continuedfloat=\count303
)
(/usr/local/texlive/2026basic/texmf-dist/tex/latex/caption/subcaption.sty
Package: subcaption 2023/07/28 v1.6b Sub-captions (AR)
Package caption Info: New subtype `subfigure' on input line 238.
\c@subfigure=\count304
Package caption Info: New subtype `subtable' on input line 238.
\c@subtable=\count305
)
(/usr/local/texlive/2026basic/texmf-dist/tex/latex/xcolor/xcolor.sty
Package: xcolor 2024/09/29 v3.02 LaTeX color extensions (UK)

(/usr/local/texlive/2026basic/texmf-dist/tex/latex/graphics-cfg/color.cfg
File: color.cfg 2016/01/02 v1.6 sample color configuration
)
Package xcolor Info: Driver file: pdftex.def on input line 274.

(/usr/local/texlive/2026basic/texmf-dist/tex/latex/graphics/mathcolor.ltx)
Package xcolor Info: Model `cmy' substituted by `cmy0' on input line 1349.
Package xcolor Info: Model `hsb' substituted by `rgb' on input line 1353.
Package xcolor Info: Model `RGB' extended on input line 1365.
Package xcolor Info: Model `HTML' substituted by `rgb' on input line 1367.
Package xcolor Info: Model `Hsb' substituted by `hsb' on input line 1368.
Package xcolor Info: Model `tHsb' substituted by `hsb' on input line 1369.
Package xcolor Info: Model `HSB' substituted by `hsb' on input line 1370.
Package xcolor Info: Model `Gray' substituted by `gray' on input line 1371.
Package xcolor Info: Model `wave' substituted by `hsb' on input line 1372.
)
(/usr/local/texlive/2026basic/texmf-dist/tex/latex/colortbl/colortbl.sty
Package: colortbl 2024/10/29 v1.0k Color table columns (DPC)

(/usr/local/texlive/2026basic/texmf-dist/tex/latex/tools/array.sty
Package: array 2025/09/25 v2.6n Tabular extension package (FMi)
\col@sep=\dimen189
\ar@mcellbox=\box55
\extrarowheight=\dimen190
\NC@list=\toks24
\extratabsurround=\skip54
\backup@length=\skip55
\ar@cellbox=\box56
)
\everycr=\toks25
\minrowclearance=\skip56
\rownum=\count306
)
(/usr/local/texlive/2026basic/texmf-dist/tex/latex/hyperref/hyperref.sty
Package: hyperref 2026-01-29 v7.01p Hypertext links for LaTeX

(/usr/local/texlive/2026basic/texmf-dist/tex/latex/kvsetkeys/kvsetkeys.sty
Package: kvsetkeys 2022-10-05 v1.19 Key value parser (HO)
)
(/usr/local/texlive/2026basic/texmf-dist/tex/generic/kvdefinekeys/kvdefinekeys.
sty
Package: kvdefinekeys 2019-12-19 v1.6 Define keys (HO)
)
(/usr/local/texlive/2026basic/texmf-dist/tex/generic/pdfescape/pdfescape.sty
Package: pdfescape 2019/12/09 v1.15 Implements pdfTeX's escape features (HO)

(/usr/local/texlive/2026basic/texmf-dist/tex/generic/ltxcmds/ltxcmds.sty
Package: ltxcmds 2023-12-04 v1.26 LaTeX kernel commands for general use (HO)
)
(/usr/local/texlive/2026basic/texmf-dist/tex/generic/pdftexcmds/pdftexcmds.sty
Package: pdftexcmds 2020-06-27 v0.33 Utility functions of pdfTeX for LuaTeX (HO
)

(/usr/local/texlive/2026basic/texmf-dist/tex/generic/infwarerr/infwarerr.sty
Package: infwarerr 2019/12/03 v1.5 Providing info/warning/error messages (HO)
)
Package pdftexcmds Info: \pdf@primitive is available.
Package pdftexcmds Info: \pdf@ifprimitive is available.
Package pdftexcmds Info: \pdfdraftmode found.
)) (/usr/local/texlive/2026basic/texmf-dist/tex/latex/hycolor/hycolor.sty
Package: hycolor 2020-01-27 v1.10 Color options for hyperref/bookmark (HO)
)
(/usr/local/texlive/2026basic/texmf-dist/tex/latex/hyperref/nameref.sty
Package: nameref 2026-01-29 v2.58 Cross-referencing by name of section

(/usr/local/texlive/2026basic/texmf-dist/tex/latex/refcount/refcount.sty
Package: refcount 2019/12/15 v3.6 Data extraction from label references (HO)
)
(/usr/local/texlive/2026basic/texmf-dist/tex/generic/gettitlestring/gettitlestr
ing.sty
Package: gettitlestring 2019/12/15 v1.6 Cleanup title references (HO)

(/usr/local/texlive/2026basic/texmf-dist/tex/latex/kvoptions/kvoptions.sty
Package: kvoptions 2022-06-15 v3.15 Key value format for package options (HO)
))
\c@section@level=\count307
)
(/usr/local/texlive/2026basic/texmf-dist/tex/latex/etoolbox/etoolbox.sty
Package: etoolbox 2025/10/02 v2.5m e-TeX tools for LaTeX (JAW)
\etb@tempcnta=\count308
)
(/usr/local/texlive/2026basic/texmf-dist/tex/generic/stringenc/stringenc.sty
Package: stringenc 2019/11/29 v1.12 Convert strings between diff. encodings (HO
)
)
\@linkdim=\dimen191
\Hy@linkcounter=\count309
\Hy@pagecounter=\count310

(/usr/local/texlive/2026basic/texmf-dist/tex/latex/hyperref/pd1enc.def
File: pd1enc.def 2026-01-29 v7.01p Hyperref: PDFDocEncoding definition (HO)
Now handling font encoding PD1 ...
... no UTF-8 mapping file for font encoding PD1
)
(/usr/local/texlive/2026basic/texmf-dist/tex/generic/intcalc/intcalc.sty
Package: intcalc 2019/12/15 v1.3 Expandable calculations with integers (HO)
)
\Hy@SavedSpaceFactor=\count311

(/usr/local/texlive/2026basic/texmf-dist/tex/latex/hyperref/puenc.def
File: puenc.def 2026-01-29 v7.01p Hyperref: PDF Unicode definition (HO)
Now handling font encoding PU ...
... no UTF-8 mapping file for font encoding PU
)
Package hyperref Info: Hyper figures OFF on input line 4201.
Package hyperref Info: Link nesting OFF on input line 4206.
Package hyperref Info: Hyper index ON on input line 4209.
Package hyperref Info: Plain pages OFF on input line 4216.
Package hyperref Info: Backreferencing OFF on input line 4221.
Package hyperref Info: Implicit mode ON; LaTeX internals redefined.
Package hyperref Info: Bookmarks ON on input line 4468.
\c@Hy@tempcnt=\count312

(/usr/local/texlive/2026basic/texmf-dist/tex/latex/url/url.sty
\Urlmuskip=\muskip18
Package: url 2013/09/16  ver 3.4  Verb mode for urls, etc.
)
LaTeX Info: Redefining \url on input line 4807.
\XeTeXLinkMargin=\dimen192

(/usr/local/texlive/2026basic/texmf-dist/tex/generic/bitset/bitset.sty
Package: bitset 2019/12/09 v1.3 Handle bit-vector datatype (HO)

(/usr/local/texlive/2026basic/texmf-dist/tex/generic/bigintcalc/bigintcalc.sty
Package: bigintcalc 2019/12/15 v1.5 Expandable calculations on big integers (HO
)
))
\Fld@menulength=\count313
\Field@Width=\dimen193
\Fld@charsize=\dimen194
Package hyperref Info: Hyper figures OFF on input line 6084.
Package hyperref Info: Link nesting OFF on input line 6089.
Package hyperref Info: Hyper index ON on input line 6092.
Package hyperref Info: backreferencing OFF on input line 6099.
Package hyperref Info: Link coloring OFF on input line 6104.
Package hyperref Info: Link coloring with OCG OFF on input line 6109.
Package hyperref Info: PDF/A mode OFF on input line 6114.
\Hy@abspage=\count314
\c@Item=\count315
\c@Hfootnote=\count316
)
Package hyperref Info: Driver (autodetected): hpdftex.
 (/usr/local/texlive/2026basic/texmf-dist/tex/latex/hyperref/hpdftex.def
File: hpdftex.def 2026-01-29 v7.01p Hyperref driver for pdfTeX
\Fld@listcount=\count317
\c@bookmark@seq@number=\count318

(/usr/local/texlive/2026basic/texmf-dist/tex/latex/rerunfilecheck/rerunfilechec
k.sty
Package: rerunfilecheck 2025-06-21 v1.11 Rerun checks for auxiliary files (HO)

(/usr/local/texlive/2026basic/texmf-dist/tex/generic/uniquecounter/uniquecounte
r.sty
Package: uniquecounter 2019/12/15 v1.4 Provide unlimited unique counter (HO)
)
Package uniquecounter Info: New unique counter `rerunfilecheck' on input line 2
84.
)
\Hy@SectionHShift=\skip57
)
Package hyperref Info: Option `colorlinks' set `true' on input line 4.

(/usr/local/texlive/2026basic/texmf-dist/tex/latex/l3backend/l3backend-pdftex.d
ef
File: l3backend-pdftex.def 2025-10-09 L3 backend support: PDF output (pdfTeX)
\l__color_backend_stack_int=\count319
) (./paper9_crossattn1.aux)
\openout1 = `paper9_crossattn1.aux'.

LaTeX Font Info:    Checking defaults for OML/cmm/m/it on input line 10.
LaTeX Font Info:    ... okay on input line 10.
LaTeX Font Info:    Checking defaults for OMS/cmsy/m/n on input line 10.
LaTeX Font Info:    ... okay on input line 10.
LaTeX Font Info:    Checking defaults for OT1/cmr/m/n on input line 10.
LaTeX Font Info:    ... okay on input line 10.
LaTeX Font Info:    Checking defaults for T1/cmr/m/n on input line 10.
LaTeX Font Info:    ... okay on input line 10.
LaTeX Font Info:    Checking defaults for TS1/cmr/m/n on input line 10.
LaTeX Font Info:    ... okay on input line 10.
LaTeX Font Info:    Checking defaults for OMX/cmex/m/n on input line 10.
LaTeX Font Info:    ... okay on input line 10.
LaTeX Font Info:    Checking defaults for U/cmr/m/n on input line 10.
LaTeX Font Info:    ... okay on input line 10.
LaTeX Font Info:    Checking defaults for PD1/pdf/m/n on input line 10.
LaTeX Font Info:    ... okay on input line 10.
LaTeX Font Info:    Checking defaults for PU/pdf/m/n on input line 10.
LaTeX Font Info:    ... okay on input line 10.

*geometry* driver: auto-detecting
*geometry* detected driver: pdftex
*geometry* verbose mode - [ preamble ] result:
* driver: pdftex
* paper: <default>
* layout: <same size as paper>
* layoutoffset:(h,v)=(0.0pt,0.0pt)
* modes: 
* h-part:(L,W,R)=(72.26999pt, 469.75502pt, 72.26999pt)
* v-part:(T,H,B)=(72.26999pt, 650.43001pt, 72.26999pt)
* \paperwidth=614.295pt
* \paperheight=794.96999pt
* \textwidth=469.75502pt
* \textheight=650.43001pt
* \oddsidemargin=0.0pt
* \evensidemargin=0.0pt
* \topmargin=-37.0pt
* \headheight=12.0pt
* \headsep=25.0pt
* \topskip=11.0pt
* \footskip=30.0pt
* \marginparwidth=59.0pt
* \marginparsep=10.0pt
* \columnsep=10.0pt
* \skip\footins=10.0pt plus 4.0pt minus 2.0pt
* \hoffset=0.0pt
* \voffset=0.0pt
* \mag=1000
* \@twocolumnfalse
* \@twosidefalse
* \@mparswitchfalse
* \@reversemarginfalse
* (1in=72.27pt=25.4mm, 1cm=28.453pt)

(/usr/local/texlive/2026basic/texmf-dist/tex/context/base/mkii/supp-pdf.mkii
[Loading MPS to PDF converter (version 2006.09.02).]
\scratchcounter=\count320
\scratchdimen=\dimen195
\scratchbox=\box57
\nofMPsegments=\count321
\nofMParguments=\count322
\everyMPshowfont=\toks26
\MPscratchCnt=\count323
\MPscratchDim=\dimen196
\MPnumerator=\count324
\makeMPintoPDFobject=\count325
\everyMPtoPDFconversion=\toks27
)
(/usr/local/texlive/2026basic/texmf-dist/tex/latex/epstopdf-pkg/epstopdf-base.s
ty
Package: epstopdf-base 2020-01-24 v2.11 Base part for package epstopdf
Package epstopdf-base Info: Redefining graphics rule for `.eps' on input line 4
85.

(/usr/local/texlive/2026basic/texmf-dist/tex/latex/latexconfig/epstopdf-sys.cfg
File: epstopdf-sys.cfg 2010/07/13 v1.3 Configuration of (r)epstopdf for TeX Liv
e
))
Package caption Info: Begin \AtBeginDocument code.
Package caption Info: hyperref package is loaded.
Package caption Info: End \AtBeginDocument code.
Package hyperref Info: Link coloring ON on input line 10.
 (./paper9_crossattn1.out) (./paper9_crossattn1.out)
\@outlinefile=\write3
\openout3 = `paper9_crossattn1.out'.

LaTeX Font Info:    Trying to load font information for U+msa on input line 11.


(/usr/local/texlive/2026basic/texmf-dist/tex/latex/amsfonts/umsa.fd
File: umsa.fd 2013/01/14 v3.01 AMS symbols A
)
LaTeX Font Info:    Trying to load font information for U+msb on input line 11.


(/usr/local/texlive/2026basic/texmf-dist/tex/latex/amsfonts/umsb.fd
File: umsb.fd 2013/01/14 v3.01 AMS symbols B
)
Overfull \hbox (257.79262pt too wide) in paragraph at lines 11--11
 [][] 
 []

<figs/fig1A_task_timeline.png, id=58, 859.5312pt x 244.2726pt>
File: figs/fig1A_task_timeline.png Graphic file (type png)
<use figs/fig1A_task_timeline.png>
Package pdftex.def Info: figs/fig1A_task_timeline.png  used on input line 42.
(pdftex.def)             Requested size: 469.75502pt x 133.50424pt.
<figs/fig1B_cue_configs.png, id=60, 437.9562pt x 534.798pt>
File: figs/fig1B_cue_configs.png Graphic file (type png)
<use figs/fig1B_cue_configs.png>
Package pdftex.def Info: figs/fig1B_cue_configs.png  used on input line 43.
(pdftex.def)             Requested size: 281.85587pt x 344.18723pt.

LaTeX Warning: `h' float specifier changed to `ht'.

<figs/fig2_schematic_crossattn1.png, id=61, 686.565pt x 292.4526pt>
File: figs/fig2_schematic_crossattn1.png Graphic file (type png)
<use figs/fig2_schematic_crossattn1.png>
Package pdftex.def Info: figs/fig2_schematic_crossattn1.png  used on input line
 48.
(pdftex.def)             Requested size: 469.75502pt x 200.09677pt.

LaTeX Warning: `h' float specifier changed to `ht'.


Overfull \hbox (29.80977pt too wide) in paragraph at lines 54--62
\OT1/cmr/m/it/10.95 ity. \OT1/cmr/m/n/10.95 The fit-ted thresh-old for cued cha
nges is nearly flat across dis-played va-lid-ity ($15\OML/cmm/m/it/10.95 :\OT1/
cmr/m/n/10.95 9\OML/cmm/m/it/10.95 =\OT1/cmr/m/n/10.95 15\OML/cmm/m/it/10.95 :\
OT1/cmr/m/n/10.95 9\OML/cmm/m/it/10.95 =\OT1/cmr/m/n/10.95 14\OML/cmm/m/it/10.9
5 :\OT1/cmr/m/n/10.95 8\OML/cmm/m/it/10.95 =\OT1/cmr/m/n/10.95 14\OML/cmm/m/it/
10.95 :\OT1/cmr/m/n/10.95 8\OML/cmm/m/it/10.95 =\OT1/cmr/m/n/10.95 14\OML/cmm/m
/it/10.95 :\OT1/cmr/m/n/10.95 6[]$
 []

[1

{/usr/local/texlive/2026basic/texmf-var/fonts/map/pdftex/updmap/pdftex.map}]
<figs/fig3_crossattn1.png, id=83, 931.8012pt x 498.1812pt>
File: figs/fig3_crossattn1.png Graphic file (type png)
<use figs/fig3_crossattn1.png>
Package pdftex.def Info: figs/fig3_crossattn1.png  used on input line 63.
(pdftex.def)             Requested size: 469.75502pt x 251.15002pt.


LaTeX Warning: `h' float specifier changed to `ht'.

<figs/fig3_crossattn1_params.png, id=84, 996.8442pt x 214.8828pt>
File: figs/fig3_crossattn1_params.png Graphic file (type png)
<use figs/fig3_crossattn1_params.png>
Package pdftex.def Info: figs/fig3_crossattn1_params.png  used on input line 67
.
(pdftex.def)             Requested size: 328.82707pt x 70.88202pt.

LaTeX Warning: `h' float specifier changed to `ht'.

<figs/fig4A_crossattn1.png, id=86, 626.34pt x 480.3546pt>
File: figs/fig4A_crossattn1.png Graphic file (type png)
<use figs/fig4A_crossattn1.png>
Package pdftex.def Info: figs/fig4A_crossattn1.png  used on input line 82.
(pdftex.def)             Requested size: 469.75502pt x 360.27972pt.
<figs/fig4B_crossattn1.png, id=87, 425.9112pt x 280.8894pt>
File: figs/fig4B_crossattn1.png Graphic file (type png)
<use figs/fig4B_crossattn1.png>
Package pdftex.def Info: figs/fig4B_crossattn1.png  used on input line 83.
(pdftex.def)             Requested size: 220.78543pt x 145.60901pt.
<figs/fig4C_crossattn1.png, id=88, 715.473pt x 257.2812pt>
File: figs/fig4C_crossattn1.png Graphic file (type png)
<use figs/fig4C_crossattn1.png>
Package pdftex.def Info: figs/fig4C_crossattn1.png  used on input line 84.
(pdftex.def)             Requested size: 220.78543pt x 79.39125pt.

LaTeX Warning: `h' float specifier changed to `ht'.

<figs/fig567_crossattn1.png, id=90, 1076.3068pt x 300.43672pt>
File: figs/fig567_crossattn1.png Graphic file (type png)
<use figs/fig567_crossattn1.png>
Package pdftex.def Info: figs/fig567_crossattn1.png  used on input line 94.
(pdftex.def)             Requested size: 469.75502pt x 131.12442pt.

LaTeX Warning: `h' float specifier changed to `ht'.

<figs/fig5AF_crossattn1.png, id=93, 931.8012pt x 498.1812pt>
File: figs/fig5AF_crossattn1.png Graphic file (type png)
<use figs/fig5AF_crossattn1.png>
Package pdftex.def Info: figs/fig5AF_crossattn1.png  used on input line 108.
(pdftex.def)             Requested size: 469.75502pt x 251.15002pt.

LaTeX Warning: `h' float specifier changed to `ht'.

<figs/fig5GK_crossattn1.png, id=94, 930.8376pt x 285.7074pt>
File: figs/fig5GK_crossattn1.png Graphic file (type png)
<use figs/fig5GK_crossattn1.png>
Package pdftex.def Info: figs/fig5GK_crossattn1.png  used on input line 111.
(pdftex.def)             Requested size: 469.75502pt x 144.18735pt.

LaTeX Warning: `h' float specifier changed to `ht'.

<figs/fig8_crossattn1.png, id=99, 1236.92885pt x 724.92369pt>
File: figs/fig8_crossattn1.png Graphic file (type png)
<use figs/fig8_crossattn1.png>
Package pdftex.def Info: figs/fig8_crossattn1.png  used on input line 121.
(pdftex.def)             Requested size: 469.75502pt x 275.30794pt.
LaTeX Font Info:    Trying to load font information for OMS+cmr on input line 1
23.
(/usr/local/texlive/2026basic/texmf-dist/tex/latex/base/omscmr.fd
File: omscmr.fd 2024/11/19 v2.5n Standard LaTeX font definitions
)
LaTeX Font Info:    Font shape `OMS/cmr/m/n' in size <10> not available
(Font)              Font shape `OMS/cmsy/m/n' tried instead on input line 123.


LaTeX Warning: `h' float specifier changed to `ht'.

<figs/fig9_crossattn1.png, id=100, 787.22679pt x 576.61136pt>
File: figs/fig9_crossattn1.png Graphic file (type png)
<use figs/fig9_crossattn1.png>
Package pdftex.def Info: figs/fig9_crossattn1.png  used on input line 124.
(pdftex.def)             Requested size: 399.29463pt x 292.4666pt.

LaTeX Warning: `h' float specifier changed to `ht'.

<figs/fig10_crossattn1.png, id=101, 1164.65884pt x 721.03223pt>
File: figs/fig10_crossattn1.png Graphic file (type png)
<use figs/fig10_crossattn1.png>
Package pdftex.def Info: figs/fig10_crossattn1.png  used on input line 126.
(pdftex.def)             Requested size: 469.75502pt x 290.82823pt.

LaTeX Warning: `h' float specifier changed to `ht'.

<figs/fig11_crossattn1.png, id=102, 1309.19885pt x 617.07462pt>
File: figs/fig11_crossattn1.png Graphic file (type png)
<use figs/fig11_crossattn1.png>
Package pdftex.def Info: figs/fig11_crossattn1.png  used on input line 128.
(pdftex.def)             Requested size: 469.75502pt x 221.41226pt.

LaTeX Warning: `h' float specifier changed to `ht'.

<figs/fig12_crossattn1.png, id=105, 643.71921pt x 1303.44107pt>
File: figs/fig12_crossattn1.png Graphic file (type png)
<use figs/fig12_crossattn1.png>
Package pdftex.def Info: figs/fig12_crossattn1.png  used on input line 136.
(pdftex.def)             Requested size: 291.2458pt x 589.74518pt.

LaTeX Warning: `h' float specifier changed to `ht'.

<figs/fig13_crossattn1.png, id=106, 643.203pt x 781.54843pt>
File: figs/fig13_crossattn1.png Graphic file (type png)
<use figs/fig13_crossattn1.png>
Package pdftex.def Info: figs/fig13_crossattn1.png  used on input line 139.
(pdftex.def)             Requested size: 291.2458pt x 353.88783pt.

LaTeX Warning: `h' float specifier changed to `ht'.

<figs/fig14_crossattn1.png, id=109, 787.2612pt x 568.524pt>
File: figs/fig14_crossattn1.png Graphic file (type png)
<use figs/fig14_crossattn1.png>
Package pdftex.def Info: figs/fig14_crossattn1.png  used on input line 146.
(pdftex.def)             Requested size: 469.75502pt x 339.23456pt.
[2]

LaTeX Warning: `h' float specifier changed to `ht'.

<figs/fig15_crossattn1.png, id=126, 859.5312pt x 327.624pt>
File: figs/fig15_crossattn1.png Graphic file (type png)
<use figs/fig15_crossattn1.png>
Package pdftex.def Info: figs/fig15_crossattn1.png  used on input line 148.
(pdftex.def)             Requested size: 446.26582pt x 170.1055pt.

LaTeX Warning: `h' float specifier changed to `ht'.

<figs/fig16_crossattn1.png, id=128, 786.7794pt x 568.524pt>
File: figs/fig16_crossattn1.png Graphic file (type png)
<use figs/fig16_crossattn1.png>
Package pdftex.def Info: figs/fig16_crossattn1.png  used on input line 156.
(pdftex.def)             Requested size: 469.75502pt x 339.45143pt.

LaTeX Warning: `h' float specifier changed to `ht'.

<figs/fig17_crossattn1.png, id=130, 932.283pt x 1065.70454pt>
File: figs/fig17_crossattn1.png Graphic file (type png)
<use figs/fig17_crossattn1.png>
Package pdftex.def Info: figs/fig17_crossattn1.png  used on input line 165.
(pdftex.def)             Requested size: 422.77664pt x 483.28645pt.

LaTeX Warning: `h' float specifier changed to `ht'.

[3] [4 <./figs/fig1A_task_timeline.png> <./figs/fig1B_cue_configs.png>]
[5 <./figs/fig2_schematic_crossattn1.png> <./figs/fig3_crossattn1.png>]
[6 <./figs/fig3_crossattn1_params.png> <./figs/fig4A_crossattn1.png> <./figs/fi
g4B_crossattn1.png> <./figs/fig4C_crossattn1.png>] [7 <./figs/fig567_crossattn1
.png> <./figs/fig5AF_crossattn1.png> <./figs/fig5GK_crossattn1.png>] [8 <./figs
/fig8_crossattn1.png> <./figs/fig9_crossattn1.png>] [9 <./figs/fig10_crossattn1
.png> <./figs/fig11_crossattn1.png>] [10 <./figs/fig12_crossattn1.png>]
[11 <./figs/fig13_crossattn1.png>] [12 <./figs/fig14_crossattn1.png> <./figs/fi
g15_crossattn1.png>] [13 <./figs/fig16_crossattn1.png>] [14 <./figs/fig17_cross
attn1.png>] (./paper9_crossattn1.aux)
 ***********
LaTeX2e <2025-11-01>
L3 programming layer <2026-01-19>
 ***********
Package rerunfilecheck Info: File `paper9_crossattn1.out' has not changed.
(rerunfilecheck)             Checksum: 712F2E5C638AD4A6B9E68FE61BABE57A;2414.
 ) 
Here is how much of TeX's memory you used:
 12652 strings out of 469006
 200181 string characters out of 5454814
 626419 words of memory out of 5000000
 41147 multiletter control sequences out of 15000+600000
 644479 words of font info for 101 fonts, out of 8000000 for 9000
 319 hyphenation exceptions out of 8191
 75i,10n,83p,490b,492s stack positions out of 10000i,1000n,20000p,200000b,200000s
</usr/local/texlive/2026basic/texmf-dist/fonts/type1/public/amsfonts/cm/cmbx1
0.pfb></usr/local/texlive/2026basic/texmf-dist/fonts/type1/public/amsfonts/cm/c
mbx12.pfb></usr/local/texlive/2026basic/texmf-dist/fonts/type1/public/amsfonts/
cm/cmmi10.pfb></usr/local/texlive/2026basic/texmf-dist/fonts/type1/public/amsfo
nts/cm/cmmi12.pfb></usr/local/texlive/2026basic/texmf-dist/fonts/type1/public/a
msfonts/cm/cmmi8.pfb></usr/local/texlive/2026basic/texmf-dist/fonts/type1/publi
c/amsfonts/cm/cmr10.pfb></usr/local/texlive/2026basic/texmf-dist/fonts/type1/pu
blic/amsfonts/cm/cmr12.pfb></usr/local/texlive/2026basic/texmf-dist/fonts/type1
/public/amsfonts/cm/cmr7.pfb></usr/local/texlive/2026basic/texmf-dist/fonts/typ
e1/public/amsfonts/cm/cmr8.pfb></usr/local/texlive/2026basic/texmf-dist/fonts/t
ype1/public/amsfonts/cm/cmsy10.pfb></usr/local/texlive/2026basic/texmf-dist/fon
ts/type1/public/amsfonts/cm/cmsy7.pfb></usr/local/texlive/2026basic/texmf-dist/
fonts/type1/public/amsfonts/cm/cmsy8.pfb></usr/local/texlive/2026basic/texmf-di
st/fonts/type1/public/amsfonts/cm/cmti10.pfb></usr/local/texlive/2026basic/texm
f-dist/fonts/type1/public/amsfonts/cm/cmti12.pfb></usr/local/texlive/2026basic/
texmf-dist/fonts/type1/public/amsfonts/cm/cmtt12.pfb></usr/local/texlive/2026ba
sic/texmf-dist/fonts/type1/public/amsfonts/symbols/msbm10.pfb>
Output written on paper9_crossattn1.pdf (14 pages, 2871218 bytes).
PDF statistics:
 291 PDF objects out of 1000 (max. 8388607)
 199 compressed objects within 2 object streams
 46 named destinations out of 1000 (max. 500000)
 210 words of extra memory for PDF output out of 10000 (max. 10000000)

