\BOOKMARK [1][-]{section.1}{\376\377\000I\000n\000t\000r\000o\000d\000u\000c\000t\000i\000o\000n}{}% 1
\BOOKMARK [1][-]{section.2}{\376\377\000M\000o\000d\000e\000l}{}% 2
\BOOKMARK [2][-]{subsection.2.1}{\376\377\000T\000a\000s\000k\000\040\000s\000t\000r\000u\000c\000t\000u\000r\000e}{section.2}% 3
\BOOKMARK [2][-]{subsection.2.2}{\376\377\000A\000t\000t\000e\000n\000t\000i\000o\000n\000\040\000a\000l\000l\000o\000c\000a\000t\000i\000o\000n}{section.2}% 4
\BOOKMARK [2][-]{subsection.2.3}{\376\377\000A\000t\000t\000e\000n\000t\000i\000o\000n\000-\000t\000o\000-\000p\000e\000r\000c\000e\000p\000t\000i\000o\000n\000\040\000m\000a\000p\000p\000i\000n\000g}{section.2}% 5
\BOOKMARK [2][-]{subsection.2.4}{\376\377\000R\000e\000w\000a\000r\000d\000\040\000s\000t\000r\000u\000c\000t\000u\000r\000e\000\040\000a\000n\000d\000\040\000t\000h\000e\000\040\000d\000e\000c\000o\000r\000r\000e\000l\000a\000t\000i\000o\000n\000\040\000c\000h\000a\000n\000n\000e\000l}{section.2}% 6
\BOOKMARK [2][-]{subsection.2.5}{\376\377\000P\000o\000l\000i\000c\000y\000\040\000d\000e\000c\000o\000m\000p\000o\000s\000i\000t\000i\000o\000n}{section.2}% 7
\BOOKMARK [1][-]{section.3}{\376\377\000R\000e\000s\000u\000l\000t\000s}{}% 8
\BOOKMARK [2][-]{subsection.3.1}{\376\377\000C\000r\000i\000t\000e\000r\000i\000o\000n\000\040\000a\000d\000j\000u\000s\000t\000m\000e\000n\000t\000\040\000t\000y\000p\000i\000c\000a\000l\000l\000y\000\040\000d\000o\000m\000i\000n\000a\000t\000e\000s\000\040\000v\000a\000l\000u\000e\000\040\000e\000n\000c\000o\000d\000i\000n\000g}{section.3}% 9
\BOOKMARK [2][-]{subsection.3.2}{\376\377\000T\000h\000e\000\040\000v\000a\000l\000u\000e\000-\000d\000i\000r\000e\000c\000t\000e\000d\000\040\000a\000t\000t\000e\000n\000t\000i\000o\000n\000\040\000b\000e\000n\000e\000f\000i\000t\000\040\000i\000s\000\040\000n\000o\000n\000-\000m\000o\000n\000o\000t\000o\000n\000i\000c\000\040\000i\000n\000\040\000t\000h\000e\000\040\000b\000e\000n\000e\000f\000i\000t\000/\000c\000o\000s\000t\000\040\000r\000a\000t\000i\000o}{section.3}% 10
\BOOKMARK [2][-]{subsection.3.3}{\376\377\000T\000h\000e\000\040\000b\000e\000n\000e\000f\000i\000t\000\040\000i\000s\000\040\000c\000o\000n\000c\000e\000n\000t\000r\000a\000t\000e\000d\000\040\000i\000n\000\040\000a\000\040\000g\000r\000a\000d\000e\000d\000\040\000r\000e\000g\000i\000m\000e}{section.3}% 11
\BOOKMARK [2][-]{subsection.3.4}{\376\377\000O\000p\000t\000i\000m\000a\000l\000\040\000a\000l\000l\000o\000c\000a\000t\000i\000o\000n\000\040\000d\000o\000e\000s\000\040\000n\000o\000t\000\040\000i\000n\000v\000e\000r\000t\000\040\000w\000h\000e\000n\000\040\000t\000h\000e\000\040\000c\000u\000e\000\040\000i\000s\000\040\000p\000r\000e\000d\000i\000c\000t\000i\000v\000e}{section.3}% 12
\BOOKMARK [1][-]{section.4}{\376\377\000D\000i\000s\000c\000u\000s\000s\000i\000o\000n}{}% 13
\BOOKMARK [1][-]{section.5}{\376\377\000M\000e\000t\000h\000o\000d\000s}{}% 14
\BOOKMARK [2][-]{subsection.5.1}{\376\377\000T\000a\000s\000k\000\040\000a\000n\000d\000\040\000d\000e\000c\000i\000s\000i\000o\000n\000\040\000m\000o\000d\000e\000l}{section.5}% 15
\BOOKMARK [2][-]{subsection.5.2}{\376\377\000B\000e\000n\000e\000f\000i\000t\000,\000\040\000c\000o\000s\000t\000,\000\040\000a\000n\000d\000\040\000r\000e\000w\000a\000r\000d\000\040\000v\000a\000r\000i\000a\000n\000t\000s}{section.5}% 16
\BOOKMARK [2][-]{subsection.5.3}{\376\377\000C\000o\000r\000r\000e\000l\000a\000t\000e\000d\000-\000n\000o\000i\000s\000e\000\040\000c\000h\000a\000n\000n\000e\000l}{section.5}% 17
\BOOKMARK [2][-]{subsection.5.4}{\376\377\000P\000o\000l\000i\000c\000y\000\040\000o\000p\000t\000i\000m\000i\000s\000a\000t\000i\000o\000n}{section.5}% 18
\BOOKMARK [2][-]{subsection.5.5}{\376\377\000P\000a\000r\000a\000m\000e\000t\000e\000r\000\040\000s\000w\000e\000e\000p\000s}{section.5}% 19
\BOOKMARK [2][-]{subsection.5.6}{\376\377\000V\000a\000l\000i\000d\000a\000t\000i\000o\000n}{section.5}% 20
\BOOKMARK [2][-]{subsection.5.7}{\376\377\000R\000e\000p\000r\000o\000d\000u\000c\000i\000b\000i\000l\000i\000t\000y}{section.5}% 21
\BOOKMARK [1][-]{appendix.A}{\376\377\000S\000u\000p\000p\000l\000e\000m\000e\000n\000t\000a\000r\000y\000\040\000d\000e\000r\000i\000v\000a\000t\000i\000o\000n\000s\000\040\000a\000n\000d\000\040\000e\000x\000t\000e\000n\000s\000i\000o\000n\000s}{}% 22
\BOOKMARK [2][-]{subsection.A.1}{\376\377\000T\000h\000e\000\040\000c\000o\000r\000r\000e\000l\000a\000t\000e\000d\000\040\000n\000o\000-\000f\000a\000l\000s\000e\000-\000a\000l\000a\000r\000m\000\040\000p\000r\000o\000b\000a\000b\000i\000l\000i\000t\000y\000\040\000a\000n\000d\000\040\000i\000t\000s\000\040\000m\000o\000n\000o\000t\000o\000n\000i\000c\000i\000t\000y}{appendix.A}% 23
\BOOKMARK [2][-]{subsection.A.2}{\376\377\000C\000l\000o\000s\000e\000d\000-\000f\000o\000r\000m\000\040\000e\000s\000c\000a\000p\000e\000\040\000t\000h\000r\000e\000s\000h\000o\000l\000d\000\040\000f\000o\000r\000\040\000v\000a\000l\000u\000e\000-\000d\000i\000r\000e\000c\000t\000e\000d\000\040\000a\000t\000t\000e\000n\000t\000i\000o\000n}{appendix.A}% 24
\BOOKMARK [2][-]{subsection.A.3}{\376\377\000S\000y\000m\000m\000e\000t\000r\000i\000c\000\040\000r\000e\000c\000o\000v\000e\000r\000y\000\040\000a\000t\000\040\000u\000n\000i\000t\000\040\000b\000e\000n\000e\000f\000i\000t\000/\000c\000o\000s\000t\000\040\000r\000a\000t\000i\000o}{appendix.A}% 25
\BOOKMARK [2][-]{subsection.A.4}{\376\377\000T\000h\000e\000\040\000p\000o\000w\000e\000r\000-\000m\000e\000a\000n\000\040\000c\000o\000n\000s\000e\000r\000v\000a\000t\000i\000o\000n\000\040\000f\000a\000m\000i\000l\000y}{appendix.A}% 26
