**
(main.tex
LaTeX2e <2021-11-15> patch level 1
L3 programming layer <2022-02-24> (article.cls
Document Class: article 2021/10/04 v1.4n Standard LaTeX document class
(size10.clo
File: size10.clo 2021/10/04 v1.4n Standard LaTeX file (size option)
)
\c@part=\count181
\c@section=\count182
\c@subsection=\count183
\c@subsubsection=\count184
\c@paragraph=\count185
\c@subparagraph=\count186
\c@figure=\count187
\c@table=\count188
\abovecaptionskip=\skip47
\belowcaptionskip=\skip48
\bibindent=\dimen138
) (fontspec.sty (xparse.sty (expl3.sty
Package: expl3 2022-02-24 L3 programming layer (loader) 
 (l3backend-xetex.def
File: l3backend-xetex.def 2022-02-07 L3 backend support: XeTeX
\c__kernel_sys_dvipdfmx_version_int=\count189
\l__color_backend_stack_int=\count190
\g__color_backend_stack_int=\count191
\g__graphics_track_int=\count192
\l__pdf_internal_box=\box50
\g__pdf_backend_object_int=\count193
\g__pdf_backend_annotation_int=\count194
\g__pdf_backend_link_int=\count195
))
Package: xparse 2022-01-12 L3 Experimental document command parser
)
Package: fontspec 2022/01/15 v2.8a Font selection for XeLaTeX and LuaLaTeX

(fontspec-xetex.sty
Package: fontspec-xetex 2022/01/15 v2.8a Font selection for XeLaTeX and LuaLaTe
X
\l__fontspec_script_int=\count196
\l__fontspec_language_int=\count197
\l__fontspec_strnum_int=\count198
\l__fontspec_tmp_int=\count199
\l__fontspec_tmpa_int=\count266
\l__fontspec_tmpb_int=\count267
\l__fontspec_tmpc_int=\count268
\l__fontspec_em_int=\count269
\l__fontspec_emdef_int=\count270
\l__fontspec_strong_int=\count271
\l__fontspec_strongdef_int=\count272
\l__fontspec_tmpa_dim=\dimen139
\l__fontspec_tmpb_dim=\dimen140
\l__fontspec_tmpc_dim=\dimen141
 (fontenc.sty
Package: fontenc 2021/04/29 v2.0v Standard LaTeX package
) (fontspec.cfg)))

Package fontspec Info: Font family 'TimesNewRoman(0)' created for font 'Times
(fontspec)             New Roman' with options [Ligatures=TeX].
(fontspec)              
(fontspec)              This font family consists of the following NFSS
(fontspec)             series/shapes:
(fontspec)              
(fontspec)             - 'normal' (m/n) with NFSS spec.: <->"Times New
(fontspec)             Roman/OT:script=latn;language=dflt;mapping=tex-text;"
(fontspec)             - 'small caps'  (m/sc) with NFSS spec.: <->"Times New
(fontspec)             Roman/OT:script=latn;language=dflt;+smcp;mapping=tex-tex
t;"
(fontspec)             - 'bold' (b/n) with NFSS spec.: <->"Times New
(fontspec)             Roman/B/OT:script=latn;language=dflt;mapping=tex-text;"
(fontspec)             - 'bold small caps'  (b/sc) with NFSS spec.: <->"Times
(fontspec)             New
(fontspec)             Roman/B/OT:script=latn;language=dflt;+smcp;mapping=tex-t
ext;"
(fontspec)             - 'italic' (m/it) with NFSS spec.: <->"Times New
(fontspec)             Roman/I/OT:script=latn;language=dflt;mapping=tex-text;"
(fontspec)             - 'italic small caps'  (m/scit) with NFSS spec.:
(fontspec)             <->"Times New
(fontspec)             Roman/I/OT:script=latn;language=dflt;+smcp;mapping=tex-t
ext;"
(fontspec)             - 'bold italic' (b/it) with NFSS spec.: <->"Times New
(fontspec)             Roman/BI/OT:script=latn;language=dflt;mapping=tex-text;"

(fontspec)             - 'bold italic small caps'  (b/scit) with NFSS spec.:
(fontspec)             <->"Times New
(fontspec)             Roman/BI/OT:script=latn;language=dflt;+smcp;mapping=tex-
text;"

 (geometry.sty
Package: geometry 2020/01/02 v5.9 Page Geometry
 (keyval.sty
Package: keyval 2014/10/28 v1.15 key=value parser (DPC)
\KV@toks@=\toks16
)
(ifvtex.sty
Package: ifvtex 2019/10/25 v1.7 ifvtex legacy package. Use iftex instead.
 (iftex.sty
Package: iftex 2022/02/03 v1.0f TeX engine tests
))
\Gm@cnth=\count273
\Gm@cntv=\count274
\c@Gm@tempcnt=\count275
\Gm@bindingoffset=\dimen142
\Gm@wd@mp=\dimen143
\Gm@odd@mp=\dimen144
\Gm@even@mp=\dimen145
\Gm@layoutwidth=\dimen146
\Gm@layoutheight=\dimen147
\Gm@layouthoffset=\dimen148
\Gm@layoutvoffset=\dimen149
\Gm@dimlist=\toks17
) (microtype.sty
Package: microtype 2022/03/14 v3.0d Micro-typographical refinements (RS)
 (etoolbox.sty
Package: etoolbox 2020/10/05 v2.5k e-TeX tools for LaTeX (JAW)
\etb@tempcnta=\count276
)
\MT@toks=\toks18
\MT@tempbox=\box51
\MT@count=\count277
LaTeX Info: Redefining \noprotrusionifhmode on input line 1027.
LaTeX Info: Redefining \leftprotrusion on input line 1028.
LaTeX Info: Redefining \rightprotrusion on input line 1036.
LaTeX Info: Redefining \textls on input line 1195.
\MT@outer@kern=\dimen150
LaTeX Info: Redefining \textmicrotypecontext on input line 1781.
\MT@listname@count=\count278
 (microtype-xetex.def
File: microtype-xetex.def 2022/03/14 v3.0d Definitions specific to xetex (RS)
LaTeX Info: Redefining \lsstyle on input line 236.
)
Package microtype Info: Loading configuration file microtype.cfg.

(microtype.cfg
File: microtype.cfg 2022/03/14 v3.0d microtype main configuration file (RS)
)) (graphicx.sty
Package: graphicx 2021/09/16 v1.2d Enhanced LaTeX Graphics (DPC,SPQR)
 (graphics.sty
Package: graphics 2021/03/04 v1.4d Standard LaTeX Graphics (DPC,SPQR)
 (trig.sty
Package: trig 2021/08/11 v1.11 sin cos tan (DPC)
) (graphics.cfg
File: graphics.cfg 2016/06/04 v1.11 sample graphics configuration
)
Package graphics Info: Driver file: xetex.def on input line 107.

(xetex.def
File: xetex.def 2021/03/18 v5.0k Graphics/color driver for xetex
))
\Gin@req@height=\dimen151
\Gin@req@width=\dimen152
) (booktabs.sty
Package: booktabs 2020/01/12 v1.61803398 Publication quality tables
\heavyrulewidth=\dimen153
\lightrulewidth=\dimen154
\cmidrulewidth=\dimen155
\belowrulesep=\dimen156
\belowbottomsep=\dimen157
\aboverulesep=\dimen158
\abovetopsep=\dimen159
\cmidrulesep=\dimen160
\cmidrulekern=\dimen161
\defaultaddspace=\dimen162
\@cmidla=\count279
\@cmidlb=\count280
\@aboverulesep=\dimen163
\@belowrulesep=\dimen164
\@thisruleclass=\count281
\@lastruleclass=\count282
\@thisrulewidth=\dimen165
) (array.sty
Package: array 2021/10/04 v2.5f Tabular extension package (FMi)
\col@sep=\dimen166
\ar@mcellbox=\box52
\extrarowheight=\dimen167
\NC@list=\toks19
\extratabsurround=\skip49
\backup@length=\skip50
\ar@cellbox=\box53
) (tabularx.sty
Package: tabularx 2020/01/15 v2.11c `tabularx' package (DPC)
\TX@col@width=\dimen168
\TX@old@table=\dimen169
\TX@old@col=\dimen170
\TX@target=\dimen171
\TX@delta=\dimen172
\TX@cols=\count283
\TX@ftn=\toks20
) (longtable.sty
Package: longtable 2021-09-01 v4.17 Multi-page Table package (DPC)
\LTleft=\skip51
\LTright=\skip52
\LTpre=\skip53
\LTpost=\skip54
\LTchunksize=\count284
\LTcapwidth=\dimen173
\LT@head=\box54
\LT@firsthead=\box55
\LT@foot=\box56
\LT@lastfoot=\box57
\LT@gbox=\box58
\LT@cols=\count285
\LT@rows=\count286
\c@LT@tables=\count287
\c@LT@chunks=\count288
\LT@p@ftn=\toks21
)
(ragged2e.sty
Package: ragged2e 2021/12/15 v3.1 ragged2e Package
\CenteringLeftskip=\skip55
\RaggedLeftLeftskip=\skip56
\RaggedRightLeftskip=\skip57
\CenteringRightskip=\skip58
\RaggedLeftRightskip=\skip59
\RaggedRightRightskip=\skip60
\CenteringParfillskip=\skip61
\RaggedLeftParfillskip=\skip62
\RaggedRightParfillskip=\skip63
\JustifyingParfillskip=\skip64
\CenteringParindent=\skip65
\RaggedLeftParindent=\skip66
\RaggedRightParindent=\skip67
\JustifyingParindent=\skip68
) (xcolor.sty
Package: xcolor 2021/10/31 v2.13 LaTeX color extensions (UK)
 (color.cfg
File: color.cfg 2016/01/02 v1.6 sample color configuration
)
Package xcolor Info: Driver file: xetex.def on input line 227.
Package xcolor Info: Model `cmy' substituted by `cmy0' on input line 1352.
Package xcolor Info: Model `RGB' extended on input line 1368.
Package xcolor Info: Model `HTML' substituted by `rgb' on input line 1370.
Package xcolor Info: Model `Hsb' substituted by `hsb' on input line 1371.
Package xcolor Info: Model `tHsb' substituted by `hsb' on input line 1372.
Package xcolor Info: Model `HSB' substituted by `hsb' on input line 1373.
Package xcolor Info: Model `Gray' substituted by `gray' on input line 1374.
Package xcolor Info: Model `wave' substituted by `hsb' on input line 1375.
) (hyperref.sty
Package: hyperref 2022-02-21 v7.00n Hypertext links for LaTeX
 (ltxcmds.sty
Package: ltxcmds 2020-05-10 v1.25 LaTeX kernel commands for general use (HO)
)
(pdftexcmds.sty
Package: pdftexcmds 2020-06-27 v0.33 Utility functions of pdfTeX for LuaTeX (HO
)
 (infwarerr.sty
Package: infwarerr 2019/12/03 v1.5 Providing info/warning/error messages (HO)
)
Package pdftexcmds Info: \pdf@primitive is available.
Package pdftexcmds Info: \pdf@ifprimitive is available.
Package pdftexcmds Info: \pdfdraftmode not found.
) (kvsetkeys.sty
Package: kvsetkeys 2019/12/15 v1.18 Key value parser (HO)
) (kvdefinekeys.sty
Package: kvdefinekeys 2019-12-19 v1.6 Define keys (HO)
)
(pdfescape.sty
Package: pdfescape 2019/12/09 v1.15 Implements pdfTeX's escape features (HO)
) (hycolor.sty
Package: hycolor 2020-01-27 v1.10 Color options for hyperref/bookmark (HO)
) (letltxmacro.sty
Package: letltxmacro 2019/12/03 v1.6 Let assignment for LaTeX macros (HO)
) (auxhook.sty
Package: auxhook 2019-12-17 v1.6 Hooks for auxiliary files (HO)
) (kvoptions.sty
Package: kvoptions 2020-10-07 v3.14 Key value format for package options (HO)
)
\@linkdim=\dimen174
\Hy@linkcounter=\count289
\Hy@pagecounter=\count290

(pd1enc.def
File: pd1enc.def 2022-02-21 v7.00n Hyperref: PDFDocEncoding definition (HO)
) (intcalc.sty
Package: intcalc 2019/12/15 v1.3 Expandable calculations with integers (HO)
) (etexcmds.sty
Package: etexcmds 2019/12/15 v1.7 Avoid name clashes with e-TeX commands (HO)
)
\Hy@SavedSpaceFactor=\count291
 (puenc.def
File: puenc.def 2022-02-21 v7.00n Hyperref: PDF Unicode definition (HO)
)
Package hyperref Info: Hyper figures OFF on input line 4137.
Package hyperref Info: Link nesting OFF on input line 4142.
Package hyperref Info: Hyper index ON on input line 4145.
Package hyperref Info: Plain pages OFF on input line 4152.
Package hyperref Info: Backreferencing OFF on input line 4157.
Package hyperref Info: Implicit mode ON; LaTeX internals redefined.
Package hyperref Info: Bookmarks ON on input line 4390.
\c@Hy@tempcnt=\count292
 (url.sty
\Urlmuskip=\muskip16
Package: url 2013/09/16  ver 3.4  Verb mode for urls, etc.
)
LaTeX Info: Redefining \url on input line 4749.
\XeTeXLinkMargin=\dimen175
 (bitset.sty
Package: bitset 2019/12/09 v1.3 Handle bit-vector datatype (HO)

(bigintcalc.sty
Package: bigintcalc 2019/12/15 v1.5 Expandable calculations on big integers (HO
)
))
\Fld@menulength=\count293
\Field@Width=\dimen176
\Fld@charsize=\dimen177
Package hyperref Info: Hyper figures OFF on input line 6027.
Package hyperref Info: Link nesting OFF on input line 6032.
Package hyperref Info: Hyper index ON on input line 6035.
Package hyperref Info: backreferencing OFF on input line 6042.
Package hyperref Info: Link coloring OFF on input line 6047.
Package hyperref Info: Link coloring with OCG OFF on input line 6052.
Package hyperref Info: PDF/A mode OFF on input line 6057.
LaTeX Info: Redefining \ref on input line 6097.
LaTeX Info: Redefining \pageref on input line 6101.
 (atbegshi-ltx.sty
Package: atbegshi-ltx 2021/01/10 v1.0c Emulation of the original atbegshi
package with kernel methods
)
\Hy@abspage=\count294
\c@Item=\count295
\c@Hfootnote=\count296
)
Package hyperref Info: Driver (autodetected): hxetex.
 (hxetex.def
File: hxetex.def 2022-02-21 v7.00n Hyperref driver for XeTeX
 (stringenc.sty
Package: stringenc 2019/11/29 v1.12 Convert strings between diff. encodings (HO
)
)
\pdfm@box=\box59
\c@Hy@AnnotLevel=\count297
\HyField@AnnotCount=\count298
\Fld@listcount=\count299
\c@bookmark@seq@number=\count300

(rerunfilecheck.sty
Package: rerunfilecheck 2019/12/05 v1.9 Rerun checks for auxiliary files (HO)
 (atveryend-ltx.sty
Package: atveryend-ltx 2020/08/19 v1.0a Emulation of the original atveryend pac
kage
with kernel methods
) (uniquecounter.sty
Package: uniquecounter 2019/12/15 v1.4 Provide unlimited unique counter (HO)
)
Package uniquecounter Info: New unique counter `rerunfilecheck' on input line 2
86.
)
\Hy@SectionHShift=\skip69
) (caption.sty
Package: caption 2022/03/01 v3.6b Customizing captions (AR)

(caption3.sty
Package: caption3 2022/03/17 v2.3b caption3 kernel (AR)
\caption@tempdima=\dimen178
\captionmargin=\dimen179
\caption@leftmargin=\dimen180
\caption@rightmargin=\dimen181
\caption@width=\dimen182
\caption@indent=\dimen183
\caption@parindent=\dimen184
\caption@hangindent=\dimen185
Package caption Info: Standard document class detected.
)
\c@caption@flags=\count301
\c@continuedfloat=\count302
Package caption Info: hyperref package is loaded.
Package caption Info: longtable package is loaded.
 (ltcaption.sty
Package: ltcaption 2021/01/08 v1.4c longtable captions (AR)
)) (enumitem.sty
Package: enumitem 2019/06/20 v3.9 Customized lists
\labelindent=\skip70
\enit@outerparindent=\dimen186
\enit@toks=\toks22
\enit@inbox=\box60
\enit@count@id=\count303
\enitdp@description=\count304
) (amsmath.sty
Package: amsmath 2021/10/15 v2.17l AMS math features
\@mathmargin=\skip71

For additional information on amsmath, use the `?' option.
(amstext.sty
Package: amstext 2021/08/26 v2.01 AMS text
 (amsgen.sty
File: amsgen.sty 1999/11/30 v2.0 generic functions
\@emptytoks=\toks23
\ex@=\dimen187
)) (amsbsy.sty
Package: amsbsy 1999/11/29 v1.2d Bold Symbols
\pmbraise@=\dimen188
) (amsopn.sty
Package: amsopn 2021/08/26 v2.02 operator names
)
\inf@bad=\count305
LaTeX Info: Redefining \frac on input line 234.
\uproot@=\count306
\leftroot@=\count307
LaTeX Info: Redefining \overline on input line 399.
\classnum@=\count308
\DOTSCASE@=\count309
LaTeX Info: Redefining \ldots on input line 496.
LaTeX Info: Redefining \dots on input line 499.
LaTeX Info: Redefining \cdots on input line 620.
\Mathstrutbox@=\box61
\strutbox@=\box62
\big@size=\dimen189
LaTeX Font Info:    Redeclaring font encoding OML on input line 743.
LaTeX Font Info:    Redeclaring font encoding OMS on input line 744.
\macc@depth=\count310
\c@MaxMatrixCols=\count311
\dotsspace@=\muskip17
\c@parentequation=\count312
\dspbrk@lvl=\count313
\tag@help=\toks24
\row@=\count314
\column@=\count315
\maxfields@=\count316
\andhelp@=\toks25
\eqnshift@=\dimen190
\alignsep@=\dimen191
\tagshift@=\dimen192
\tagwidth@=\dimen193
\totwidth@=\dimen194
\lineht@=\dimen195
\@envbody=\toks26
\multlinegap=\skip72
\multlinetaggap=\skip73
\mathdisplay@stack=\toks27
LaTeX Info: Redefining \[ on input line 2938.
LaTeX Info: Redefining \] on input line 2939.
) (titlesec.sty
Package: titlesec 2021/07/05 v2.14 Sectioning titles
\ttl@box=\box63
\beforetitleunit=\skip74
\aftertitleunit=\skip75
\ttl@plus=\dimen196
\ttl@minus=\dimen197
\ttl@toksa=\toks28
\titlewidth=\dimen198
\titlewidthlast=\dimen199
\titlewidthfirst=\dimen256
)
(abstract.sty
Package: abstract 2009/06/08 v1.2a configurable abstracts
\abstitleskip=\skip76
\absleftindent=\skip77
\absrightindent=\skip78
\absparindent=\skip79
\absparsep=\skip80
) (placeins.sty
Package: placeins 2005/04/18  v 2.2
)
Package hyperref Info: Option `colorlinks' set `true' on input line 21.
Package hyperref Info: Option `breaklinks' set `true' on input line 21.
 (main.aux)
\openout1 = `main.aux'.

LaTeX Font Info:    Checking defaults for OML/cmm/m/it on input line 55.
LaTeX Font Info:    ... okay on input line 55.
LaTeX Font Info:    Checking defaults for OMS/cmsy/m/n on input line 55.
LaTeX Font Info:    ... okay on input line 55.
LaTeX Font Info:    Checking defaults for OT1/cmr/m/n on input line 55.
LaTeX Font Info:    ... okay on input line 55.
LaTeX Font Info:    Checking defaults for T1/cmr/m/n on input line 55.
LaTeX Font Info:    ... okay on input line 55.
LaTeX Font Info:    Checking defaults for TS1/cmr/m/n on input line 55.
LaTeX Font Info:    Trying to load font information for TS1+cmr on input line 5
5.
 (ts1cmr.fd
File: ts1cmr.fd 2019/12/16 v2.5j Standard LaTeX font definitions
)
LaTeX Font Info:    ... okay on input line 55.
LaTeX Font Info:    Checking defaults for TU/lmr/m/n on input line 55.
LaTeX Font Info:    ... okay on input line 55.
LaTeX Font Info:    Checking defaults for OMX/cmex/m/n on input line 55.
LaTeX Font Info:    ... okay on input line 55.
LaTeX Font Info:    Checking defaults for U/cmr/m/n on input line 55.
LaTeX Font Info:    ... okay on input line 55.
LaTeX Font Info:    Checking defaults for PD1/pdf/m/n on input line 55.
LaTeX Font Info:    ... okay on input line 55.
LaTeX Font Info:    Checking defaults for PU/pdf/m/n on input line 55.
LaTeX Font Info:    ... okay on input line 55.

Package fontspec Info: Adjusting the maths setup (use [no-math] to avoid
(fontspec)             this).

\symlegacymaths=\mathgroup4
LaTeX Font Info:    Overwriting symbol font `legacymaths' in version `bold'
(Font)                  OT1/cmr/m/n --> OT1/cmr/bx/n on input line 55.
LaTeX Font Info:    Redeclaring math accent \acute on input line 55.
LaTeX Font Info:    Redeclaring math accent \grave on input line 55.
LaTeX Font Info:    Redeclaring math accent \ddot on input line 55.
LaTeX Font Info:    Redeclaring math accent \tilde on input line 55.
LaTeX Font Info:    Redeclaring math accent \bar on input line 55.
LaTeX Font Info:    Redeclaring math accent \breve on input line 55.
LaTeX Font Info:    Redeclaring math accent \check on input line 55.
LaTeX Font Info:    Redeclaring math accent \hat on input line 55.
LaTeX Font Info:    Redeclaring math accent \dot on input line 55.
LaTeX Font Info:    Redeclaring math accent \mathring on input line 55.
LaTeX Font Info:    Redeclaring math symbol \Gamma on input line 55.
LaTeX Font Info:    Redeclaring math symbol \Delta on input line 55.
LaTeX Font Info:    Redeclaring math symbol \Theta on input line 55.
LaTeX Font Info:    Redeclaring math symbol \Lambda on input line 55.
LaTeX Font Info:    Redeclaring math symbol \Xi on input line 55.
LaTeX Font Info:    Redeclaring math symbol \Pi on input line 55.
LaTeX Font Info:    Redeclaring math symbol \Sigma on input line 55.
LaTeX Font Info:    Redeclaring math symbol \Upsilon on input line 55.
LaTeX Font Info:    Redeclaring math symbol \Phi on input line 55.
LaTeX Font Info:    Redeclaring math symbol \Psi on input line 55.
LaTeX Font Info:    Redeclaring math symbol \Omega on input line 55.
LaTeX Font Info:    Redeclaring math symbol \mathdollar on input line 55.
LaTeX Font Info:    Redeclaring symbol font `operators' on input line 55.
LaTeX Font Info:    Encoding `OT1' has changed to `TU' for symbol font
(Font)              `operators' in the math version `normal' on input line 55.
LaTeX Font Info:    Overwriting symbol font `operators' in version `normal'
(Font)                  OT1/cmr/m/n --> TU/TimesNewRoman(0)/m/n on input line 5
5.
LaTeX Font Info:    Encoding `OT1' has changed to `TU' for symbol font
(Font)              `operators' in the math version `bold' on input line 55.
LaTeX Font Info:    Overwriting symbol font `operators' in version `bold'
(Font)                  OT1/cmr/bx/n --> TU/TimesNewRoman(0)/m/n on input line 
55.
LaTeX Font Info:    Overwriting symbol font `operators' in version `normal'
(Font)                  TU/TimesNewRoman(0)/m/n --> TU/TimesNewRoman(0)/m/n on 
input line 55.
LaTeX Font Info:    Overwriting math alphabet `\mathit' in version `normal'
(Font)                  OT1/cmr/m/it --> TU/TimesNewRoman(0)/m/it on input line
 55.
LaTeX Font Info:    Overwriting math alphabet `\mathbf' in version `normal'
(Font)                  OT1/cmr/bx/n --> TU/TimesNewRoman(0)/b/n on input line 
55.
LaTeX Font Info:    Overwriting math alphabet `\mathsf' in version `normal'
(Font)                  OT1/cmss/m/n --> TU/lmss/m/n on input line 55.
LaTeX Font Info:    Overwriting math alphabet `\mathtt' in version `normal'
(Font)                  OT1/cmtt/m/n --> TU/lmtt/m/n on input line 55.
LaTeX Font Info:    Overwriting symbol font `operators' in version `bold'
(Font)                  TU/TimesNewRoman(0)/m/n --> TU/TimesNewRoman(0)/b/n on 
input line 55.
LaTeX Font Info:    Overwriting math alphabet `\mathit' in version `bold'
(Font)                  OT1/cmr/bx/it --> TU/TimesNewRoman(0)/b/it on input lin
e 55.
LaTeX Font Info:    Overwriting math alphabet `\mathsf' in version `bold'
(Font)                  OT1/cmss/bx/n --> TU/lmss/b/n on input line 55.
LaTeX Font Info:    Overwriting math alphabet `\mathtt' in version `bold'
(Font)                  OT1/cmtt/m/n --> TU/lmtt/b/n on input line 55.

*geometry* driver: auto-detecting
*geometry* detected driver: xetex
*geometry* verbose mode - [ preamble ] result:
* driver: xetex
* paper: letterpaper
* layout: <same size as paper>
* layoutoffset:(h,v)=(0.0pt,0.0pt)
* modes: 
* h-part:(L,W,R)=(61.42993pt, 491.43513pt, 61.42993pt)
* v-part:(T,H,B)=(61.42993pt, 672.11012pt, 61.42993pt)
* \paperwidth=614.295pt
* \paperheight=794.96999pt
* \textwidth=491.43513pt
* \textheight=672.11012pt
* \oddsidemargin=-10.84006pt
* \evensidemargin=-10.84006pt
* \topmargin=-47.84006pt
* \headheight=12.0pt
* \headsep=25.0pt
* \topskip=10.0pt
* \footskip=30.0pt
* \marginparwidth=65.0pt
* \marginparsep=11.0pt
* \columnsep=20.2355pt
* \skip\footins=9.0pt plus 4.0pt minus 2.0pt
* \hoffset=0.0pt
* \voffset=0.0pt
* \mag=1000
* \@twocolumnfalse
* \@twosidefalse
* \@mparswitchfalse
* \@reversemarginfalse
* (1in=72.27pt=25.4mm, 1cm=28.453pt)

LaTeX Info: Redefining \microtypecontext on input line 55.
Package microtype Info: Applying patch `item' on input line 55.
Package microtype Info: Applying patch `toc' on input line 55.
Package microtype Info: Applying patch `eqnum' on input line 55.
Package microtype Info: Applying patch `footnote' on input line 55.
Package microtype Info: Character protrusion enabled (level 2).
Package microtype Info: Using default protrusion set `alltext'.
Package microtype Info: No adjustment of tracking.
Package microtype Info: No adjustment of spacing.
Package microtype Info: No adjustment of kerning.
Package microtype Info: Loading generic protrusion settings for font family
(microtype)             `TimesNewRoman' (encoding: TU).
(microtype)             For optimal results, create family-specific settings.
(microtype)             See the microtype manual for details.
Package hyperref Info: Link coloring ON on input line 55.
(nameref.sty
Package: nameref 2021-04-02 v2.47 Cross-referencing by name of section
 (refcount.sty
Package: refcount 2019/12/15 v3.6 Data extraction from label references (HO)
) (gettitlestring.sty
Package: gettitlestring 2019/12/15 v1.6 Cleanup title references (HO)
)
\c@section@level=\count317
)
LaTeX Info: Redefining \ref on input line 55.
LaTeX Info: Redefining \pageref on input line 55.
LaTeX Info: Redefining \nameref on input line 55.
 (main.out) (main.out)
\@outlinefile=\write3
\openout3 = `main.out'.

Package caption Info: Begin \AtBeginDocument code.
Package caption Info: End \AtBeginDocument code.

(mt-cmr.cfg
File: mt-cmr.cfg 2013/05/19 v2.2 microtype config. file: Computer Modern Roman 
(RS)
)
Underfull \hbox (badness 1365) in paragraph at lines 77--78
\TU/TimesNewRoman(0)/m/n/10 We study \TU/TimesNewRoman(0)/m/it/10 value-directe
d attention \TU/TimesNewRoman(0)/m/n/10 (VDA): a family of
 []


Underfull \hbox (badness 4341) in paragraph at lines 80--81
\TU/TimesNewRoman(0)/m/n/10 Our organizing hypothesis is that attention increas
es
 []

[1


]
Underfull \hbox (badness 1831) in paragraph at lines 94--94
[]|\TU/TimesNewRoman(0)/m/n/9 More candidate objects and
 []


Underfull \hbox (badness 10000) in paragraph at lines 94--94
[]|\TU/TimesNewRoman(0)/m/n/9 Effective streams
 []


Underfull \hbox (badness 1565) in paragraph at lines 101--102
\TU/TimesNewRoman(0)/m/n/10 measure psychometric functions, sensitivity and cri
-
 []


Underfull \hbox (badness 3815) in paragraph at lines 103--104
\TU/TimesNewRoman(0)/m/n/10 spatial specificity, sensitivity-corrected effects,
 and
 []

[2]
Package microtype Info: Loading generic protrusion settings for font family
(microtype)             `lmtt' (encoding: TU).
(microtype)             For optimal results, create family-specific settings.
(microtype)             See the microtype manual for details.
File: ../figures/task//m1_task_vda4.pdf Graphic file (type pdf)
<use ../figures/task//m1_task_vda4.pdf>
File: ../figures/task//m1_task_vda_fixed4.pdf Graphic file (type pdf)
<use ../figures/task//m1_task_vda_fixed4.pdf>

Underfull \hbox (badness 2073) in paragraph at lines 148--149
\TU/TimesNewRoman(0)/m/n/10 The shared pipeline (Figure [][]2[][]A) converts ea
ch frame
 []

File: ../figures/architecture//m2_architecture_a.pdf Graphic file (type pdf)
<use ../figures/architecture//m2_architecture_a.pdf>
File: ../figures/architecture//m2_architecture_b.pdf Graphic file (type pdf)
<use ../figures/architecture//m2_architecture_b.pdf>
File: ../figures/architecture//m2_architecture_d.pdf Graphic file (type pdf)
<use ../figures/architecture//m2_architecture_d.pdf>
[3] [4]
File: ../figures/behavior//m3_behavior_contact_sheet.png Graphic file (type bmp
)
<../figures/behavior//m3_behavior_contact_sheet.png>
File: ../figures/first_wave//first_wave_psychometric_vda4_affine_ew.pdf Graphic
 file (type pdf)
<use ../figures/first_wave//first_wave_psychometric_vda4_affine_ew.pdf>
File: ../figures/first_wave//first_wave_psychometric_vda4_crossattn1.pdf Graphi
c file (type pdf)
<use ../figures/first_wave//first_wave_psychometric_vda4_crossattn1.pdf>
File: ../figures/first_wave//first_wave_psychometric_vda9_affine_ew.pdf Graphic
 file (type pdf)
<use ../figures/first_wave//first_wave_psychometric_vda9_affine_ew.pdf>
File: ../figures/first_wave//first_wave_psychometric_vda9_crossattn1.pdf Graphi
c file (type pdf)
<use ../figures/first_wave//first_wave_psychometric_vda9_crossattn1.pdf>
File: ../figures/matched_width//matched_width_summary.pdf Graphic file (type pd
f)
<use ../figures/matched_width//matched_width_summary.pdf>
 [5

]

Package hyperref Warning: Token not allowed in a PDF string (Unicode):
(hyperref)                removing `math shift' on input line 192.


Package hyperref Warning: Token not allowed in a PDF string (Unicode):
(hyperref)                removing `math shift' on input line 192.


Underfull \hbox (badness 1137) in paragraph at lines 193--194
\TU/TimesNewRoman(0)/m/n/10 reached the task’s declared $\OT1/cmr/m/n/10 8[]$ \
TU/TimesNewRoman(0)/m/n/10 curriculum floor (cross-
 []

File: ../figures/vda16//vda16_manuscript_summary.pdf Graphic file (type pdf)
<use ../figures/vda16//vda16_manuscript_summary.pdf>
File: ../figures/vda16//vda16_affine_manuscript_summary.pdf Graphic file (type 
pdf)
<use ../figures/vda16//vda16_affine_manuscript_summary.pdf>
File: ../figures/vda16//vda16_valid_invalid_eight_curve_overlay.pdf Graphic fil
e (type pdf)
<use ../figures/vda16//vda16_valid_invalid_eight_curve_overlay.pdf>

Underfull \hbox (badness 2334) in paragraph at lines 211--212
\TU/TimesNewRoman(0)/m/n/10 on a common scale, we fit a four-parameter logistic

 []


Underfull \hbox (badness 7558) in paragraph at lines 211--212
\TU/TimesNewRoman(0)/m/n/10 checkpoint-recomputed arrays above (VDA4, VDA9,
 []

[6]
Underfull \hbox (badness 1648) in paragraph at lines 220--221
\TU/TimesNewRoman(0)/m/n/10 4/16/100 tokens is $\OT1/cmr/m/n/10 7\OML/cmm/m/it/
10 :\OT1/cmr/m/n/10 16[]$\TU/TimesNewRoman(0)/m/n/10 , $\OT1/cmr/m/n/10 5\OML/c
mm/m/it/10 :\OT1/cmr/m/n/10 66[]$\TU/TimesNewRoman(0)/m/n/10 , and $\OT1/cmr/m/
n/10 6\OML/cmm/m/it/10 :\OT1/cmr/m/n/10 18[]$ \TU/TimesNewRoman(0)/m/n/10 for c
ross-
 []


Underfull \hbox (badness 1067) in paragraph at lines 220--221
\TU/TimesNewRoman(0)/m/n/10 endpoint, invalid-trial response rates saturate at 
0.947–
 []


Underfull \hbox (badness 1014) in paragraph at lines 223--224
\TU/TimesNewRoman(0)/m/n/10 memory keys. Following the source-separated display

 []

[7]
Underfull \hbox (badness 1231) in paragraph at lines 245--246
\TU/TimesNewRoman(0)/m/n/10 recurrent-memory keys receive the complement (0.895
,
 []

[8]
Underfull \hbox (badness 2165) in paragraph at lines 249--250
\TU/TimesNewRoman(0)/m/n/10 is almost entirely recurrent-memory routing: memory

 []


Underfull \hbox (badness 1412) in paragraph at lines 251--252
\TU/TimesNewRoman(0)/m/n/10 target total and peak share show the same direction
al
 []


Underfull \hbox (badness 2042) in paragraph at lines 251--252
\TU/TimesNewRoman(0)/m/n/10 averaged frames-5–6 paired-location total decreases
 in
 []


Underfull \hbox (badness 5105) in paragraph at lines 251--252
\TU/TimesNewRoman(0)/m/n/10 estimand, not a general routing-geometry replicatio
n.
 []


Underfull \hbox (badness 1009) in paragraph at lines 251--252
\TU/TimesNewRoman(0)/m/n/10 Behavioral directions likewise disagree: threshold 
cost
 []


Underfull \hbox (badness 1168) in paragraph at lines 253--254
\TU/TimesNewRoman(0)/m/n/10 ture and are not algebraically identical across fam
ilies
 []

[9]
Underfull \hbox (badness 2027) in paragraph at lines 255--256
\TU/TimesNewRoman(0)/m/n/10 behavior, equal-area normalization, representation-
level
 []

File: ../figures/spatial_scaling//vda4_spatial_scaling_seed0_summary.pdf Graphi
c file (type pdf)
<use ../figures/spatial_scaling//vda4_spatial_scaling_seed0_summary.pdf>
File: ../figures/spatial_scaling//attention_crossattn_source_metrics_seed0.pdf 
Graphic file (type pdf)
<use ../figures/spatial_scaling//attention_crossattn_source_metrics_seed0.pdf>
File: ../figures/spatial_scaling//attention_measure_comparison_seed0.pdf Graphi
c file (type pdf)
<use ../figures/spatial_scaling//attention_measure_comparison_seed0.pdf>
File: ../figures/spatial_scaling//attention_framewise_comparison_seed0.pdf Grap
hic file (type pdf)
<use ../figures/spatial_scaling//attention_framewise_comparison_seed0.pdf>
File: ../figures/spatial_scaling//vda4_spatial_scaling_endpoint_replication_sum
mary.pdf Graphic file (type pdf)
<use ../figures/spatial_scaling//vda4_spatial_scaling_endpoint_replication_summ
ary.pdf>
File: ../figures/spatial_scaling//attention_endpoint_replication_multimetric.pd
f Graphic file (type pdf)
<use ../figures/spatial_scaling//attention_endpoint_replication_multimetric.pdf
>
File: ../figures/psychometric_fits//psychometric_fit_vda4_crossattn1.pdf Graphi
c file (type pdf)
<use ../figures/psychometric_fits//psychometric_fit_vda4_crossattn1.pdf>
File: ../figures/psychometric_fits//psychometric_fit_vda16_crossattn1.pdf Graph
ic file (type pdf)
<use ../figures/psychometric_fits//psychometric_fit_vda16_crossattn1.pdf>
File: ../figures/psychometric_fits//psychometric_fit_vda16_affine_ew.pdf Graphi
c file (type pdf)
<use ../figures/psychometric_fits//psychometric_fit_vda16_affine_ew.pdf>
File: ../figures/psychometric_fits//psychometric_fit_setsize_summary.pdf Graphi
c file (type pdf)
<use ../figures/psychometric_fits//psychometric_fit_setsize_summary.pdf>

Underfull \hbox (badness 1038) in paragraph at lines 305--305
[]\TU/TimesNewRoman(0)/b/n/9 Figure 15: |Cueing-effect magnitude vs. set size, 
by rout-
 []

File: ../figures/vda16//vda_method_comparison_with_vda16.pdf Graphic file (type
 pdf)
<use ../figures/vda16//vda_method_comparison_with_vda16.pdf>

Underfull \hbox (badness 1694) in paragraph at lines 315--316
\TU/TimesNewRoman(0)/m/n/10 account of the widening response-rate gap, but not 
a
 []


Underfull \hbox (badness 1163) in paragraph at lines 315--316
\TU/TimesNewRoman(0)/m/n/10 directly here: a response-probability gap alone can
not
 []

File: ../figures/vda16//baseline_sdt_decomposition.pdf Graphic file (type pdf)
<use ../figures/vda16//baseline_sdt_decomposition.pdf>
[10] [11] [12] [13] [14] [15] [16


] [17]
File: ../figures/first_wave//first_wave_attention_vda4_affine_ew.pdf Graphic fi
le (type pdf)
<use ../figures/first_wave//first_wave_attention_vda4_affine_ew.pdf>
File: ../figures/first_wave//first_wave_attention_vda4_crossattn1_image_keys.pd
f Graphic file (type pdf)
<use ../figures/first_wave//first_wave_attention_vda4_crossattn1_image_keys.pdf
>
File: ../figures/first_wave//first_wave_attention_vda4_crossattn1_recurrent_mem
ory_keys.pdf Graphic file (type pdf)
<use ../figures/first_wave//first_wave_attention_vda4_crossattn1_recurrent_memo
ry_keys.pdf>
File: ../figures/first_wave//first_wave_attention_vda9_affine_ew.pdf Graphic fi
le (type pdf)
<use ../figures/first_wave//first_wave_attention_vda9_affine_ew.pdf>
File: ../figures/first_wave//first_wave_attention_vda9_crossattn1_image_keys.pd
f Graphic file (type pdf)
<use ../figures/first_wave//first_wave_attention_vda9_crossattn1_image_keys.pdf
>
File: ../figures/first_wave//first_wave_attention_vda9_crossattn1_recurrent_mem
ory_keys.pdf Graphic file (type pdf)
<use ../figures/first_wave//first_wave_attention_vda9_crossattn1_recurrent_memo
ry_keys.pdf>

Underfull \hbox (badness 1308) in paragraph at lines 363--364
\TU/TimesNewRoman(0)/m/n/10 proportion; affine’s single self-attention array sh
ows a
 []

File: ../figures/vda16//first_wave_attention_vda16_crossattn1_image_keys.pdf Gr
aphic file (type pdf)
<use ../figures/vda16//first_wave_attention_vda16_crossattn1_image_keys.pdf>
File: ../figures/vda16//first_wave_attention_vda16_crossattn1_recurrent_memory_
keys.pdf Graphic file (type pdf)
<use ../figures/vda16//first_wave_attention_vda16_crossattn1_recurrent_memory_k
eys.pdf>
File: ../figures/vda16//first_wave_attention_vda16_affine_ew.pdf Graphic file (
type pdf)
<use ../figures/vda16//first_wave_attention_vda16_affine_ew.pdf>

Underfull \hbox (badness 3009) in paragraph at lines 374--375
\TU/TimesNewRoman(0)/m/n/10 The clearest all-timestep, valid-vs-invalid time co
urse
 []

File: ../figures/vda16//vda16_cued_vs_opposite_summary.pdf Graphic file (type p
df)
<use ../figures/vda16//vda16_cued_vs_opposite_summary.pdf>
File: ../figures/vda16//vda16_cued_vs_opposite_spatial_maps.pdf Graphic file (t
ype pdf)
<use ../figures/vda16//vda16_cued_vs_opposite_spatial_maps.pdf>

Underfull \hbox (badness 1997) in paragraph at lines 384--385
\TU/TimesNewRoman(0)/m/n/10 A separate manipulation fixes VDA4 and varies only
 []


Underfull \hbox (badness 1552) in paragraph at lines 384--385
\TU/TimesNewRoman(0)/m/n/10 the recurrent cell’s carried-state decay rate $\OML
/cmm/m/it/10 ^^U$ \TU/TimesNewRoman(0)/m/n/10 between
 []


Underfull \hbox (badness 5460) in paragraph at lines 384--385
\TU/TimesNewRoman(0)/m/n/10 two otherwise-matched frozen checkpoints: standard
 []

[18


] [19]
Underfull \hbox (badness 1571) in paragraph at lines 388--389
\TU/TimesNewRoman(0)/m/n/10 improved discrimination at the stimulated location 
[[]].
 []


Underfull \hbox (badness 1371) in paragraph at lines 391--392
\TU/TimesNewRoman(0)/m/n/10 Every attention module in this architecture accepts
 an
 []


Underfull \hbox (badness 1281) in paragraph at lines 391--392
\TU/TimesNewRoman(0)/m/n/10 establishes the bias is response-causal, with signa
l de-
 []

File: ../figures/vda16//vda16_clamp_achieved_attention.pdf Graphic file (type p
df)
<use ../figures/vda16//vda16_clamp_achieved_attention.pdf>
File: ../figures/vda16//vda16_affine_clamp_achieved_attention.pdf Graphic file 
(type pdf)
<use ../figures/vda16//vda16_affine_clamp_achieved_attention.pdf>
[20

]
File: ../figures/vda16//vda16_change_location_intervention_summary.pdf Graphic 
file (type pdf)
<use ../figures/vda16//vda16_change_location_intervention_summary.pdf>
File: ../figures/vda16//vda16_change_location_attention_trajectory.pdf Graphic 
file (type pdf)
<use ../figures/vda16//vda16_change_location_attention_trajectory.pdf>

Underfull \hbox (badness 1776) in paragraph at lines 423--424
\TU/TimesNewRoman(0)/m/it/10 the Moore–Armstrong/Cavanaugh–Wurtz logic, not evi
-
 []


Underfull \hbox (badness 1052) in paragraph at lines 430--431
\TU/TimesNewRoman(0)/b/n/10 at VDA16. \TU/TimesNewRoman(0)/m/n/10 Suppression h
ere is a partial impairment,
 []


Underfull \hbox (badness 2237) in paragraph at lines 430--431
\TU/TimesNewRoman(0)/m/n/10 VDA16’s $\OT1/cmr/m/n/10 7[]$\TU/TimesNewRoman(0)/m
/n/10 ). More strikingly, the cued-but-wrong-
 []


Underfull \hbox (badness 1394) in paragraph at lines 430--431
\TU/TimesNewRoman(0)/m/n/10 VDA16’s wrong-location boost read as “trigger-happy
”
 []

File: ../figures/vda16//vda4_change_location_intervention_summary.pdf Graphic f
ile (type pdf)
<use ../figures/vda16//vda4_change_location_intervention_summary.pdf>
[21] [22

] [23]
Underfull \hbox (badness 6625) in paragraph at lines 444--445
[]\TU/TimesNewRoman(0)/b/n/10 The strongest current producer-bound result is
 []


Underfull \hbox (badness 1308) in paragraph at lines 444--445
\TU/TimesNewRoman(0)/m/n/10 the evaluated competence-gated VDA16 cross-attentio
n
 []


Underfull \hbox (badness 1953) in paragraph at lines 446--447
[]\TU/TimesNewRoman(0)/b/n/10 Routing stability covaries with recurrent-memory
 []


Underfull \hbox (badness 1424) in paragraph at lines 446--447
\TU/TimesNewRoman(0)/b/n/10 persistence. \TU/TimesNewRoman(0)/m/n/10 In the eva
luated VDA4 checkpoint pair,
 []


Underfull \hbox (badness 1303) in paragraph at lines 446--447
\TU/TimesNewRoman(0)/m/n/10 persistent-activity accounts of working-memory main
te-
 []


Underfull \hbox (badness 5490) in paragraph at lines 448--449
\TU/TimesNewRoman(0)/m/n/10 cross-attention behavioral and sensitivity-correcte
d di-
 []


Underfull \hbox (badness 1033) in paragraph at lines 448--449
\TU/TimesNewRoman(0)/m/n/10 whether “attention increases with tokens,” but whet
her
 []


Underfull \hbox (badness 3780) in paragraph at lines 452--453
\TU/TimesNewRoman(0)/m/n/10 fixed-100-carrier visual-by-memory stream factorial
 is
 []


Underfull \hbox (badness 1057) in paragraph at lines 452--453
\TU/TimesNewRoman(0)/m/n/10 the next binding test because it varies effective v
isual
 []


Underfull \hbox (badness 5847) in paragraph at lines 452--453
\TU/TimesNewRoman(0)/m/n/10 rank-preserving cyclic misbinding selectively impai
rs,
 []


Underfull \hbox (badness 1303) in paragraph at lines 452--453
\TU/TimesNewRoman(0)/m/n/10 competition. That requires a separate fixed-paramet
er
 []


Underfull \hbox (badness 3872) in paragraph at lines 452--453
\TU/TimesNewRoman(0)/m/n/10 varying spatial alternatives while carrier and read
out
 []


Underfull \hbox (badness 4699) in paragraph at lines 454--455
[][]\TU/TimesNewRoman(0)/m/it/10 The admissible language throughout this paper 
is
 []

[24


]
Underfull \hbox (badness 1484) in paragraph at lines 458--459
\TU/TimesNewRoman(0)/m/n/10 Every quantitative or causal claim above traces to 
an
 []


Underfull \hbox (badness 1502) in paragraph at lines 458--459
\TU/TimesNewRoman(0)/m/n/10 ten script (\TU/lmtt/m/n/10 change_location_interve
ntion.py\TU/TimesNewRoman(0)/m/n/10 ) that
 []


Underfull \hbox (badness 1052) in paragraph at lines 458--459
\TU/TimesNewRoman(0)/m/n/10 recorded as explicitly blocked, with a manifest, ra
ther
 []


Underfull \hbox (badness 1127) in paragraph at lines 458--459
\TU/TimesNewRoman(0)/m/n/10 VDA4 rescue bundles have producer manifests but no
 []


Underfull \hbox (badness 1509) in paragraph at lines 458--459
\TU/TimesNewRoman(0)/m/n/10 separate semantic-verifier artifacts, so they are t
reated
 []


Underfull \hbox (badness 1048) in paragraph at lines 458--459
\TU/TimesNewRoman(0)/m/n/10 independently verified affine VDA16 rescue remains 
a
 []


Underfull \hbox (badness 1694) in paragraph at lines 458--459
\TU/TimesNewRoman(0)/m/n/10 at all, only re-reading already-cached, already-ver
ified
 []


Underfull \hbox (badness 1484) in paragraph at lines 458--459
\TU/TimesNewRoman(0)/m/n/10 response-probability arrays. The repository regress
ion
 []


Underfull \hbox (badness 1540) in paragraph at lines 458--459
\TU/TimesNewRoman(0)/m/n/10 available, blocked, undefined, or inapplicable, so 
that
 []


Underfull \hbox (badness 2443) in paragraph at lines 460--461
\TU/TimesNewRoman(0)/m/n/10 final/latest checkpoints, schema/config/provenance 
vali-
 []


Underfull \hbox (badness 3482) in paragraph at lines 462--463
\TU/TimesNewRoman(0)/m/n/10 and internally cross-checks the legacy paired-locat
ion
 []


Underfull \hbox (badness 3895) in paragraph at lines 462--463
\TU/TimesNewRoman(0)/m/n/10 legacy paired-location/affine trial rows, 7,680 sou
rce-
 []


Underfull \hbox (badness 3209) in paragraph at lines 462--463
\TU/TimesNewRoman(0)/m/n/10 ures under $[][][][][][][] [] [][][][][][][] [] [][
][][][][][][][] [] [][][][][][][][] []
 []


Underfull \hbox (badness 1226) in paragraph at lines 466--467
\TU/TimesNewRoman(0)/m/n/10 We frame value-directed attention as a mechanism fo
r
 []


Underfull \hbox (badness 1048) in paragraph at lines 466--467
\TU/TimesNewRoman(0)/m/n/10 increasing signal coherence: cue- and target-consis
tent
 []


Underfull \hbox (badness 1655) in paragraph at lines 466--467
\TU/TimesNewRoman(0)/m/n/10 active-item series supplies a motivating cross-atte
ntion
 []


Underfull \hbox (badness 1067) in paragraph at lines 466--467
\TU/TimesNewRoman(0)/m/n/10 timing, source share, behavior, and causal dependen
ce
 []


Underfull \hbox (badness 2418) in paragraph at lines 466--467
\TU/TimesNewRoman(0)/m/n/10 dissociate, and limited cross-attention seed replic
ation
 []


Underfull \hbox (badness 1264) in paragraph at lines 466--467
\TU/TimesNewRoman(0)/m/n/10 reverses several directions. The coherence hypothes
is
 []

[25] [26]
File: ../figures/task//m1_task_contact_sheet.png Graphic file (type bmp)
<../figures/task//m1_task_contact_sheet.png>


Package caption Warning: \captionsetup{type*=...} or \captionof
(caption)                outside box or environment on input line 492.
See the caption package documentation for explanation.


Package caption Warning: The option `hypcap=true' will be ignored for this
(caption)                particular \caption on input line 492.
See the caption package documentation for explanation.

[27

]
File: ../figures/behavior//m3_behavior_vda1_affine_ew.pdf Graphic file (type pd
f)
<use ../figures/behavior//m3_behavior_vda1_affine_ew.pdf>
File: ../figures/behavior//m3_behavior_vda1_crossattn1.pdf Graphic file (type p
df)
<use ../figures/behavior//m3_behavior_vda1_crossattn1.pdf>
File: ../figures/behavior//m3_behavior_vda2_affine_ew.pdf Graphic file (type pd
f)
<use ../figures/behavior//m3_behavior_vda2_affine_ew.pdf>
File: ../figures/behavior//m3_behavior_vda2_crossattn1.pdf Graphic file (type p
df)
<use ../figures/behavior//m3_behavior_vda2_crossattn1.pdf>
File: ../figures/behavior//m3_behavior_vda4_affine_ew.pdf Graphic file (type pd
f)
<use ../figures/behavior//m3_behavior_vda4_affine_ew.pdf>
File: ../figures/behavior//m3_behavior_vda4_crossattn1.pdf Graphic file (type p
df)
<use ../figures/behavior//m3_behavior_vda4_crossattn1.pdf>
File: ../figures/behavior//m3_behavior_vda9_affine_ew.pdf Graphic file (type pd
f)
<use ../figures/behavior//m3_behavior_vda9_affine_ew.pdf>
File: ../figures/behavior//m3_behavior_vda9_crossattn1.pdf Graphic file (type p
df)
<use ../figures/behavior//m3_behavior_vda9_crossattn1.pdf>


Package caption Warning: The option `hypcap=true' will be ignored for this
(caption)                particular \caption on input line 507.
See the caption package documentation for explanation.

[28]
File: ../figures/spatial_scaling//attention_common_2x2_maps_seed0.pdf Graphic f
ile (type pdf)
<use ../figures/spatial_scaling//attention_common_2x2_maps_seed0.pdf>


Package caption Warning: The option `hypcap=true' will be ignored for this
(caption)                particular \caption on input line 516.
See the caption package documentation for explanation.

[29

]
File: ../figures/spatial_scaling//attention_native_patch_maps_seed0.pdf Graphic
 file (type pdf)
<use ../figures/spatial_scaling//attention_native_patch_maps_seed0.pdf>


Package caption Warning: The option `hypcap=true' will be ignored for this
(caption)                particular \caption on input line 522.
See the caption package documentation for explanation.

[30

]
File: ../figures/spatial_scaling//attention_crossattn_source_common_2x2_seed0.p
df Graphic file (type pdf)
<use ../figures/spatial_scaling//attention_crossattn_source_common_2x2_seed0.pd
f>


Package caption Warning: The option `hypcap=true' will be ignored for this
(caption)                particular \caption on input line 528.
See the caption package documentation for explanation.

[31

]
File: ../figures/spatial_scaling//attention_crossattn_source_maps_seed0.pdf Gra
phic file (type pdf)
<use ../figures/spatial_scaling//attention_crossattn_source_maps_seed0.pdf>


Package caption Warning: The option `hypcap=true' will be ignored for this
(caption)                particular \caption on input line 534.
See the caption package documentation for explanation.

[32

]
File: ../figures/spatial_scaling//attention_crossattn_source_timecourse_grid2x2
_seed0.pdf Graphic file (type pdf)
<use ../figures/spatial_scaling//attention_crossattn_source_timecourse_grid2x2_
seed0.pdf>


Package caption Warning: The option `hypcap=true' will be ignored for this
(caption)                particular \caption on input line 540.
See the caption package documentation for explanation.

[33

]
File: ../figures/spatial_scaling//attention_crossattn_source_timecourse_grid4x4
_seed0.pdf Graphic file (type pdf)
<use ../figures/spatial_scaling//attention_crossattn_source_timecourse_grid4x4_
seed0.pdf>


Package caption Warning: The option `hypcap=true' will be ignored for this
(caption)                particular \caption on input line 546.
See the caption package documentation for explanation.

[34

]
File: ../figures/spatial_scaling//attention_crossattn_source_timecourse_grid10x
10_seed0.pdf Graphic file (type pdf)
<use ../figures/spatial_scaling//attention_crossattn_source_timecourse_grid10x1
0_seed0.pdf>


Package caption Warning: The option `hypcap=true' will be ignored for this
(caption)                particular \caption on input line 552.
See the caption package documentation for explanation.

(generated/status_summary.tex) (generated/object_status_counts.tex [35

])
Underfull \hbox (badness 7047) in paragraph at lines 559--560
\TU/TimesNewRoman(0)/m/n/10 Val4=\TU/lmtt/m/n/10 validity4\TU/TimesNewRoman(0)/
m/n/10 ; H1/H2/H4/H9/H16=historical VDA set sizes; Excl=\TU/lmtt/m/n/10 vda_exc
l\TU/TimesNewRoman(0)/m/n/10 ; PC/PU=cued/uncued probes;
 []

[36]
*geometry* verbose mode - [ newgeometry ] result:
* driver: xetex
* paper: letterpaper
* layout: <same size as paper>
* layoutoffset:(h,v)=(0.0pt,0.0pt)
* modes: 
* h-part:(L,W,R)=(14.45377pt, 585.38747pt, 14.45377pt)
* v-part:(T,H,B)=(14.45377pt, 766.06245pt, 14.45377pt)
* \paperwidth=614.295pt
* \paperheight=794.96999pt
* \textwidth=585.38747pt
* \textheight=766.06245pt
* \oddsidemargin=-57.81622pt
* \evensidemargin=-57.81622pt
* \topmargin=-94.81622pt
* \headheight=12.0pt
* \headsep=25.0pt
* \topskip=10.0pt
* \footskip=30.0pt
* \marginparwidth=65.0pt
* \marginparsep=11.0pt
* \columnsep=20.2355pt
* \skip\footins=9.0pt plus 4.0pt minus 2.0pt
* \hoffset=0.0pt
* \voffset=0.0pt
* \mag=1000
* \@twocolumnfalse
* \@twosidefalse
* \@mparswitchfalse
* \@reversemarginfalse
* (1in=72.27pt=25.4mm, 1cm=28.453pt)

 (generated/panel_coverage_table.tex
Underfull \hbox (badness 2205) in paragraph at lines 18--18
[]|\TU/TimesNewRoman(0)/m/n/8 C: Val4, H1, H2,
 []


Underfull \hbox (badness 2205) in paragraph at lines 19--19
[]|\TU/TimesNewRoman(0)/m/n/8 C: Val4, H1, H2,
 []


Underfull \hbox (badness 2205) in paragraph at lines 20--20
[]|\TU/TimesNewRoman(0)/m/n/8 C: Val4, H2, H4,
 []


Underfull \hbox (badness 2205) in paragraph at lines 22--22
[]|\TU/TimesNewRoman(0)/m/n/8 C: Val4, H1, H2,
 []


Underfull \hbox (badness 2205) in paragraph at lines 23--23
[]|\TU/TimesNewRoman(0)/m/n/8 C: Val4, H1, H2,
 []


Underfull \hbox (badness 2205) in paragraph at lines 24--24
[]|\TU/TimesNewRoman(0)/m/n/8 C: Val4, H1, H2,
 []


Underfull \hbox (badness 2205) in paragraph at lines 25--25
[]|\TU/TimesNewRoman(0)/m/n/8 C: Val4, H1, H2,
 []


Underfull \hbox (badness 2111) in paragraph at lines 54--55
\TU/TimesNewRoman(0)/m/n/8 H16, Excl, PC, PU,
 []


Underfull \hbox (badness 2111) in paragraph at lines 55--56
\TU/TimesNewRoman(0)/m/n/8 H16, Excl, PC, PU,
 []


Underfull \hbox (badness 2111) in paragraph at lines 57--58
\TU/TimesNewRoman(0)/m/n/8 H16, Excl, PC, PU,
 []


Underfull \hbox (badness 10000) in paragraph at lines 58--58
[]|\TU/TimesNewRoman(0)/m/n/8 additive Q/K/V behav-
 []


Underfull \hbox (badness 2111) in paragraph at lines 58--59
\TU/TimesNewRoman(0)/m/n/8 H16, Excl, PC, PU,
 []


Underfull \hbox (badness 2111) in paragraph at lines 60--61
\TU/TimesNewRoman(0)/m/n/8 H16, Excl, PC, PU,
 []


Underfull \hbox (badness 10000) in paragraph at lines 61--61
[]|\TU/TimesNewRoman(0)/m/n/8 multiplicative Q/K/V behav-
 []


Underfull \hbox (badness 2111) in paragraph at lines 61--62
\TU/TimesNewRoman(0)/m/n/8 H16, Excl, PC, PU,
 []


Underfull \hbox (badness 1661) in paragraph at lines 65--65
[]|\TU/TimesNewRoman(0)/m/n/8 all-slot location decoding across
 []


Underfull \hbox (badness 10000) in paragraph at lines 80--80
[]|\TU/TimesNewRoman(0)/m/n/8 natural S1-change logit scat-
 []


Underfull \hbox (badness 10000) in paragraph at lines 82--82
[]|\TU/TimesNewRoman(0)/m/n/8 zero S1 allocation logit scat-
 []


Underfull \hbox (badness 3375) in paragraph at lines 85--85
[]|\TU/TimesNewRoman(0)/m/n/8 TD error with target allocation
 []


Underfull \hbox (badness 3375) in paragraph at lines 86--86
[]|\TU/TimesNewRoman(0)/m/n/8 TD error with target allocation
 []


Underfull \hbox (badness 5231) in paragraph at lines 95--95
[]|\TU/TimesNewRoman(0)/m/n/8 criterion vs cue-time allocation
 []


Underfull \hbox (badness 10000) in paragraph at lines 101--101
[]|\TU/TimesNewRoman(0)/m/n/8 S17-action-
 []


Underfull \hbox (badness 2111) in paragraph at lines 101--102
\TU/TimesNewRoman(0)/m/n/8 H16, Excl, PC, PU,
 []


Underfull \hbox (badness 10000) in paragraph at lines 102--102
[]|\TU/TimesNewRoman(0)/m/n/8 S17-belief-
 []


Underfull \hbox (badness 2111) in paragraph at lines 102--103
\TU/TimesNewRoman(0)/m/n/8 H16, Excl, PC, PU,
 []


Underfull \hbox (badness 2111) in paragraph at lines 103--104
\TU/TimesNewRoman(0)/m/n/8 H16, Excl, PC, PU,
 []


Underfull \hbox (badness 10000) in paragraph at lines 104--104
[]|\TU/TimesNewRoman(0)/m/n/8 S17-action-
 []


Underfull \hbox (badness 2111) in paragraph at lines 104--105
\TU/TimesNewRoman(0)/m/n/8 H16, Excl, PC, PU,
 []


Underfull \hbox (badness 10000) in paragraph at lines 105--105
[]|\TU/TimesNewRoman(0)/m/n/8 S17-belief-
 []


Underfull \hbox (badness 2111) in paragraph at lines 105--106
\TU/TimesNewRoman(0)/m/n/8 H16, Excl, PC, PU,
 []


Underfull \hbox (badness 10000) in paragraph at lines 106--106
[]|\TU/TimesNewRoman(0)/m/n/8 S17-rl-
 []


Underfull \hbox (badness 10000) in paragraph at lines 106--106
[]|\TU/TimesNewRoman(0)/m/n/8 allocation row: reinforcement
 []


Underfull \hbox (badness 2111) in paragraph at lines 106--107
\TU/TimesNewRoman(0)/m/n/8 H16, Excl, PC, PU,
 []

[37

] [38]) [39] (generated/matched_width_absolute_behavior.tex

Package caption Warning: The option `hypcap=true' will be ignored for this
(caption)                particular \caption on input line 2.
See the caption package documentation for explanation.

) (generated/matched_width_clamp_constituents.tex

Package caption Warning: The option `hypcap=true' will be ignored for this
(caption)                particular \caption on input line 2.
See the caption package documentation for explanation.

)
Underfull \hbox (badness 10000) in paragraph at lines 575--575
[]|$[][][][][][][] [] [][][] [] [][][][][][] [] [][][][][][][][][][] [] [][][] 
[] [][][] [] [][][][] []
 []


Underfull \hbox (badness 10000) in paragraph at lines 579--579
[]|\TU/TimesNewRoman(0)/m/n/9 First-wave checkpoint
 []


Underfull \hbox (badness 10000) in paragraph at lines 581--581
[]|\TU/TimesNewRoman(0)/m/n/9 VDA16 cross-attention
 []


Underfull \hbox (badness 10000) in paragraph at lines 581--581
[]|$[][][][] [] [][][][] [] [][][][][] [] [][][][] [] [][][][][] [] [][][][][][
][] [] [][][] []
 []


Underfull \hbox (badness 10000) in paragraph at lines 581--581
[][][][][][] [] [][][][][] [] [][][][][][][][][] [] [][][][][][][] [] [][][][][
][][][] []
 []


Underfull \hbox (badness 10000) in paragraph at lines 582--582
[]|$[][][][] [] [][][][] [] [][][][][] [] [][][][] [] [][][][][] [] [][][][][][
][] [] [][][] []
 []


Underfull \hbox (badness 10000) in paragraph at lines 582--582
[][][][][][] [] [][][][][] [] [][][][][][] [] [][][][][][][] [] [][][][][][][][
] []
 []


Underfull \hbox (badness 7344) in paragraph at lines 582--583
[]|\TU/TimesNewRoman(0)/m/n/9 Terminal, validation-gated; freezes the
 []


Underfull \hbox (badness 10000) in paragraph at lines 583--583
[]|$[][][][] [] [][][][] [] [][][][][] [] [][][][] [] [][][][][] [] [][][][][][
][] [] [][][] []
 []


Underfull \hbox (badness 10000) in paragraph at lines 583--583
[][][][][][] [] [][][][][] [] [][][][] [] [][] [] [][][][][][][][] [] [][][][][
][][][][] []
 []


Underfull \hbox (badness 10000) in paragraph at lines 584--584
[]|\TU/TimesNewRoman(0)/m/n/9 VDA4 cross-attention
 []


Underfull \hbox (badness 10000) in paragraph at lines 584--584
[]|$[][][][][][][][][] [] [][][][] [] [][][][] [] [][][][] [] [][][][][][][][][
][] [] [][][][] []
 []


Underfull \hbox (badness 10000) in paragraph at lines 584--585
[]|\TU/TimesNewRoman(0)/m/n/9 Terminal, iteration 19,999, SHA-256
 []


Underfull \hbox (badness 4582) in paragraph at lines 585--585
[]|\TU/TimesNewRoman(0)/m/n/9 Change-location interven-
 []


Underfull \hbox (badness 10000) in paragraph at lines 585--585
[]|$[][][][] [] [][][][] [] [][][][][] [] [][][][] [] [][][][][] [] [][][][][][
][] [] [][][] []
 []


Underfull \hbox (badness 10000) in paragraph at lines 585--586
[]|\TU/TimesNewRoman(0)/m/n/9 Checkpoint-recomputed; VDA4/VDA9
 []


Underfull \hbox (badness 4582) in paragraph at lines 586--586
[]|\TU/TimesNewRoman(0)/m/n/9 Change-location interven-
 []


Underfull \hbox (badness 10000) in paragraph at lines 586--586
[]|$[][][][] [] [][][][] [] [][][][][] [] [][][][] [] [][][][][] [] [][][][][][
][] [] [][][] []
 []


Underfull \hbox (badness 10000) in paragraph at lines 586--586
[][][][][][] [] [][][][][][] [] [][][][][][][][] [] [][][][][][][][][][][][] []
 [][][][] []
 []


Underfull \hbox (badness 10000) in paragraph at lines 586--587
[]|\TU/TimesNewRoman(0)/m/n/9 Freshly trained checkpoint (SHA-256
 []


Underfull \hbox (badness 10000) in paragraph at lines 588--588
[]|\TU/TimesNewRoman(0)/m/n/9 Baseline sensitiv-
 []


Underfull \hbox (badness 10000) in paragraph at lines 588--588
\TU/TimesNewRoman(0)/m/n/9 ity/criterion decompo-
 []


Underfull \hbox (badness 10000) in paragraph at lines 588--588
[]|$[][][][] [] [][][][] [] [][][][][] [] [][][][] [] [][][][][] [] [][][][][][
][] [] [][][] []
 []


Underfull \hbox (badness 10000) in paragraph at lines 588--589
[]|\TU/TimesNewRoman(0)/m/n/9 Checkpoint-recomputed no-change arm;
 []


Underfull \hbox (badness 2158) in paragraph at lines 589--589
[]|\TU/TimesNewRoman(0)/m/n/9 VDA4 spatial-token scal-
 []


Underfull \hbox (badness 10000) in paragraph at lines 589--589
[]|$[][][][] [] [][][][] [] [][][][][] [] [][][][] [] [][][][][] [] [][][][][][
][] [] [][][] []
 []


Underfull \hbox (badness 10000) in paragraph at lines 589--589
[][][][][][] [] [][][][][][][] [] [][][][][][][] [] [][][][][][][][][][] [] [][
][][][][][][][][] []
 []


Underfull \hbox (badness 10000) in paragraph at lines 589--590
[]|\TU/TimesNewRoman(0)/m/n/9 Six terminal seed-0 checkpoints;
 []


Underfull \hbox (badness 10000) in paragraph at lines 589--590
\TU/TimesNewRoman(0)/m/n/9 checkpoint-recomputed psychometric,
 []


Underfull \hbox (badness 2073) in paragraph at lines 589--590
\TU/TimesNewRoman(0)/m/n/9 attention, and causal-intervention caches
 []


Underfull \hbox (badness 10000) in paragraph at lines 590--590
[]|\TU/TimesNewRoman(0)/m/n/9 Cross-attention endpoint
 []


Underfull \hbox (badness 10000) in paragraph at lines 590--590
[]|$[][][][] [] [][][][] [] [][][][][] [] [][][][] [] [][][][][] [] [][][][][][
][] [] [][][] []
 []


Underfull \hbox (badness 10000) in paragraph at lines 590--590
[][][][][][] [] [][][][][][][] [] [][][][][][][] [] [][][][][][][][][][] [] [][
][][][][][][][][] []
 []


Underfull \hbox (badness 10000) in paragraph at lines 591--591
[]|\TU/TimesNewRoman(0)/m/n/9 Cross-attention source-
 []


Underfull \hbox (badness 10000) in paragraph at lines 591--591
[]|$[][][][] [] [][][][] [] [][][][][] [] [][][][] [] [][][][][] [] [][][][][][
][] [] [][][] []
 []


Underfull \hbox (badness 10000) in paragraph at lines 591--591
[][][][][][] [] [][][][][][][] [] [][][][][][][] [] [][][][][][][][][] [] [][][
][][][] []
 []


Underfull \hbox (badness 1910) in paragraph at lines 591--592
[]|\TU/TimesNewRoman(0)/m/n/9 Five hash-matched terminal checkpoints;
 []


Underfull \hbox (badness 1184) in paragraph at lines 591--592
\TU/TimesNewRoman(0)/m/n/9 retained before addition; parity manifest
 []


Underfull \hbox (badness 10000) in paragraph at lines 592--592
[]|$[][][][] [] [][][][] [] [][][][][] [] [][][][] [] [][][][][] [] [][][][][][
][] [] [][][] []
 []


Underfull \hbox (badness 10000) in paragraph at lines 592--592
[][][][][][] [] [][][][][][][] [] [][][][][][][] [] [][][][][][][][][] [] [][][
][][][][][] []
 []


Underfull \hbox (badness 10000) in paragraph at lines 592--593
[]|\TU/TimesNewRoman(0)/m/n/9 Source-hash verified; 7,680 source-
 []


Underfull \hbox (badness 10000) in paragraph at lines 592--593
\TU/TimesNewRoman(0)/m/n/9 location diagnostics, source-separated
 []


Underfull \hbox (badness 10000) in paragraph at lines 592--593
\TU/TimesNewRoman(0)/m/n/9 maps/maxima, eleven vector figures;
 []


Underfull \hbox (badness 10000) in paragraph at lines 593--593
[]|\TU/TimesNewRoman(0)/m/n/9 Memory-decay compari-
 []


Underfull \hbox (badness 10000) in paragraph at lines 593--593
[]|$[][][][] [] [][][][] [] [][][][][] [] [][][][] [] [][][][][] [] [][][][][][
][][] [] [][][][] []
 []


Underfull \hbox (badness 10000) in paragraph at lines 593--594
[]|\TU/TimesNewRoman(0)/m/n/9 Checkpoint-recomputed, paired frozen
 []


Underfull \hbox (badness 10000) in paragraph at lines 594--594
[]|$[][][][][][][] [] [][][] [] [][][][][][] [] [][][] [] [][][][][][] [] [][][
][][] []
 []


Underfull \hbox (badness 1478) in paragraph at lines 594--595
[]|\TU/TimesNewRoman(0)/m/n/9 Source-grounded inventory and machine-
 []

[40

] [41] (main.aux)
Package rerunfilecheck Info: File `main.out' has not changed.
(rerunfilecheck)             Checksum: B1A453C5AB78BCF9FE23257DBC0C65E4;9919.
 )
Output written on main.xdv (41 pages, 1017388 bytes).
