This is pdfTeX, Version 3.141592653-2.6-1.40.29 (TeX Live 2026) (preloaded format=pdflatex 2026.3.1)  30 JUN 2026 06:51
entering extended mode
 restricted \write18 enabled.
 %&-line parsing enabled.
**main.tex
(./main.tex
LaTeX2e <2025-11-01>
L3 programming layer <2026-01-19>
(/usr/local/texlive/2026basic/texmf-dist/tex/latex/base/report.cls
Document Class: report 2025/01/22 v1.4n Standard LaTeX document class
(/usr/local/texlive/2026basic/texmf-dist/tex/latex/base/size11.clo
File: size11.clo 2025/01/22 v1.4n Standard LaTeX file (size option)
)
\c@part=\count275
\c@chapter=\count276
\c@section=\count277
\c@subsection=\count278
\c@subsubsection=\count279
\c@paragraph=\count280
\c@subparagraph=\count281
\c@figure=\count282
\c@table=\count283
\abovecaptionskip=\skip49
\belowcaptionskip=\skip50
\bibindent=\dimen148
)
(/usr/local/texlive/2026basic/texmf-dist/tex/latex/base/inputenc.sty
Package: inputenc 2024/02/08 v1.3d Input encoding file
\inpenc@prehook=\toks17
\inpenc@posthook=\toks18
)
(/usr/local/texlive/2026basic/texmf-dist/tex/latex/base/fontenc.sty
Package: fontenc 2025/07/18 v2.1d Standard LaTeX package
)
(/usr/local/texlive/2026basic/texmf-dist/tex/latex/lm/lmodern.sty
Package: lmodern 2015/05/01 v1.6.1 Latin Modern Fonts
LaTeX Font Info:    Overwriting symbol font `operators' in version `normal'
(Font)                  OT1/cmr/m/n --> OT1/lmr/m/n on input line 22.
LaTeX Font Info:    Overwriting symbol font `letters' in version `normal'
(Font)                  OML/cmm/m/it --> OML/lmm/m/it on input line 23.
LaTeX Font Info:    Overwriting symbol font `symbols' in version `normal'
(Font)                  OMS/cmsy/m/n --> OMS/lmsy/m/n on input line 24.
LaTeX Font Info:    Overwriting symbol font `largesymbols' in version `normal'
(Font)                  OMX/cmex/m/n --> OMX/lmex/m/n on input line 25.
LaTeX Font Info:    Overwriting symbol font `operators' in version `bold'
(Font)                  OT1/cmr/bx/n --> OT1/lmr/bx/n on input line 26.
LaTeX Font Info:    Overwriting symbol font `letters' in version `bold'
(Font)                  OML/cmm/b/it --> OML/lmm/b/it on input line 27.
LaTeX Font Info:    Overwriting symbol font `symbols' in version `bold'
(Font)                  OMS/cmsy/b/n --> OMS/lmsy/b/n on input line 28.
LaTeX Font Info:    Overwriting symbol font `largesymbols' in version `bold'
(Font)                  OMX/cmex/m/n --> OMX/lmex/m/n on input line 29.
LaTeX Font Info:    Overwriting math alphabet `\mathbf' in version `normal'
(Font)                  OT1/cmr/bx/n --> OT1/lmr/bx/n on input line 31.
LaTeX Font Info:    Overwriting math alphabet `\mathsf' in version `normal'
(Font)                  OT1/cmss/m/n --> OT1/lmss/m/n on input line 32.
LaTeX Font Info:    Overwriting math alphabet `\mathit' in version `normal'
(Font)                  OT1/cmr/m/it --> OT1/lmr/m/it on input line 33.
LaTeX Font Info:    Overwriting math alphabet `\mathtt' in version `normal'
(Font)                  OT1/cmtt/m/n --> OT1/lmtt/m/n on input line 34.
LaTeX Font Info:    Overwriting math alphabet `\mathbf' in version `bold'
(Font)                  OT1/cmr/bx/n --> OT1/lmr/bx/n on input line 35.
LaTeX Font Info:    Overwriting math alphabet `\mathsf' in version `bold'
(Font)                  OT1/cmss/bx/n --> OT1/lmss/bx/n on input line 36.
LaTeX Font Info:    Overwriting math alphabet `\mathit' in version `bold'
(Font)                  OT1/cmr/bx/it --> OT1/lmr/bx/it on input line 37.
LaTeX Font Info:    Overwriting math alphabet `\mathtt' in version `bold'
(Font)                  OT1/cmtt/m/n --> OT1/lmtt/m/n on input line 38.
)
(/usr/local/texlive/2026basic/texmf-dist/tex/latex/geometry/geometry.sty
Package: geometry 2020/01/02 v5.9 Page Geometry

(/usr/local/texlive/2026basic/texmf-dist/tex/latex/graphics/keyval.sty
Package: keyval 2022/05/29 v1.15 key=value parser (DPC)
\KV@toks@=\toks19
)
(/usr/local/texlive/2026basic/texmf-dist/tex/generic/iftex/ifvtex.sty
Package: ifvtex 2019/10/25 v1.7 ifvtex legacy package. Use iftex instead.

(/usr/local/texlive/2026basic/texmf-dist/tex/generic/iftex/iftex.sty
Package: iftex 2024/12/12 v1.0g TeX engine tests
))
\Gm@cnth=\count284
\Gm@cntv=\count285
\c@Gm@tempcnt=\count286
\Gm@bindingoffset=\dimen149
\Gm@wd@mp=\dimen150
\Gm@odd@mp=\dimen151
\Gm@even@mp=\dimen152
\Gm@layoutwidth=\dimen153
\Gm@layoutheight=\dimen154
\Gm@layouthoffset=\dimen155
\Gm@layoutvoffset=\dimen156
\Gm@dimlist=\toks20
)
(/usr/local/texlive/2026basic/texmf-dist/tex/latex/amsmath/amsmath.sty
Package: amsmath 2025/07/09 v2.17z AMS math features
\@mathmargin=\skip51

For additional information on amsmath, use the `?' option.
(/usr/local/texlive/2026basic/texmf-dist/tex/latex/amsmath/amstext.sty
Package: amstext 2024/11/17 v2.01 AMS text

(/usr/local/texlive/2026basic/texmf-dist/tex/latex/amsmath/amsgen.sty
File: amsgen.sty 1999/11/30 v2.0 generic functions
\@emptytoks=\toks21
\ex@=\dimen157
))
(/usr/local/texlive/2026basic/texmf-dist/tex/latex/amsmath/amsbsy.sty
Package: amsbsy 1999/11/29 v1.2d Bold Symbols
\pmbraise@=\dimen158
)
(/usr/local/texlive/2026basic/texmf-dist/tex/latex/amsmath/amsopn.sty
Package: amsopn 2022/04/08 v2.04 operator names
)
\inf@bad=\count287
LaTeX Info: Redefining \frac on input line 233.
\uproot@=\count288
\leftroot@=\count289
LaTeX Info: Redefining \overline on input line 398.
LaTeX Info: Redefining \colon on input line 409.
\classnum@=\count290
\DOTSCASE@=\count291
LaTeX Info: Redefining \ldots on input line 495.
LaTeX Info: Redefining \dots on input line 498.
LaTeX Info: Redefining \cdots on input line 619.
\Mathstrutbox@=\box53
\strutbox@=\box54
LaTeX Info: Redefining \big on input line 721.
LaTeX Info: Redefining \Big on input line 722.
LaTeX Info: Redefining \bigg on input line 723.
LaTeX Info: Redefining \Bigg on input line 724.
\big@size=\dimen159
LaTeX Font Info:    Redeclaring font encoding OML on input line 742.
LaTeX Font Info:    Redeclaring font encoding OMS on input line 743.
\macc@depth=\count292
LaTeX Info: Redefining \bmod on input line 904.
LaTeX Info: Redefining \pmod on input line 909.
LaTeX Info: Redefining \smash on input line 939.
LaTeX Info: Redefining \relbar on input line 969.
LaTeX Info: Redefining \Relbar on input line 970.
\c@MaxMatrixCols=\count293
\dotsspace@=\muskip17
\c@parentequation=\count294
\dspbrk@lvl=\count295
\tag@help=\toks22
\row@=\count296
\column@=\count297
\maxfields@=\count298
\andhelp@=\toks23
\eqnshift@=\dimen160
\alignsep@=\dimen161
\tagshift@=\dimen162
\tagwidth@=\dimen163
\totwidth@=\dimen164
\lineht@=\dimen165
\@envbody=\toks24
\multlinegap=\skip52
\multlinetaggap=\skip53
\mathdisplay@stack=\toks25
LaTeX Info: Redefining \[ on input line 2950.
LaTeX Info: Redefining \] on input line 2951.
)
(/usr/local/texlive/2026basic/texmf-dist/tex/latex/amsfonts/amssymb.sty
Package: amssymb 2013/01/14 v3.01 AMS font symbols

(/usr/local/texlive/2026basic/texmf-dist/tex/latex/amsfonts/amsfonts.sty
Package: amsfonts 2013/01/14 v3.01 Basic AMSFonts support
\symAMSa=\mathgroup4
\symAMSb=\mathgroup5
LaTeX Font Info:    Redeclaring math symbol \hbar on input line 98.
LaTeX Font Info:    Overwriting math alphabet `\mathfrak' in version `bold'
(Font)                  U/euf/m/n --> U/euf/b/n on input line 106.
))
(/usr/local/texlive/2026basic/texmf-dist/tex/latex/amscls/amsthm.sty
Package: amsthm 2020/05/29 v2.20.6
\thm@style=\toks26
\thm@bodyfont=\toks27
\thm@headfont=\toks28
\thm@notefont=\toks29
\thm@headpunct=\toks30
\thm@preskip=\skip54
\thm@postskip=\skip55
\thm@headsep=\skip56
\dth@everypar=\toks31
)
(/usr/local/texlive/2026basic/texmf-dist/tex/latex/mathtools/mathtools.sty
Package: mathtools 2024/10/04 v1.31 mathematical typesetting tools

(/usr/local/texlive/2026basic/texmf-dist/tex/latex/tools/calc.sty
Package: calc 2025/03/01 v4.3b Infix arithmetic (KKT,FJ)
\calc@Acount=\count299
\calc@Bcount=\count300
\calc@Adimen=\dimen166
\calc@Bdimen=\dimen167
\calc@Askip=\skip57
\calc@Bskip=\skip58
LaTeX Info: Redefining \setlength on input line 86.
LaTeX Info: Redefining \addtolength on input line 87.
\calc@Ccount=\count301
\calc@Cskip=\skip59
)
(/usr/local/texlive/2026basic/texmf-dist/tex/latex/mathtools/mhsetup.sty
Package: mhsetup 2021/03/18 v1.4 programming setup (MH)
)
\g_MT_multlinerow_int=\count302
\l_MT_multwidth_dim=\dimen168
\origjot=\skip60
\l_MT_shortvdotswithinadjustabove_dim=\dimen169
\l_MT_shortvdotswithinadjustbelow_dim=\dimen170
\l_MT_above_intertext_sep=\dimen171
\l_MT_below_intertext_sep=\dimen172
\l_MT_above_shortintertext_sep=\dimen173
\l_MT_below_shortintertext_sep=\dimen174
\xmathstrut@box=\box55
\xmathstrut@dim=\dimen175
)
(/usr/local/texlive/2026basic/texmf-dist/tex/latex/graphics/graphicx.sty
Package: graphicx 2024/12/31 v1.2e Enhanced LaTeX Graphics (DPC,SPQR)

(/usr/local/texlive/2026basic/texmf-dist/tex/latex/graphics/graphics.sty
Package: graphics 2024/08/06 v1.4g Standard LaTeX Graphics (DPC,SPQR)

(/usr/local/texlive/2026basic/texmf-dist/tex/latex/graphics/trig.sty
Package: trig 2023/12/02 v1.11 sin cos tan (DPC)
)
(/usr/local/texlive/2026basic/texmf-dist/tex/latex/graphics-cfg/graphics.cfg
File: graphics.cfg 2016/06/04 v1.11 sample graphics configuration
)
Package graphics Info: Driver file: pdftex.def on input line 106.

(/usr/local/texlive/2026basic/texmf-dist/tex/latex/graphics-def/pdftex.def
File: pdftex.def 2025/09/29 v1.2d Graphics/color driver for pdftex
))
\Gin@req@height=\dimen176
\Gin@req@width=\dimen177
)
(/usr/local/texlive/2026basic/texmf-dist/tex/latex/booktabs/booktabs.sty
Package: booktabs 2020/01/12 v1.61803398 Publication quality tables
\heavyrulewidth=\dimen178
\lightrulewidth=\dimen179
\cmidrulewidth=\dimen180
\belowrulesep=\dimen181
\belowbottomsep=\dimen182
\aboverulesep=\dimen183
\abovetopsep=\dimen184
\cmidrulesep=\dimen185
\cmidrulekern=\dimen186
\defaultaddspace=\dimen187
\@cmidla=\count303
\@cmidlb=\count304
\@aboverulesep=\dimen188
\@belowrulesep=\dimen189
\@thisruleclass=\count305
\@lastruleclass=\count306
\@thisrulewidth=\dimen190
)
(/usr/local/texlive/2026basic/texmf-dist/tex/latex/tools/longtable.sty
Package: longtable 2025-10-13 v4.24 Multi-page Table package (DPC)
\LTleft=\skip61
\LTright=\skip62
\LTpre=\skip63
\LTpost=\skip64
\LTchunksize=\count307
\LTcapwidth=\dimen191
\LT@head=\box56
\LT@firsthead=\box57
\LT@foot=\box58
\LT@lastfoot=\box59
\LT@gbox=\box60
\LT@cols=\count308
\LT@rows=\count309
\c@LT@tables=\count310
\c@LT@chunks=\count311
\LT@p@ftn=\toks32
)
(/usr/local/texlive/2026basic/texmf-dist/tex/latex/tools/array.sty
Package: array 2025/09/25 v2.6n Tabular extension package (FMi)
\col@sep=\dimen192
\ar@mcellbox=\box61
\extrarowheight=\dimen193
\NC@list=\toks33
\extratabsurround=\skip65
\backup@length=\skip66
\ar@cellbox=\box62
)
(/usr/local/texlive/2026basic/texmf-dist/tex/latex/xcolor/xcolor.sty
Package: xcolor 2024/09/29 v3.02 LaTeX color extensions (UK)

(/usr/local/texlive/2026basic/texmf-dist/tex/latex/graphics-cfg/color.cfg
File: color.cfg 2016/01/02 v1.6 sample color configuration
)
Package xcolor Info: Driver file: pdftex.def on input line 274.

(/usr/local/texlive/2026basic/texmf-dist/tex/latex/graphics/mathcolor.ltx)
Package xcolor Info: Model `cmy' substituted by `cmy0' on input line 1349.
Package xcolor Info: Model `hsb' substituted by `rgb' on input line 1353.
Package xcolor Info: Model `RGB' extended on input line 1365.
Package xcolor Info: Model `HTML' substituted by `rgb' on input line 1367.
Package xcolor Info: Model `Hsb' substituted by `hsb' on input line 1368.
Package xcolor Info: Model `tHsb' substituted by `hsb' on input line 1369.
Package xcolor Info: Model `HSB' substituted by `hsb' on input line 1370.
Package xcolor Info: Model `Gray' substituted by `gray' on input line 1371.
Package xcolor Info: Model `wave' substituted by `hsb' on input line 1372.
)
(/usr/local/texlive/2026basic/texmf-dist/tex/latex/graphics/dvipsnam.def
File: dvipsnam.def 2016/06/17 v3.0m Driver-dependent file (DPC,SPQR)
)
(/usr/local/texlive/2026basic/texmf-dist/tex/latex/pgf/frontendlayer/tikz.sty
(/usr/local/texlive/2026basic/texmf-dist/tex/latex/pgf/basiclayer/pgf.sty
(/usr/local/texlive/2026basic/texmf-dist/tex/latex/pgf/utilities/pgfrcs.sty
(/usr/local/texlive/2026basic/texmf-dist/tex/generic/pgf/utilities/pgfutil-comm
on.tex
\pgfutil@everybye=\toks34
\pgfutil@tempdima=\dimen194
\pgfutil@tempdimb=\dimen195
)
(/usr/local/texlive/2026basic/texmf-dist/tex/generic/pgf/utilities/pgfutil-late
x.def
\pgfutil@abb=\box63
)
(/usr/local/texlive/2026basic/texmf-dist/tex/generic/pgf/utilities/pgfrcs.code.
tex (/usr/local/texlive/2026basic/texmf-dist/tex/generic/pgf/pgf.revision.tex)
Package: pgfrcs 2025-08-29 v3.1.11a (3.1.11a)
))
Package: pgf 2025-08-29 v3.1.11a (3.1.11a)
 (/usr/local/texlive/2026basic/texmf-dist/tex/latex/pgf/basiclayer/pgfcore.sty 
(/usr/local/texlive/2026basic/texmf-dist/tex/latex/pgf/systemlayer/pgfsys.sty
(/usr/local/texlive/2026basic/texmf-dist/tex/generic/pgf/systemlayer/pgfsys.cod
e.tex
Package: pgfsys 2025-08-29 v3.1.11a (3.1.11a)

(/usr/local/texlive/2026basic/texmf-dist/tex/generic/pgf/utilities/pgfkeys.code
.tex
\pgfkeys@pathtoks=\toks35
\pgfkeys@temptoks=\toks36

(/usr/local/texlive/2026basic/texmf-dist/tex/generic/pgf/utilities/pgfkeyslibra
ryfiltered.code.tex
\pgfkeys@tmptoks=\toks37
))
\pgf@x=\dimen196
\pgf@y=\dimen197
\pgf@xa=\dimen198
\pgf@ya=\dimen199
\pgf@xb=\dimen256
\pgf@yb=\dimen257
\pgf@xc=\dimen258
\pgf@yc=\dimen259
\pgf@xd=\dimen260
\pgf@yd=\dimen261
\w@pgf@writea=\write3
\r@pgf@reada=\read2
\c@pgf@counta=\count312
\c@pgf@countb=\count313
\c@pgf@countc=\count314
\c@pgf@countd=\count315
\t@pgf@toka=\toks38
\t@pgf@tokb=\toks39
\t@pgf@tokc=\toks40
\pgf@sys@id@count=\count316

(/usr/local/texlive/2026basic/texmf-dist/tex/generic/pgf/systemlayer/pgf.cfg
File: pgf.cfg 2025-08-29 v3.1.11a (3.1.11a)
)
Driver file for pgf: pgfsys-pdftex.def

(/usr/local/texlive/2026basic/texmf-dist/tex/generic/pgf/systemlayer/pgfsys-pdf
tex.def
File: pgfsys-pdftex.def 2025-08-29 v3.1.11a (3.1.11a)

(/usr/local/texlive/2026basic/texmf-dist/tex/generic/pgf/systemlayer/pgfsys-com
mon-pdf.def
File: pgfsys-common-pdf.def 2025-08-29 v3.1.11a (3.1.11a)
)))
(/usr/local/texlive/2026basic/texmf-dist/tex/generic/pgf/systemlayer/pgfsyssoft
path.code.tex
File: pgfsyssoftpath.code.tex 2025-08-29 v3.1.11a (3.1.11a)
\pgfsyssoftpath@smallbuffer@items=\count317
\pgfsyssoftpath@bigbuffer@items=\count318
)
(/usr/local/texlive/2026basic/texmf-dist/tex/generic/pgf/systemlayer/pgfsysprot
ocol.code.tex
File: pgfsysprotocol.code.tex 2025-08-29 v3.1.11a (3.1.11a)
))
(/usr/local/texlive/2026basic/texmf-dist/tex/generic/pgf/basiclayer/pgfcore.cod
e.tex
Package: pgfcore 2025-08-29 v3.1.11a (3.1.11a)

(/usr/local/texlive/2026basic/texmf-dist/tex/generic/pgf/math/pgfmath.code.tex
(/usr/local/texlive/2026basic/texmf-dist/tex/generic/pgf/math/pgfmathutil.code.
tex)
(/usr/local/texlive/2026basic/texmf-dist/tex/generic/pgf/math/pgfmathparser.cod
e.tex
\pgfmath@dimen=\dimen262
\pgfmath@count=\count319
\pgfmath@box=\box64
\pgfmath@toks=\toks41
\pgfmath@stack@operand=\toks42
\pgfmath@stack@operation=\toks43
)
(/usr/local/texlive/2026basic/texmf-dist/tex/generic/pgf/math/pgfmathfunctions.
code.tex)
(/usr/local/texlive/2026basic/texmf-dist/tex/generic/pgf/math/pgfmathfunctions.
basic.code.tex)
(/usr/local/texlive/2026basic/texmf-dist/tex/generic/pgf/math/pgfmathfunctions.
trigonometric.code.tex)
(/usr/local/texlive/2026basic/texmf-dist/tex/generic/pgf/math/pgfmathfunctions.
random.code.tex)
(/usr/local/texlive/2026basic/texmf-dist/tex/generic/pgf/math/pgfmathfunctions.
comparison.code.tex)
(/usr/local/texlive/2026basic/texmf-dist/tex/generic/pgf/math/pgfmathfunctions.
base.code.tex)
(/usr/local/texlive/2026basic/texmf-dist/tex/generic/pgf/math/pgfmathfunctions.
round.code.tex)
(/usr/local/texlive/2026basic/texmf-dist/tex/generic/pgf/math/pgfmathfunctions.
misc.code.tex)
(/usr/local/texlive/2026basic/texmf-dist/tex/generic/pgf/math/pgfmathfunctions.
integerarithmetics.code.tex)
(/usr/local/texlive/2026basic/texmf-dist/tex/generic/pgf/math/pgfmathcalc.code.
tex)
(/usr/local/texlive/2026basic/texmf-dist/tex/generic/pgf/math/pgfmathfloat.code
.tex
\c@pgfmathroundto@lastzeros=\count320
))
(/usr/local/texlive/2026basic/texmf-dist/tex/generic/pgf/math/pgfint.code.tex)
(/usr/local/texlive/2026basic/texmf-dist/tex/generic/pgf/basiclayer/pgfcorepoin
ts.code.tex
File: pgfcorepoints.code.tex 2025-08-29 v3.1.11a (3.1.11a)
\pgf@picminx=\dimen263
\pgf@picmaxx=\dimen264
\pgf@picminy=\dimen265
\pgf@picmaxy=\dimen266
\pgf@pathminx=\dimen267
\pgf@pathmaxx=\dimen268
\pgf@pathminy=\dimen269
\pgf@pathmaxy=\dimen270
\pgf@xx=\dimen271
\pgf@xy=\dimen272
\pgf@yx=\dimen273
\pgf@yy=\dimen274
\pgf@zx=\dimen275
\pgf@zy=\dimen276
)
(/usr/local/texlive/2026basic/texmf-dist/tex/generic/pgf/basiclayer/pgfcorepath
construct.code.tex
File: pgfcorepathconstruct.code.tex 2025-08-29 v3.1.11a (3.1.11a)
\pgf@path@lastx=\dimen277
\pgf@path@lasty=\dimen278
)
(/usr/local/texlive/2026basic/texmf-dist/tex/generic/pgf/basiclayer/pgfcorepath
usage.code.tex
File: pgfcorepathusage.code.tex 2025-08-29 v3.1.11a (3.1.11a)
\pgf@shorten@end@additional=\dimen279
\pgf@shorten@start@additional=\dimen280
)
(/usr/local/texlive/2026basic/texmf-dist/tex/generic/pgf/basiclayer/pgfcorescop
es.code.tex
File: pgfcorescopes.code.tex 2025-08-29 v3.1.11a (3.1.11a)
\pgfpic=\box65
\pgf@hbox=\box66
\pgf@layerbox@main=\box67
\pgf@picture@serial@count=\count321
)
(/usr/local/texlive/2026basic/texmf-dist/tex/generic/pgf/basiclayer/pgfcoregrap
hicstate.code.tex
File: pgfcoregraphicstate.code.tex 2025-08-29 v3.1.11a (3.1.11a)
\pgflinewidth=\dimen281
)
(/usr/local/texlive/2026basic/texmf-dist/tex/generic/pgf/basiclayer/pgfcoretran
sformations.code.tex
File: pgfcoretransformations.code.tex 2025-08-29 v3.1.11a (3.1.11a)
\pgf@pt@x=\dimen282
\pgf@pt@y=\dimen283
\pgf@pt@temp=\dimen284
)
(/usr/local/texlive/2026basic/texmf-dist/tex/generic/pgf/basiclayer/pgfcorequic
k.code.tex
File: pgfcorequick.code.tex 2025-08-29 v3.1.11a (3.1.11a)
)
(/usr/local/texlive/2026basic/texmf-dist/tex/generic/pgf/basiclayer/pgfcoreobje
cts.code.tex
File: pgfcoreobjects.code.tex 2025-08-29 v3.1.11a (3.1.11a)
)
(/usr/local/texlive/2026basic/texmf-dist/tex/generic/pgf/basiclayer/pgfcorepath
processing.code.tex
File: pgfcorepathprocessing.code.tex 2025-08-29 v3.1.11a (3.1.11a)
)
(/usr/local/texlive/2026basic/texmf-dist/tex/generic/pgf/basiclayer/pgfcorearro
ws.code.tex
File: pgfcorearrows.code.tex 2025-08-29 v3.1.11a (3.1.11a)
\pgfarrowsep=\dimen285
)
(/usr/local/texlive/2026basic/texmf-dist/tex/generic/pgf/basiclayer/pgfcoreshad
e.code.tex
File: pgfcoreshade.code.tex 2025-08-29 v3.1.11a (3.1.11a)
\pgf@max=\dimen286
\pgf@sys@shading@range@num=\count322
\pgf@shadingcount=\count323
)
(/usr/local/texlive/2026basic/texmf-dist/tex/generic/pgf/basiclayer/pgfcoreimag
e.code.tex
File: pgfcoreimage.code.tex 2025-08-29 v3.1.11a (3.1.11a)
)
(/usr/local/texlive/2026basic/texmf-dist/tex/generic/pgf/basiclayer/pgfcoreexte
rnal.code.tex
File: pgfcoreexternal.code.tex 2025-08-29 v3.1.11a (3.1.11a)
\pgfexternal@startupbox=\box68
)
(/usr/local/texlive/2026basic/texmf-dist/tex/generic/pgf/basiclayer/pgfcorelaye
rs.code.tex
File: pgfcorelayers.code.tex 2025-08-29 v3.1.11a (3.1.11a)
)
(/usr/local/texlive/2026basic/texmf-dist/tex/generic/pgf/basiclayer/pgfcoretran
sparency.code.tex
File: pgfcoretransparency.code.tex 2025-08-29 v3.1.11a (3.1.11a)
)
(/usr/local/texlive/2026basic/texmf-dist/tex/generic/pgf/basiclayer/pgfcorepatt
erns.code.tex
File: pgfcorepatterns.code.tex 2025-08-29 v3.1.11a (3.1.11a)
)
(/usr/local/texlive/2026basic/texmf-dist/tex/generic/pgf/basiclayer/pgfcorerdf.
code.tex
File: pgfcorerdf.code.tex 2025-08-29 v3.1.11a (3.1.11a)
)))
(/usr/local/texlive/2026basic/texmf-dist/tex/generic/pgf/modules/pgfmoduleshape
s.code.tex
File: pgfmoduleshapes.code.tex 2025-08-29 v3.1.11a (3.1.11a)
\pgfnodeparttextbox=\box69
)
(/usr/local/texlive/2026basic/texmf-dist/tex/generic/pgf/modules/pgfmoduleplot.
code.tex
File: pgfmoduleplot.code.tex 2025-08-29 v3.1.11a (3.1.11a)
)
(/usr/local/texlive/2026basic/texmf-dist/tex/latex/pgf/compatibility/pgfcomp-ve
rsion-0-65.sty
Package: pgfcomp-version-0-65 2025-08-29 v3.1.11a (3.1.11a)
\pgf@nodesepstart=\dimen287
\pgf@nodesepend=\dimen288
)
(/usr/local/texlive/2026basic/texmf-dist/tex/latex/pgf/compatibility/pgfcomp-ve
rsion-1-18.sty
Package: pgfcomp-version-1-18 2025-08-29 v3.1.11a (3.1.11a)
))
(/usr/local/texlive/2026basic/texmf-dist/tex/latex/pgf/utilities/pgffor.sty
(/usr/local/texlive/2026basic/texmf-dist/tex/latex/pgf/utilities/pgfkeys.sty
(/usr/local/texlive/2026basic/texmf-dist/tex/generic/pgf/utilities/pgfkeys.code
.tex)) (/usr/local/texlive/2026basic/texmf-dist/tex/latex/pgf/math/pgfmath.sty
(/usr/local/texlive/2026basic/texmf-dist/tex/generic/pgf/math/pgfmath.code.tex)
)
(/usr/local/texlive/2026basic/texmf-dist/tex/generic/pgf/utilities/pgffor.code.
tex
Package: pgffor 2025-08-29 v3.1.11a (3.1.11a)
\pgffor@iter=\dimen289
\pgffor@skip=\dimen290
\pgffor@stack=\toks44
\pgffor@toks=\toks45
))
(/usr/local/texlive/2026basic/texmf-dist/tex/generic/pgf/frontendlayer/tikz/tik
z.code.tex
Package: tikz 2025-08-29 v3.1.11a (3.1.11a)

(/usr/local/texlive/2026basic/texmf-dist/tex/generic/pgf/libraries/pgflibrarypl
othandlers.code.tex
File: pgflibraryplothandlers.code.tex 2025-08-29 v3.1.11a (3.1.11a)
\pgf@plot@mark@count=\count324
\pgfplotmarksize=\dimen291
)
\tikz@lastx=\dimen292
\tikz@lasty=\dimen293
\tikz@lastxsaved=\dimen294
\tikz@lastysaved=\dimen295
\tikz@lastmovetox=\dimen296
\tikz@lastmovetoy=\dimen297
\tikzleveldistance=\dimen298
\tikzsiblingdistance=\dimen299
\tikz@figbox=\box70
\tikz@figbox@bg=\box71
\tikz@tempbox=\box72
\tikz@tempbox@bg=\box73
\tikztreelevel=\count325
\tikznumberofchildren=\count326
\tikznumberofcurrentchild=\count327
\tikz@fig@count=\count328

(/usr/local/texlive/2026basic/texmf-dist/tex/generic/pgf/modules/pgfmodulematri
x.code.tex
File: pgfmodulematrix.code.tex 2025-08-29 v3.1.11a (3.1.11a)
\pgfmatrixcurrentrow=\count329
\pgfmatrixcurrentcolumn=\count330
\pgf@matrix@numberofcolumns=\count331
)
\tikz@expandcount=\count332

(/usr/local/texlive/2026basic/texmf-dist/tex/generic/pgf/frontendlayer/tikz/lib
raries/tikzlibrarytopaths.code.tex
File: tikzlibrarytopaths.code.tex 2025-08-29 v3.1.11a (3.1.11a)
)))
(/usr/local/texlive/2026basic/texmf-dist/tex/latex/caption/caption.sty
Package: caption 2023/08/05 v3.6o Customizing captions (AR)

(/usr/local/texlive/2026basic/texmf-dist/tex/latex/caption/caption3.sty
Package: caption3 2023/07/31 v2.4d caption3 kernel (AR)
\caption@tempdima=\dimen300
\captionmargin=\dimen301
\caption@leftmargin=\dimen302
\caption@rightmargin=\dimen303
\caption@width=\dimen304
\caption@indent=\dimen305
\caption@parindent=\dimen306
\caption@hangindent=\dimen307
Package caption Info: Standard document class detected.
)
\c@caption@flags=\count333
\c@continuedfloat=\count334
Package caption Info: longtable package is loaded.

(/usr/local/texlive/2026basic/texmf-dist/tex/latex/caption/ltcaption.sty
Package: ltcaption 2021/01/08 v1.4c longtable captions (AR)
))
(/usr/local/texlive/2026basic/texmf-dist/tex/latex/natbib/natbib.sty
Package: natbib 2010/09/13 8.31b (PWD, AO)
\bibhang=\skip67
\bibsep=\skip68
LaTeX Info: Redefining \cite on input line 694.
\c@NAT@ctr=\count335
)
(/usr/local/texlive/2026basic/texmf-dist/tex/latex/hyperref/hyperref.sty
Package: hyperref 2026-01-29 v7.01p Hypertext links for LaTeX

(/usr/local/texlive/2026basic/texmf-dist/tex/latex/kvsetkeys/kvsetkeys.sty
Package: kvsetkeys 2022-10-05 v1.19 Key value parser (HO)
)
(/usr/local/texlive/2026basic/texmf-dist/tex/generic/kvdefinekeys/kvdefinekeys.
sty
Package: kvdefinekeys 2019-12-19 v1.6 Define keys (HO)
)
(/usr/local/texlive/2026basic/texmf-dist/tex/generic/pdfescape/pdfescape.sty
Package: pdfescape 2019/12/09 v1.15 Implements pdfTeX's escape features (HO)

(/usr/local/texlive/2026basic/texmf-dist/tex/generic/ltxcmds/ltxcmds.sty
Package: ltxcmds 2023-12-04 v1.26 LaTeX kernel commands for general use (HO)
)
(/usr/local/texlive/2026basic/texmf-dist/tex/generic/pdftexcmds/pdftexcmds.sty
Package: pdftexcmds 2020-06-27 v0.33 Utility functions of pdfTeX for LuaTeX (HO
)

(/usr/local/texlive/2026basic/texmf-dist/tex/generic/infwarerr/infwarerr.sty
Package: infwarerr 2019/12/03 v1.5 Providing info/warning/error messages (HO)
)
Package pdftexcmds Info: \pdf@primitive is available.
Package pdftexcmds Info: \pdf@ifprimitive is available.
Package pdftexcmds Info: \pdfdraftmode found.
)) (/usr/local/texlive/2026basic/texmf-dist/tex/latex/hycolor/hycolor.sty
Package: hycolor 2020-01-27 v1.10 Color options for hyperref/bookmark (HO)
)
(/usr/local/texlive/2026basic/texmf-dist/tex/latex/hyperref/nameref.sty
Package: nameref 2026-01-29 v2.58 Cross-referencing by name of section

(/usr/local/texlive/2026basic/texmf-dist/tex/latex/refcount/refcount.sty
Package: refcount 2019/12/15 v3.6 Data extraction from label references (HO)
)
(/usr/local/texlive/2026basic/texmf-dist/tex/generic/gettitlestring/gettitlestr
ing.sty
Package: gettitlestring 2019/12/15 v1.6 Cleanup title references (HO)

(/usr/local/texlive/2026basic/texmf-dist/tex/latex/kvoptions/kvoptions.sty
Package: kvoptions 2022-06-15 v3.15 Key value format for package options (HO)
))
\c@section@level=\count336
)
(/usr/local/texlive/2026basic/texmf-dist/tex/latex/etoolbox/etoolbox.sty
Package: etoolbox 2025/10/02 v2.5m e-TeX tools for LaTeX (JAW)
\etb@tempcnta=\count337
)
(/usr/local/texlive/2026basic/texmf-dist/tex/generic/stringenc/stringenc.sty
Package: stringenc 2019/11/29 v1.12 Convert strings between diff. encodings (HO
)
)
\@linkdim=\dimen308
\Hy@linkcounter=\count338
\Hy@pagecounter=\count339

(/usr/local/texlive/2026basic/texmf-dist/tex/latex/hyperref/pd1enc.def
File: pd1enc.def 2026-01-29 v7.01p Hyperref: PDFDocEncoding definition (HO)
Now handling font encoding PD1 ...
... no UTF-8 mapping file for font encoding PD1
)
(/usr/local/texlive/2026basic/texmf-dist/tex/generic/intcalc/intcalc.sty
Package: intcalc 2019/12/15 v1.3 Expandable calculations with integers (HO)
)
\Hy@SavedSpaceFactor=\count340

(/usr/local/texlive/2026basic/texmf-dist/tex/latex/hyperref/puenc.def
File: puenc.def 2026-01-29 v7.01p Hyperref: PDF Unicode definition (HO)
Now handling font encoding PU ...
... no UTF-8 mapping file for font encoding PU
)
Package hyperref Info: Option `colorlinks' set `true' on input line 4072.
Package hyperref Info: Hyper figures OFF on input line 4201.
Package hyperref Info: Link nesting OFF on input line 4206.
Package hyperref Info: Hyper index ON on input line 4209.
Package hyperref Info: Plain pages OFF on input line 4216.
Package hyperref Info: Backreferencing OFF on input line 4221.
Package hyperref Info: Implicit mode ON; LaTeX internals redefined.
Package hyperref Info: Bookmarks ON on input line 4468.
\c@Hy@tempcnt=\count341

(/usr/local/texlive/2026basic/texmf-dist/tex/latex/url/url.sty
\Urlmuskip=\muskip18
Package: url 2013/09/16  ver 3.4  Verb mode for urls, etc.
)
LaTeX Info: Redefining \url on input line 4807.
\XeTeXLinkMargin=\dimen309

(/usr/local/texlive/2026basic/texmf-dist/tex/generic/bitset/bitset.sty
Package: bitset 2019/12/09 v1.3 Handle bit-vector datatype (HO)

(/usr/local/texlive/2026basic/texmf-dist/tex/generic/bigintcalc/bigintcalc.sty
Package: bigintcalc 2019/12/15 v1.5 Expandable calculations on big integers (HO
)
))
\Fld@menulength=\count342
\Field@Width=\dimen310
\Fld@charsize=\dimen311
Package hyperref Info: Hyper figures OFF on input line 6084.
Package hyperref Info: Link nesting OFF on input line 6089.
Package hyperref Info: Hyper index ON on input line 6092.
Package hyperref Info: backreferencing OFF on input line 6099.
Package hyperref Info: Link coloring ON on input line 6102.
Package hyperref Info: Link coloring with OCG OFF on input line 6109.
Package hyperref Info: PDF/A mode OFF on input line 6114.
\Hy@abspage=\count343
\c@Item=\count344
\c@Hfootnote=\count345
)
Package hyperref Info: Driver (autodetected): hpdftex.
 (/usr/local/texlive/2026basic/texmf-dist/tex/latex/hyperref/hpdftex.def
File: hpdftex.def 2026-01-29 v7.01p Hyperref driver for pdfTeX
\Fld@listcount=\count346
\c@bookmark@seq@number=\count347

(/usr/local/texlive/2026basic/texmf-dist/tex/latex/rerunfilecheck/rerunfilechec
k.sty
Package: rerunfilecheck 2025-06-21 v1.11 Rerun checks for auxiliary files (HO)

(/usr/local/texlive/2026basic/texmf-dist/tex/generic/uniquecounter/uniquecounte
r.sty
Package: uniquecounter 2019/12/15 v1.4 Provide unlimited unique counter (HO)
)
Package uniquecounter Info: New unique counter `rerunfilecheck' on input line 2
84.
)
\Hy@SectionHShift=\skip69
) (./figures/arch_preamble.tex
(/usr/local/texlive/2026basic/texmf-dist/tex/generic/pgf/frontendlayer/tikz/lib
raries/tikzlibrarypositioning.code.tex
File: tikzlibrarypositioning.code.tex 2025-08-29 v3.1.11a (3.1.11a)
)
(/usr/local/texlive/2026basic/texmf-dist/tex/generic/pgf/libraries/pgflibraryar
rows.meta.code.tex
File: pgflibraryarrows.meta.code.tex 2025-08-29 v3.1.11a (3.1.11a)
\pgfarrowinset=\dimen312
\pgfarrowlength=\dimen313
\pgfarrowwidth=\dimen314
\pgfarrowlinewidth=\dimen315
)
(/usr/local/texlive/2026basic/texmf-dist/tex/generic/pgf/frontendlayer/tikz/lib
raries/tikzlibrarycalc.code.tex
File: tikzlibrarycalc.code.tex 2025-08-29 v3.1.11a (3.1.11a)
)
(/usr/local/texlive/2026basic/texmf-dist/tex/generic/pgf/frontendlayer/tikz/lib
raries/tikzlibraryfit.code.tex
File: tikzlibraryfit.code.tex 2025-08-29 v3.1.11a (3.1.11a)
)
(/usr/local/texlive/2026basic/texmf-dist/tex/generic/pgf/frontendlayer/tikz/lib
raries/tikzlibrarybackgrounds.code.tex
File: tikzlibrarybackgrounds.code.tex 2025-08-29 v3.1.11a (3.1.11a)
\pgf@layerbox@background=\box74
\pgf@layerboxsaved@background=\box75
)
(/usr/local/texlive/2026basic/texmf-dist/tex/generic/pgf/frontendlayer/tikz/lib
raries/tikzlibraryshapes.geometric.code.tex
File: tikzlibraryshapes.geometric.code.tex 2025-08-29 v3.1.11a (3.1.11a)

(/usr/local/texlive/2026basic/texmf-dist/tex/generic/pgf/libraries/shapes/pgfli
braryshapes.geometric.code.tex
File: pgflibraryshapes.geometric.code.tex 2025-08-29 v3.1.11a (3.1.11a)
))
(/usr/local/texlive/2026basic/texmf-dist/tex/generic/pgf/frontendlayer/tikz/lib
raries/tikzlibraryshapes.misc.code.tex
File: tikzlibraryshapes.misc.code.tex 2025-08-29 v3.1.11a (3.1.11a)

(/usr/local/texlive/2026basic/texmf-dist/tex/generic/pgf/libraries/shapes/pgfli
braryshapes.misc.code.tex
File: pgflibraryshapes.misc.code.tex 2025-08-29 v3.1.11a (3.1.11a)
))
(/usr/local/texlive/2026basic/texmf-dist/tex/generic/pgf/frontendlayer/tikz/lib
raries/tikzlibrarydecorations.pathreplacing.code.tex
(/usr/local/texlive/2026basic/texmf-dist/tex/generic/pgf/frontendlayer/tikz/lib
raries/tikzlibrarydecorations.code.tex
(/usr/local/texlive/2026basic/texmf-dist/tex/generic/pgf/modules/pgfmoduledecor
ations.code.tex
\pgfdecoratedcompleteddistance=\dimen316
\pgfdecoratedremainingdistance=\dimen317
\pgfdecoratedinputsegmentcompleteddistance=\dimen318
\pgfdecoratedinputsegmentremainingdistance=\dimen319
\pgf@decorate@distancetomove=\dimen320
\pgf@decorate@repeatstate=\count348
\pgfdecorationsegmentamplitude=\dimen321
\pgfdecorationsegmentlength=\dimen322
)
\tikz@lib@dec@box=\box76
)
(/usr/local/texlive/2026basic/texmf-dist/tex/generic/pgf/libraries/decorations/
pgflibrarydecorations.pathreplacing.code.tex)))
LaTeX Font Info:    Trying to load font information for T1+lmr on input line 45
.

(/usr/local/texlive/2026basic/texmf-dist/tex/latex/lm/t1lmr.fd
File: t1lmr.fd 2015/05/01 v1.6.1 Font defs for Latin Modern
)
(/usr/local/texlive/2026basic/texmf-dist/tex/latex/l3backend/l3backend-pdftex.d
ef
File: l3backend-pdftex.def 2025-10-09 L3 backend support: PDF output (pdfTeX)
\l__color_backend_stack_int=\count349
) (./main.aux)
\openout1 = `main.aux'.

LaTeX Font Info:    Checking defaults for OML/cmm/m/it on input line 45.
LaTeX Font Info:    ... okay on input line 45.
LaTeX Font Info:    Checking defaults for OMS/cmsy/m/n on input line 45.
LaTeX Font Info:    ... okay on input line 45.
LaTeX Font Info:    Checking defaults for OT1/cmr/m/n on input line 45.
LaTeX Font Info:    ... okay on input line 45.
LaTeX Font Info:    Checking defaults for T1/cmr/m/n on input line 45.
LaTeX Font Info:    ... okay on input line 45.
LaTeX Font Info:    Checking defaults for TS1/cmr/m/n on input line 45.
LaTeX Font Info:    ... okay on input line 45.
LaTeX Font Info:    Checking defaults for OMX/cmex/m/n on input line 45.
LaTeX Font Info:    ... okay on input line 45.
LaTeX Font Info:    Checking defaults for U/cmr/m/n on input line 45.
LaTeX Font Info:    ... okay on input line 45.
LaTeX Font Info:    Checking defaults for PD1/pdf/m/n on input line 45.
LaTeX Font Info:    ... okay on input line 45.
LaTeX Font Info:    Checking defaults for PU/pdf/m/n on input line 45.
LaTeX Font Info:    ... okay on input line 45.

*geometry* driver: auto-detecting
*geometry* detected driver: pdftex
*geometry* verbose mode - [ preamble ] result:
* driver: pdftex
* paper: a4paper
* layout: <same size as paper>
* layoutoffset:(h,v)=(0.0pt,0.0pt)
* modes: 
* h-part:(L,W,R)=(72.26999pt, 452.9679pt, 72.26999pt)
* v-part:(T,H,B)=(72.26999pt, 700.50687pt, 72.26999pt)
* \paperwidth=597.50787pt
* \paperheight=845.04684pt
* \textwidth=452.9679pt
* \textheight=700.50687pt
* \oddsidemargin=0.0pt
* \evensidemargin=0.0pt
* \topmargin=-37.0pt
* \headheight=12.0pt
* \headsep=25.0pt
* \topskip=11.0pt
* \footskip=30.0pt
* \marginparwidth=59.0pt
* \marginparsep=10.0pt
* \columnsep=10.0pt
* \skip\footins=10.0pt plus 4.0pt minus 2.0pt
* \hoffset=0.0pt
* \voffset=0.0pt
* \mag=1000
* \@twocolumnfalse
* \@twosidefalse
* \@mparswitchfalse
* \@reversemarginfalse
* (1in=72.27pt=25.4mm, 1cm=28.453pt)

(/usr/local/texlive/2026basic/texmf-dist/tex/context/base/mkii/supp-pdf.mkii
[Loading MPS to PDF converter (version 2006.09.02).]
\scratchcounter=\count350
\scratchdimen=\dimen323
\scratchbox=\box77
\nofMPsegments=\count351
\nofMParguments=\count352
\everyMPshowfont=\toks46
\MPscratchCnt=\count353
\MPscratchDim=\dimen324
\MPnumerator=\count354
\makeMPintoPDFobject=\count355
\everyMPtoPDFconversion=\toks47
)
(/usr/local/texlive/2026basic/texmf-dist/tex/latex/epstopdf-pkg/epstopdf-base.s
ty
Package: epstopdf-base 2020-01-24 v2.11 Base part for package epstopdf
Package epstopdf-base Info: Redefining graphics rule for `.eps' on input line 4
85.

(/usr/local/texlive/2026basic/texmf-dist/tex/latex/latexconfig/epstopdf-sys.cfg
File: epstopdf-sys.cfg 2010/07/13 v1.3 Configuration of (r)epstopdf for TeX Liv
e
))
Package caption Info: Begin \AtBeginDocument code.
Package caption Info: hyperref package is loaded.
Package caption Info: End \AtBeginDocument code.
Package hyperref Info: Link coloring ON on input line 45.
 (./main.out) (./main.out)
\@outlinefile=\write4
\openout4 = `main.out'.

LaTeX Font Info:    Trying to load font information for OT1+lmr on input line 4
7.

(/usr/local/texlive/2026basic/texmf-dist/tex/latex/lm/ot1lmr.fd
File: ot1lmr.fd 2015/05/01 v1.6.1 Font defs for Latin Modern
)
LaTeX Font Info:    Trying to load font information for OML+lmm on input line 4
7.

(/usr/local/texlive/2026basic/texmf-dist/tex/latex/lm/omllmm.fd
File: omllmm.fd 2015/05/01 v1.6.1 Font defs for Latin Modern
)
LaTeX Font Info:    Trying to load font information for OMS+lmsy on input line 
47.

(/usr/local/texlive/2026basic/texmf-dist/tex/latex/lm/omslmsy.fd
File: omslmsy.fd 2015/05/01 v1.6.1 Font defs for Latin Modern
)
LaTeX Font Info:    Trying to load font information for OMX+lmex on input line 
47.

(/usr/local/texlive/2026basic/texmf-dist/tex/latex/lm/omxlmex.fd
File: omxlmex.fd 2015/05/01 v1.6.1 Font defs for Latin Modern
)
LaTeX Font Info:    External font `lmex10' loaded for size
(Font)              <12> on input line 47.
LaTeX Font Info:    External font `lmex10' loaded for size
(Font)              <8> on input line 47.
LaTeX Font Info:    External font `lmex10' loaded for size
(Font)              <6> on input line 47.
LaTeX Font Info:    Trying to load font information for U+msa on input line 47.


(/usr/local/texlive/2026basic/texmf-dist/tex/latex/amsfonts/umsa.fd
File: umsa.fd 2013/01/14 v3.01 AMS symbols A
)
LaTeX Font Info:    Trying to load font information for U+msb on input line 47.


(/usr/local/texlive/2026basic/texmf-dist/tex/latex/amsfonts/umsb.fd
File: umsb.fd 2013/01/14 v3.01 AMS symbols B
) [1

{/usr/local/texlive/2026basic/texmf-var/fonts/map/pdftex/updmap/pdftex.map}{/us
r/local/texlive/2026basic/texmf-dist/fonts/enc/dvips/lm/lm-ec.enc}]
LaTeX Font Info:    External font `lmex10' loaded for size
(Font)              <10.95> on input line 57.

pdfTeX warning (ext4): destination with the same identifier (name{page.1}) has 
been already used, duplicate ignored
<to be read again> 
                   \relax 
l.78 \end{abstract}
                    [1{/usr/local/texlive/2026basic/texmf-dist/fonts/enc/dvips/
lm/lm-mathit.enc}{/usr/local/texlive/2026basic/texmf-dist/fonts/enc/dvips/lm/lm
-rm.enc}{/usr/local/texlive/2026basic/texmf-dist/fonts/enc/dvips/lm/lm-mathsy.e
nc}] (./main.toc
pdfTeX warning (ext4): destination with the same identifier (name{page.1}) has 
been already used, duplicate ignored
<to be read again> 
                   \relax 
l.37 ... precondition for learning}{16}{chapter.7}
                                                  % [1

]
LaTeX Font Info:    Trying to load font information for T1+lmtt on input line 4
4.

(/usr/local/texlive/2026basic/texmf-dist/tex/latex/lm/t1lmtt.fd
File: t1lmtt.fd 2015/05/01 v1.6.1 Font defs for Latin Modern
) [2])
\tf@toc=\write5
\openout5 = `main.toc'.


(./sections/01_intro.tex [3]
Chapter 1.

Overfull \hbox (8.74573pt too wide) in paragraph at lines 35--46
\T1/lmr/m/n/10.95 at-ten-tion, and sev-eral novel dual-memory wirings. Two fron
t-ends (raw-pixel and a reconstruction-
 []

[4

]
Overfull \hbox (4.81534pt too wide) in paragraph at lines 60--63
[]\T1/lmr/bx/n/10.95 The work-ing net-work re-pro-duces the pa-per's be-haviour
 \T1/lmr/m/n/10.95 (Chap-ter [][]9[][]): the reliability-
 []


Overfull \hbox (2.36942pt too wide) in paragraph at lines 67--73
\T1/lmr/m/n/10.95 The re-main-ing chap-ters cat-a-logue the full ar-chi-tec-tur
e zoo (Chap-ter [][]8[][]), sur-vey the reinforcement-
 []

) (./sections/02_task.tex [5]
Chapter 2.
LaTeX Font Info:    Trying to load font information for TS1+lmr on input line 1
0.
(/usr/local/texlive/2026basic/texmf-dist/tex/latex/lm/ts1lmr.fd
File: ts1lmr.fd 2015/05/01 v1.6.1 Font defs for Latin Modern
) [6

{/usr/local/texlive/2026basic/texmf-dist/fonts/enc/dvips/lm/lm-ts1.enc}]
LaTeX Font Info:    Font shape `T1/lmtt/bx/n' in size <10.95> not available
(Font)              Font shape `T1/lmtt/b/n' tried instead on input line 54.
)
(./sections/03_model.tex [7]
Chapter 3.
[8

]
Overfull \hbox (25.59454pt too wide) in paragraph at lines 68--75
\T1/lmr/m/n/10.95 The four-patch struc-ture is re-tained through at-ten-tion an
d mem-ory but \T1/lmr/m/it/10.95 flat-tened \T1/lmr/m/n/10.95 at the reinforcem
ent-
 []

LaTeX Font Info:    External font `lmex10' loaded for size
(Font)              <10> on input line 82.
LaTeX Font Info:    External font `lmex10' loaded for size
(Font)              <7> on input line 82.
LaTeX Font Info:    External font `lmex10' loaded for size
(Font)              <5> on input line 82.

Underfull \hbox (badness 10000) in paragraph at lines 88--88
[]|\T1/lmr/m/n/10 multiplicative gate, sin-gle
 []


Underfull \hbox (badness 5403) in paragraph at lines 90--92
[]|\T1/lmr/m/n/10 memory as keys/values; mem-
 []


Underfull \hbox (badness 2189) in paragraph at lines 92--94
[]|\T1/lmr/m/n/10 two LSTMs (feed-back vs. de-ci-
 []

) (./sections/04_harness.tex [9]
Chapter 4.
LaTeX Font Info:    External font `lmex10' loaded for size
(Font)              <14.4> on input line 11.

Package hyperref Warning: Token not allowed in a PDF string (Unicode):
(hyperref)                removing `math shift' on input line 11.


Package hyperref Warning: Token not allowed in a PDF string (Unicode):
(hyperref)                removing `math shift' on input line 11.

[10

{/usr/local/texlive/2026basic/texmf-dist/fonts/enc/dvips/lm/lm-mathex.enc}]) (.
/sections/05_perception.tex [11]
Chapter 5.
<figures/fig_vae_r2.pdf, id=699, 361.35pt x 260.17201pt>
File: figures/fig_vae_r2.pdf Graphic file (type pdf)
<use figures/fig_vae_r2.pdf>
Package pdftex.def Info: figures/fig_vae_r2.pdf  used on input line 36.
(pdftex.def)             Requested size: 235.54523pt x 169.59412pt.
[12

]) (./sections/06_horizon.tex [13 <./figures/fig_vae_r2.pdf>]
Chapter 6.
[14

]) (./sections/07_crosstalk.tex [15]
Chapter 7.
[16

]) (./sections/08_zoo.tex [17]
Chapter 8.
LaTeX Font Info:    Font shape `T1/lmtt/bx/n' in size <14.4> not available
(Font)              Font shape `T1/lmtt/b/n' tried instead on input line 9.

Overfull \hbox (19.31529pt too wide) in paragraph at lines 9--9
[]\T1/lmr/bx/n/14.4 Family A --- memory-as-tokens self-attention (\T1/lmtt/b/n/
14.4 v4\T1/lmr/bx/n/14.4 , \T1/lmtt/b/n/14.4 v5\T1/lmr/bx/n/14.4 , \T1/lmtt/b/n
/14.4 v5_part2\T1/lmr/bx/n/14.4 ) 
 []


Overfull \hbox (2.36824pt too wide) in paragraph at lines 36--36
[]\T1/lmr/bx/n/14.4 Family C --- split pri-or-ity/value path-ways (\T1/lmtt/b/n
/14.4 v11\T1/lmr/bx/n/14.4 , \T1/lmtt/b/n/14.4 v11_part2--5\T1/lmr/bx/n/14.4 ) 

 []

[18

]
Underfull \hbox (badness 10000) in paragraph at lines 87--88
[]|[] \T1/lmr/m/n/8 (cue-
 []


Underfull \hbox (badness 10000) in paragraph at lines 92--93
[]|$\OMS/lmsy/m/n/8 ^^B$ \T1/lmr/m/n/8 (always-
 []


Underfull \hbox (badness 1112) in paragraph at lines 93--93
[]|\T1/lmr/m/n/8 predictive-comparator write gate (sur-prise opens
 []


Underfull \hbox (badness 10000) in paragraph at lines 103--103
[]|\T1/lmr/m/n/8 frozen predictive-coding en-coder $\OT1/lmr/m/n/8 +$ \T1/lmr/m
/n/8 energy-
 []

) (./sections/09_deepdive.tex [19] [20]
Chapter 9.
<figures/fig_psychometric.pdf, id=811, 939.51pt x 289.08pt>
File: figures/fig_psychometric.pdf Graphic file (type pdf)
<use figures/fig_psychometric.pdf>
Package pdftex.def Info: figures/fig_psychometric.pdf  used on input line 51.
(pdftex.def)             Requested size: 221.95676pt x 68.29109pt.
<figures/fig_cueing_benefit.pdf, id=812, 361.35pt x 260.17201pt>
File: figures/fig_cueing_benefit.pdf Graphic file (type pdf)
<use figures/fig_cueing_benefit.pdf>
Package pdftex.def Info: figures/fig_cueing_benefit.pdf  used on input line 52.

(pdftex.def)             Requested size: 208.36827pt x 150.02647pt.
<figures/fig_chronometric.pdf, id=815, 361.35pt x 289.08pt>
File: figures/fig_chronometric.pdf Graphic file (type pdf)
<use figures/fig_chronometric.pdf>
Package pdftex.def Info: figures/fig_chronometric.pdf  used on input line 72.
(pdftex.def)             Requested size: 208.36827pt x 166.69609pt.
<figures/fig_causal.pdf, id=816, 361.35pt x 260.17201pt>
File: figures/fig_causal.pdf Graphic file (type pdf)
<use figures/fig_causal.pdf>
Package pdftex.def Info: figures/fig_causal.pdf  used on input line 73.
(pdftex.def)             Requested size: 221.95676pt x 159.8083pt.
[21

]) (./sections/10_attention.tex [22 <./figures/fig_psychometric.pdf> <./figures
/fig_cueing_benefit.pdf>] [23 <./figures/fig_chronometric.pdf> <./figures/fig_c
ausal.pdf>]
Chapter 10.
<figures/fig_attention_maps_S1.pdf, id=1015, 899.0141pt x 309.57558pt>
File: figures/fig_attention_maps_S1.pdf Graphic file (type pdf)
<use figures/fig_attention_maps_S1.pdf>
Package pdftex.def Info: figures/fig_attention_maps_S1.pdf  used on input line 
30.
(pdftex.def)             Requested size: 430.31812pt x 148.17888pt.
<figures/fig_attention_maps_S1_nochange.png, id=1016, 854.45377pt x 296.307pt>
File: figures/fig_attention_maps_S1_nochange.png Graphic file (type png)
<use figures/fig_attention_maps_S1_nochange.png>
Package pdftex.def Info: figures/fig_attention_maps_S1_nochange.png  used on in
put line 39.
(pdftex.def)             Requested size: 385.02547pt x 133.51776pt.
[24

] [25 <./figures/fig_attention_maps_S1.pdf> <./figures/fig_attention_maps_S1_no
change.png>]
Underfull \hbox (badness 10000) in paragraph at lines 91--92
[]|\T1/lmr/m/n/10 works;
 []


Underfull \hbox (badness 10000) in paragraph at lines 91--92
\T1/lmr/m/n/10 change-
 []


Underfull \hbox (badness 10000) in paragraph at lines 92--93
[]|\T1/lmr/bx/n/10 failed
 []


Underfull \hbox (badness 10000) in paragraph at lines 92--93
\T1/lmr/bx/n/10 (always-
 []


Underfull \hbox (badness 10000) in paragraph at lines 95--96
[]|\T1/lmr/m/n/10 works;
 []


Underfull \hbox (badness 10000) in paragraph at lines 95--96
\T1/lmr/m/n/10 memory-
 []


Underfull \hbox (badness 10000) in paragraph at lines 96--97
[]|\T1/lmr/m/n/10 works;
 []


Underfull \hbox (badness 10000) in paragraph at lines 96--97
\T1/lmr/m/n/10 memory-
 []

<figures/fig_variants_attention.pdf, id=1123, 515.37857pt x 211.61176pt>
File: figures/fig_variants_attention.pdf Graphic file (type pdf)
<use figures/fig_variants_attention.pdf>
Package pdftex.def Info: figures/fig_variants_attention.pdf  used on input line
 138.
(pdftex.def)             Requested size: 448.4407pt x 184.12657pt.
<figures/fig_variants_behavior.pdf, id=1124, 327.47656pt x 211.61176pt>
File: figures/fig_variants_behavior.pdf Graphic file (type pdf)
<use figures/fig_variants_behavior.pdf>
Package pdftex.def Info: figures/fig_variants_behavior.pdf  used on input line 
152.
(pdftex.def)             Requested size: 280.83788pt x 181.47562pt.
[26]) (./sections/19_jepa.tex [27 <./figures/fig_variants_attention.pdf>]
[28 <./figures/fig_variants_behavior.pdf>]
Chapter 11.
[29

]
Overfull \hbox (264.78223pt too wide) in paragraph at lines 87--110
 [][] 
 []

[30]
<figures/jepa/fr_attn_memory.png, id=1271, 776.1798pt x 485.6544pt>
File: figures/jepa/fr_attn_memory.png Graphic file (type png)
<use figures/jepa/fr_attn_memory.png>
Package pdftex.def Info: figures/jepa/fr_attn_memory.png  used on input line 14
6.
(pdftex.def)             Requested size: 353.31439pt x 221.06943pt.
 [31]
<figures/jepa/dd4_psychometric.png, id=1283, 787.2612pt x 257.763pt>
File: figures/jepa/dd4_psychometric.png Graphic file (type png)
<use figures/jepa/dd4_psychometric.png>
Package pdftex.def Info: figures/jepa/dd4_psychometric.png  used on input line 
203.
(pdftex.def)             Requested size: 280.83788pt x 91.94897pt.
<figures/jepa/dd2_framegate.png, id=1284, 787.2612pt x 243.309pt>
File: figures/jepa/dd2_framegate.png Graphic file (type png)
<use figures/jepa/dd2_framegate.png>
Package pdftex.def Info: figures/jepa/dd2_framegate.png  used on input line 213
.
(pdftex.def)             Requested size: 326.13744pt x 100.79315pt.
<figures/jepa/dd2_maps_memory.png, id=1285, 749.6808pt x 663.4386pt>
File: figures/jepa/dd2_maps_memory.png Graphic file (type png)
<use figures/jepa/dd2_maps_memory.png>
Package pdftex.def Info: figures/jepa/dd2_maps_memory.png  used on input line 2
22.
(pdftex.def)             Requested size: 371.43698pt x 328.71188pt.
<figures/jepa/dd5_decoding.png, id=1286, 498.1812pt x 280.8894pt>
File: figures/jepa/dd5_decoding.png Graphic file (type png)
<use figures/jepa/dd5_decoding.png>
Package pdftex.def Info: figures/jepa/dd5_decoding.png  used on input line 231.

(pdftex.def)             Requested size: 280.83788pt x 158.35135pt.
<figures/jepa/dd5_causal.png, id=1287, 462.0462pt x 280.8894pt>
File: figures/jepa/dd5_causal.png Graphic file (type png)
<use figures/jepa/dd5_causal.png>
Package pdftex.def Info: figures/jepa/dd5_causal.png  used on input line 241.
(pdftex.def)             Requested size: 280.83788pt x 170.72939pt.
 [32 <./figures/jepa/fr_attn_memory.png>] [33 <./figures/jepa/dd4_psychometric.
png> <./figures/jepa/dd2_framegate.png>] [34 <./figures/jepa/dd2_maps_memory.pn
g>]) (./sections/11_harness_variations.tex [35 <./figures/jepa/dd5_decoding.png
> <./figures/jepa/dd5_causal.png>] [36]
Chapter 12.
[37

]) (./sections/12_recommendation.tex [38]
Chapter 13.

Overfull \hbox (11.64746pt too wide) in paragraph at lines 20--22
[]\T1/lmr/bx/n/10.95 generalises across the task bat-tery \T1/lmr/m/n/10.95 (va
-lid-ity, set-size, value, dis-trac-tor, reward-structure)
 []

[39

] [40]) (./sections/13_experiments.tex
Overfull \hbox (15.42766pt too wide) in paragraph at lines 96--1
\T1/lmr/m/n/10.95 The attention-mechanism ques-tion is now set-tled; what re-ma
ins: (1) the cho-sen net-work (\T1/lmtt/m/n/10.95 two-lstm\T1/lmr/m/n/10.95 )
 []

[41]
Chapter 14.
[42

]) (./sections/14_plan.tex [43]
Chapter 15.

Package hyperref Warning: Token not allowed in a PDF string (Unicode):
(hyperref)                removing `math shift' on input line 23.


Package hyperref Warning: Token not allowed in a PDF string (Unicode):
(hyperref)                removing `\sim' on input line 23.


Package hyperref Warning: Token not allowed in a PDF string (Unicode):
(hyperref)                removing `math shift' on input line 23.


Package hyperref Warning: Token not allowed in a PDF string (Unicode):
(hyperref)                removing `math shift' on input line 34.


Package hyperref Warning: Token not allowed in a PDF string (Unicode):
(hyperref)                removing `\sim' on input line 34.


Package hyperref Warning: Token not allowed in a PDF string (Unicode):
(hyperref)                removing `math shift' on input line 34.

[44

]
Overfull \hbox (16.80774pt too wide) in paragraph at lines 41--43
[]\T1/lmr/m/it/10.95 Deliverable: \T1/lmr/m/n/10.95 the manuscript's dis-cus-si
on/predictions sec-tion and the ``NN-steers-neuroscience''
 []

) (./sections/15_findings.tex [45]
Chapter 16.
[46

]
Overfull \hbox (3.51749pt too wide) in paragraph at lines 46--56
 []\T1/lmr/bx/n/10.95 F8. The cue-ing ef-fect is memory-driven, across the whol
e fam-ily.[] \T1/lmr/m/n/10.95 In the multiplicative-
 []


Overfull \hbox (3.70859pt too wide) in paragraph at lines 73--83
\T1/lmr/m/n/10.95 tem-po-ral self-distillation aux-il-iary (prototype-softmax, 
EMA teacher, student$\OT1/lmr/m/n/10.95 @\OML/lmm/m/it/10.95 t  \OMS/lmsy/m/n/1
0.95 !$ \T1/lmr/m/n/10.95 teacher$\OT1/lmr/m/n/10.95 @\OML/lmm/m/it/10.95 t[]\O
T1/lmr/m/n/10.95 1$\T1/lmr/m/n/10.95 )
 []

[47]) (./sections/16_conclusion.tex [48]
Chapter 17.
) (./main.bbl [49

] [50

] [51] [52] [53] [54] [55] [56] [57] [58] [59] [60])
(./sections/17_atlas.tex [61]
Appendix A.
(./figures/arch_two_lstm.tex)

LaTeX Warning: `h' float specifier changed to `ht'.

<figures/atlas/atlas_two_lstm_attention.pdf, id=1670, 508.47403pt x 260.34422pt
>
File: figures/atlas/atlas_two_lstm_attention.pdf Graphic file (type pdf)
<use figures/atlas/atlas_two_lstm_attention.pdf>
Package pdftex.def Info: figures/atlas/atlas_two_lstm_attention.pdf  used on in
put line 47.
(pdftex.def)             Requested size: 452.9679pt x 231.92412pt.

LaTeX Warning: `h' float specifier changed to `ht'.

<figures/atlas/atlas_two_lstm_behavior.pdf, id=1671, 662.1582pt x 288.76933pt>
File: figures/atlas/atlas_two_lstm_behavior.pdf Graphic file (type pdf)
<use figures/atlas/atlas_two_lstm_behavior.pdf>
Package pdftex.def Info: figures/atlas/atlas_two_lstm_behavior.pdf  used on inp
ut line 47.
(pdftex.def)             Requested size: 452.9679pt x 197.537pt.

LaTeX Warning: `h' float specifier changed to `ht'.

[62

] [63 <./figures/atlas/atlas_two_lstm_attention.pdf> <./figures/atlas/atlas_two
_lstm_behavior.pdf>] (./figures/arch_standard.tex)
<figures/atlas/atlas_standard_attention.pdf, id=1864, 508.47403pt x 260.34422pt
>
File: figures/atlas/atlas_standard_attention.pdf Graphic file (type pdf)
<use figures/atlas/atlas_standard_attention.pdf>
Package pdftex.def Info: figures/atlas/atlas_standard_attention.pdf  used on in
put line 53.
(pdftex.def)             Requested size: 452.9679pt x 231.92412pt.
<figures/atlas/atlas_standard_behavior.pdf, id=1865, 662.1582pt x 288.76933pt>
File: figures/atlas/atlas_standard_behavior.pdf Graphic file (type pdf)
<use figures/atlas/atlas_standard_behavior.pdf>
Package pdftex.def Info: figures/atlas/atlas_standard_behavior.pdf  used on inp
ut line 53.
(pdftex.def)             Requested size: 452.9679pt x 197.537pt.


LaTeX Warning: `h' float specifier changed to `ht'.

[64

 <./figures/atlas/atlas_standard_attention.pdf>] [65 <./figures/atlas/atlas_sta
ndard_behavior.pdf>]

Package hyperref Warning: Token not allowed in a PDF string (Unicode):
(hyperref)                removing `math shift' on input line 59.


Package hyperref Warning: Token not allowed in a PDF string (Unicode):
(hyperref)                removing `math shift' on input line 59.

(./figures/arch_crossattn.tex)
<figures/atlas/atlas_crossattn_attention.pdf, id=2052, 512.8114pt x 410.02385pt
>
File: figures/atlas/atlas_crossattn_attention.pdf Graphic file (type pdf)
<use figures/atlas/atlas_crossattn_attention.pdf>
Package pdftex.def Info: figures/atlas/atlas_crossattn_attention.pdf  used on i
nput line 59.
(pdftex.def)             Requested size: 452.9679pt x 362.19226pt.


LaTeX Warning: `h' float specifier changed to `ht'.

<figures/atlas/atlas_crossattn_behavior.pdf, id=2053, 662.1582pt x 288.76933pt>

File: figures/atlas/atlas_crossattn_behavior.pdf Graphic file (type pdf)
<use figures/atlas/atlas_crossattn_behavior.pdf>
Package pdftex.def Info: figures/atlas/atlas_crossattn_behavior.pdf  used on in
put line 59.
(pdftex.def)             Requested size: 452.9679pt x 197.537pt.

LaTeX Warning: `h' float specifier changed to `ht'.

[66

] [67 <./figures/atlas/atlas_crossattn_attention.pdf> <./figures/atlas/atlas_cr
ossattn_behavior.pdf>] (./figures/arch_dualmem.tex)
<figures/atlas/atlas_dualmem_attention.pdf, id=2264, 506.39282pt x 557.96051pt>

File: figures/atlas/atlas_dualmem_attention.pdf Graphic file (type pdf)
<use figures/atlas/atlas_dualmem_attention.pdf>
Package pdftex.def Info: figures/atlas/atlas_dualmem_attention.pdf  used on inp
ut line 64.
(pdftex.def)             Requested size: 452.9679pt x 499.10336pt.


LaTeX Warning: `h' float specifier changed to `ht'.

<figures/atlas/atlas_dualmem_behavior.pdf, id=2265, 662.1582pt x 288.76933pt>
File: figures/atlas/atlas_dualmem_behavior.pdf Graphic file (type pdf)
<use figures/atlas/atlas_dualmem_behavior.pdf>
Package pdftex.def Info: figures/atlas/atlas_dualmem_behavior.pdf  used on inpu
t line 64.
(pdftex.def)             Requested size: 452.9679pt x 197.537pt.

LaTeX Warning: `h' float specifier changed to `ht'.

[68

] [69 <./figures/atlas/atlas_dualmem_attention.pdf>] [70 <./figures/atlas/atlas
_dualmem_behavior.pdf>]

Package hyperref Warning: Token not allowed in a PDF string (Unicode):
(hyperref)                removing `math shift' on input line 69.


Package hyperref Warning: Token not allowed in a PDF string (Unicode):
(hyperref)                removing `math shift' on input line 69.

(./figures/arch_dualhead.tex)
<figures/atlas/atlas_dualhead_attention.pdf, id=2505, 517.06168pt x 410.02385pt
>
File: figures/atlas/atlas_dualhead_attention.pdf Graphic file (type pdf)
<use figures/atlas/atlas_dualhead_attention.pdf>
Package pdftex.def Info: figures/atlas/atlas_dualhead_attention.pdf  used on in
put line 69.
(pdftex.def)             Requested size: 452.9679pt x 359.21419pt.
<figures/atlas/atlas_dualhead_behavior.pdf, id=2506, 662.1582pt x 288.76933pt>
File: figures/atlas/atlas_dualhead_behavior.pdf Graphic file (type pdf)
<use figures/atlas/atlas_dualhead_behavior.pdf>
Package pdftex.def Info: figures/atlas/atlas_dualhead_behavior.pdf  used on inp
ut line 69.
(pdftex.def)             Requested size: 452.9679pt x 197.537pt.


LaTeX Warning: `h' float specifier changed to `ht'.

[71

 <./figures/atlas/atlas_dualhead_attention.pdf>] [72 <./figures/atlas/atlas_dua
lhead_behavior.pdf>]

Package hyperref Warning: Token not allowed in a PDF string (Unicode):
(hyperref)                removing `math shift' on input line 74.


Package hyperref Warning: Token not allowed in a PDF string (Unicode):
(hyperref)                removing `math shift' on input line 74.

(./figures/arch_affine.tex)
<figures/atlas/atlas_affine_attention.pdf, id=2725, 519.18184pt x 260.34422pt>
File: figures/atlas/atlas_affine_attention.pdf Graphic file (type pdf)
<use figures/atlas/atlas_affine_attention.pdf>
Package pdftex.def Info: figures/atlas/atlas_affine_attention.pdf  used on inpu
t line 74.
(pdftex.def)             Requested size: 452.9679pt x 227.14914pt.
<figures/atlas/atlas_affine_behavior.pdf, id=2726, 668.54927pt x 288.76933pt>
File: figures/atlas/atlas_affine_behavior.pdf Graphic file (type pdf)
<use figures/atlas/atlas_affine_behavior.pdf>
Package pdftex.def Info: figures/atlas/atlas_affine_behavior.pdf  used on input
 line 74.
(pdftex.def)             Requested size: 452.9679pt x 195.65553pt.


LaTeX Warning: `h' float specifier changed to `ht'.

[73

 <./figures/atlas/atlas_affine_attention.pdf>] [74 <./figures/atlas/atlas_affin
e_behavior.pdf>] (./figures/arch_hyper.tex)
<figures/atlas/atlas_hyper_attention.pdf, id=2910, 660.8847pt x 260.34422pt>
File: figures/atlas/atlas_hyper_attention.pdf Graphic file (type pdf)
<use figures/atlas/atlas_hyper_attention.pdf>
Package pdftex.def Info: figures/atlas/atlas_hyper_attention.pdf  used on input
 line 79.
(pdftex.def)             Requested size: 452.9679pt x 178.438pt.
<figures/atlas/atlas_hyper_behavior.pdf, id=2911, 662.1582pt x 288.76933pt>
File: figures/atlas/atlas_hyper_behavior.pdf Graphic file (type pdf)
<use figures/atlas/atlas_hyper_behavior.pdf>
Package pdftex.def Info: figures/atlas/atlas_hyper_behavior.pdf  used on input 
line 79.
(pdftex.def)             Requested size: 452.9679pt x 197.537pt.


LaTeX Warning: `h' float specifier changed to `ht'.

[75

 <./figures/atlas/atlas_hyper_attention.pdf>] [76 <./figures/atlas/atlas_hyper_
behavior.pdf>]

Package hyperref Warning: Token not allowed in a PDF string (Unicode):
(hyperref)                removing `math shift' on input line 84.


Package hyperref Warning: Token not allowed in a PDF string (Unicode):
(hyperref)                removing `math shift' on input line 84.

(./figures/arch_hypercb.tex)
<figures/atlas/atlas_hypercb_attention.pdf, id=3102, 583.53322pt x 260.34422pt>

File: figures/atlas/atlas_hypercb_attention.pdf Graphic file (type pdf)
<use figures/atlas/atlas_hypercb_attention.pdf>
Package pdftex.def Info: figures/atlas/atlas_hypercb_attention.pdf  used on inp
ut line 84.
(pdftex.def)             Requested size: 452.9679pt x 202.09042pt.
<figures/atlas/atlas_hypercb_behavior.pdf, id=3103, 668.54927pt x 288.76933pt>
File: figures/atlas/atlas_hypercb_behavior.pdf Graphic file (type pdf)
<use figures/atlas/atlas_hypercb_behavior.pdf>
Package pdftex.def Info: figures/atlas/atlas_hypercb_behavior.pdf  used on inpu
t line 84.
(pdftex.def)             Requested size: 452.9679pt x 195.65553pt.


LaTeX Warning: `h' float specifier changed to `ht'.

[77

 <./figures/atlas/atlas_hypercb_attention.pdf>] [78 <./figures/atlas/atlas_hype
rcb_behavior.pdf>]) (./sections/18_atlas_t29.tex
Appendix B.
LaTeX Font Info:    External font `lmex10' loaded for size
(Font)              <24.88> on input line 1.
LaTeX Font Info:    External font `lmex10' loaded for size
(Font)              <20.74> on input line 1.
LaTeX Font Info:    External font `lmex10' loaded for size
(Font)              <17.28> on input line 1.
[79


] (./figures/arch_t29_v11_part2.tex)
<figures/atlas_t29/atlas_t29_v11_part2_attention.pdf, id=3299, 694.27379pt x 32
0.57903pt>
File: figures/atlas_t29/atlas_t29_v11_part2_attention.pdf Graphic file (type pd
f)
<use figures/atlas_t29/atlas_t29_v11_part2_attention.pdf>
Package pdftex.def Info: figures/atlas_t29/atlas_t29_v11_part2_attention.pdf  u
sed on input line 73.
(pdftex.def)             Requested size: 452.9679pt x 209.16144pt.
<figures/atlas_t29/atlas_t29_v11_part2_behavior.pdf, id=3300, 829.37038pt x 272
.81952pt>
File: figures/atlas_t29/atlas_t29_v11_part2_behavior.pdf Graphic file (type pdf
)
<use figures/atlas_t29/atlas_t29_v11_part2_behavior.pdf>
Package pdftex.def Info: figures/atlas_t29/atlas_t29_v11_part2_behavior.pdf  us
ed on input line 73.
(pdftex.def)             Requested size: 452.9679pt x 149.0063pt.


LaTeX Warning: `h' float specifier changed to `ht'.

[80 <./figures/atlas_t29/atlas_t29_v11_part2_attention.pdf>] [81 <./figures/atl
as_t29/atlas_t29_v11_part2_behavior.pdf>] (./figures/arch_t29_v11.tex)
<figures/atlas_t29/atlas_t29_v11_attention.pdf, id=3854, 694.27379pt x 239.5439
5pt>
File: figures/atlas_t29/atlas_t29_v11_attention.pdf Graphic file (type pdf)
<use figures/atlas_t29/atlas_t29_v11_attention.pdf>
Package pdftex.def Info: figures/atlas_t29/atlas_t29_v11_attention.pdf  used on
 input line 78.
(pdftex.def)             Requested size: 452.9679pt x 156.29019pt.
<figures/atlas_t29/atlas_t29_v11_behavior.pdf, id=3855, 829.37038pt x 272.81952
pt>
File: figures/atlas_t29/atlas_t29_v11_behavior.pdf Graphic file (type pdf)
<use figures/atlas_t29/atlas_t29_v11_behavior.pdf>
Package pdftex.def Info: figures/atlas_t29/atlas_t29_v11_behavior.pdf  used on 
input line 78.
(pdftex.def)             Requested size: 452.9679pt x 149.0063pt.


LaTeX Warning: `h' float specifier changed to `ht'.

[82

 <./figures/atlas_t29/atlas_t29_v11_attention.pdf>] [83 <./figures/atlas_t29/at
las_t29_v11_behavior.pdf>] (./figures/arch_t29_v11_part5.tex)
<figures/atlas_t29/atlas_t29_v11_part5_attention.pdf, id=4287, 694.27379pt x 32
0.57903pt>
File: figures/atlas_t29/atlas_t29_v11_part5_attention.pdf Graphic file (type pd
f)
<use figures/atlas_t29/atlas_t29_v11_part5_attention.pdf>
Package pdftex.def Info: figures/atlas_t29/atlas_t29_v11_part5_attention.pdf  u
sed on input line 84.
(pdftex.def)             Requested size: 452.9679pt x 209.16144pt.
<figures/atlas_t29/atlas_t29_v11_part5_behavior.pdf, id=4288, 829.37038pt x 272
.81952pt>
File: figures/atlas_t29/atlas_t29_v11_part5_behavior.pdf Graphic file (type pdf
)
<use figures/atlas_t29/atlas_t29_v11_part5_behavior.pdf>
Package pdftex.def Info: figures/atlas_t29/atlas_t29_v11_part5_behavior.pdf  us
ed on input line 84.
(pdftex.def)             Requested size: 452.9679pt x 149.0063pt.


LaTeX Warning: `h' float specifier changed to `ht'.

[84

 <./figures/atlas_t29/atlas_t29_v11_part5_attention.pdf>] [85 <./figures/atlas_
t29/atlas_t29_v11_part5_behavior.pdf>] (./figures/arch_t29_v5.tex)
<figures/atlas_t29/atlas_t29_v5_attention.pdf, id=4840, 687.969pt x 320.57903pt
>
File: figures/atlas_t29/atlas_t29_v5_attention.pdf Graphic file (type pdf)
<use figures/atlas_t29/atlas_t29_v5_attention.pdf>
Package pdftex.def Info: figures/atlas_t29/atlas_t29_v5_attention.pdf  used on 
input line 90.
(pdftex.def)             Requested size: 452.9679pt x 211.07896pt.
<figures/atlas_t29/atlas_t29_v5_behavior.pdf, id=4841, 829.37038pt x 272.81952p
t>
File: figures/atlas_t29/atlas_t29_v5_behavior.pdf Graphic file (type pdf)
<use figures/atlas_t29/atlas_t29_v5_behavior.pdf>
Package pdftex.def Info: figures/atlas_t29/atlas_t29_v5_behavior.pdf  used on i
nput line 90.
(pdftex.def)             Requested size: 452.9679pt x 149.0063pt.


LaTeX Warning: `h' float specifier changed to `ht'.

[86

 <./figures/atlas_t29/atlas_t29_v5_attention.pdf>] [87 <./figures/atlas_t29/atl
as_t29_v5_behavior.pdf>] (./figures/arch_t29_v5_part2.tex)
<figures/atlas_t29/atlas_t29_v5_part2_attention.pdf, id=5379, 687.969pt x 320.5
7903pt>
File: figures/atlas_t29/atlas_t29_v5_part2_attention.pdf Graphic file (type pdf
)
<use figures/atlas_t29/atlas_t29_v5_part2_attention.pdf>
Package pdftex.def Info: figures/atlas_t29/atlas_t29_v5_part2_attention.pdf  us
ed on input line 95.
(pdftex.def)             Requested size: 452.9679pt x 211.07896pt.
<figures/atlas_t29/atlas_t29_v5_part2_behavior.pdf, id=5380, 829.37038pt x 272.
81952pt>
File: figures/atlas_t29/atlas_t29_v5_part2_behavior.pdf Graphic file (type pdf)

<use figures/atlas_t29/atlas_t29_v5_part2_behavior.pdf>
Package pdftex.def Info: figures/atlas_t29/atlas_t29_v5_part2_behavior.pdf  use
d on input line 95.
(pdftex.def)             Requested size: 452.9679pt x 149.0063pt.


LaTeX Warning: `h' float specifier changed to `ht'.

[88

 <./figures/atlas_t29/atlas_t29_v5_part2_attention.pdf>] [89 <./figures/atlas_t
29/atlas_t29_v5_part2_behavior.pdf>] (./figures/arch_t29_v8.tex)
<figures/atlas_t29/atlas_t29_v8_attention.pdf, id=5919, 687.969pt x 320.57903pt
>
File: figures/atlas_t29/atlas_t29_v8_attention.pdf Graphic file (type pdf)
<use figures/atlas_t29/atlas_t29_v8_attention.pdf>
Package pdftex.def Info: figures/atlas_t29/atlas_t29_v8_attention.pdf  used on 
input line 101.
(pdftex.def)             Requested size: 452.9679pt x 211.07896pt.
<figures/atlas_t29/atlas_t29_v8_behavior.pdf, id=5920, 829.37038pt x 272.81952p
t>
File: figures/atlas_t29/atlas_t29_v8_behavior.pdf Graphic file (type pdf)
<use figures/atlas_t29/atlas_t29_v8_behavior.pdf>
Package pdftex.def Info: figures/atlas_t29/atlas_t29_v8_behavior.pdf  used on i
nput line 101.
(pdftex.def)             Requested size: 452.9679pt x 149.0063pt.


LaTeX Warning: `h' float specifier changed to `ht'.

[90

 <./figures/atlas_t29/atlas_t29_v8_attention.pdf>] [91 <./figures/atlas_t29/atl
as_t29_v8_behavior.pdf>]) (./main.aux)
 ***********
LaTeX2e <2025-11-01>
L3 programming layer <2026-01-19>
 ***********
Package rerunfilecheck Info: File `main.out' has not changed.
(rerunfilecheck)             Checksum: EF3925E6AC7988B901E270217CE10EB2;27972.
 ) 
Here is how much of TeX's memory you used:
 27900 strings out of 469006
 543727 string characters out of 5454814
 909578 words of memory out of 5000000
 55518 multiletter control sequences out of 15000+600000
 785878 words of font info for 139 fonts, out of 8000000 for 9000
 319 hyphenation exceptions out of 8191
 84i,15n,94p,808b,902s stack positions out of 10000i,1000n,20000p,200000b,200000s
</usr/local/texlive/2026basic/texmf-dist/fonts/type1/public/lm/lmbx10.pfb></u
sr/local/texlive/2026basic/texmf-dist/fonts/type1/public/lm/lmbx12.pfb></usr/lo
cal/texlive/2026basic/texmf-dist/fonts/type1/public/lm/lmbx6.pfb></usr/local/te
xlive/2026basic/texmf-dist/fonts/type1/public/lm/lmbx8.pfb></usr/local/texlive/
2026basic/texmf-dist/fonts/type1/public/lm/lmbxi10.pfb></usr/local/texlive/2026
basic/texmf-dist/fonts/type1/public/lm/lmex10.pfb></usr/local/texlive/2026basic
/texmf-dist/fonts/type1/public/lm/lmmi10.pfb></usr/local/texlive/2026basic/texm
f-dist/fonts/type1/public/lm/lmmi12.pfb></usr/local/texlive/2026basic/texmf-dis
t/fonts/type1/public/lm/lmmi5.pfb></usr/local/texlive/2026basic/texmf-dist/font
s/type1/public/lm/lmmi6.pfb></usr/local/texlive/2026basic/texmf-dist/fonts/type
1/public/lm/lmmi7.pfb></usr/local/texlive/2026basic/texmf-dist/fonts/type1/publ
ic/lm/lmmi8.pfb></usr/local/texlive/2026basic/texmf-dist/fonts/type1/public/lm/
lmr10.pfb></usr/local/texlive/2026basic/texmf-dist/fonts/type1/public/lm/lmr12.
pfb></usr/local/texlive/2026basic/texmf-dist/fonts/type1/public/lm/lmr17.pfb></
usr/local/texlive/2026basic/texmf-dist/fonts/type1/public/lm/lmr5.pfb></usr/loc
al/texlive/2026basic/texmf-dist/fonts/type1/public/lm/lmr6.pfb></usr/local/texl
ive/2026basic/texmf-dist/fonts/type1/public/lm/lmr7.pfb></usr/local/texlive/202
6basic/texmf-dist/fonts/type1/public/lm/lmr8.pfb></usr/local/texlive/2026basic/
texmf-dist/fonts/type1/public/lm/lmri10.pfb></usr/local/texlive/2026basic/texmf
-dist/fonts/type1/public/lm/lmri7.pfb></usr/local/texlive/2026basic/texmf-dist/
fonts/type1/public/lm/lmsy10.pfb></usr/local/texlive/2026basic/texmf-dist/fonts
/type1/public/lm/lmsy5.pfb></usr/local/texlive/2026basic/texmf-dist/fonts/type1
/public/lm/lmsy6.pfb></usr/local/texlive/2026basic/texmf-dist/fonts/type1/publi
c/lm/lmsy7.pfb></usr/local/texlive/2026basic/texmf-dist/fonts/type1/public/lm/l
msy8.pfb></usr/local/texlive/2026basic/texmf-dist/fonts/type1/public/lm/lmtk10.
pfb></usr/local/texlive/2026basic/texmf-dist/fonts/type1/public/lm/lmtt10.pfb><
/usr/local/texlive/2026basic/texmf-dist/fonts/type1/public/lm/lmtt8.pfb></usr/l
ocal/texlive/2026basic/texmf-dist/fonts/type1/public/amsfonts/symbols/msam10.pf
b></usr/local/texlive/2026basic/texmf-dist/fonts/type1/public/amsfonts/symbols/
msbm10.pfb>
Output written on main.pdf (93 pages, 3507683 bytes).
PDF statistics:
 6745 PDF objects out of 7423 (max. 8388607)
 3188 compressed objects within 32 object streams
 501 named destinations out of 1000 (max. 500000)
 1156 words of extra memory for PDF output out of 10000 (max. 10000000)

