\BOOKMARK [0][-]{chapter.1}{\376\377\000I\000n\000t\000r\000o\000d\000u\000c\000t\000i\000o\000n}{}% 1
\BOOKMARK [1][-]{section.1.1}{\376\377\000T\000h\000e\000\040\000p\000r\000o\000g\000r\000a\000m\000\040\000a\000n\000d\000\040\000i\000t\000s\000\040\000g\000o\000a\000l}{chapter.1}% 2
\BOOKMARK [1][-]{section.1.2}{\376\377\000T\000h\000e\000\040\000m\000o\000d\000e\000l\000\040\000i\000n\000\040\000o\000n\000e\000\040\000p\000a\000r\000a\000g\000r\000a\000p\000h}{chapter.1}% 3
\BOOKMARK [1][-]{section.1.3}{\376\377\000S\000c\000o\000p\000e\000\040\000o\000f\000\040\000t\000h\000e\000\040\000e\000v\000i\000d\000e\000n\000c\000e}{chapter.1}% 4
\BOOKMARK [1][-]{section.1.4}{\376\377\000C\000o\000n\000t\000r\000i\000b\000u\000t\000i\000o\000n\000s\000\040\000a\000n\000d\000\040\000s\000t\000r\000u\000c\000t\000u\000r\000e}{chapter.1}% 5
\BOOKMARK [1][-]{section.1.5}{\376\377\000A\000\040\000n\000o\000t\000e\000\040\000o\000n\000\040\000t\000e\000r\000m\000i\000n\000o\000l\000o\000g\000y}{chapter.1}% 6
\BOOKMARK [0][-]{chapter.2}{\376\377\000T\000h\000e\000\040\000t\000a\000s\000k\000\040\000a\000n\000d\000\040\000i\000t\000s\000\040\000e\000n\000v\000i\000r\000o\000n\000m\000e\000n\000t\000s}{}% 7
\BOOKMARK [1][-]{section.2.1}{\376\377\000T\000h\000e\000\040\000c\000a\000n\000o\000n\000i\000c\000a\000l\000\040\000c\000u\000e\000d\000\040\000c\000h\000a\000n\000g\000e\000-\000d\000e\000t\000e\000c\000t\000i\000o\000n\000\040\000t\000a\000s\000k}{chapter.2}% 8
\BOOKMARK [1][-]{section.2.2}{\376\377\000D\000i\000f\000f\000i\000c\000u\000l\000t\000y\000\040\000c\000o\000n\000t\000r\000o\000l}{chapter.2}% 9
\BOOKMARK [1][-]{section.2.3}{\376\377\000W\000h\000y\000\040\000t\000h\000e\000\040\000s\000e\000v\000e\000n\000-\000s\000t\000e\000p\000\040\000t\000a\000s\000k\000\040\000i\000s\000\040\000h\000a\000r\000d\000\040\000f\000o\000r\000\040\000r\000e\000i\000n\000f\000o\000r\000c\000e\000m\000e\000n\000t\000\040\000l\000e\000a\000r\000n\000i\000n\000g}{chapter.2}% 10
\BOOKMARK [1][-]{section.2.4}{\376\377\000T\000h\000e\000\040\000t\000a\000s\000k\000\040\000b\000a\000t\000t\000e\000r\000y}{chapter.2}% 11
\BOOKMARK [1][-]{section.2.5}{\376\377\000T\000h\000e\000\040\000l\000o\000n\000g\000-\000h\000o\000r\000i\000z\000o\000n\000\040\000v\000a\000r\000i\000a\000n\000t}{chapter.2}% 12
\BOOKMARK [0][-]{chapter.3}{\376\377\000T\000h\000e\000\040\000m\000o\000d\000e\000l\000\040\000a\000r\000c\000h\000i\000t\000e\000c\000t\000u\000r\000e}{}% 13
\BOOKMARK [1][-]{section.3.1}{\376\377\000P\000a\000t\000c\000h\000\040\000f\000r\000o\000n\000t\000-\000e\000n\000d}{chapter.3}% 14
\BOOKMARK [1][-]{section.3.2}{\376\377\000R\000e\000c\000u\000r\000r\000e\000n\000t\000\040\000m\000u\000l\000t\000i\000p\000l\000i\000c\000a\000t\000i\000v\000e\000\040\000s\000e\000l\000f\000-\000a\000t\000t\000e\000n\000t\000i\000o\000n}{chapter.3}% 15
\BOOKMARK [1][-]{section.3.3}{\376\377\000S\000p\000a\000t\000i\000a\000l\000\040\000r\000e\000c\000u\000r\000r\000e\000n\000t\000\040\000m\000e\000m\000o\000r\000y}{chapter.3}% 16
\BOOKMARK [1][-]{section.3.4}{\376\377\000A\000c\000t\000o\000r\040\023\000c\000r\000i\000t\000i\000c\000\040\000r\000e\000a\000d\000o\000u\000t}{chapter.3}% 17
\BOOKMARK [0][-]{chapter.4}{\376\377\000T\000h\000e\000\040\000r\000e\000i\000n\000f\000o\000r\000c\000e\000m\000e\000n\000t\000-\000l\000e\000a\000r\000n\000i\000n\000g\000\040\000h\000a\000r\000n\000e\000s\000s}{}% 18
\BOOKMARK [1][-]{section.4.1}{\376\377\000A\000c\000t\000o\000r\000:\000\040\000P\000A\000C\000\040\000\050\000m\000a\000x\000i\000m\000u\000m\000-\000a\000-\000p\000o\000s\000t\000e\000r\000i\000o\000r\000i\000\040\000p\000o\000l\000i\000c\000y\000\040\000o\000p\000t\000i\000m\000i\000s\000a\000t\000i\000o\000n\000\040\000+\000\040\000b\000e\000h\000a\000v\000i\000o\000u\000r\000\040\000c\000l\000o\000n\000i\000n\000g\000\051}{chapter.4}% 19
\BOOKMARK [1][-]{section.4.2}{\376\377\000C\000r\000i\000t\000i\000c\000:\000\040\000d\000i\000s\000t\000r\000i\000b\000u\000t\000i\000o\000n\000a\000l\000\040\000q\000u\000a\000n\000t\000i\000l\000e\000\040\000r\000e\000g\000r\000e\000s\000s\000i\000o\000n}{chapter.4}% 20
\BOOKMARK [1][-]{section.4.3}{\376\377\000P\000r\000i\000o\000r\000i\000t\000i\000s\000e\000d\000\040\000e\000p\000i\000s\000o\000d\000e\000\040\000r\000e\000p\000l\000a\000y}{chapter.4}% 21
\BOOKMARK [1][-]{section.4.4}{\376\377\000T\000a\000r\000g\000e\000t\000\040\000n\000e\000t\000w\000o\000r\000k\000:\000\040\000h\000a\000r\000d\000-\000c\000o\000p\000y\000\040\000v\000e\000r\000s\000u\000s\000\040\000E\000M\000A}{chapter.4}% 22
\BOOKMARK [1][-]{section.4.5}{\376\377\000B\000u\000r\000n\000-\000i\000n}{chapter.4}% 23
\BOOKMARK [1][-]{section.4.6}{\376\377\000W\000h\000a\000t\000\040\000t\000h\000e\000\040\000h\000a\000r\000n\000e\000s\000s\000\040\000t\000a\000u\000g\000h\000t\000\040\000u\000s}{chapter.4}% 24
\BOOKMARK [0][-]{chapter.5}{\376\377\000F\000i\000n\000d\000i\000n\000g\000\040\000I\000\040\040\024\000\040\000p\000e\000r\000c\000e\000p\000t\000i\000o\000n\000\040\000i\000s\000\040\000t\000h\000e\000\040\000b\000o\000t\000t\000l\000e\000n\000e\000c\000k}{}% 25
\BOOKMARK [1][-]{section.5.1}{\376\377\000T\000h\000e\000\040\000c\000o\000l\000l\000a\000p\000s\000e}{chapter.5}% 26
\BOOKMARK [1][-]{section.5.2}{\376\377\000T\000h\000e\000\040\000d\000i\000a\000g\000n\000o\000s\000i\000s}{chapter.5}% 27
\BOOKMARK [1][-]{section.5.3}{\376\377\000T\000h\000e\000\040\000r\000e\000s\000c\000u\000e}{chapter.5}% 28
\BOOKMARK [1][-]{section.5.4}{\376\377\000T\000h\000e\000\040\000V\000A\000E\000\040\000i\000s\000\040\000a\000\040\000s\000t\000a\000t\000i\000c\000,\000\040\000t\000a\000s\000k\000-\000p\000a\000r\000a\000m\000e\000t\000e\000r\000-\000i\000n\000v\000a\000r\000i\000a\000n\000t\000\040\000f\000r\000o\000n\000t\000-\000e\000n\000d}{chapter.5}% 29
\BOOKMARK [1][-]{section.5.5}{\376\377\000W\000h\000y\000\040\000t\000h\000i\000s\000\040\000m\000a\000t\000t\000e\000r\000s\000\040\000f\000o\000r\000\040\000t\000h\000e\000\040\000a\000r\000c\000h\000i\000t\000e\000c\000t\000u\000r\000e\000\040\000c\000h\000o\000i\000c\000e}{chapter.5}% 30
\BOOKMARK [0][-]{chapter.6}{\376\377\000F\000i\000n\000d\000i\000n\000g\000\040\000I\000I\000\040\040\024\000\040\000t\000h\000e\000\040\000h\000o\000r\000i\000z\000o\000n\000\040\000d\000e\000c\000i\000d\000e\000s\000\040\000t\000h\000e\000\040\000s\000t\000r\000a\000t\000e\000g\000y}{}% 31
\BOOKMARK [1][-]{section.6.1}{\376\377\000T\000h\000e\000\040\000p\000u\000z\000z\000l\000e}{chapter.6}% 32
\BOOKMARK [1][-]{section.6.2}{\376\377\000T\000w\000o\000\040\000w\000a\000y\000s\000\040\000t\000o\000\040\000d\000e\000t\000e\000c\000t\000\040\000a\000\040\000c\000h\000a\000n\000g\000e}{chapter.6}% 33
\BOOKMARK [1][-]{section.6.3}{\376\377\000T\000h\000e\000\040\000h\000o\000r\000i\000z\000o\000n\000\040\000s\000e\000l\000e\000c\000t\000s\000\040\000b\000e\000t\000w\000e\000e\000n\000\040\000t\000h\000e\000m}{chapter.6}% 34
\BOOKMARK [1][-]{section.6.4}{\376\377\000T\000h\000e\000\040\000b\000e\000h\000a\000v\000i\000o\000u\000r\000a\000l\000\040\000f\000i\000n\000g\000e\000r\000p\000r\000i\000n\000t}{chapter.6}% 35
\BOOKMARK [1][-]{section.6.5}{\376\377\000C\000o\000n\000s\000e\000q\000u\000e\000n\000c\000e\000s\000\040\000f\000o\000r\000\040\000t\000h\000e\000\040\000p\000r\000o\000g\000r\000a\000m}{chapter.6}% 36
\BOOKMARK [0][-]{chapter.7}{\376\377\000F\000i\000n\000d\000i\000n\000g\000\040\000I\000I\000I\000\040\040\024\000\040\000c\000o\000u\000p\000l\000i\000n\000g\000\040\000i\000s\000\040\000a\000\040\000p\000r\000e\000c\000o\000n\000d\000i\000t\000i\000o\000n\000\040\000f\000o\000r\000\040\000l\000e\000a\000r\000n\000i\000n\000g}{}% 37
\BOOKMARK [1][-]{section.7.1}{\376\377\000T\000h\000e\000\040\000s\000p\000l\000i\000t\000-\000p\000a\000t\000h\000w\000a\000y\000\040\000d\000e\000s\000i\000g\000n}{chapter.7}% 38
\BOOKMARK [1][-]{section.7.2}{\376\377\000T\000h\000e\000\040\000t\000h\000r\000e\000e\000-\000w\000a\000y\000\040\000c\000o\000m\000p\000a\000r\000i\000s\000o\000n}{chapter.7}% 39
\BOOKMARK [1][-]{section.7.3}{\376\377\000T\000h\000e\000\040\000r\000e\000s\000u\000l\000t}{chapter.7}% 40
\BOOKMARK [1][-]{section.7.4}{\376\377\000I\000n\000t\000e\000r\000p\000r\000e\000t\000a\000t\000i\000o\000n\000\040\000a\000n\000d\000\040\000i\000t\000s\000\040\000l\000i\000m\000i\000t\000s}{chapter.7}% 41
\BOOKMARK [1][-]{section.7.5}{\376\377\000S\000t\000a\000n\000d\000i\000n\000g\000\040\000c\000a\000v\000e\000a\000t}{chapter.7}% 42
\BOOKMARK [0][-]{chapter.8}{\376\377\000T\000h\000e\000\040\000a\000r\000c\000h\000i\000t\000e\000c\000t\000u\000r\000e\000\040\000z\000o\000o}{}% 43
\BOOKMARK [1][-]{section.8.1}{\376\377\000F\000a\000m\000i\000l\000y\000\040\000A\000\040\040\024\000\040\000m\000e\000m\000o\000r\000y\000-\000a\000s\000-\000t\000o\000k\000e\000n\000s\000\040\000s\000e\000l\000f\000-\000a\000t\000t\000e\000n\000t\000i\000o\000n\000\040\000\050\000v\0004\000,\000\040\000v\0005\000,\000\040\000v\0005\000\137\000p\000a\000r\000t\0002\000\051}{chapter.8}% 44
\BOOKMARK [1][-]{section.8.2}{\376\377\000F\000a\000m\000i\000l\000y\000\040\000B\000\040\040\024\000\040\000b\000o\000t\000t\000l\000e\000n\000e\000c\000k\000\040\000r\000e\000s\000i\000d\000u\000a\000l\000s\000\040\000\050\000v\0008\000,\000\040\000v\0008\000\137\000p\000a\000r\000t\0002\000,\000\040\000v\0009\000\051}{chapter.8}% 45
\BOOKMARK [1][-]{section.8.3}{\376\377\000F\000a\000m\000i\000l\000y\000\040\000C\000\040\040\024\000\040\000s\000p\000l\000i\000t\000\040\000p\000r\000i\000o\000r\000i\000t\000y\000/\000v\000a\000l\000u\000e\000\040\000p\000a\000t\000h\000w\000a\000y\000s\000\040\000\050\000v\0001\0001\000,\000\040\000v\0001\0001\000\137\000p\000a\000r\000t\0002\040\023\0005\000\051}{chapter.8}% 46
\BOOKMARK [1][-]{section.8.4}{\376\377\000F\000a\000m\000i\000l\000y\000\040\000D\000\040\040\024\000\040\000c\000o\000d\000e\000b\000o\000o\000k\000\040\000/\000\040\000v\000e\000c\000t\000o\000r\000-\000q\000u\000a\000n\000t\000i\000s\000e\000d\000\040\000a\000t\000t\000e\000n\000t\000i\000o\000n\000\040\000\050\000v\0001\0002\000,\000\040\000v\0001\0002\000\137\000p\000a\000r\000t\0002\000/\0003\000\051}{chapter.8}% 47
\BOOKMARK [1][-]{section.8.5}{\376\377\000F\000a\000m\000i\000l\000y\000\040\000E\000\040\040\024\000\040\000p\000r\000e\000d\000i\000c\000t\000i\000v\000e\000-\000c\000o\000d\000i\000n\000g\000\040\000a\000n\000d\000\040\000e\000n\000e\000r\000g\000y\000\040\000m\000o\000d\000u\000l\000a\000t\000i\000o\000n\000\040\000\050\000v\0001\0003\000,\000\040\000v\0001\0004\000,\000\040\000v\0001\0005\000\051}{chapter.8}% 48
\BOOKMARK [1][-]{section.8.6}{\376\377\000W\000h\000a\000t\000\040\000t\000h\000e\000\040\000z\000o\000o\000\040\000s\000a\000y\000s\000\040\000i\000n\000\040\000a\000g\000g\000r\000e\000g\000a\000t\000e}{chapter.8}% 49
\BOOKMARK [0][-]{chapter.9}{\376\377\000F\000i\000n\000d\000i\000n\000g\000\040\000I\000V\000\040\040\024\000\040\000t\000h\000e\000\040\000w\000o\000r\000k\000i\000n\000g\000\040\000m\000o\000d\000e\000l\000\040\000r\000e\000p\000r\000o\000d\000u\000c\000e\000s\000\040\000t\000h\000e\000\040\000p\000a\000p\000e\000r}{}% 50
\BOOKMARK [1][-]{section.9.1}{\376\377\000B\000a\000s\000e\000l\000i\000n\000e\000\040\000b\000e\000h\000a\000v\000i\000o\000u\000r}{chapter.9}% 51
\BOOKMARK [1][-]{section.9.2}{\376\377\000P\000s\000y\000c\000h\000o\000m\000e\000t\000r\000i\000c\000s\000:\000\040\000t\000h\000e\000\040\000r\000e\000l\000i\000a\000b\000i\000l\000i\000t\000y\000-\000s\000c\000a\000l\000e\000d\000\040\000c\000u\000e\000i\000n\000g\000\040\000b\000e\000n\000e\000f\000i\000t}{chapter.9}% 52
\BOOKMARK [1][-]{section.9.3}{\376\377\000C\000h\000r\000o\000n\000o\000m\000e\000t\000r\000i\000c\000s\000:\000\040\000t\000h\000e\000\040\000r\000e\000a\000c\000t\000i\000o\000n\000-\000t\000i\000m\000e\000\040\000s\000t\000o\000r\000y}{chapter.9}% 53
\BOOKMARK [1][-]{section.9.4}{\376\377\000C\000a\000u\000s\000a\000l\000\040\000a\000t\000t\000e\000n\000t\000i\000o\000n\000\040\000m\000a\000n\000i\000p\000u\000l\000a\000t\000i\000o\000n}{chapter.9}% 54
\BOOKMARK [1][-]{section.9.5}{\376\377\000S\000c\000o\000r\000e\000c\000a\000r\000d}{chapter.9}% 55
\BOOKMARK [0][-]{chapter.10}{\376\377\000F\000i\000n\000d\000i\000n\000g\000\040\000V\000\040\040\024\000\040\000a\000t\000t\000e\000n\000t\000i\000o\000n\000\040\000v\000e\000r\000s\000u\000s\000\040\000m\000e\000m\000o\000r\000y\000,\000\040\000a\000n\000d\000\040\000t\000h\000e\000\040\000c\000u\000e\000-\000a\000t\000t\000e\000n\000t\000i\000o\000n\000\040\000q\000u\000e\000s\000t\000i\000o\000n}{}% 56
\BOOKMARK [1][-]{section.10.1}{\376\377\000T\000h\000e\000\040\000c\000u\000e\000\040\000m\000o\000d\000u\000l\000a\000t\000e\000s\000\040\000b\000e\000h\000a\000v\000i\000o\000u\000r}{chapter.10}% 57
\BOOKMARK [1][-]{section.10.2}{\376\377\000T\000h\000e\000\040\000a\000t\000t\000e\000n\000t\000i\000o\000n\000\040\000i\000s\000\040\000c\000h\000a\000n\000g\000e\000-\000l\000o\000c\000k\000e\000d\000,\000\040\000n\000o\000t\000\040\000c\000u\000e\000-\000l\000o\000c\000k\000e\000d}{chapter.10}% 58
\BOOKMARK [1][-]{section.10.3}{\376\377\000W\000h\000e\000r\000e\000\040\000t\000h\000e\000\040\000c\000u\000e\000\040\000a\000c\000t\000u\000a\000l\000l\000y\000\040\000l\000i\000v\000e\000s}{chapter.10}% 59
\BOOKMARK [1][-]{section.10.4}{\376\377\000T\000h\000e\000\040\000m\000e\000c\000h\000a\000n\000i\000s\000m}{chapter.10}% 60
\BOOKMARK [1][-]{section.10.5}{\376\377\000T\000h\000e\000\040\000o\000p\000e\000n\000\040\000q\000u\000e\000s\000t\000i\000o\000n}{chapter.10}% 61
\BOOKMARK [1][-]{section.10.6}{\376\377\000T\000h\000e\000\040\000m\000a\000t\000c\000h\000e\000d\000\040\000f\000a\000m\000i\000l\000y\000\040\000u\000n\000d\000e\000r\000\040\000t\000e\000s\000t}{chapter.10}% 62
\BOOKMARK [1][-]{section.10.7}{\376\377\000R\000e\000s\000u\000l\000t\000s\000:\000\040\000t\000h\000e\000\040\000f\000a\000m\000i\000l\000y\000\040\000r\000e\000s\000o\000l\000v\000e\000s\000\040\000t\000h\000e\000\040\000q\000u\000e\000s\000t\000i\000o\000n}{chapter.10}% 63
\BOOKMARK [1][-]{section.10.8}{\376\377\000W\000h\000y\000\040\000t\000h\000i\000s\000\040\000m\000a\000t\000t\000e\000r\000s}{chapter.10}% 64
\BOOKMARK [0][-]{chapter.11}{\376\377\000F\000i\000n\000d\000i\000n\000g\000\040\000V\000I\000\040\040\024\000\040\000p\000e\000r\000c\000e\000p\000t\000i\000o\000n\000\040\000c\000a\000n\000\040\000b\000e\000\040\000l\000e\000a\000r\000n\000e\000d\000\040\000w\000i\000t\000h\000o\000u\000t\000\040\000a\000\040\000p\000r\000e\000t\000r\000a\000i\000n\000e\000d\000\040\000V\000A\000E\000:\000\040\000V\000-\000J\000E\000P\000A\000\040\000s\000e\000l\000f\000-\000d\000i\000s\000t\000i\000l\000l\000a\000t\000i\000o\000n}{}% 65
\BOOKMARK [1][-]{section.11.1}{\376\377\000T\000h\000e\000\040\000q\000u\000e\000s\000t\000i\000o\000n\000\040\000C\000h\000a\000p\000t\000e\000r\000\040\0005\000\040\000l\000e\000f\000t\000\040\000o\000p\000e\000n}{chapter.11}% 66
\BOOKMARK [1][-]{section.11.2}{\376\377\000T\000h\000e\000\040\000a\000u\000x\000i\000l\000i\000a\000r\000y\000:\000\040\000V\000-\000J\000E\000P\000A\000\040\000t\000e\000m\000p\000o\000r\000a\000l\000\040\000s\000e\000l\000f\000-\000d\000i\000s\000t\000i\000l\000l\000a\000t\000i\000o\000n}{chapter.11}% 67
\BOOKMARK [1][-]{section.11.3}{\376\377\000R\000e\000s\000u\000l\000t\000\040\000A\000:\000\040\000l\000e\000a\000r\000n\000i\000n\000g\000\040\000f\000r\000o\000m\000\040\000r\000a\000w\000\040\000p\000i\000x\000e\000l\000s\000\040\000v\000i\000a\000\040\000f\000r\000a\000m\000e\000-\000r\000e\000p\000e\000a\000t}{chapter.11}% 68
\BOOKMARK [1][-]{section.11.4}{\376\377\000R\000e\000s\000u\000l\000t\000\040\000B\000:\000\040\000t\000h\000e\000\040\000c\000o\000n\000v\000o\000l\000u\000t\000i\000o\000n\000a\000l\000\040\000f\000r\000o\000n\000t\000-\000e\000n\000d\000\040\000a\000n\000d\000\040\000i\000t\000s\000\040\000s\000h\000a\000r\000p\000\040\000c\000o\000v\000e\000r\000t\000-\000c\000u\000e\000i\000n\000g\000\040\000a\000l\000g\000o\000r\000i\000t\000h\000m}{chapter.11}% 69
\BOOKMARK [1][-]{section.11.5}{\376\377\000I\000n\000f\000o\000r\000m\000a\000t\000i\000v\000e\000\040\000n\000e\000g\000a\000t\000i\000v\000e\000s\000:\000\040\000w\000h\000a\000t\000\040\000f\000e\000n\000c\000e\000s\000\040\000t\000h\000e\000\040\000r\000e\000c\000i\000p\000e}{chapter.11}% 70
\BOOKMARK [1][-]{section.11.6}{\376\377\000S\000e\000t\000-\000s\000i\000z\000e\000-\0009\000\040\000g\000e\000n\000e\000r\000a\000l\000i\000z\000a\000t\000i\000o\000n\000\040\000\050\000i\000n\000\040\000p\000r\000o\000g\000r\000e\000s\000s\000\051}{chapter.11}% 71
\BOOKMARK [1][-]{section.11.7}{\376\377\000C\000r\000o\000s\000s\000-\000c\000u\000t\000t\000i\000n\000g\000\040\000l\000e\000s\000s\000o\000n\000:\000\040\000a\000r\000c\000h\000i\000t\000e\000c\000t\000u\000r\000e\000\040\000s\000e\000t\000s\000\040\000t\000h\000e\000\040\000a\000t\000t\000e\000n\000t\000i\000o\000n\000\040\000s\000t\000r\000a\000t\000e\000g\000y}{chapter.11}% 72
\BOOKMARK [0][-]{chapter.12}{\376\377\000R\000e\000i\000n\000f\000o\000r\000c\000e\000m\000e\000n\000t\000-\000l\000e\000a\000r\000n\000i\000n\000g\000\040\000h\000a\000r\000n\000e\000s\000s\000\040\000v\000a\000r\000i\000a\000t\000i\000o\000n\000s}{}% 73
\BOOKMARK [1][-]{section.12.1}{\376\377\000D\000i\000s\000c\000o\000u\000n\000t\000\040\000a\000n\000d\000\040\000h\000o\000r\000i\000z\000o\000n}{chapter.12}% 74
\BOOKMARK [1][-]{section.12.2}{\376\377\000C\000r\000i\000t\000i\000c\000\040\000p\000a\000r\000t\000i\000c\000l\000e\000s}{chapter.12}% 75
\BOOKMARK [1][-]{section.12.3}{\376\377\000T\000a\000r\000g\000e\000t\000\040\000n\000e\000t\000w\000o\000r\000k\000:\000\040\000E\000M\000A\000\040\000v\000e\000r\000s\000u\000s\000\040\000h\000a\000r\000d\000\040\000c\000o\000p\000y}{chapter.12}% 76
\BOOKMARK [1][-]{section.12.4}{\376\377\000E\000x\000p\000l\000o\000r\000a\000t\000i\000o\000n\000\040\000a\000n\000d\000\040\000t\000h\000e\000\040\000t\000w\000o\000\040\000c\000o\000l\000l\000a\000p\000s\000e\000s}{chapter.12}% 77
\BOOKMARK [1][-]{section.12.5}{\376\377\000A\000\040\000r\000e\000s\000u\000m\000e\000\040\000f\000o\000o\000t\000g\000u\000n\000,\000\040\000f\000i\000x\000e\000d}{chapter.12}% 78
\BOOKMARK [0][-]{chapter.13}{\376\377\000W\000h\000e\000r\000e\000\040\000t\000h\000i\000s\000\040\000l\000e\000a\000v\000e\000s\000\040\000u\000s\000:\000\040\000a\000n\000\040\000a\000r\000c\000h\000i\000t\000e\000c\000t\000u\000r\000e\000\040\000r\000e\000c\000o\000m\000m\000e\000n\000d\000a\000t\000i\000o\000n}{}% 79
\BOOKMARK [1][-]{section.13.1}{\376\377\000D\000e\000c\000i\000s\000i\000o\000n\000\040\000c\000r\000i\000t\000e\000r\000i\000a}{chapter.13}% 80
\BOOKMARK [1][-]{section.13.2}{\376\377\000T\000w\000o\000\040\000n\000o\000n\000-\000n\000e\000g\000o\000t\000i\000a\000b\000l\000e\000s}{chapter.13}% 81
\BOOKMARK [1][-]{section.13.3}{\376\377\000T\000h\000e\000\040\000a\000t\000t\000e\000n\000t\000i\000o\000n\000-\000m\000e\000c\000h\000a\000n\000i\000s\000m\000\040\000c\000h\000o\000i\000c\000e\000\040\000\050\000n\000o\000w\000\040\000d\000e\000c\000i\000d\000e\000d\000\051}{chapter.13}% 82
\BOOKMARK [1][-]{section.13.4}{\376\377\000R\000e\000c\000o\000m\000m\000e\000n\000d\000a\000t\000i\000o\000n}{chapter.13}% 83
\BOOKMARK [1][-]{section.13.5}{\376\377\000W\000h\000a\000t\000\040\000m\000u\000s\000t\000\040\000b\000e\000\040\000r\000e\000s\000o\000l\000v\000e\000d\000\040\000b\000e\000f\000o\000r\000e\000\040\000t\000h\000i\000s\000\040\000i\000s\000\040\000f\000i\000n\000a\000l}{chapter.13}% 84
\BOOKMARK [0][-]{chapter.14}{\376\377\000P\000r\000o\000p\000o\000s\000e\000d\000\040\000e\000x\000p\000e\000r\000i\000m\000e\000n\000t\000s}{}% 85
\BOOKMARK [1][-]{section.14.1}{\376\377\000T\000r\000a\000c\000k\000\040\0001\000\040\040\024\000\040\000t\000h\000e\000\040\000t\000a\000s\000k\000\040\000b\000a\000t\000t\000e\000r\000y\000\040\000\050\000e\000m\000p\000i\000r\000i\000c\000a\000l\000\040\000m\000a\000n\000u\000s\000c\000r\000i\000p\000t\000\051}{chapter.14}% 86
\BOOKMARK [1][-]{section.14.2}{\376\377\000T\000r\000a\000c\000k\000\040\0002\000\040\040\024\000\040\000t\000h\000e\000\040\000a\000r\000c\000h\000i\000t\000e\000c\000t\000u\000r\000e\000\040\000/\000\040\000m\000e\000c\000h\000a\000n\000i\000s\000m\000\040\000e\000x\000p\000e\000r\000i\000m\000e\000n\000t\000s}{chapter.14}% 87
\BOOKMARK [1][-]{section.14.3}{\376\377\000S\000e\000q\000u\000e\000n\000c\000i\000n\000g\000\040\000a\000n\000d\000\040\000c\000o\000s\000t}{chapter.14}% 88
\BOOKMARK [0][-]{chapter.15}{\376\377\000R\000e\000s\000e\000a\000r\000c\000h\000\040\000p\000l\000a\000n}{}% 89
\BOOKMARK [1][-]{section.15.1}{\376\377\000S\000t\000a\000g\000e\000\040\0000\000\040\040\024\000\040\000s\000e\000t\000t\000l\000e\000\040\000t\000h\000e\000\040\000n\000e\000t\000w\000o\000r\000k\000\040\000\050\000l\000a\000r\000g\000e\000l\000y\000\040\000d\000o\000n\000e\000\051}{chapter.15}% 90
\BOOKMARK [1][-]{section.15.2}{\376\377\000S\000t\000a\000g\000e\000\040\0001\000\040\040\024\000\040\000g\000e\000n\000e\000r\000a\000l\000i\000s\000a\000t\000i\000o\000n\000\040\000a\000c\000r\000o\000s\000s\000\040\000t\000h\000e\000\040\000b\000a\000t\000t\000e\000r\000y\000\040\000\050\0002\040\023\0003\000\040\000w\000e\000e\000k\000s\000\051}{chapter.15}% 91
\BOOKMARK [1][-]{section.15.3}{\376\377\000S\000t\000a\000g\000e\000\040\0002\000\040\040\024\000\040\000t\000h\000e\000\040\000c\000a\000u\000s\000a\000l\000-\000p\000r\000e\000d\000i\000c\000t\000i\000o\000n\000\040\000d\000i\000f\000f\000e\000r\000e\000n\000t\000i\000a\000t\000o\000r\000s\000\040\000\050\0002\000\040\000w\000e\000e\000k\000s\000\051}{chapter.15}% 92
\BOOKMARK [1][-]{section.15.4}{\376\377\000S\000t\000a\000g\000e\000\040\0003\000\040\040\024\000\040\000t\000h\000e\000\040\000a\000r\000c\000h\000i\000t\000e\000c\000t\000u\000r\000e\000\040\000/\000\040\000d\000i\000s\000s\000o\000c\000i\000a\000t\000i\000o\000n\000\040\000p\000a\000p\000e\000r\000\040\000\050\000p\000a\000r\000a\000l\000l\000e\000l\000\040\000t\000r\000a\000c\000k\000\051}{chapter.15}% 93
\BOOKMARK [1][-]{section.15.5}{\376\377\000S\000t\000a\000g\000e\000\040\0004\000\040\040\024\000\040\000t\000h\000e\000\040\000n\000o\000r\000m\000a\000t\000i\000v\000e\000\040\000t\000h\000e\000o\000r\000y\000\040\000p\000r\000e\000p\000r\000i\000n\000t\000\040\000\050\000J\000a\000m\000e\000s\000\040\000f\000i\000r\000s\000t\000\040\000a\000u\000t\000h\000o\000r\000,\000\040\000p\000a\000r\000a\000l\000l\000e\000l\000\051}{chapter.15}% 94
\BOOKMARK [1][-]{section.15.6}{\376\377\000R\000i\000s\000k\000s\000\040\000a\000n\000d\000\040\000c\000o\000n\000t\000i\000n\000g\000e\000n\000c\000i\000e\000s}{chapter.15}% 95
\BOOKMARK [0][-]{chapter.16}{\376\377\000S\000u\000m\000m\000a\000r\000y\000\040\000o\000f\000\040\000f\000i\000n\000d\000i\000n\000g\000s}{}% 96
\BOOKMARK [1][-]{section.16.1}{\376\377\000E\000s\000t\000a\000b\000l\000i\000s\000h\000e\000d\000\040\000f\000i\000n\000d\000i\000n\000g\000s}{chapter.16}% 97
\BOOKMARK [1][-]{section.16.2}{\376\377\000O\000p\000e\000n\000\040\000q\000u\000e\000s\000t\000i\000o\000n\000s}{chapter.16}% 98
\BOOKMARK [1][-]{section.16.3}{\376\377\000R\000e\000u\000s\000a\000b\000l\000e\000\040\000i\000n\000f\000r\000a\000s\000t\000r\000u\000c\000t\000u\000r\000e}{chapter.16}% 99
\BOOKMARK [0][-]{chapter.17}{\376\377\000C\000o\000n\000c\000l\000u\000s\000i\000o\000n}{}% 100
\BOOKMARK [0][-]{appendix.A}{\376\377\000P\000e\000r\000-\000m\000o\000d\000e\000l\000\040\000a\000t\000l\000a\000s\000:\000\040\000a\000r\000c\000h\000i\000t\000e\000c\000t\000u\000r\000e\000,\000\040\000a\000t\000t\000e\000n\000t\000i\000o\000n\000,\000\040\000a\000n\000d\000\040\000b\000e\000h\000a\000v\000i\000o\000u\000r}{}% 101
\BOOKMARK [1][-]{section.A.1}{\376\377\000T\000w\000o\000\040\000s\000t\000a\000c\000k\000e\000d\000\040\000x\000L\000S\000T\000M\000s\000\040\000\050\000r\000e\000c\000o\000m\000m\000e\000n\000d\000e\000d\000\040\000n\000e\000t\000w\000o\000r\000k\000\051}{appendix.A}% 102
\BOOKMARK [1][-]{section.A.2}{\376\377\000M\000u\000l\000t\000i\000p\000l\000i\000c\000a\000t\000i\000v\000e\000\040\000\050\000p\000a\000p\000e\000r\000-\000f\000a\000i\000t\000h\000f\000u\000l\000\040\000r\000e\000f\000e\000r\000e\000n\000c\000e\000\051}{appendix.A}% 103
\BOOKMARK [1][-]{section.A.3}{\376\377\000C\000r\000o\000s\000s\000-\000a\000t\000t\000e\000n\000t\000i\000o\000n\000\040\000\050\000i\000m\000a\000g\000e\000\040\000+\000\040\000m\000e\000m\000o\000r\000y\000\040\000k\000e\000y\000s\000\051}{appendix.A}% 104
\BOOKMARK [1][-]{section.A.4}{\376\377\000D\000u\000a\000l\000-\000m\000e\000m\000o\000r\000y\000\040\000\050\000t\000h\000e\000\040\000m\000e\000m\000o\000r\000i\000e\000s\000\040\000q\000u\000e\000r\000y\000\051}{appendix.A}% 105
\BOOKMARK [1][-]{section.A.5}{\376\377\000D\000u\000a\000l\000-\000h\000e\000a\000d\000\040\000\050\000s\000e\000n\000s\000o\000r\000y\000\040\000+\000\040\000f\000e\000e\000d\000b\000a\000c\000k\000\051}{appendix.A}% 106
\BOOKMARK [1][-]{section.A.6}{\376\377\000A\000f\000f\000i\000n\000e\000\040\000\050\000m\000a\000t\000r\000i\000x\000\040\000s\000c\000a\000l\000e\000\040\000+\000\040\000s\000h\000i\000f\000t\000\051\000\040\000m\000o\000d\000u\000l\000a\000t\000i\000o\000n\000\040\040\024\000\040\000f\000a\000i\000l\000e\000d}{appendix.A}% 107
\BOOKMARK [1][-]{section.A.7}{\376\377\000F\000a\000s\000t\000-\000w\000e\000i\000g\000h\000t\000\040\000\050\000h\000y\000p\000e\000r\000n\000e\000t\000w\000o\000r\000k\000\051\000\040\000a\000t\000t\000e\000n\000t\000i\000o\000n\000\040\040\024\000\040\000d\000e\000g\000e\000n\000e\000r\000a\000t\000e}{appendix.A}% 108
\BOOKMARK [1][-]{section.A.8}{\376\377\000F\000a\000s\000t\000-\000w\000e\000i\000g\000h\000t\000\040\000+\000\040\000c\000o\000d\000e\000b\000o\000o\000k\000\040\040\024\000\040\000e\000s\000s\000e\000n\000t\000i\000a\000l\000l\000y\000\040\000u\000n\000t\000r\000a\000i\000n\000e\000d}{appendix.A}% 109
\BOOKMARK [0][-]{appendix.B}{\376\377\000P\000e\000r\000-\000m\000o\000d\000e\000l\000\040\000a\000t\000l\000a\000s\000:\000\040\000t\000h\000e\000\040\000s\000u\000c\000c\000e\000s\000s\000f\000u\000l\000\040\000T\000=\0002\0009\000\040\000l\000o\000n\000g\000-\000t\000a\000s\000k\000\040\000m\000o\000d\000e\000l\000s}{}% 110
\BOOKMARK [1][-]{section.B.1}{\376\377\000v\0001\0001\000\137\000p\000a\000r\000t\0002\000\040\040\024\000\040\000s\000p\000l\000i\000t\000-\000r\000e\000a\000d\000o\000u\000t\000\040\000c\000r\000o\000s\000s\000-\000t\000a\000l\000k}{appendix.B}% 111
\BOOKMARK [1][-]{section.B.2}{\376\377\000v\0001\0001\000\040\040\024\000\040\000p\000a\000r\000a\000l\000l\000e\000l\000\040\000d\000u\000a\000l\000-\000s\000t\000r\000e\000a\000m}{appendix.B}% 112
\BOOKMARK [1][-]{section.B.3}{\376\377\000v\0001\0001\000\137\000p\000a\000r\000t\0005\000\040\040\024\000\040\000s\000p\000l\000i\000t\000-\000r\000e\000a\000d\000o\000u\000t\000\040\000c\000r\000o\000s\000s\000-\000t\000a\000l\000k\000\040\000\050\000d\000i\000s\000t\000r\000a\000c\000t\000o\000r\000-\000t\000r\000a\000i\000n\000e\000d\000\051}{appendix.B}% 113
\BOOKMARK [1][-]{section.B.4}{\376\377\000v\0005\000\040\040\024\000\040\000m\000e\000m\000o\000r\000y\000-\000a\000s\000-\000t\000o\000k\000e\000n\000s\000\040\000s\000e\000l\000f\000-\000a\000t\000t\000e\000n\000t\000i\000o\000n}{appendix.B}% 114
\BOOKMARK [1][-]{section.B.5}{\376\377\000v\0005\000\137\000p\000a\000r\000t\0002\000\040\040\024\000\040\000c\000r\000o\000s\000s\000-\000a\000t\000t\000e\000n\000t\000i\000o\000n\000\040\000o\000v\000e\000r\000\040\000m\000e\000m\000o\000r\000y}{appendix.B}% 115
\BOOKMARK [1][-]{section.B.6}{\376\377\000v\0008\000\040\040\024\000\040\000c\000r\000o\000s\000s\000-\000a\000t\000t\000e\000n\000t\000i\000o\000n\000\040\000w\000i\000t\000h\000\040\000a\000n\000\040\000H\0001\000\040\000r\000e\000s\000i\000d\000u\000a\000l}{appendix.B}% 116
