[v11_part2] iter=10399 grid=10x10 N=100 — attention maps ...
[v11_part2] psychometrics ...
[v11_part2] saved (mean cued-hit 0.683, FA 0.025)
[v5] iter=1999 grid=10x10 N=100 — attention maps ...
[v5] psychometrics ...
[v5] saved (mean cued-hit 0.750, FA 0.038)
[v5_part2] iter=4999 grid=10x10 N=100 — attention maps ...
[v5_part2] psychometrics ...
[v5_part2] saved (mean cued-hit 0.714, FA 0.044)
[v8] iter=4999 grid=10x10 N=100 — attention maps ...
[v8] psychometrics ...
[v8] saved (mean cued-hit 0.721, FA 0.019)
[v11] iter=8199 grid=10x10 N=100 — attention maps ...
[v11] psychometrics ...
[v11] saved (mean cued-hit 0.671, FA 0.059)
[v11_part5] iter=11799 grid=10x10 N=100 — attention maps ...
[v11_part5] psychometrics ...
[v11_part5] FAILED: record_rollout() got an unexpected keyword argument 'record_latents'
Traceback (most recent call last):
  File "/Users/jonathanmorgan/AttentionManuscript/analysis_t29/t29_atlas_analysis.py", line 222, in main
    run_model(name, pkg, ckpt, kind, backend)
  File "/Users/jonathanmorgan/AttentionManuscript/analysis_t29/t29_atlas_analysis.py", line 206, in run_model
    resp, rt, fa = psycho()
                   ^^^^^^^^
  File "/Users/jonathanmorgan/AttentionManuscript/analysis_t29/t29_atlas_analysis.py", line 199, in <lambda>
    psycho = lambda: distractor_psycho(ctx, rng)
                     ^^^^^^^^^^^^^^^^^^^^^^^^^^^
  File "/Users/jonathanmorgan/AttentionManuscript/analysis_t29/t29_atlas_analysis.py", line 173, in distractor_psycho
    r = dd.record_rollout(ctx["model"], envs, obs0, DEVICE, policy="argmax",
        ^^^^^^^^^^^^^^^^^^^^^^^^^^^^^^^^^^^^^^^^^^^^^^^^^^^^^^^^^^^^^^^^^^^^
  File "/Users/jonathanmorgan/AttentionManuscript/.venv/lib/python3.12/site-packages/torch/utils/_contextlib.py", line 124, in decorate_context
    return func(*args, **kwargs)
           ^^^^^^^^^^^^^^^^^^^^^
TypeError: record_rollout() got an unexpected keyword argument 'record_latents'
ALL DONE
