\BOOKMARK [1][-]{section.1}{\376\377\000I\000n\000t\000r\000o\000d\000u\000c\000t\000i\000o\000n}{}% 1
\BOOKMARK [1][-]{section.2}{\376\377\000M\000o\000d\000e\000l}{}% 2
\BOOKMARK [2][-]{subsection.2.1}{\376\377\000T\000h\000e\000\040\000i\000n\000h\000e\000r\000i\000t\000e\000d\000\040\000s\000k\000e\000l\000e\000t\000o\000n}{section.2}% 3
\BOOKMARK [2][-]{subsection.2.2}{\376\377\000T\000h\000e\000\040\000l\000o\000c\000u\000s\000\040\000o\000f\000\040\000a\000s\000s\000u\000m\000p\000t\000i\000o\000n\000\040\000A\0001}{section.2}% 4
\BOOKMARK [2][-]{subsection.2.3}{\376\377\000T\000h\000e\000\040\000d\000e\000c\000o\000r\000r\000e\000l\000a\000t\000i\000o\000n\000\040\000c\000h\000a\000n\000n\000e\000l}{section.2}% 5
\BOOKMARK [2][-]{subsection.2.4}{\376\377\000T\000h\000r\000e\000e\000\040\000l\000e\000v\000e\000r\000s\000,\000\040\000n\000o\000t\000\040\000t\000w\000o}{section.2}% 6
\BOOKMARK [2][-]{subsection.2.5}{\376\377\000W\000h\000a\000t\000\040\000i\000n\000d\000e\000p\000e\000n\000d\000e\000n\000c\000e\000\040\000a\000c\000t\000u\000a\000l\000l\000y\000\040\000u\000p\000p\000e\000r\000-\000b\000o\000u\000n\000d\000s}{section.2}% 7
\BOOKMARK [1][-]{section.3}{\376\377\000R\000e\000s\000u\000l\000t\000s}{}% 8
\BOOKMARK [2][-]{subsection.3.1}{\376\377\000C\000r\000i\000t\000e\000r\000i\000o\000n\000\040\000f\000r\000a\000c\000t\000i\000o\000n\000:\000\040\000d\000i\000s\000t\000r\000i\000b\000u\000t\000i\000o\000n\000a\000l\000,\000\040\000n\000o\000t\000\040\000c\000a\000t\000e\000g\000o\000r\000i\000c\000a\000l\000\040\000\050\000C\0001\000\051}{section.3}% 9
\BOOKMARK [2][-]{subsection.3.2}{\376\377\000N\000o\000n\000-\000m\000o\000n\000o\000t\000o\000n\000i\000c\000i\000t\000y\000\040\000o\000f\000\040\000V\000D\000A\000\040\000i\000n\000\040\000r\000\040\000w\000i\000t\000h\000\040\000c\000l\000o\000s\000e\000d\000-\000f\000o\000r\000m\000\040\000e\000s\000c\000a\000p\000e\000\040\000t\000h\000r\000e\000s\000h\000o\000l\000d\000\040\000\050\000C\0002\000\051}{section.3}% 10
\BOOKMARK [2][-]{subsection.3.3}{\376\377\000G\000r\000a\000d\000e\000d\000\040\000r\000e\000g\000i\000m\000e\000\040\000b\000o\000u\000n\000d\000a\000r\000y\000\040\000\050\000C\0003\000\051}{section.3}% 11
\BOOKMARK [2][-]{subsection.3.4}{\376\377\000N\000o\000\040\000i\000n\000v\000e\000r\000s\000i\000o\000n\000\040\000o\000f\000\040\000o\000p\000t\000i\000m\000a\000l\000\040\000a\000t\000t\000e\000n\000t\000i\000o\000n\000,\000\040\000c\000o\000n\000d\000i\000t\000i\000o\000n\000a\000l\000\040\000o\000n\000\040\000V\0001\000/\000N\000\040\000\050\000C\0004\000\051}{section.3}% 12
\BOOKMARK [1][-]{section.4}{\376\377\000L\000e\000v\000e\000r\000\040\000e\000x\000t\000e\000n\000s\000i\000o\000n\000s}{}% 13
\BOOKMARK [2][-]{subsection.4.1}{\376\377\000C\000o\000n\000s\000e\000r\000v\000a\000t\000i\000o\000n\000-\000f\000a\000m\000i\000l\000y\000\040\000b\000a\000n\000d\000\040\000o\000n\000\040\000t\000h\000e\000\040\000h\000e\000a\000d\000l\000i\000n\000e\000\040\000n\000u\000m\000b\000e\000r\000s\000\040\000\050\000A\0003\000\051}{section.4}% 14
\BOOKMARK [2][-]{subsection.4.2}{\376\377\000W\000i\000t\000h\000i\000n\000-\000d\000i\000s\000p\000l\000a\000y\000\040\000h\000e\000t\000e\000r\000o\000g\000e\000n\000e\000i\000t\000y\000\040\000o\000f\000\040\000t\000h\000e\000\040\000a\000s\000y\000m\000m\000e\000t\000r\000y\000\040\000r\000a\000t\000i\000o\000\040\000\050\000A\0002\000\051}{section.4}% 15
\BOOKMARK [2][-]{subsection.4.3}{\376\377\000H\000e\000t\000e\000r\000o\000g\000e\000n\000e\000o\000u\000s\000\040\000u\000n\000c\000u\000e\000d\000\040\000a\000l\000l\000o\000c\000a\000t\000i\000o\000n\000\040\000a\000c\000r\000o\000s\000s\000\040\000t\000h\000e\000\040\000s\000i\000m\000p\000l\000e\000x\000\040\000\050\000A\0008\000\051}{section.4}% 16
\BOOKMARK [1][-]{section.5}{\376\377\000S\000c\000o\000p\000e\000\040\000a\000n\000d\000\040\000l\000i\000m\000i\000t\000a\000t\000i\000o\000n\000s}{}% 17
\BOOKMARK [2][-]{subsection.5.1}{\376\377\000T\000h\000e\000\040\000c\000o\000n\000s\000e\000r\000v\000a\000t\000i\000o\000n\000\040\000r\000u\000l\000e\000\040\000i\000s\000\040\000a\000\040\000p\000a\000r\000a\000m\000e\000t\000e\000r\000,\000\040\000n\000o\000t\000\040\000a\000\040\000d\000e\000r\000i\000v\000a\000t\000i\000o\000n}{section.5}% 18
\BOOKMARK [2][-]{subsection.5.2}{\376\377\000H\000e\000t\000e\000r\000o\000g\000e\000n\000e\000i\000t\000y\000\040\000i\000s\000\040\000b\000o\000u\000n\000d\000e\000d\000,\000\040\000n\000o\000t\000\040\000a\000b\000o\000l\000i\000s\000h\000e\000d}{section.5}% 19
\BOOKMARK [2][-]{subsection.5.3}{\376\377\000T\000h\000e\000\040\000d\000e\000c\000i\000s\000i\000o\000n\000-\000n\000o\000i\000s\000e\000\040\000l\000e\000v\000e\000r\000\040\000i\000s\000\040\000d\000e\000f\000e\000r\000r\000e\000d\000,\000\040\000n\000o\000t\000\040\000d\000e\000n\000i\000e\000d}{section.5}% 20
\BOOKMARK [2][-]{subsection.5.4}{\376\377\000A\000s\000s\000u\000m\000p\000t\000i\000o\000n\000s\000\040\000r\000e\000t\000a\000i\000n\000e\000d\000\040\000a\000s\000\040\000e\000x\000p\000l\000i\000c\000i\000t\000\040\000s\000c\000o\000p\000e}{section.5}% 21
\BOOKMARK [2][-]{subsection.5.5}{\376\377\000E\000q\000u\000i\000c\000o\000r\000r\000e\000l\000a\000t\000i\000o\000n\000,\000\040\000-\000e\000n\000v\000e\000l\000o\000p\000e\000,\000\040\000a\000n\000d\000\040\000q\000u\000e\000u\000e\000d\000\040\000f\000o\000l\000l\000o\000w\000-\000u\000p\000s}{section.5}% 22
\BOOKMARK [2][-]{subsection.5.6}{\376\377\000W\000h\000a\000t\000\040\000t\000h\000e\000\040\000r\000e\000b\000u\000i\000l\000d\000\040\000d\000o\000e\000s\000\040\000n\000o\000t\000\040\000c\000l\000a\000i\000m}{section.5}% 23
\BOOKMARK [1][-]{section.6}{\376\377\000M\000e\000t\000h\000o\000d\000s\000:\000\040\000t\000h\000e\000\040\000r\000e\000b\000u\000i\000l\000t\000\040\000s\000i\000m\000u\000l\000a\000t\000i\000o\000n\000\040\000i\000n\000f\000r\000a\000s\000t\000r\000u\000c\000t\000u\000r\000e}{}% 24
\BOOKMARK [2][-]{subsection.6.1}{\376\377\000T\000h\000e\000\040\000v\000a\000l\000i\000d\000a\000t\000e\000d\000\040\000r\000e\000f\000e\000r\000e\000n\000c\000e\000\040\000i\000m\000p\000l\000e\000m\000e\000n\000t\000a\000t\000i\000o\000n}{section.6}% 25
\BOOKMARK [2][-]{subsection.6.2}{\376\377\000R\000e\000c\000o\000v\000e\000r\000y\000\040\000c\000o\000n\000t\000r\000a\000c\000t\000s}{section.6}% 26
\BOOKMARK [2][-]{subsection.6.3}{\376\377\000S\000i\000m\000u\000l\000a\000t\000i\000o\000n\000\040\000p\000r\000o\000t\000o\000c\000o\000l}{section.6}% 27
\BOOKMARK [2][-]{subsection.6.4}{\376\377\000D\000e\000r\000i\000v\000a\000t\000i\000o\000n\000s}{section.6}% 28
\BOOKMARK [2][-]{subsection.6.5}{\376\377\000R\000e\000p\000r\000o\000d\000u\000c\000i\000b\000i\000l\000i\000t\000y\000\040\000a\000n\000d\000\040\000t\000h\000e\000\040\000r\000e\000b\000u\000i\000l\000d\000\040\000c\000o\000n\000t\000r\000a\000c\000t}{section.6}% 29
\BOOKMARK [1][-]{appendix.A}{\376\377\000D\000e\000r\000i\000v\000a\000t\000i\000o\000n\000s\000\040\000a\000n\000d\000\040\000c\000o\000n\000s\000i\000s\000t\000e\000n\000c\000y\000\040\000c\000h\000e\000c\000k\000s}{}% 30
\BOOKMARK [2][-]{subsection.A.1}{\376\377\000A\0001\000\040\000d\000e\000c\000o\000r\000r\000e\000l\000a\000t\000i\000o\000n\000-\000c\000h\000a\000n\000n\000e\000l\000\040\000d\000e\000r\000i\000v\000a\000t\000i\000o\000n}{appendix.A}% 31
\BOOKMARK [2][-]{subsection.A.2}{\376\377\000C\000l\000o\000s\000e\000d\000-\000f\000o\000r\000m\000\040\000V\000D\000A\000\040\000e\000s\000c\000a\000p\000e\000\040\000t\000h\000r\000e\000s\000h\000o\000l\000d\000\040\000r\000\050\000v\000;\000\051}{appendix.A}% 32
\BOOKMARK [2][-]{subsection.A.3}{\376\377\000S\000y\000m\000m\000e\000t\000r\000i\000c\000\040\000r\000e\000c\000o\000v\000e\000r\000y\000\040\000a\000t\000\040\000r\000=\000\040\0001}{appendix.A}% 33
\BOOKMARK [2][-]{subsection.A.4}{\376\377\000P\000o\000w\000e\000r\000-\000m\000e\000a\000n\000\040\000c\000o\000n\000s\000e\000r\000v\000a\000t\000i\000o\000n\000\040\000f\000a\000m\000i\000l\000y\000\040\000d\000e\000r\000i\000v\000a\000t\000i\000o\000n}{appendix.A}% 34
