[dualmem] iter=18750 — attention maps ...
[dualmem] psychometrics ...
[dualmem] saved → dualmem.npz  (mean cued-hit 0.636, mean FA 0.091)
[crossattn] iter=18750 — attention maps ...
[crossattn] psychometrics ...
[crossattn] saved → crossattn.npz  (mean cued-hit 0.699, mean FA 0.100)
[two_lstm] iter=18750 — attention maps ...
[two_lstm] psychometrics ...
[two_lstm] saved → two_lstm.npz  (mean cued-hit 0.736, mean FA 0.119)
[dualhead] iter=18750 — attention maps ...
[dualhead] psychometrics ...
[dualhead] saved → dualhead.npz  (mean cued-hit 0.628, mean FA 0.072)
[affine] iter=18399 — attention maps ...
[affine] psychometrics ...
[affine] saved → affine.npz  (mean cued-hit 0.000, mean FA 0.000)
[standard] iter=18750 — attention maps ...
[standard] psychometrics ...
[standard] saved → standard.npz  (mean cued-hit 0.655, mean FA 0.091)
[hyper] iter=8999 — attention maps ...
[hyper] psychometrics ...
[hyper] saved → hyper.npz  (mean cued-hit 1.000, mean FA 1.000)
[hypercb] iter=999 — attention maps ...
[hypercb] psychometrics ...
[hypercb] saved → hypercb.npz  (mean cued-hit 0.000, mean FA 0.000)
ALL DONE
