C5 symmetric-recovery replication (CR-005)
  Φ backend: A&S 7.1.26 numpy-vectorised
  α-grid: 200 pts (Δα=0.005 + 1/N); c-grid: 121 pts

[Block 1] primary 210-combination replication at r=1 ...
  combos                : 210
  d' arrays bit-identical: True
  max|Δd'_cued|          : 0.000e+00
  max|Δd'_uncued|        : 0.000e+00
  max|Δα*| (210 combos)  : 0.000e+00  at None
  max|ΔR*| (210 combos)  : 0.000e+00  at None
  paper claim            : max diff 0.0 on all 210

[Block 2] Sterbenz mechanism check (paper config) ...
  d'_base                : 1.5
  swept x ∈ [1.0000, 2.0000]
  Sterbenz band          : [0.75, 3.0]
  all x inside band      : True

[Block 3] robustness of exact-0 across (f_0, d'_max) ...
  d_max=1.0 f0=0.1  x∈[0.100,1.000] band=[0.275, 1.1]  inside=False  max|Δd'|=(2.8e-17,2.8e-17)  bit_id=False
  d_max=1.0 f0=0.3  x∈[0.300,1.000] band=[0.325, 1.3]  inside=False  max|Δd'|=(0.0e+00,0.0e+00)  bit_id=True
  d_max=1.0 f0=0.5  x∈[0.500,1.000] band=[0.375, 1.5]  inside=True   max|Δd'|=(0.0e+00,0.0e+00)  bit_id=True
  d_max=1.0 f0=0.7  x∈[0.700,1.000] band=[0.425, 1.7]  inside=True   max|Δd'|=(0.0e+00,0.0e+00)  bit_id=True
  d_max=1.0 f0=0.9  x∈[0.900,1.000] band=[0.475, 1.9]  inside=True   max|Δd'|=(0.0e+00,0.0e+00)  bit_id=True
  d_max=2.0 f0=0.1  x∈[0.200,2.000] band=[0.55, 2.2]  inside=False  max|Δd'|=(5.6e-17,5.6e-17)  bit_id=False
  d_max=2.0 f0=0.3  x∈[0.600,2.000] band=[0.65, 2.6]  inside=False  max|Δd'|=(0.0e+00,0.0e+00)  bit_id=True
  d_max=2.0 f0=0.5  x∈[1.000,2.000] band=[0.75, 3.0]  inside=True   max|Δd'|=(0.0e+00,0.0e+00)  bit_id=True
  d_max=2.0 f0=0.7  x∈[1.400,2.000] band=[0.85, 3.4]  inside=True   max|Δd'|=(0.0e+00,0.0e+00)  bit_id=True
  d_max=2.0 f0=0.9  x∈[1.800,2.000] band=[0.95, 3.8]  inside=True   max|Δd'|=(0.0e+00,0.0e+00)  bit_id=True
  d_max=3.0 f0=0.1  x∈[0.300,3.000] band=[0.825, 3.3]  inside=False  max|Δd'|=(1.1e-16,1.1e-16)  bit_id=False
  d_max=3.0 f0=0.3  x∈[0.900,3.000] band=[0.975, 3.9]  inside=False  max|Δd'|=(1.1e-16,1.1e-16)  bit_id=False
  d_max=3.0 f0=0.5  x∈[1.500,3.000] band=[1.125, 4.5]  inside=True   max|Δd'|=(0.0e+00,0.0e+00)  bit_id=True
  d_max=3.0 f0=0.7  x∈[2.100,3.000] band=[1.275, 5.1]  inside=True   max|Δd'|=(0.0e+00,0.0e+00)  bit_id=True
  d_max=3.0 f0=0.9  x∈[2.700,3.000] band=[1.425, 5.7]  inside=True   max|Δd'|=(0.0e+00,0.0e+00)  bit_id=True

[Block 4] continuity as r → 1 ...
  r=0.999000  max|Δα*|=0.000e+00  max|ΔR*|=8.438e-05
  r=0.999999  max|Δα*|=0.000e+00  max|ΔR*|=8.433e-08
  r=1.000000  max|Δα*|=0.000e+00  max|ΔR*|=0.000e+00
  r=1.000001  max|Δα*|=0.000e+00  max|ΔR*|=8.433e-08
  r=1.001000  max|Δα*|=0.000e+00  max|ΔR*|=8.428e-05

Saved /sessions/modest-amazing-dijkstra/mnt/AttentionManuscript/Critique/replications/C5--symmetric-recovery/output/results.json  (elapsed 5.99s)
