============================================================================
RB-008 — C4 anti-cue inversion sim (Rebuild)
============================================================================
Phi backend: scipy.special.ndtr
C_GRID: [-3.00, 3.00] step 0.050 (n=121)
ALPHA_GRID_FULL: [0.020, 1.000] step 0.005 (n=197)
GH nodes: 64
Cell: N=4, d'_max=2.0, f0=0.5, h=sqrt

----------------------------------------------------------------------------
STEP A — Closed-form r†_inv(V, v, N=4, variant, ρ) on primary grid.
----------------------------------------------------------------------------
  variant     ρ   in [0.1,10]   > 10  < 0.1    min r†   median r†
        A  0.00    40/105         65      0    1.0000     17.2972
        A  0.20    42/105         63      0    1.0000     15.0815
        B  0.00    62/105         43      0    1.0000      7.6361
        B  0.20    68/105         37      0    1.0000      6.0160

  10 most-adversarial cells across all (variant, ρ):
       V   v  var    ρ    r†_inv
   0.250   1    A 0.20    1.0000
   0.250   1    B 0.20    1.0000
   0.250   1    A 0.00    1.0000
   0.250   1    B 0.00    1.0000
   0.287   1    A 0.20    1.1945
   0.287   1    B 0.20    1.1945
   0.287   1    A 0.00    1.2483
   0.287   1    B 0.00    1.2483
   0.325   1    A 0.00    1.4159
   0.325   1    B 0.00    1.4159

  Recovery check (Critique/derivations/C4 §4):
    Reviewer reports 49.0% of (V, v, variant) cells at N=4, ρ=0 with r†_inv ∈ [0.1, 10].
    This run finds 48.6% — Δ = 0.4 pp.
    Recovery PASS (tolerance 1.0 pp).

----------------------------------------------------------------------------
STEP B — Full α-sweep at adversarial primary-sweep cells (V ≥ 1/N) at r=10.
----------------------------------------------------------------------------
  α-sweep step Δα=0.005 over [0.020, 1.000] at r=10 — both ρ ∈ {0, 0.2}.

       V   v var    ρ   r†_inv  α*global  R*global  α*left   R*left  α*right  R*right  inv?
  ----------------------------------------------------------------------------------------------------
   0.250   1   A 0.00   1.0000     0.955   0.65936   0.020  0.64564    0.955  0.65936 False
   0.250   1   A 0.20   1.0000     0.950   0.66809   0.020  0.65550    0.950  0.66809 False
   0.250   1   B 0.00   1.0000     0.955   0.65936   0.020  0.64564    0.955  0.65936 False
   0.250   1   B 0.20   1.0000     0.950   0.66809   0.020  0.65550    0.950  0.66809 False
   0.287   1   A 0.00   1.2483     0.970   0.66541   0.020  0.64462    0.970  0.66541 False
   0.287   1   A 0.20   1.2483     0.965   0.67374   0.020  0.65455    0.965  0.67374 False
   0.287   1   B 0.00   1.2483     0.970   0.66541   0.020  0.64462    0.970  0.66541 False
   0.287   1   B 0.20   1.2483     0.965   0.67374   0.020  0.65455    0.965  0.67374 False
   0.325   1   A 0.00   1.4159     0.975   0.67207   0.020  0.64443    0.975  0.67207 False
   0.325   1   A 0.20   1.4159     0.975   0.67997   0.020  0.65428    0.975  0.67997 False
   0.325   1   B 0.00   1.4159     0.975   0.67207   0.020  0.64443    0.975  0.67207 False
   0.325   1   B 0.20   1.4159     0.975   0.67997   0.020  0.65428    0.975  0.67997 False

  Step B primary-sweep inversions across 12 (cell, ρ) probes: 0

----------------------------------------------------------------------------
STEP C — Anti-cue regime at N=4 (V < 1/N = 0.25): the rebuild's new evidence.
----------------------------------------------------------------------------
  Variant A, N=4, ρ ∈ {0, 0.2}.
  Sweep V ∈ [0.05, 0.1, 0.15, 0.2], v ∈ [1.0, 3.0, 5.0], r ∈ [0.1, 0.5, 1.0, 3.0, 5.0, 10.0].

      V   v      r     ρ    r†_inv  α*global  R*global  inv?    ΔR_R-L
  --------------------------------------------------------------------------------
   0.05   1   0.10  0.00    0.0852     0.020   0.64726  True  -0.00145
   0.05   1   0.50  0.00    0.0852     0.020   0.65386  True  -0.00788
   0.05   1   1.00  0.00    0.0852     0.020   0.65845  True  -0.01235
   0.05   1   3.00  0.00    0.0852     0.020   0.66566  True  -0.01939
   0.05   1   5.00  0.00    0.0852     0.020   0.66812  True  -0.02179
   0.05   1  10.00  0.00    0.0852     0.020   0.67038  True  -0.02401
   0.05   1   0.10  0.20    0.1110     0.250   0.65494 False  -0.00056
   0.05   1   0.50  0.20    0.1110     0.020   0.66165  True  -0.00710
   0.05   1   1.00  0.20    0.1110     0.020   0.66637  True  -0.01170
   0.05   1   3.00  0.20    0.1110     0.020   0.67364  True  -0.01880
   0.05   1   5.00  0.20    0.1110     0.020   0.67612  True  -0.02123
   0.05   1  10.00  0.20    0.1110     0.020   0.67840  True  -0.02334
   0.05   3   0.10  0.00    0.4174     0.250   0.69763 False  -0.00037
   0.05   3   0.50  0.00    0.4174     0.180   0.69787  True  -0.00056
   0.05   3   1.00  0.00    0.4174     0.035   0.70282  True  -0.00537
   0.05   3   3.00  0.00    0.4174     0.020   0.71327  True  -0.01500
   0.05   3   5.00  0.00    0.4174     0.020   0.71699  True  -0.01442
   0.05   3  10.00  0.00    0.4174     0.020   0.72043  True  -0.00991
   0.05   3   0.10  0.20    0.4693     0.250   0.70813 False  -0.00033
   0.05   3   0.50  0.20    0.4693     0.215   0.70820  True  -0.00039
   0.05   3   1.00  0.20    0.4693     0.050   0.71244  True  -0.00448
   0.05   3   3.00  0.20    0.4693     0.020   0.72312  True  -0.01412
   0.05   3   5.00  0.20    0.4693     0.020   0.72692  True  -0.01365
   0.05   3  10.00  0.20    0.4693     0.020   0.73043  True  -0.00946
   0.05   5   0.10  0.00    0.7779     0.250   0.75603 False  -0.00014
   0.05   5   0.50  0.00    0.7779     0.250   0.75603 False  -0.00014
   0.05   5   1.00  0.00    0.7779     0.155   0.75670  True  -0.00075
   0.05   5   3.00  0.00    0.7779     0.020   0.76771  True  -0.00397
   0.05   5   5.00  0.00    0.7779     0.020   0.77280  True  -0.00012
   0.05   5  10.00  0.00    0.7779     0.935   0.78415 False   0.00668
   0.05   5   0.10  0.20    0.7777     0.250   0.76800 False  -0.00014
   0.05   5   0.50  0.20    0.7777     0.250   0.76800 False  -0.00014
   0.05   5   1.00  0.20    0.7777     0.170   0.76855  True  -0.00062
   0.05   5   3.00  0.20    0.7777     0.020   0.77926  True  -0.00381
   0.05   5   5.00  0.20    0.7777     0.020   0.78442  True  -0.00039
   0.05   5  10.00  0.20    0.7777     0.930   0.79511 False   0.00600
   0.10   1   0.10  0.00    0.2686     0.250   0.63821 False  -0.00043
   0.10   1   0.50  0.00    0.2686     0.020   0.64108  True  -0.00322
   0.10   1   1.00  0.00    0.2686     0.020   0.64631  True  -0.00832
   0.10   1   3.00  0.00    0.2686     0.020   0.65470  True  -0.01652
   0.10   1   5.00  0.00    0.2686     0.020   0.65763  True  -0.01856
   0.10   1  10.00  0.00    0.2686     0.020   0.66034  True  -0.01630
   0.10   1   0.10  0.20    0.3079     0.250   0.64738 False  -0.00041
   0.10   1   0.50  0.20    0.3079     0.055   0.64912  True  -0.00207
   0.10   1   1.00  0.20    0.3079     0.020   0.65443  True  -0.00726
   0.10   1   3.00  0.20    0.3079     0.020   0.66323  True  -0.01586
   0.10   1   5.00  0.20    0.3079     0.020   0.66627  True  -0.01766
   0.10   1  10.00  0.20    0.3079     0.020   0.66906  True  -0.01551
   0.10   3   0.10  0.00    1.0000     0.250   0.75535 False   0.00000
   0.10   3   0.50  0.00    1.0000     0.250   0.75535 False   0.00000
   0.10   3   1.00  0.00    1.0000     0.250   0.75535 False   0.00000
   0.10   3   3.00  0.00    1.0000     0.715   0.76841 False   0.00426
   0.10   3   5.00  0.00    1.0000     0.860   0.77892 False   0.00930
   0.10   3  10.00  0.00    1.0000     0.955   0.79123 False   0.01647
   0.10   3   0.10  0.20    1.0000     0.250   0.76737 False   0.00000
   0.10   3   0.50  0.20    1.0000     0.250   0.76737 False   0.00000
   0.10   3   1.00  0.20    1.0000     0.250   0.76737 False   0.00000
   0.10   3   3.00  0.20    1.0000     0.705   0.77970 False   0.00372
   0.10   3   5.00  0.20    1.0000     0.850   0.78977 False   0.00830
   0.10   3  10.00  0.20    1.0000     0.950   0.80171 False   0.01511
   0.10   5   0.10  0.00    1.6511     0.250   0.88603 False   0.00039
   0.10   5   0.50  0.00    1.6511     0.250   0.88603 False   0.00039
   0.10   5   1.00  0.00    1.6511     0.475   0.88992 False   0.00409
   0.10   5   3.00  0.00    1.6511     0.855   0.91931 False   0.02959
   0.10   5   5.00  0.00    1.6511     0.935   0.93419 False   0.03853
   0.10   5  10.00  0.00    1.6511     0.980   0.94951 False   0.04669
   0.10   5   0.10  0.20    1.5764     0.250   0.89948 False   0.00036
   0.10   5   0.50  0.20    1.5764     0.250   0.89948 False   0.00036
   0.10   5   1.00  0.20    1.5764     0.440   0.90281 False   0.00350
   0.10   5   3.00  0.20    1.5764     0.845   0.93047 False   0.02705
   0.10   5   5.00  0.20    1.5764     0.925   0.94490 False   0.03552
   0.10   5  10.00  0.20    1.5764     0.975   0.96008 False   0.04358
   0.15   1   0.10  0.00    0.4966     0.250   0.63304 False  -0.00029
   0.15   1   0.50  0.00    0.4966     0.250   0.63304 False  -0.00029
   0.15   1   1.00  0.00    0.4966     0.055   0.63666  True  -0.00376
   0.15   1   3.00  0.00    0.4966     0.020   0.64642  True  -0.01197
   0.15   1   5.00  0.00    0.4966     0.020   0.64994  True  -0.01071
   0.15   1  10.00  0.00    0.4966     0.020   0.65322  True  -0.00617
   0.15   1   0.10  0.20    0.5245     0.250   0.64270 False  -0.00027
   0.15   1   0.50  0.20    0.5245     0.250   0.64270 False  -0.00027
   0.15   1   1.00  0.20    0.5245     0.070   0.64569  True  -0.00312
   0.15   1   3.00  0.20    0.5245     0.020   0.65557  True  -0.01129
   0.15   1   5.00  0.20    0.5245     0.020   0.65916  True  -0.01019
   0.15   1  10.00  0.20    0.5245     0.020   0.66247  True  -0.00595
   0.15   3   0.10  0.00    1.6116     0.250   0.82189 False   0.00034
   0.15   3   0.50  0.00    1.6116     0.250   0.82189 False   0.00034
   0.15   3   1.00  0.00    1.6116     0.455   0.82486 False   0.00314
   0.15   3   3.00  0.00    1.6116     0.845   0.85102 False   0.02519
   0.15   3   5.00  0.00    1.6116     0.930   0.86467 False   0.03319
   0.15   3  10.00  0.00    1.6116     0.980   0.87892 False   0.04087
   0.15   3   0.10  0.20    1.5389     0.250   0.83453 False   0.00031
   0.15   3   0.50  0.20    1.5389     0.250   0.83453 False   0.00031
   0.15   3   1.00  0.20    1.5389     0.430   0.83703 False   0.00266
   0.15   3   3.00  0.20    1.5389     0.825   0.86156 False   0.02296
   0.15   3   5.00  0.20    1.5389     0.915   0.87482 False   0.03051
   0.15   3  10.00  0.20    1.5389     0.975   0.88887 False   0.03804
   0.15   5   0.10  0.00    2.5940     0.250   1.02851 False   0.00088
   0.15   5   0.50  0.00    2.5940     0.360   1.02973 False   0.00199
   0.15   5   1.00  0.00    2.5940     0.700   1.04531 False   0.01725
   0.15   5   3.00  0.00    2.5940     0.935   1.08952 False   0.06067
   0.15   5   5.00  0.00    2.5940     0.970   1.10728 False   0.07420
   0.15   5  10.00  0.00    2.5940     0.990   1.12454 False   0.08367
   0.15   5   0.10  0.20    2.5217     0.250   1.04219 False   0.00085
   0.15   5   0.50  0.20    2.5217     0.330   1.04292 False   0.00148
   0.15   5   1.00  0.20    2.5217     0.640   1.05661 False   0.01484
   0.15   5   3.00  0.20    2.5217     0.920   1.09920 False   0.05652
   0.15   5   5.00  0.20    2.5217     0.965   1.11690 False   0.06975
   0.15   5  10.00  0.20    2.5217     0.990   1.13412 False   0.07907
   0.20   1   0.10  0.00    0.7221     0.250   0.63030 False  -0.00015
   0.20   1   0.50  0.00    0.7221     0.250   0.63030 False  -0.00015
   0.20   1   1.00  0.00    0.7221     0.150   0.63111  True  -0.00088
   0.20   1   3.00  0.00    0.7221     0.020   0.64056  True  -0.00468
   0.20   1   5.00  0.00    0.7221     0.020   0.64469  True  -0.00163
   0.20   1  10.00  0.00    0.7221     0.930   0.65242 False   0.00393
   0.20   1   0.10  0.20    0.7580     0.250   0.64025 False  -0.00013
   0.20   1   0.50  0.20    0.7580     0.250   0.64025 False  -0.00013
   0.20   1   1.00  0.20    0.7580     0.165   0.64089  True  -0.00071
   0.20   1   3.00  0.20    0.7580     0.020   0.65012  True  -0.00444
   0.20   1   5.00  0.20    0.7580     0.020   0.65432  True  -0.00177
   0.20   1  10.00  0.20    0.7580     0.925   0.66158 False   0.00342
   0.20   3   0.10  0.00    2.2120     0.250   0.89394 False   0.00063
   0.20   3   0.50  0.00    2.2120     0.300   0.89411 False   0.00077
   0.20   3   1.00  0.00    2.2120     0.620   0.90408 False   0.01046
   0.20   3   3.00  0.00    2.2120     0.915   0.94000 False   0.04493
   0.20   3   5.00  0.00    2.2120     0.960   0.95551 False   0.05569
   0.20   3  10.00  0.00    2.2120     0.990   0.97087 False   0.06390
   0.20   3   0.10  0.20    2.1473     0.250   0.90661 False   0.00061
   0.20   3   0.50  0.20    2.1473     0.275   0.90667 False   0.00064
   0.20   3   1.00  0.20    2.1473     0.580   0.91522 False   0.00892
   0.20   3   3.00  0.20    2.1473     0.900   0.94950 False   0.04160
   0.20   3   5.00  0.20    2.1473     0.955   0.96474 False   0.05199
   0.20   3  10.00  0.20    2.1473     0.985   0.98005 False   0.06017
   0.20   5   0.10  0.00    3.7406     0.250   1.17833 False   0.00134
   0.20   5   0.50  0.00    3.7406     0.575   1.18588 False   0.00860
   0.20   5   1.00  0.00    3.7406     0.860   1.21341 False   0.03575
   0.20   5   3.00  0.00    3.7406     0.970   1.26728 False   0.08904
   0.20   5   5.00  0.00    3.7406     0.985   1.28685 False   0.10729
   0.20   5  10.00  0.00    3.7406     0.995   1.30540 False   0.11889
   0.20   5   0.10  0.20    3.4312     0.250   1.19141 False   0.00127
   0.20   5   0.50  0.20    3.4312     0.505   1.19711 False   0.00672
   0.20   5   1.00  0.20    3.4312     0.805   1.22225 False   0.03147
   0.20   5   3.00  0.20    3.4312     0.965   1.27555 False   0.08420
   0.20   5   5.00  0.20    3.4312     0.985   1.29525 False   0.10214
   0.20   5  10.00  0.20    3.4312     0.995   1.31385 False   0.11351

  Step C anti-cue inversions: total 51 / 144
    ρ=0.0   : 26 / 72 (36.1%)
    ρ=0.2   : 25 / 72 (34.7%)

  Inversion incidence stratified by r (ρ=0, all (V, v) combined):
    r= 0.10:  1 / 12 (  8.3%)
    r= 0.50:  3 / 12 ( 25.0%)
    r= 1.00:  6 / 12 ( 50.0%)
    r= 3.00:  6 / 12 ( 50.0%)
    r= 5.00:  6 / 12 ( 50.0%)
    r=10.00:  4 / 12 ( 33.3%)

----------------------------------------------------------------------------
STEP D — α*(V, r) map at fixed v=5, N=4, ρ ∈ {0, 0.2} (heatmap for §results-C4).
----------------------------------------------------------------------------
  V grid: n=17 from 0.050 to 1.000
  r grid: n=16 (geometric)
  ρ=0.0: fraction of (V, r) cells with α* < 1/N: 2.2% of 272
     of which at V ≥ 1/N: 0 (should be 0)
  ρ=0.2: fraction of (V, r) cells with α* < 1/N: 2.2% of 272
     of which at V ≥ 1/N: 0 (should be 0)

----------------------------------------------------------------------------
Recovery test #2 — reviewer Step C(i) table (V=0.25, v=1, N=4, variant A, ρ=0).
----------------------------------------------------------------------------
        r  α* ref  α* rebuild       Δα    R* ref  R* rebuild         ΔR
    0.100   0.250       0.250   0.0000   0.62946     0.62946  -0.000002
    1.000   0.250       0.250   0.0000   0.62946     0.62946  -0.000002
    1.585   0.460       0.460   0.0000   0.63156     0.63156  -0.000002
    2.512   0.660       0.660   0.0000   0.63745     0.63745   0.000002
    3.981   0.805       0.805   0.0000   0.64519     0.64519   0.000003
   10.000   0.955       0.955   0.0000   0.65936     0.65936   0.000002

  Max |Δα|: 0.000000  (tol 5e-4): PASS
  Max |ΔR|: 0.000003  (tol 5e-5): PASS

----------------------------------------------------------------------------
FIGURES.
----------------------------------------------------------------------------
  wrote /Users/jonathanmorgan/AttentionManuscript/Rebuild/sims/C4--anti-cue-inversion/output/figures/er_vs_alpha_anticue.png
  wrote /Users/jonathanmorgan/AttentionManuscript/Rebuild/sims/C4--anti-cue-inversion/output/figures/alpha_star_V_r_map.png
  wrote /Users/jonathanmorgan/AttentionManuscript/Rebuild/sims/C4--anti-cue-inversion/output/figures/r_inv_closed_form.png

  wrote /Users/jonathanmorgan/AttentionManuscript/Rebuild/sims/C4--anti-cue-inversion/output/results.json
  output sha256: 6ad651d648ae597cdfb28c6fd19b6261e4f9d5cb96b599557e10aad47ffd6d96
  elapsed: 17.4 s

============================================================================
VERDICT SUMMARY (this sim's contribution to the C4 row of CLAIM_LEDGER)
============================================================================
  Step B primary-sweep inversions (V ≥ 1/N, r=10, both ρ): 0
  Step C anti-cue inversions at N=4 (V < 1/N):
    ρ=0   : 26 / 72
    ρ=0.2 : 25 / 72
  Step D inversion cells at V ≥ 1/N (should be 0 at both ρ): 0, 0
  Recovery rho0 r†_inv 49% in [0.1, 10]: PASS (48.6%)
  Recovery Step C(i) reviewer numbers: PASS

