This is pdfTeX, Version 3.141592653-2.6-1.40.29 (TeX Live 2026) (preloaded format=pdflatex)
 restricted \write18 enabled.
entering extended mode
(./main.tex
LaTeX2e <2025-11-01>
L3 programming layer <2026-01-19>
(/usr/local/texlive/2026basic/texmf-dist/tex/latex/base/article.cls
Document Class: article 2025/01/22 v1.4n Standard LaTeX document class
(/usr/local/texlive/2026basic/texmf-dist/tex/latex/base/size11.clo))
(/usr/local/texlive/2026basic/texmf-dist/tex/latex/base/inputenc.sty)
(/usr/local/texlive/2026basic/texmf-dist/tex/latex/base/fontenc.sty)
(/usr/local/texlive/2026basic/texmf-dist/tex/latex/lm/lmodern.sty)
(/usr/local/texlive/2026basic/texmf-dist/tex/latex/geometry/geometry.sty
(/usr/local/texlive/2026basic/texmf-dist/tex/latex/graphics/keyval.sty)
(/usr/local/texlive/2026basic/texmf-dist/tex/generic/iftex/ifvtex.sty
(/usr/local/texlive/2026basic/texmf-dist/tex/generic/iftex/iftex.sty)))
(/usr/local/texlive/2026basic/texmf-dist/tex/latex/amsmath/amsmath.sty
For additional information on amsmath, use the `?' option.
(/usr/local/texlive/2026basic/texmf-dist/tex/latex/amsmath/amstext.sty
(/usr/local/texlive/2026basic/texmf-dist/tex/latex/amsmath/amsgen.sty))
(/usr/local/texlive/2026basic/texmf-dist/tex/latex/amsmath/amsbsy.sty)
(/usr/local/texlive/2026basic/texmf-dist/tex/latex/amsmath/amsopn.sty))
(/usr/local/texlive/2026basic/texmf-dist/tex/latex/amsfonts/amssymb.sty
(/usr/local/texlive/2026basic/texmf-dist/tex/latex/amsfonts/amsfonts.sty))
(/usr/local/texlive/2026basic/texmf-dist/tex/latex/amscls/amsthm.sty)
(/usr/local/texlive/2026basic/texmf-dist/tex/latex/mathtools/mathtools.sty
(/usr/local/texlive/2026basic/texmf-dist/tex/latex/tools/calc.sty)
(/usr/local/texlive/2026basic/texmf-dist/tex/latex/mathtools/mhsetup.sty))
(/usr/local/texlive/2026basic/texmf-dist/tex/latex/graphics/graphicx.sty
(/usr/local/texlive/2026basic/texmf-dist/tex/latex/graphics/graphics.sty
(/usr/local/texlive/2026basic/texmf-dist/tex/latex/graphics/trig.sty)
(/usr/local/texlive/2026basic/texmf-dist/tex/latex/graphics-cfg/graphics.cfg)
(/usr/local/texlive/2026basic/texmf-dist/tex/latex/graphics-def/pdftex.def)))
(/usr/local/texlive/2026basic/texmf-dist/tex/latex/booktabs/booktabs.sty)
(/usr/local/texlive/2026basic/texmf-dist/tex/latex/xcolor/xcolor.sty
(/usr/local/texlive/2026basic/texmf-dist/tex/latex/graphics-cfg/color.cfg)
(/usr/local/texlive/2026basic/texmf-dist/tex/latex/graphics/mathcolor.ltx))
(/usr/local/texlive/2026basic/texmf-dist/tex/latex/hyperref/hyperref.sty
(/usr/local/texlive/2026basic/texmf-dist/tex/latex/kvsetkeys/kvsetkeys.sty)
(/usr/local/texlive/2026basic/texmf-dist/tex/generic/kvdefinekeys/kvdefinekeys.
sty)
(/usr/local/texlive/2026basic/texmf-dist/tex/generic/pdfescape/pdfescape.sty
(/usr/local/texlive/2026basic/texmf-dist/tex/generic/ltxcmds/ltxcmds.sty)
(/usr/local/texlive/2026basic/texmf-dist/tex/generic/pdftexcmds/pdftexcmds.sty
(/usr/local/texlive/2026basic/texmf-dist/tex/generic/infwarerr/infwarerr.sty)))
 (/usr/local/texlive/2026basic/texmf-dist/tex/latex/hycolor/hycolor.sty)
(/usr/local/texlive/2026basic/texmf-dist/tex/latex/hyperref/nameref.sty
(/usr/local/texlive/2026basic/texmf-dist/tex/latex/refcount/refcount.sty)
(/usr/local/texlive/2026basic/texmf-dist/tex/generic/gettitlestring/gettitlestr
ing.sty
(/usr/local/texlive/2026basic/texmf-dist/tex/latex/kvoptions/kvoptions.sty)))
(/usr/local/texlive/2026basic/texmf-dist/tex/latex/etoolbox/etoolbox.sty)
(/usr/local/texlive/2026basic/texmf-dist/tex/generic/stringenc/stringenc.sty)
(/usr/local/texlive/2026basic/texmf-dist/tex/latex/hyperref/pd1enc.def)
(/usr/local/texlive/2026basic/texmf-dist/tex/generic/intcalc/intcalc.sty)
(/usr/local/texlive/2026basic/texmf-dist/tex/latex/hyperref/puenc.def)
(/usr/local/texlive/2026basic/texmf-dist/tex/latex/url/url.sty)
(/usr/local/texlive/2026basic/texmf-dist/tex/generic/bitset/bitset.sty
(/usr/local/texlive/2026basic/texmf-dist/tex/generic/bigintcalc/bigintcalc.sty)
)) (/usr/local/texlive/2026basic/texmf-dist/tex/latex/hyperref/hpdftex.def
(/usr/local/texlive/2026basic/texmf-dist/tex/latex/rerunfilecheck/rerunfilechec
k.sty
(/usr/local/texlive/2026basic/texmf-dist/tex/generic/uniquecounter/uniquecounte
r.sty))) (/usr/local/texlive/2026basic/texmf-dist/tex/latex/lm/t1lmr.fd)
(/usr/local/texlive/2026basic/texmf-dist/tex/latex/l3backend/l3backend-pdftex.d
ef) (./main.aux)
*geometry* driver: auto-detecting
*geometry* detected driver: pdftex
(/usr/local/texlive/2026basic/texmf-dist/tex/context/base/mkii/supp-pdf.mkii
[Loading MPS to PDF converter (version 2006.09.02).]
)
(/usr/local/texlive/2026basic/texmf-dist/tex/latex/epstopdf-pkg/epstopdf-base.s
ty
(/usr/local/texlive/2026basic/texmf-dist/tex/latex/latexconfig/epstopdf-sys.cfg
)) (./main.out) (./main.out)
(/usr/local/texlive/2026basic/texmf-dist/tex/latex/lm/ot1lmr.fd)
(/usr/local/texlive/2026basic/texmf-dist/tex/latex/lm/omllmm.fd)
(/usr/local/texlive/2026basic/texmf-dist/tex/latex/lm/omslmsy.fd)
(/usr/local/texlive/2026basic/texmf-dist/tex/latex/lm/omxlmex.fd)
(/usr/local/texlive/2026basic/texmf-dist/tex/latex/amsfonts/umsa.fd)
(/usr/local/texlive/2026basic/texmf-dist/tex/latex/amsfonts/umsb.fd)
(./sections/abstract.tex) (./sections/intro.tex [1{/usr/local/texlive/2026basic
/texmf-var/fonts/map/pdftex/updmap/pdftex.map}{/usr/local/texlive/2026basic/tex
mf-dist/fonts/enc/dvips/lm/lm-ec.enc}{/usr/local/texlive/2026basic/texmf-dist/f
onts/enc/dvips/lm/lm-mathit.enc}{/usr/local/texlive/2026basic/texmf-dist/fonts/
enc/dvips/lm/lm-mathsy.enc}] [2]

LaTeX Warning: Citation `awh_jonides2001_overlapping_attention_wm' on page 3 un
defined on input line 127.


LaTeX Warning: Citation `awh1998_rehearsal' on page 3 undefined on input line 1
27.


LaTeX Warning: Citation `kane2001_controlled_attention' on page 3 undefined on 
input line 127.

) (./sections/model.tex

LaTeX Warning: Reference `sec:results' on page 3 undefined on input line 20.

[3] (/usr/local/texlive/2026basic/texmf-dist/tex/latex/lm/t1lmtt.fd)
(/usr/local/texlive/2026basic/texmf-dist/tex/latex/lm/ts1lmr.fd) [4{/usr/local/
texlive/2026basic/texmf-dist/fonts/enc/dvips/lm/lm-rm.enc}{/usr/local/texlive/2
026basic/texmf-dist/fonts/enc/dvips/lm/lm-ts1.enc}] [5]

LaTeX Warning: Reference `sec:results' on page 6 undefined on input line 206.


LaTeX Warning: Reference `sec:results' on page 6 undefined on input line 246.


LaTeX Warning: Reference `sec:results' on page 6 undefined on input line 267.

[6{/usr/local/texlive/2026basic/texmf-dist/fonts/enc/dvips/lm/lm-mathex.enc}]

LaTeX Warning: Reference `sec:results' on page 7 undefined on input line 303.


LaTeX Warning: Reference `sec:results' on page 7 undefined on input line 315.

) (./sections/results_detection.tex [7] [8]

LaTeX Warning: File `figures/detection_psychometrics.png' not found on input li
ne 105.


! Package pdftex.def Error: File `figures/detection_psychometrics.png' not foun
d: using draft setting.

See the pdftex.def package documentation for explanation.
Type  H <return>  for immediate help.
 ...                                              
                                                  
l.105 ...dth]{figures/detection_psychometrics.png}
                                                  
[9]

LaTeX Warning: File `figures/detection_attention.png' not found on input line 1
96.


! Package pdftex.def Error: File `figures/detection_attention.png' not found: u
sing draft setting.

See the pdftex.def package documentation for explanation.
Type  H <return>  for immediate help.
 ...                                              
                                                  
l.196 ...newidth]{figures/detection_attention.png}
                                                  
[10]

LaTeX Warning: File `figures/detection_sdt_curves.png' not found on input line 
258.


! Package pdftex.def Error: File `figures/detection_sdt_curves.png' not found: 
using draft setting.

See the pdftex.def package documentation for explanation.
Type  H <return>  for immediate help.
 ...                                              
                                                  
l.258 ...ewidth]{figures/detection_sdt_curves.png}
                                                  

Overfull \hbox (7.314pt too wide) in paragraph at lines 274--280
\T1/lmr/m/n/10.95 tion dis-tri-bu-tion has an en-tropy (how un-de-cided the mod
el is be-tween \T1/lmtt/m/n/10.95 wait \T1/lmr/m/n/10.95 and \T1/lmtt/m/n/10.95
 declare-change\T1/lmr/m/n/10.95 ),

LaTeX Warning: File `figures/detection_uncertainty.png' not found on input line
 310.


! Package pdftex.def Error: File `figures/detection_uncertainty.png' not found:
 using draft setting.

See the pdftex.def package documentation for explanation.
Type  H <return>  for immediate help.
 ...                                              
                                                  
l.310 ...width]{figures/detection_uncertainty.png}
                                                  
[11]

LaTeX Warning: File `figures/detection_decoding.png' not found on input line 37
2.


! Package pdftex.def Error: File `figures/detection_decoding.png' not found: us
ing draft setting.

See the pdftex.def package documentation for explanation.
Type  H <return>  for immediate help.
 ...                                              
                                                  
l.372 ...inewidth]{figures/detection_decoding.png}
                                                  

LaTeX Warning: File `figures/detection_microstim.png' not found on input line 4
26.


! Package pdftex.def Error: File `figures/detection_microstim.png' not found: u
sing draft setting.

See the pdftex.def package documentation for explanation.
Type  H <return>  for immediate help.
 ...                                              
                                                  
l.426 ...newidth]{figures/detection_microstim.png}
                                                  
) (./sections/results_value.tex [12]
Overfull \hbox (10.11697pt too wide) in paragraph at lines 33--37
[]\T1/lmr/m/n/10.95 Throughout, ``the model'' de-notes the sin-gle reinforcemen
t-trained re-cur-rent vision-transformer
[13] [14]) (./sections/results_luomaunsell.tex

LaTeX Warning: Citation `luo_maunsell2018_lpfc_criterion_sensitivity' on page 1
5 undefined on input line 23.

[15] [16]

! LaTeX Error: File `figs/luo_repro' not found.

See the LaTeX manual or LaTeX Companion for explanation.
Type  H <return>  for immediate help.
 ...                                              
                                                  
l.80 ...phics[width=0.9\linewidth]{figs/luo_repro}
                                                  

LaTeX Warning: Citation `luo_maunsell2018_lpfc_criterion_sensitivity' on page 1
7 undefined on input line 122.


! LaTeX Error: File `figs/luo_mechanism' not found.

See the LaTeX manual or LaTeX Companion for explanation.
Type  H <return>  for immediate help.
 ...                                              
                                                  
l.152 ...width=0.72\linewidth]{figs/luo_mechanism}
                                                  

LaTeX Warning: Citation `luo_maunsell2018_lpfc_criterion_sensitivity' on page 1
7 undefined on input line 176.

) (./sections/results_setsize.tex [17]) (./sections/results_capacity.tex
[18]) (./sections/results_rehearsal.tex) (./sections/discussion.tex [19]
[20] [21]) (./sections/methods.tex [22] [23]
Overfull \hbox (6.7798pt too wide) in paragraph at lines 125--129
 []\T1/lmr/bx/n/10.95 Environment vari-ants.[] \T1/lmr/m/n/10.95 The bat-tery o
f Sec-tions [][]4[][] and [][]5[][] re-alises es-tab-lished pri-mate paradigms
[24] [25] [26] [27]) (./sections/appendix.tex) [28] (./main.bbl [29]) [30]
[31] [32] [33] [34] [35] [36] [37] (./main.aux)

LaTeX Warning: There were undefined references.

 )
(see the transcript file for additional information)</usr/local/texlive/2026bas
ic/texmf-dist/fonts/type1/public/lm/lmbx10.pfb></usr/local/texlive/2026basic/te
xmf-dist/fonts/type1/public/lm/lmbx12.pfb></usr/local/texlive/2026basic/texmf-d
ist/fonts/type1/public/lm/lmbx9.pfb></usr/local/texlive/2026basic/texmf-dist/fo
nts/type1/public/lm/lmbxi10.pfb></usr/local/texlive/2026basic/texmf-dist/fonts/
type1/public/lm/lmex10.pfb></usr/local/texlive/2026basic/texmf-dist/fonts/type1
/public/lm/lmmi10.pfb></usr/local/texlive/2026basic/texmf-dist/fonts/type1/publ
ic/lm/lmmi8.pfb></usr/local/texlive/2026basic/texmf-dist/fonts/type1/public/lm/
lmr10.pfb></usr/local/texlive/2026basic/texmf-dist/fonts/type1/public/lm/lmr12.
pfb></usr/local/texlive/2026basic/texmf-dist/fonts/type1/public/lm/lmr17.pfb></
usr/local/texlive/2026basic/texmf-dist/fonts/type1/public/lm/lmr6.pfb></usr/loc
al/texlive/2026basic/texmf-dist/fonts/type1/public/lm/lmr8.pfb></usr/local/texl
ive/2026basic/texmf-dist/fonts/type1/public/lm/lmr9.pfb></usr/local/texlive/202
6basic/texmf-dist/fonts/type1/public/lm/lmri10.pfb></usr/local/texlive/2026basi
c/texmf-dist/fonts/type1/public/lm/lmsy10.pfb></usr/local/texlive/2026basic/tex
mf-dist/fonts/type1/public/lm/lmsy6.pfb></usr/local/texlive/2026basic/texmf-dis
t/fonts/type1/public/lm/lmsy7.pfb></usr/local/texlive/2026basic/texmf-dist/font
s/type1/public/lm/lmsy8.pfb></usr/local/texlive/2026basic/texmf-dist/fonts/type
1/public/lm/lmtt10.pfb></usr/local/texlive/2026basic/texmf-dist/fonts/type1/pub
lic/lm/lmtti10.pfb></usr/local/texlive/2026basic/texmf-dist/fonts/type1/public/
amsfonts/symbols/msbm10.pfb>
Output written on main.pdf (37 pages, 497145 bytes).
Transcript written on main.log.
