This is pdfTeX, Version 3.141592653-2.6-1.40.29 (TeX Live 2026) (preloaded format=pdflatex)
 restricted \write18 enabled.
entering extended mode
(./main.tex
LaTeX2e <2025-11-01>
L3 programming layer <2026-01-19>
(/usr/local/texlive/2026basic/texmf-dist/tex/latex/base/article.cls
Document Class: article 2025/01/22 v1.4n Standard LaTeX document class
(/usr/local/texlive/2026basic/texmf-dist/tex/latex/base/size11.clo))
(/usr/local/texlive/2026basic/texmf-dist/tex/latex/base/inputenc.sty)
(/usr/local/texlive/2026basic/texmf-dist/tex/latex/base/fontenc.sty)
(/usr/local/texlive/2026basic/texmf-dist/tex/latex/lm/lmodern.sty)
(/usr/local/texlive/2026basic/texmf-dist/tex/latex/geometry/geometry.sty
(/usr/local/texlive/2026basic/texmf-dist/tex/latex/graphics/keyval.sty)
(/usr/local/texlive/2026basic/texmf-dist/tex/generic/iftex/ifvtex.sty
(/usr/local/texlive/2026basic/texmf-dist/tex/generic/iftex/iftex.sty)))
(/usr/local/texlive/2026basic/texmf-dist/tex/latex/amsmath/amsmath.sty
For additional information on amsmath, use the `?' option.
(/usr/local/texlive/2026basic/texmf-dist/tex/latex/amsmath/amstext.sty
(/usr/local/texlive/2026basic/texmf-dist/tex/latex/amsmath/amsgen.sty))
(/usr/local/texlive/2026basic/texmf-dist/tex/latex/amsmath/amsbsy.sty)
(/usr/local/texlive/2026basic/texmf-dist/tex/latex/amsmath/amsopn.sty))
(/usr/local/texlive/2026basic/texmf-dist/tex/latex/amsfonts/amssymb.sty
(/usr/local/texlive/2026basic/texmf-dist/tex/latex/amsfonts/amsfonts.sty))
(/usr/local/texlive/2026basic/texmf-dist/tex/latex/amscls/amsthm.sty)
(/usr/local/texlive/2026basic/texmf-dist/tex/latex/mathtools/mathtools.sty
(/usr/local/texlive/2026basic/texmf-dist/tex/latex/tools/calc.sty)
(/usr/local/texlive/2026basic/texmf-dist/tex/latex/mathtools/mhsetup.sty))
(/usr/local/texlive/2026basic/texmf-dist/tex/latex/graphics/graphicx.sty
(/usr/local/texlive/2026basic/texmf-dist/tex/latex/graphics/graphics.sty
(/usr/local/texlive/2026basic/texmf-dist/tex/latex/graphics/trig.sty)
(/usr/local/texlive/2026basic/texmf-dist/tex/latex/graphics-cfg/graphics.cfg)
(/usr/local/texlive/2026basic/texmf-dist/tex/latex/graphics-def/pdftex.def)))
(/usr/local/texlive/2026basic/texmf-dist/tex/latex/booktabs/booktabs.sty)
(/usr/local/texlive/2026basic/texmf-dist/tex/latex/xcolor/xcolor.sty
(/usr/local/texlive/2026basic/texmf-dist/tex/latex/graphics-cfg/color.cfg)
(/usr/local/texlive/2026basic/texmf-dist/tex/latex/graphics/mathcolor.ltx))
(/usr/local/texlive/2026basic/texmf-dist/tex/latex/hyperref/hyperref.sty
(/usr/local/texlive/2026basic/texmf-dist/tex/latex/kvsetkeys/kvsetkeys.sty)
(/usr/local/texlive/2026basic/texmf-dist/tex/generic/kvdefinekeys/kvdefinekeys.
sty)
(/usr/local/texlive/2026basic/texmf-dist/tex/generic/pdfescape/pdfescape.sty
(/usr/local/texlive/2026basic/texmf-dist/tex/generic/ltxcmds/ltxcmds.sty)
(/usr/local/texlive/2026basic/texmf-dist/tex/generic/pdftexcmds/pdftexcmds.sty
(/usr/local/texlive/2026basic/texmf-dist/tex/generic/infwarerr/infwarerr.sty)))
 (/usr/local/texlive/2026basic/texmf-dist/tex/latex/hycolor/hycolor.sty)
(/usr/local/texlive/2026basic/texmf-dist/tex/latex/hyperref/nameref.sty
(/usr/local/texlive/2026basic/texmf-dist/tex/latex/refcount/refcount.sty)
(/usr/local/texlive/2026basic/texmf-dist/tex/generic/gettitlestring/gettitlestr
ing.sty
(/usr/local/texlive/2026basic/texmf-dist/tex/latex/kvoptions/kvoptions.sty)))
(/usr/local/texlive/2026basic/texmf-dist/tex/latex/etoolbox/etoolbox.sty)
(/usr/local/texlive/2026basic/texmf-dist/tex/generic/stringenc/stringenc.sty)
(/usr/local/texlive/2026basic/texmf-dist/tex/latex/hyperref/pd1enc.def)
(/usr/local/texlive/2026basic/texmf-dist/tex/generic/intcalc/intcalc.sty)
(/usr/local/texlive/2026basic/texmf-dist/tex/latex/hyperref/puenc.def)
(/usr/local/texlive/2026basic/texmf-dist/tex/latex/url/url.sty)
(/usr/local/texlive/2026basic/texmf-dist/tex/generic/bitset/bitset.sty
(/usr/local/texlive/2026basic/texmf-dist/tex/generic/bigintcalc/bigintcalc.sty)
)) (/usr/local/texlive/2026basic/texmf-dist/tex/latex/hyperref/hpdftex.def
(/usr/local/texlive/2026basic/texmf-dist/tex/latex/rerunfilecheck/rerunfilechec
k.sty
(/usr/local/texlive/2026basic/texmf-dist/tex/generic/uniquecounter/uniquecounte
r.sty))) (/usr/local/texlive/2026basic/texmf-dist/tex/latex/lm/t1lmr.fd)
(/usr/local/texlive/2026basic/texmf-dist/tex/latex/l3backend/l3backend-pdftex.d
ef)
No file main.aux.
*geometry* driver: auto-detecting
*geometry* detected driver: pdftex
(/usr/local/texlive/2026basic/texmf-dist/tex/context/base/mkii/supp-pdf.mkii
[Loading MPS to PDF converter (version 2006.09.02).]
)
(/usr/local/texlive/2026basic/texmf-dist/tex/latex/epstopdf-pkg/epstopdf-base.s
ty
(/usr/local/texlive/2026basic/texmf-dist/tex/latex/latexconfig/epstopdf-sys.cfg
)) (/usr/local/texlive/2026basic/texmf-dist/tex/latex/lm/ot1lmr.fd)
(/usr/local/texlive/2026basic/texmf-dist/tex/latex/lm/omllmm.fd)
(/usr/local/texlive/2026basic/texmf-dist/tex/latex/lm/omslmsy.fd)
(/usr/local/texlive/2026basic/texmf-dist/tex/latex/lm/omxlmex.fd)
(/usr/local/texlive/2026basic/texmf-dist/tex/latex/amsfonts/umsa.fd)
(/usr/local/texlive/2026basic/texmf-dist/tex/latex/amsfonts/umsb.fd)
(./sections/abstract.tex

LaTeX Warning: Citation `morgan_albanna_herman2025_rvit' on page 1 undefined on
 input line 21.


LaTeX Warning: Citation `morgan_albanna_herman2026_vda' on page 1 undefined on 
input line 23.

) (./sections/intro.tex

LaTeX Warning: Citation `carrasco2011_visual_attention_25y' on page 1 undefined
 on input line 13.


LaTeX Warning: Citation `posner1980_orienting' on page 1 undefined on input lin
e 13.


LaTeX Warning: Citation `carrasco2011_visual_attention_25y' on page 1 undefined
 on input line 15.


LaTeX Warning: Citation `reynolds_heeger2009_normalization' on page 1 undefined
 on input line 20.


LaTeX Warning: Citation `mcadams_maunsell1999_v4_tuning' on page 1 undefined on
 input line 20.


LaTeX Warning: Citation `treue_martinez_trujillo1999_feature_attention' on page
 1 undefined on input line 20.


LaTeX Warning: Citation `sani2017_temporal_v4_gain' on page 1 undefined on inpu
t line 20.


LaTeX Warning: Citation `CohenMaunsell2009' on page 1 undefined on input line 2
3.


LaTeX Warning: Citation `MullerFindlay1987' on page 1 undefined on input line 2
7.


LaTeX Warning: Citation `posner1980_orienting' on page 1 undefined on input lin
e 27.


LaTeX Warning: Citation `carrasco2011_visual_attention_25y' on page 1 undefined
 on input line 34.


LaTeX Warning: Citation `MullerFindlay1987' on page 1 undefined on input line 3
8.

[1{/usr/local/texlive/2026basic/texmf-var/fonts/map/pdftex/updmap/pdftex.map}{/
usr/local/texlive/2026basic/texmf-dist/fonts/enc/dvips/lm/lm-ec.enc}{/usr/local
/texlive/2026basic/texmf-dist/fonts/enc/dvips/lm/lm-rm.enc}{/usr/local/texlive/
2026basic/texmf-dist/fonts/enc/dvips/lm/lm-mathit.enc}{/usr/local/texlive/2026b
asic/texmf-dist/fonts/enc/dvips/lm/lm-mathsy.enc}]

LaTeX Warning: Reference `sec:detection' on page 2 undefined on input line 82.


LaTeX Warning: Reference `sec:detection' on page 2 undefined on input line 85.


LaTeX Warning: Reference `sec:vda-battery' on page 2 undefined on input line 85
.


LaTeX Warning: Reference `sec:detection' on page 2 undefined on input line 90.


LaTeX Warning: Reference `sec:detection' on page 2 undefined on input line 96.


LaTeX Warning: Citation `luo_maunsell2018_criterion_sensitivity' on page 2 unde
fined on input line 103.


LaTeX Warning: Reference `sec:luomaunsell' on page 2 undefined on input line 10
7.


LaTeX Warning: Reference `sec:value' on page 2 undefined on input line 111.


LaTeX Warning: Citation `baruni2015' on page 2 undefined on input line 113.


LaTeX Warning: Reference `sec:value' on page 2 undefined on input line 115.

[2]

LaTeX Warning: Citation `awh_jonides2001_overlapping_attention_wm' on page 3 un
defined on input line 122.


LaTeX Warning: Citation `awh1998_rehearsal' on page 3 undefined on input line 1
22.


LaTeX Warning: Citation `kane2001_controlled_attention' on page 3 undefined on 
input line 122.


LaTeX Warning: Reference `sec:detection' on page 3 undefined on input line 124.



LaTeX Warning: Citation `bisley_goldberg2010' on page 3 undefined on input line
 126.


LaTeX Warning: Reference `sec:capacity' on page 3 undefined on input line 129.


LaTeX Warning: Reference `sec:rehearsal' on page 3 undefined on input line 131.



LaTeX Warning: Citation `morgan_albanna_herman2025_rvit' on page 3 undefined on
 input line 135.


LaTeX Warning: Citation `morgan_albanna_herman2026_vda' on page 3 undefined on 
input line 137.


LaTeX Warning: Reference `sec:model' on page 3 undefined on input line 151.


LaTeX Warning: Reference `sec:detection' on page 3 undefined on input line 152.



LaTeX Warning: Reference `sec:value' on page 3 undefined on input line 158.


LaTeX Warning: Reference `sec:luomaunsell' on page 3 undefined on input line 16
0.


LaTeX Warning: Reference `sec:vda-battery' on page 3 undefined on input line 16
2.


LaTeX Warning: Reference `sec:capacity' on page 3 undefined on input line 163.


LaTeX Warning: Reference `sec:rehearsal' on page 3 undefined on input line 163.


) (./sections/model.tex

LaTeX Warning: Reference `sec:detection' on page 3 undefined on input line 22.

[3]

LaTeX Warning: Citation `morgan_albanna_herman2025_rvit' on page 4 undefined on
 input line 26.


LaTeX Warning: Citation `morgan_albanna_herman2026_vda' on page 4 undefined on 
input line 28.


LaTeX Warning: Reference `fig:model-schematic' on page 4 undefined on input lin
e 32.


LaTeX Warning: Reference `sec:model-frontend' on page 4 undefined on input line
 33.


LaTeX Warning: Reference `sec:model-encoder' on page 4 undefined on input line 
36.


LaTeX Warning: Reference `sec:model-memory' on page 4 undefined on input line 3
8.


LaTeX Warning: Reference `sec:model-heads' on page 4 undefined on input line 40
.


LaTeX Warning: Reference `sec:model-jepa' on page 4 undefined on input line 43.



LaTeX Warning: Reference `sec:model-training' on page 4 undefined on input line
 46.


LaTeX Warning: Reference `sec:model-task' on page 4 undefined on input line 47.



LaTeX Warning: Reference `sec:methods' on page 4 undefined on input line 49.


LaTeX Warning: Citation `posner1980_orienting' on page 4 undefined on input lin
e 80.


LaTeX Warning: Citation `MullerFindlay1987' on page 4 undefined on input line 8
0.


LaTeX Warning: Citation `carrasco2011_visual_attention_25y' on page 4 undefined
 on input line 80.

[4 <./figures/fig_model_schematic_affine_ew.png>]

LaTeX Warning: Citation `carrasco2011_visual_attention_25y' on page 5 undefined
 on input line 97.

(/usr/local/texlive/2026basic/texmf-dist/tex/latex/lm/ts1lmr.fd)

LaTeX Warning: Citation `failing_theeuwes2018_selection_history' on page 5 unde
fined on input line 103.


LaTeX Warning: Citation `hickey2010_reward_salience_acc' on page 5 undefined on
 input line 103.


LaTeX Warning: Citation `posner1980_orienting' on page 5 undefined on input lin
e 107.


LaTeX Warning: Citation `MullerFindlay1987' on page 5 undefined on input line 1
07.


LaTeX Warning: Reference `sec:methods' on page 5 undefined on input line 119.


LaTeX Warning: Reference `sec:vda-battery' on page 5 undefined on input line 12
2.

[5{/usr/local/texlive/2026basic/texmf-dist/fonts/enc/dvips/lm/lm-ts1.enc}]

LaTeX Warning: Citation `reynolds_heeger2009_normalization' on page 6 undefined
 on input line 181.


LaTeX Warning: Citation `mcadams_maunsell1999_v4_tuning' on page 6 undefined on
 input line 181.


LaTeX Warning: Citation `treue_martinez_trujillo1999_feature_attention' on page
 6 undefined on input line 181.


LaTeX Warning: Citation `carrasco2011_visual_attention_25y' on page 6 undefined
 on input line 200.


LaTeX Warning: Citation `reynolds_heeger2009_normalization' on page 6 undefined
 on input line 200.


LaTeX Warning: Reference `eq:affine-feedback' on page 6 undefined on input line
 201.


LaTeX Warning: Citation `ghose_maunsell2002_task_timing' on page 6 undefined on
 input line 205.


LaTeX Warning: Citation `sani2017_temporal_v4_gain' on page 6 undefined on inpu
t line 205.


LaTeX Warning: Reference `sec:detection' on page 6 undefined on input line 209.



LaTeX Warning: Reference `eq:affine-feedback' on page 6 undefined on input line
 228.


LaTeX Warning: Reference `sec:detection' on page 6 undefined on input line 249.


[6{/usr/local/texlive/2026basic/texmf-dist/fonts/enc/dvips/lm/lm-mathex.enc}]

LaTeX Warning: Reference `sec:methods' on page 7 undefined on input line 289.


LaTeX Warning: Reference `sec:detection' on page 7 undefined on input line 305.



LaTeX Warning: Reference `sec:detection' on page 7 undefined on input line 319.


) [7] (./sections/results_luomaunsell.tex

LaTeX Warning: Citation `MullerFindlay1987' on page 8 undefined on input line 2
6.


LaTeX Warning: Citation `carrasco2011_visual_attention_25y' on page 8 undefined
 on input line 26.


LaTeX Warning: Citation `luo_maunsell2018_criterion_sensitivity' on page 8 unde
fined on input line 33.


LaTeX Warning: Reference `sec:detection' on page 8 undefined on input line 38.


LaTeX Warning: Reference `sec:detection' on page 8 undefined on input line 40.

[8]

LaTeX Warning: Citation `luo_maunsell2018_criterion_sensitivity' on page 9 unde
fined on input line 110.


LaTeX Warning: Reference `sec:detection' on page 9 undefined on input line 111.


[9 <./figs/luo_repro.png>]

LaTeX Warning: Citation `luo_maunsell2018_criterion_sensitivity' on page 10 und
efined on input line 140.


LaTeX Warning: Reference `sec:detection' on page 10 undefined on input line 142
.


LaTeX Warning: Citation `mcadams_maunsell1999_v4_tuning' on page 10 undefined o
n input line 159.


LaTeX Warning: Citation `reynolds_heeger2009_normalization' on page 10 undefine
d on input line 159.


LaTeX Warning: Citation `sani2017_temporal_v4_gain' on page 10 undefined on inp
ut line 159.


LaTeX Warning: Reference `sec:detection' on page 10 undefined on input line 162
.


LaTeX Warning: Citation `luo_maunsell2018_criterion_sensitivity' on page 10 und
efined on input line 190.


LaTeX Warning: Citation `CohenMaunsell2009' on page 10 undefined on input line 
190.


LaTeX Warning: Citation `ghose_maunsell2002_task_timing' on page 10 undefined o
n input line 203.


LaTeX Warning: Citation `treue_martinez_trujillo1999_feature_attention' on page
 10 undefined on input line 204.

) (./sections/results_detection.tex [10]
(/usr/local/texlive/2026basic/texmf-dist/tex/latex/lm/t1lmtt.fd)

LaTeX Warning: Reference `sec:det-psych' on page 11 undefined on input line 28.



LaTeX Warning: Reference `sec:det-attn' on page 11 undefined on input line 29.


LaTeX Warning: Reference `sec:det-sdt' on page 11 undefined on input line 30.


LaTeX Warning: Reference `sec:det-uncertainty' on page 11 undefined on input li
ne 31.


LaTeX Warning: Reference `sec:det-decoding' on page 11 undefined on input line 
32.


LaTeX Warning: Reference `sec:det-microstim' on page 11 undefined on input line
 33.

[11 <./figs/luo_mechanism.png>]

LaTeX Warning: Reference `sec:det-psych' on page 12 undefined on input line 38.



LaTeX Warning: Reference `sec:vda-battery' on page 12 undefined on input line 7
1.


LaTeX Warning: Citation `carrasco2011_visual_attention_25y' on page 12 undefine
d on input line 75.


LaTeX Warning: Citation `posner1980_orienting' on page 12 undefined on input li
ne 84.


LaTeX Warning: Reference `sec:det-decoding' on page 12 undefined on input line 
96.

[12] [13 <./figures/detection_psychometrics.png>]

LaTeX Warning: Citation `reynolds_heeger2009_normalization' on page 14 undefine
d on input line 161.


LaTeX Warning: Citation `carrasco2011_visual_attention_25y' on page 14 undefine
d on input line 161.


LaTeX Warning: Reference `sec:vda-map' on page 14 undefined on input line 163.


LaTeX Warning: Reference `sec:det-psych' on page 14 undefined on input line 173
.


LaTeX Warning: Reference `sec:det-decoding' on page 14 undefined on input line 
174.


LaTeX Warning: Reference `sec:det-decoding' on page 14 undefined on input line 
184.


LaTeX Warning: Reference `sec:value' on page 14 undefined on input line 189.


LaTeX Warning: Citation `carrasco2011_visual_attention_25y' on page 14 undefine
d on input line 244.

[14]

LaTeX Warning: Citation `reynolds_heeger2009_normalization' on page 15 undefine
d on input line 255.


LaTeX Warning: Citation `mcadams_maunsell1999_v4_tuning' on page 15 undefined o
n input line 255.


LaTeX Warning: Citation `treue_martinez_trujillo1999_feature_attention' on page
 15 undefined on input line 256.


LaTeX Warning: Citation `carrasco2011_visual_attention_25y' on page 15 undefine
d on input line 263.


LaTeX Warning: Reference `sec:luomaunsell' on page 15 undefined on input line 2
69.

[15 <./figures/detection_attention.png>]

LaTeX Warning: Reference `sec:value' on page 16 undefined on input line 355.


LaTeX Warning: Reference `sec:det-attn' on page 16 undefined on input line 356.


[16]

LaTeX Warning: Citation `RuffCohen2016' on page 17 undefined on input line 377.



LaTeX Warning: Citation `Srinath2021' on page 17 undefined on input line 377.


LaTeX Warning: Reference `sec:det-sdt' on page 17 undefined on input line 404.


LaTeX Warning: Reference `sec:det-sdt' on page 17 undefined on input line 418.


LaTeX Warning: Citation `RuffCohen2016' on page 17 undefined on input line 431.



LaTeX Warning: Reference `sec:luomaunsell' on page 17 undefined on input line 4
32.


LaTeX Warning: Citation `luo_maunsell2018_criterion_sensitivity' on page 17 und
efined on input line 434.

[17]

LaTeX Warning: Reference `sec:vda-validity' on page 18 undefined on input line 
457.


LaTeX Warning: Reference `sec:det-psych' on page 18 undefined on input line 457
.


LaTeX Warning: Reference `sec:det-attn' on page 18 undefined on input line 461.



LaTeX Warning: Reference `sec:det-sdt' on page 18 undefined on input line 465.


LaTeX Warning: Reference `sec:det-uncertainty' on page 18 undefined on input li
ne 468.


LaTeX Warning: Reference `sec:det-decoding' on page 18 undefined on input line 
472.


LaTeX Warning: Reference `sec:det-microstim' on page 18 undefined on input line
 474.


LaTeX Warning: Reference `sec:value' on page 18 undefined on input line 476.


LaTeX Warning: Reference `sec:luomaunsell' on page 18 undefined on input line 4
77.

) (./sections/results_value.tex

LaTeX Warning: Reference `sec:detection' on page 18 undefined on input line 13.



LaTeX Warning: Reference `sec:detection' on page 18 undefined on input line 18.



LaTeX Warning: Citation `posner1980_orienting' on page 18 undefined on input li
ne 25.


LaTeX Warning: Reference `sec:detection' on page 18 undefined on input line 34.



LaTeX Warning: Reference `sec:detection' on page 18 undefined on input line 62.


[18]

LaTeX Warning: Citation `posner1980_orienting' on page 19 undefined on input li
ne 74.


LaTeX Warning: Reference `sec:detection' on page 19 undefined on input line 78.



LaTeX Warning: Citation `posner1980_orienting' on page 19 undefined on input li
ne 93.


LaTeX Warning: Citation `MullerFindlay1987' on page 19 undefined on input line 
93.


LaTeX Warning: Citation `reynolds_heeger2009_normalization' on page 19 undefine
d on input line 97.


LaTeX Warning: Citation `mcadams_maunsell1999_v4_tuning' on page 19 undefined o
n input line 108.


LaTeX Warning: Citation `reynolds_heeger2009_normalization' on page 19 undefine
d on input line 108.


LaTeX Warning: Citation `carrasco2011_visual_attention_25y' on page 19 undefine
d on input line 108.


LaTeX Warning: Citation `posner1980_orienting' on page 19 undefined on input li
ne 114.


LaTeX Warning: Reference `sec:detection' on page 19 undefined on input line 128
.


LaTeX Warning: Reference `sec:detection' on page 19 undefined on input line 133
.

[19]

LaTeX Warning: Reference `sec:value-validity4' on page 20 undefined on input li
ne 139.


LaTeX Warning: Citation `failing_theeuwes2018_selection_history' on page 20 und
efined on input line 146.


LaTeX Warning: Citation `hickey2010_reward_salience_acc' on page 20 undefined o
n input line 146.


LaTeX Warning: Citation `wang_theeuwes2018_statistical_learning_distractor_supp
ression' on page 20 undefined on input line 146.


LaTeX Warning: Citation `failing_theeuwes2018_selection_history' on page 20 und
efined on input line 180.


LaTeX Warning: Citation `morgan_albanna_herman2026_vda' on page 20 undefined on
 input line 180.


LaTeX Warning: Citation `posner1980_orienting' on page 20 undefined on input li
ne 193.


LaTeX Warning: Citation `MullerFindlay1987' on page 20 undefined on input line 
193.


LaTeX Warning: Reference `sec:detection' on page 20 undefined on input line 196
.


LaTeX Warning: Citation `failing_theeuwes2018_selection_history' on page 20 und
efined on input line 198.


LaTeX Warning: Citation `hickey2010_reward_salience_acc' on page 20 undefined o
n input line 198.

) (./sections/results_vda_battery.tex [20]

LaTeX Warning: Citation `carrasco2011_visual_attention_25y' on page 21 undefine
d on input line 19.


LaTeX Warning: Reference `sec:det-uncertainty' on page 21 undefined on input li
ne 62.


LaTeX Warning: Reference `sec:det-microstim' on page 21 undefined on input line
 62.


LaTeX Warning: Reference `fig:env-vda1' on page 21 undefined on input line 68.


LaTeX Warning: Reference `fig:env-vda9' on page 21 undefined on input line 68.


LaTeX Warning: Reference `sec:vda-map' on page 21 undefined on input line 77.


LaTeX Warning: Reference `sec:vda-decode' on page 21 undefined on input line 78
.

[21]

LaTeX Warning: Reference `sec:detection' on page 22 undefined on input line 109
.


LaTeX Warning: Reference `sec:detection' on page 22 undefined on input line 109
.


LaTeX Warning: Reference `fig:attn-maps' on page 22 undefined on input line 140
.


LaTeX Warning: Reference `sec:det-attn' on page 22 undefined on input line 142.



LaTeX Warning: Citation `carrasco2011_visual_attention_25y' on page 22 undefine
d on input line 158.


LaTeX Warning: Citation `reynolds_heeger2009_normalization' on page 22 undefine
d on input line 158.


LaTeX Warning: Reference `fig:attn-value-validity' on page 22 undefined on inpu
t line 176.


LaTeX Warning: Reference `sec:det-attn' on page 22 undefined on input line 184.



LaTeX Warning: Reference `sec:value' on page 22 undefined on input line 185.


LaTeX Warning: Reference `fig:attn-value-validity' on page 22 undefined on inpu
t line 189.


LaTeX Warning: Reference `sec:vda-validity' on page 22 undefined on input line 
197.


LaTeX Warning: Reference `sec:vda-decode' on page 22 undefined on input line 19
8.


LaTeX Warning: Reference `sec:value-validity4' on page 22 undefined on input li
ne 202.


LaTeX Warning: Reference `sec:value-crowdout' on page 22 undefined on input lin
e 205.

[22]

LaTeX Warning: Reference `fig:validity-setsize' on page 23 undefined on input l
ine 225.


LaTeX Warning: Citation `carrasco2011_visual_attention_25y' on page 23 undefine
d on input line 230.


LaTeX Warning: Reference `sec:detection' on page 23 undefined on input line 233
.


LaTeX Warning: Reference `fig:sdt-setsize' on page 23 undefined on input line 2
52.


LaTeX Warning: Reference `fig:decode-setsize' on page 23 undefined on input lin
e 289.


LaTeX Warning: Reference `sec:detection' on page 23 undefined on input line 295
.

[23]

LaTeX Warning: Reference `fig:decode-setsize' on page 24 undefined on input lin
e 305.


LaTeX Warning: Reference `sec:value-crowdout' on page 24 undefined on input lin
e 310.


LaTeX Warning: Reference `sec:vda-map' on page 24 undefined on input line 311.


LaTeX Warning: Reference `sec:vda-validity' on page 24 undefined on input line 
315.


LaTeX Warning: Citation `awh_vogel_oh2006' on page 24 undefined on input line 3
21.


LaTeX Warning: Citation `awh_jonides2001_overlapping_attention_wm' on page 24 u
ndefined on input line 321.

) (./sections/results_capacity.tex

LaTeX Warning: Citation `kane2001_controlled_attention' on page 24 undefined on
 input line 10.

) (./sections/results_rehearsal.tex

LaTeX Warning: Citation `awh_jonides_reuterlorenz1998_rehearsal' on page 24 und
efined on input line 12.


LaTeX Warning: Citation `awh_jonides2001_overlapping_attention_wm' on page 24 u
ndefined on input line 12.

[24]) (./sections/discussion.tex

LaTeX Warning: Citation `carrasco2011_visual_attention_25y' on page 25 undefine
d on input line 41.


LaTeX Warning: Citation `carrasco2011_visual_attention_25y' on page 25 undefine
d on input line 42.


LaTeX Warning: Reference `sec:detection' on page 25 undefined on input line 53.



LaTeX Warning: Reference `sec:detection' on page 25 undefined on input line 59.



LaTeX Warning: Citation `carrasco2011_visual_attention_25y' on page 25 undefine
d on input line 65.


LaTeX Warning: Citation `MullerFindlay1987' on page 25 undefined on input line 
65.


LaTeX Warning: Reference `sec:detection' on page 25 undefined on input line 70.



LaTeX Warning: Citation `MullerFindlay1987' on page 25 undefined on input line 
71.


LaTeX Warning: Citation `posner1980_orienting' on page 25 undefined on input li
ne 71.

[25]

LaTeX Warning: Reference `sec:detection' on page 26 undefined on input line 81.



LaTeX Warning: Citation `reynolds_heeger2009_normalization' on page 26 undefine
d on input line 86.


LaTeX Warning: Citation `mcadams_maunsell1999_v4_tuning' on page 26 undefined o
n input line 86.


LaTeX Warning: Citation `treue_martinez_trujillo1999_feature_attention' on page
 26 undefined on input line 86.


LaTeX Warning: Reference `sec:luomaunsell' on page 26 undefined on input line 9
2.


LaTeX Warning: Citation `luo_maunsell2018_criterion_sensitivity' on page 26 und
efined on input line 93.


LaTeX Warning: Reference `sec:detection' on page 26 undefined on input line 104
.


LaTeX Warning: Reference `sec:detection' on page 26 undefined on input line 121
.


LaTeX Warning: Reference `sec:detection' on page 26 undefined on input line 125
.


LaTeX Warning: Reference `sec:rehearsal' on page 26 undefined on input line 132
.


LaTeX Warning: Citation `awh_vogel_oh2006' on page 26 undefined on input line 1
34.


LaTeX Warning: Citation `baddeley1992working' on page 26 undefined on input lin
e 134.

[26]

LaTeX Warning: Reference `sec:detection' on page 27 undefined on input line 141
.


LaTeX Warning: Reference `sec:value' on page 27 undefined on input line 150.


LaTeX Warning: Citation `posner1980_orienting' on page 27 undefined on input li
ne 151.


LaTeX Warning: Citation `bisley_goldberg2010' on page 27 undefined on input lin
e 171.


LaTeX Warning: Reference `sec:vda-battery' on page 27 undefined on input line 1
87.


LaTeX Warning: Reference `sec:capacity' on page 27 undefined on input line 198.



LaTeX Warning: Reference `sec:rehearsal' on page 27 undefined on input line 201
.

[27]

LaTeX Warning: Reference `sec:detection' on page 28 undefined on input line 217
.


LaTeX Warning: Reference `sec:value' on page 28 undefined on input line 217.


LaTeX Warning: Reference `sec:value' on page 28 undefined on input line 226.


LaTeX Warning: Citation `baruni2015' on page 28 undefined on input line 227.

) (./sections/methods.tex

LaTeX Warning: Reference `sec:model' on page 28 undefined on input line 19.


LaTeX Warning: Reference `sec:detection' on page 28 undefined on input line 24.



LaTeX Warning: Reference `sec:luomaunsell' on page 28 undefined on input line 2
4.


LaTeX Warning: Reference `eq:affine-feedback' on page 28 undefined on input lin
e 26.


LaTeX Warning: Citation `posner1980_orienting' on page 28 undefined on input li
ne 41.


LaTeX Warning: Citation `MullerFindlay1987' on page 28 undefined on input line 
41.


LaTeX Warning: Citation `carrasco2011_visual_attention_25y' on page 28 undefine
d on input line 41.


LaTeX Warning: Reference `sec:vda-battery' on page 28 undefined on input line 4
5.

[28]

LaTeX Warning: Reference `fig:methods-timeline' on page 29 undefined on input l
ine 68.


LaTeX Warning: Reference `sec:methods-curriculum' on page 29 undefined on input
 line 101.

[29]

LaTeX Warning: Reference `sec:value' on page 30 undefined on input line 141.


LaTeX Warning: Reference `sec:luomaunsell' on page 30 undefined on input line 1
41.


LaTeX Warning: Reference `sec:detection' on page 30 undefined on input line 148
.


LaTeX Warning: Reference `sec:value' on page 30 undefined on input line 156.


LaTeX Warning: Citation `luo_maunsell2018_criterion_sensitivity' on page 30 und
efined on input line 166.


LaTeX Warning: Reference `sec:luomaunsell' on page 30 undefined on input line 1
67.


LaTeX Warning: Reference `sec:value' on page 30 undefined on input line 170.


LaTeX Warning: Citation `awh_jonides_reuterlorenz1998_rehearsal' on page 30 und
efined on input line 176.


LaTeX Warning: Reference `sec:rehearsal' on page 30 undefined on input line 177
.

[30]

LaTeX Warning: Reference `sec:model' on page 31 undefined on input line 213.


LaTeX Warning: Reference `eq:affine-feedback' on page 31 undefined on input lin
e 245.


LaTeX Warning: Reference `eq:self-attention' on page 31 undefined on input line
 251.


LaTeX Warning: Reference `sec:methods-clamp' on page 31 undefined on input line
 258.


LaTeX Warning: Reference `eq:affine-feedback' on page 31 undefined on input lin
e 279.

[31]

LaTeX Warning: Reference `sec:capacity' on page 32 undefined on input line 309.


[32]

LaTeX Warning: Reference `sec:methods-sdt' on page 33 undefined on input line 4
16.


LaTeX Warning: Reference `sec:det-sdt' on page 33 undefined on input line 417.


LaTeX Warning: Citation `MullerFindlay1987' on page 33 undefined on input line 
423.

[33]

LaTeX Warning: Reference `sec:det-microstim' on page 34 undefined on input line
 427.


LaTeX Warning: Reference `sec:methods-clamp' on page 34 undefined on input line
 446.


LaTeX Warning: Reference `sec:det-sdt' on page 34 undefined on input line 449.


LaTeX Warning: Reference `sec:luomaunsell' on page 34 undefined on input line 4
50.


LaTeX Warning: Citation `luo_maunsell2018_criterion_sensitivity' on page 34 und
efined on input line 453.


LaTeX Warning: Reference `sec:det-uncertainty' on page 34 undefined on input li
ne 456.


LaTeX Warning: Reference `sec:det-decoding' on page 34 undefined on input line 
472.


LaTeX Warning: Reference `sec:vda-decode' on page 34 undefined on input line 47
9.

[34]) (./sections/appendix.tex

LaTeX Warning: Reference `sec:detection' on page 35 undefined on input line 5.


LaTeX Warning: Reference `sec:value' on page 35 undefined on input line 11.


LaTeX Warning: Reference `sec:luomaunsell' on page 35 undefined on input line 1
2.


LaTeX Warning: Reference `sec:vda-battery' on page 35 undefined on input line 1
6.


LaTeX Warning: Reference `sec:capacity' on page 35 undefined on input line 21.


LaTeX Warning: Reference `sec:rehearsal' on page 35 undefined on input line 23.


)
No file main.bbl.
[35] [36 <./figures/fig_attn_maps_valid.png> <./figures/fig_attn_maps_invalid.p
ng> <./figures/fig_attn_value_maps.png> <./figures/fig_attn_timecourse.png>]
[37 <./figures/detection_sdt_curves.png> <./figures/detection_uncertainty.png>]
[38 <./figures/detection_decoding.png>] [39 <./figures/detection_microstim.png>
 <./figures/fig_value_validity4.png>] [40 <./figures/fig_env_vda1.png> <./figur
es/fig_env_vda2.png>] [41 <./figures/fig_env_vda4.png> <./figures/fig_env_vda9.
png>] [42 <./figures/fig_attn_maps.png> <./figures/fig_attn_value_validity.png>
] [43 <./figures/fig_validity_by_setsize.png> <./figures/fig_sdt_by_setsize.png
>] [44 <./figures/fig_decode_by_setsize.png> <./figures/fig_task_timeline_vda4.
png>] (./main.aux)

LaTeX Warning: There were undefined references.


LaTeX Warning: Label(s) may have changed. Rerun to get cross-references right.


Package rerunfilecheck Warning: File `main.out' has changed.
(rerunfilecheck)                Rerun to get outlines right
(rerunfilecheck)                or use package `bookmark'.

 )</usr/local/texlive/2026basic/texmf-dist/fonts/type1/public/lm/lmbx10.pfb></u
sr/local/texlive/2026basic/texmf-dist/fonts/type1/public/lm/lmbx12.pfb></usr/lo
cal/texlive/2026basic/texmf-dist/fonts/type1/public/lm/lmbx9.pfb></usr/local/te
xlive/2026basic/texmf-dist/fonts/type1/public/lm/lmbxi10.pfb></usr/local/texliv
e/2026basic/texmf-dist/fonts/type1/public/lm/lmex10.pfb></usr/local/texlive/202
6basic/texmf-dist/fonts/type1/public/lm/lmmi10.pfb></usr/local/texlive/2026basi
c/texmf-dist/fonts/type1/public/lm/lmmi8.pfb></usr/local/texlive/2026basic/texm
f-dist/fonts/type1/public/lm/lmr10.pfb></usr/local/texlive/2026basic/texmf-dist
/fonts/type1/public/lm/lmr12.pfb></usr/local/texlive/2026basic/texmf-dist/fonts
/type1/public/lm/lmr17.pfb></usr/local/texlive/2026basic/texmf-dist/fonts/type1
/public/lm/lmr6.pfb></usr/local/texlive/2026basic/texmf-dist/fonts/type1/public
/lm/lmr8.pfb></usr/local/texlive/2026basic/texmf-dist/fonts/type1/public/lm/lmr
9.pfb></usr/local/texlive/2026basic/texmf-dist/fonts/type1/public/lm/lmri10.pfb
></usr/local/texlive/2026basic/texmf-dist/fonts/type1/public/lm/lmsy10.pfb></us
r/local/texlive/2026basic/texmf-dist/fonts/type1/public/lm/lmsy6.pfb></usr/loca
l/texlive/2026basic/texmf-dist/fonts/type1/public/lm/lmsy7.pfb></usr/local/texl
ive/2026basic/texmf-dist/fonts/type1/public/lm/lmsy8.pfb></usr/local/texlive/20
26basic/texmf-dist/fonts/type1/public/lm/lmtk10.pfb></usr/local/texlive/2026bas
ic/texmf-dist/fonts/type1/public/lm/lmtt10.pfb></usr/local/texlive/2026basic/te
xmf-dist/fonts/type1/public/amsfonts/symbols/msbm10.pfb>
Output written on main.pdf (44 pages, 2395690 bytes).
Transcript written on main.log.
