========================================================================
CR-004 + CR-019  Re-derivation attack on C4 (no-inversion claim)
========================================================================

STEP A — Closed-form inversion threshold r*_inv(V, v, N=4, variant).
        r*_inv := (N-1) · A / B   (boundary derivative criterion).
        For C4, primary sweep, r*_inv must exceed r_max = 10
        for left-branch local inversion to be ruled out at α=1/N.


  Variant A:
       V    v            A           B      r*_inv  in [0.1,10]?
   0.250    1      0.04978     0.14933      1.0000          True
   0.250    3      0.13955     0.14374      2.9127          True
   0.250    5      0.22293     0.13108      5.1021          True
   0.400    1      0.07849     0.11624      2.0257          True
   0.400    3      0.20805     0.10465      5.9643          True
   0.400    5      0.33406     0.08756     11.4454         False
   0.550    1      0.10054     0.08156      3.6983          True
   0.550    3      0.27325     0.06308     12.9964         False
   0.550    5      0.44176     0.04592     28.8592         False
   0.700    1      0.12057     0.04804      7.5291          True
   0.700    3      0.33462     0.02951     34.0182         False
   0.700    5      0.54732     0.01964     83.5945         False
   0.850    1      0.13716     0.01627     25.2954         False
   0.850    3      0.39427     0.00647    182.8121         False
   0.850    5      0.65064     0.00841    232.1541         False
   1.000    1      0.15044     0.00118    383.9185         False
   1.000    3      0.45132     0.00353    383.9185         False
   1.000    5      0.75219     0.00588    383.9185         False

  Variant B:
       V    v            A           B      r*_inv  in [0.1,10]?
   0.250    1      0.04978     0.14933      1.0000          True
   0.250    3      0.11494     0.14781      2.3328          True
   0.250    5      0.00064     0.00038      4.9567          True
   0.400    1      0.07849     0.11624      2.0257          True
   0.400    3      0.14412     0.11833      3.6537          True
   0.400    5      0.00102     0.00031      9.8787          True
   0.550    1      0.10054     0.08156      3.6983          True
   0.550    3      0.16062     0.09058      5.3195          True
   0.550    5      0.15334     0.08832      5.2085          True
   0.700    1      0.12057     0.04804      7.5291          True
   0.700    3      0.17955     0.05451      9.8809          True
   0.700    5      0.16625     0.05874      8.4905          True
   0.850    1      0.13716     0.01627     25.2954         False
   0.850    3      0.19153     0.02209     26.0143         False
   0.850    5      0.18325     0.02526     21.7592         False
   1.000    1      0.15044     0.00118    383.9185         False
   1.000    3      0.19670     0.00076    776.4367         False
   1.000    5      0.19387     0.00058   1001.4168         False

  Across 210 (V, v, variant) cells at N=4:
    r*_inv  > 10        :  107  ( 51.0%)  C4 boundary trivially holds
    r*_inv  ∈ [0.1, 10] :  103  ( 49.0%)  Step B inspects these
    r*_inv  < 0.1       :    0  (  0.0%)  boundary fails at all swept r

  10 most-adversarial cells (smallest r*_inv):
       V    v  variant      r*_inv
   0.250    1        A      1.0000
   0.250    1        B      1.0000
   0.287    1        A      1.2483
   0.287    1        B      1.2483
   0.325    1        A      1.4159
   0.325    1        B      1.4159
   0.362    1        A      1.6706
   0.362    1        B      1.6706
   0.250    2        B      1.7999
   0.250    2        A      2.0257

========================================================================
STEP B — Full E[R](α) curve at the cells where r*_inv < r_max = 10,
        evaluated at r = 10 (most cost-flipped). If α*_global < 1/N
        for *any* cell in the primary sweep, C4 is REFUTED.
========================================================================

  Sweep α ∈ [0.02, 1.0] at Δα=0.005 for each adversarial cell at r=10.

       V   v var   r*_inv  α*global  R*global  α*left   R*left  α*right  R*right  inv?
  ------------------------------------------------------------------------------------------
   0.250   1   A   1.0000     0.955   0.65936   0.020  0.64564    0.955  0.65936 False
   0.250   1   B   1.0000     0.955   0.65936   0.020  0.64564    0.955  0.65936 False
   0.287   1   A   1.2483     0.970   0.66541   0.020  0.64462    0.970  0.66541 False
   0.287   1   B   1.2483     0.970   0.66541   0.020  0.64462    0.970  0.66541 False
   0.325   1   A   1.4159     0.975   0.67207   0.020  0.64443    0.975  0.67207 False
   0.325   1   B   1.4159     0.975   0.67207   0.020  0.64443    0.975  0.67207 False
   0.362   1   A   1.6706     0.980   0.67931   0.020  0.64500    0.980  0.67931 False
   0.362   1   B   1.6706     0.980   0.67931   0.020  0.64500    0.980  0.67931 False
   0.250   2   B   1.7999     0.980   0.75949   0.020  0.71601    0.980  0.75949 False
   0.250   2   A   2.0257     0.985   0.85890   0.020  0.80794    0.985  0.85890 False
   0.400   1   A   2.0257     0.985   0.68712   0.020  0.64635    0.985  0.68712 False
   0.400   1   B   2.0257     0.985   0.68712   0.020  0.64635    0.985  0.68712 False
   0.250   5   A   5.1021     0.995   1.49005   0.070  1.33763    0.995  1.49005 False

========================================================================
STEP C — CR-019 V=1/N degeneracy refinement.
========================================================================

  (i) (V=1/N=0.25, v=1, N=4) — symmetric corner of primary sweep.
         r   r*_inv  α*global  R*global  α*left   R*left  α*right  R*right   R(1/N)    ΔR_l-r
  ------------------------------------------------------------------------------------------------
    0.1000   1.0000     0.250   0.62946   0.245  0.62905    0.255  0.62905  0.62946  -0.00000
    0.1585   1.0000     0.250   0.62946   0.245  0.62909    0.255  0.62909  0.62946  -0.00000
    0.2512   1.0000     0.250   0.62946   0.245  0.62916    0.255  0.62916  0.62946  -0.00000
    0.3981   1.0000     0.250   0.62946   0.245  0.62924    0.255  0.62924  0.62946  -0.00000
    0.6310   1.0000     0.250   0.62946   0.245  0.62934    0.255  0.62934  0.62946  -0.00000
    1.0000   1.0000     0.250   0.62946   0.245  0.62946    0.255  0.62946  0.62946  -0.00000
    1.5849   1.0000     0.460   0.63156   0.115  0.63115    0.460  0.63156  0.62946  -0.00041
    2.5119   1.0000     0.660   0.63745   0.045  0.63510    0.660  0.63745  0.62946  -0.00235
    3.9811   1.0000     0.805   0.64519   0.020  0.63943    0.805  0.64519  0.62946  -0.00576
    6.3096   1.0000     0.900   0.65286   0.020  0.64304    0.900  0.65286  0.62946  -0.00981
   10.0000   1.0000     0.955   0.65936   0.020  0.64564    0.955  0.65936  0.62946  -0.01372

  (ii) (V=1/N=0.5, v=5, N=2) — CR-014 P2-inversion case (secondary sweep).
         r   r*_inv  α*global  R*global  α*left   R*left  α*right  R*right   R(1/N)    ΔR_l-r
  ------------------------------------------------------------------------------------------------
    0.1000   3.7664     0.500   2.28384   0.495  2.28151    0.505  2.28344  2.28384  -0.00193
    0.1585   3.7664     0.500   2.28384   0.495  2.28166    0.505  2.28359  2.28384  -0.00193
    0.2512   3.7664     0.500   2.28384   0.495  2.28187    0.505  2.28380  2.28384  -0.00193
    0.3981   3.7664     0.705   2.28863   0.495  2.28215    0.705  2.28863  2.28384  -0.00647
    0.6310   3.7664     0.880   2.30671   0.495  2.28249    0.880  2.30671  2.28384  -0.02422
    1.0000   3.7664     0.950   2.33340   0.495  2.28287    0.950  2.33340  2.28384  -0.05053
    1.5849   3.7664     0.975   2.36265   0.495  2.28325    0.975  2.36265  2.28384  -0.07940
    2.5119   3.7664     0.985   2.39057   0.495  2.28359    0.985  2.39057  2.28384  -0.10698
    3.9811   3.7664     0.995   2.41443   0.460  2.28393    0.995  2.41443  2.28384  -0.13050
    6.3096   3.7664     0.995   2.43296   0.265  2.28988    0.995  2.43296  2.28384  -0.14309
   10.0000   3.7664     1.000   2.44637   0.135  2.30057    1.000  2.44637  2.28384  -0.14580

  (iii) Anti-cue regime (V < 1/N) at N=2 — outside paper's primary
        sweep (which is N=4 only) but inside the paper's stated V-range.
       V        r   r*_inv  α*global  R*global  α*left   R*left  α*right  R*right  inv?
  ------------------------------------------------------------------------------------------------
   0.250   0.1000   1.4820     0.500   1.48273   0.495  1.48150    0.505  1.48197 False
   0.250   1.0000   1.4820     0.645   1.48616   0.495  1.48249    0.645  1.48616 False
   0.250   5.0000   1.4820     0.970   1.54254   0.115  1.50799    0.970  1.54254 False
   0.250  10.0000   1.4820     0.990   1.56225   0.035  1.52700    0.990  1.56225 False
   0.400   0.1000   2.5694     0.500   1.95692   0.495  1.95502    0.505  1.95635 False
   0.400   1.0000   2.5694     0.855   1.98162   0.495  1.95625    0.855  1.98162 False
   0.400   5.0000   2.5694     0.990   2.06435   0.235  1.96642    0.990  2.06435 False
   0.400  10.0000   2.5694     0.995   2.08621   0.080  1.98508    0.995  2.08621 False

========================================================================
Verdict decision (mission §3.1)
========================================================================
  Step B inversions across primary-sweep adversarial cells (N=4): 0
  Step C inversions in V < 1/N anti-cue regime (N=2, NOT in primary sweep): 0

  Verdict: WEAKLY-SUPPORTED — C4 holds globally across primary sweep; boundary closed form predicts left-branch local inversion in some cells but right-branch always dominates globally.

  Wrote: /sessions/determined-modest-wright/mnt/AttentionManuscript/Critique/replications/C4--no-inversion/output/results.json
