CR-026  C3 high-V supremum  V=0.75  N=4  d'_max=2  f0=0.5  h=sqrt  Variant A
r-grid: 21 log-pts in [0.1, 10]
v-grid: [1.0, 2.0, 3.0, 4.0, 5.0]

       r    v     αP1     αP2     R(P1)     R(P2)       VDA     CF
----------------------------------------------------------------------
  0.1000    1   0.250   0.250   0.69367   0.69367   0.00000  1.000
  0.1259    1   0.400   0.400   0.69409   0.69409   0.00000  0.997
  0.1585    1   0.960   0.960   0.69677   0.69677   0.00000  0.976
  0.1995    1   0.980   0.980   0.70041   0.70041   0.00000  0.950
  0.2512    1   0.980   0.980   0.70463   0.70463   0.00000  0.921
  0.3162    1   0.990   0.990   0.70946   0.70946   0.00000  0.890
  0.3981    1   0.990   0.990   0.71480   0.71480   0.00000  0.858
  0.5012    1   0.990   0.990   0.72059   0.72059   0.00000  0.826
  0.6310    1   0.990   0.990   0.72671   0.72671   0.00000  0.795
  0.7943    1   0.990   0.990   0.73309   0.73309   0.00000  0.765
  1.0000    1   0.990   0.990   0.73958   0.73958   0.00000  0.736
  1.2589    1   0.990   0.990   0.74604   0.74604   0.00000  0.710
  1.5849    1   0.990   0.990   0.75229   0.75229   0.00000  0.686
  1.9953    1   0.990   0.990   0.75821   0.75821   0.00000  0.665
  2.5119    1   0.990   0.990   0.76369   0.76369   0.00000  0.647
  3.1623    1   1.000   1.000   0.76867   0.76867   0.00000  0.631
  3.9811    1   1.000   1.000   0.77314   0.77314   0.00000  0.617
  5.0119    1   1.000   1.000   0.77703   0.77703   0.00000  0.606
  6.3096    1   1.000   1.000   0.78037   0.78037   0.00000  0.596
  7.9433    1   1.000   1.000   0.78321   0.78321   0.00000  0.589
 10.0000    1   1.000   1.000   0.78556   0.78556   0.00000  0.582

  0.1000    2   0.950   0.250   1.27775   1.26585   0.01190  0.959
  0.1259    2   0.970   0.400   1.28258   1.27073   0.01185  0.943
  0.1585    2   0.980   0.960   1.28839   1.28828   0.00011  0.925
  0.1995    2   0.990   0.980   1.29523   1.29522   0.00001  0.904
  0.2512    2   0.990   0.980   1.30319   1.30309   0.00010  0.881
  0.3162    2   0.990   0.990   1.31218   1.31218   0.00000  0.856
  0.3981    2   0.990   0.990   1.32213   1.32213   0.00000  0.831
  0.5012    2   1.000   0.990   1.33291   1.33288   0.00002  0.805
  0.6310    2   1.000   0.990   1.34441   1.34423   0.00018  0.779
  0.7943    2   1.000   0.990   1.35623   1.35588   0.00035  0.753
  1.0000    2   1.000   0.990   1.36803   1.36753   0.00050  0.730
  1.2589    2   1.000   0.990   1.37954   1.37889   0.00065  0.708
  1.5849    2   1.000   0.990   1.39044   1.38966   0.00078  0.689
  1.9953    2   1.000   0.990   1.40050   1.39965   0.00086  0.672
  2.5119    2   1.000   0.990   1.40964   1.40874   0.00090  0.658
  3.1623    2   1.000   1.000   1.41780   1.41780   0.00000  0.645
  3.9811    2   1.000   1.000   1.42495   1.42495   0.00000  0.634
  5.0119    2   1.000   1.000   1.43112   1.43112   0.00000  0.626
  6.3096    2   1.000   1.000   1.43638   1.43638   0.00000  0.618
  7.9433    2   1.000   1.000   1.44079   1.44079   0.00000  0.612
 10.0000    2   1.000   1.000   1.44445   1.44445   0.00000  0.607

  0.1000    3   0.960   0.250   1.86523   1.84259   0.02264  0.950
  0.1259    3   0.970   0.400   1.87235   1.85143   0.02092  0.935
  0.1585    3   0.980   0.960   1.88091   1.88065   0.00026  0.918
  0.1995    3   0.990   0.980   1.89099   1.89091   0.00008  0.899
  0.2512    3   0.990   0.980   1.90263   1.90241   0.00022  0.877
  0.3162    3   0.990   0.990   1.91578   1.91578   0.00000  0.854
  0.3981    3   0.990   0.990   1.93032   1.93032   0.00000  0.830
  0.5012    3   1.000   0.990   1.94621   1.94605   0.00017  0.805
  0.6310    3   1.000   0.990   1.96303   1.96263   0.00040  0.781
  0.7943    3   1.000   0.990   1.98029   1.97966   0.00063  0.757
  1.0000    3   1.000   0.990   1.99752   1.99667   0.00084  0.735
  1.2589    3   1.000   0.990   2.01427   2.01322   0.00105  0.714
  1.5849    3   1.000   0.990   2.03011   2.02888   0.00123  0.696
  1.9953    3   1.000   0.990   2.04473   2.04334   0.00139  0.680
  2.5119    3   1.000   0.990   2.05792   2.05639   0.00153  0.666
  3.1623    3   1.000   1.000   2.06956   2.06956   0.00000  0.654
  3.9811    3   1.000   1.000   2.07966   2.07966   0.00000  0.644
  5.0119    3   1.000   1.000   2.08829   2.08829   0.00000  0.636
  6.3096    3   1.000   1.000   2.09559   2.09559   0.00000  0.629
  7.9433    3   1.000   1.000   2.10171   2.10171   0.00000  0.623
 10.0000    3   1.000   1.000   2.10678   2.10678   0.00000  0.619

  0.1000    4   0.970   0.250   2.45306   2.42097   0.03210  0.948
  0.1259    4   0.980   0.400   2.46247   2.43354   0.02893  0.934
  0.1585    4   0.980   0.960   2.47372   2.47332   0.00040  0.917
  0.1995    4   0.990   0.980   2.48701   2.48686   0.00015  0.898
  0.2512    4   0.990   0.980   2.50230   2.50198   0.00033  0.878
  0.3162    4   0.990   0.990   2.51957   2.51957   0.00000  0.855
  0.3981    4   1.000   0.990   2.53869   2.53868   0.00001  0.832
  0.5012    4   1.000   0.990   2.55964   2.55934   0.00030  0.808
  0.6310    4   1.000   0.990   2.58172   2.58112   0.00060  0.784
  0.7943    4   1.000   0.990   2.60438   2.60348   0.00090  0.761
  1.0000    4   1.000   0.990   2.62701   2.62583   0.00118  0.739
  1.2589    4   1.000   0.990   2.64899   2.64755   0.00144  0.719
  1.5849    4   1.000   0.990   2.66978   2.66810   0.00168  0.701
  1.9953    4   1.000   0.990   2.68896   2.68708   0.00188  0.685
  2.5119    4   1.000   0.990   2.70626   2.70420   0.00206  0.671
  3.1623    4   1.000   1.000   2.72152   2.72152   0.00000  0.660
  3.9811    4   1.000   1.000   2.73476   2.73476   0.00000  0.650
  5.0119    4   1.000   1.000   2.74606   2.74606   0.00000  0.642
  6.3096    4   1.000   1.000   2.75558   2.75558   0.00000  0.635
  7.9433    4   1.000   1.000   2.76350   2.76350   0.00000  0.630
 10.0000    4   1.000   1.000   2.77004   2.77004   0.00000  0.625

  0.1000    5   0.970   0.250   3.04092   2.99993   0.04098  0.947
  0.1259    5   0.980   0.400   3.05260   3.01606   0.03654  0.933
  0.1585    5   0.990   0.960   3.06655   3.06599   0.00056  0.917
  0.1995    5   0.990   0.980   3.08303   3.08281   0.00021  0.899
  0.2512    5   0.990   0.980   3.10197   3.10154   0.00043  0.878
  0.3162    5   0.990   0.990   3.12337   3.12337   0.00000  0.857
  0.3981    5   1.000   0.990   3.14712   3.14704   0.00007  0.834
  0.5012    5   1.000   0.990   3.17307   3.17263   0.00044  0.810
  0.6310    5   1.000   0.990   3.20042   3.19961   0.00081  0.786
  0.7943    5   1.000   0.990   3.22848   3.22731   0.00117  0.763
  1.0000    5   1.000   0.990   3.25649   3.25498   0.00152  0.742
  1.2589    5   1.000   0.990   3.28371   3.28187   0.00184  0.722
  1.5849    5   1.000   0.990   3.30945   3.30733   0.00212  0.704
  1.9953    5   1.000   0.990   3.33319   3.33082   0.00238  0.689
  2.5119    5   1.000   0.990   3.35459   3.35200   0.00259  0.675
  3.1623    5   1.000   1.000   3.37349   3.37349   0.00000  0.664
  3.9811    5   1.000   1.000   3.38986   3.38986   0.00000  0.654
  5.0119    5   1.000   1.000   3.40384   3.40384   0.00000  0.646
  6.3096    5   1.000   1.000   3.41561   3.41561   0.00000  0.640
  7.9433    5   1.000   1.000   3.42541   3.42541   0.00000  0.634
 10.0000    5   1.000   1.000   3.43350   3.43350   0.00000  0.630


sup_{r,v} VDA = 0.04098  at  (r=0.1000, v=5.0)

Decision per CR-026 task definition:
  → CONTESTED
  → §5.2 wording wrong internal to the model; sup > 0.020 (crosses §4.4's hot-zone boundary at V=0.75).

Refinement pass at (r=0.1000, v=5.0) with Δα=0.005, Δc=0.025:
  refined α*P1 = 0.9700
  refined α*P2 = 0.2600
  refined R(P1) = 3.040928
  refined R(P2) = 3.000911
  refined VDA   = 0.040017  (coarse: 0.040982)
  refined CF    = 0.9474

Comparison: same (r, v) at V = 0.5 (the paper's reference 'hot zone'):
  V=0.50: αP1=0.950  αP2=0.250  R(P1)=2.16409  R(P2)=2.14858  VDA=0.01551  CF=0.967
  V=0.75: αP1=0.970  αP2=0.260  R(P1)=3.04093  R(P2)=3.00091  VDA=0.04002  CF=0.947
  VDA ratio V=0.75 / V=0.5 = 2.5795

Boundary check: sup VDA at V ∈ {0.75, 0.80, 0.90, 0.95}:
  V=0.75:  sup VDA = 0.04098  at (r=0.1000, v=5.0)
  V=0.80:  sup VDA = 0.00055  at (r=0.5012, v=5.0)
  V=0.90:  sup VDA = 0.00032  at (r=0.3981, v=5.0)
  V=0.95:  sup VDA = 0.00002  at (r=0.1000, v=5.0)

Fine V-grid in [0.75, 0.80]  at (r=0.1, v=5)  to locate V_critical:
  V=0.750:  αP1=0.970  αP2=0.250  R(P1)=3.04092  R(P2)=2.99993  VDA=0.04098
  V=0.755:  αP1=0.970  αP2=0.280  R(P1)=3.05848  R(P2)=3.02005  VDA=0.03843
  V=0.760:  αP1=0.970  αP2=0.290  R(P1)=3.07604  R(P2)=3.03824  VDA=0.03780
  V=0.765:  αP1=0.970  αP2=0.320  R(P1)=3.09360  R(P2)=3.05824  VDA=0.03536
  V=0.770:  αP1=0.970  αP2=0.360  R(P1)=3.11116  R(P2)=3.07896  VDA=0.03221
  V=0.775:  αP1=0.970  αP2=0.400  R(P1)=3.12872  R(P2)=3.09950  VDA=0.02922
  V=0.780:  αP1=0.970  αP2=0.930  R(P1)=3.14629  R(P2)=3.14572  VDA=0.00057
  V=0.785:  αP1=0.970  αP2=0.930  R(P1)=3.16385  R(P2)=3.16327  VDA=0.00058
  V=0.790:  αP1=0.970  αP2=0.930  R(P1)=3.18141  R(P2)=3.18082  VDA=0.00059
  V=0.795:  αP1=0.970  αP2=0.940  R(P1)=3.19897  R(P2)=3.19860  VDA=0.00037
  V=0.800:  αP1=0.970  αP2=0.940  R(P1)=3.21653  R(P2)=3.21615  VDA=0.00038
  V=0.805:  αP1=0.970  αP2=0.940  R(P1)=3.23410  R(P2)=3.23371  VDA=0.00039

Fine r-grid in [0.05, 0.20]  at (V=0.75, v=5)  to verify sup is interior:
  r=0.0500:  αP1=0.910  αP2=0.250  R(P1)=3.01720  R(P2)=2.99993  VDA=0.01726
  r=0.0630:  αP1=0.940  αP2=0.250  R(P1)=3.02344  R(P2)=2.99993  VDA=0.02351
  r=0.0790:  αP1=0.950  αP2=0.250  R(P1)=3.03109  R(P2)=2.99993  VDA=0.03115
  r=0.1000:  αP1=0.970  αP2=0.250  R(P1)=3.04092  R(P2)=2.99993  VDA=0.04098
  r=0.1260:  αP1=0.980  αP2=0.400  R(P1)=3.05265  R(P2)=3.01607  VDA=0.03658
  r=0.1580:  αP1=0.990  αP2=0.960  R(P1)=3.06635  R(P2)=3.06579  VDA=0.00055
  r=0.2000:  αP1=0.990  αP2=0.980  R(P1)=3.08321  R(P2)=3.08299  VDA=0.00022
