[loaded] /Users/jonathanmorgan/rvit_plus_checkpoints/v8/v8_analysis_snapshot.pt (iter=4999) device=cpu  encoder cross-attn 1block×8H, 2 mem-LSTMs, N=100 (keys = 3N = patch++H1++H2)
[setup] near-threshold |Δθ|=10.0 ring=0.75 change@t=15 n=256 biases=[-6, -4, -2, -1, 0, 1, 2, 4, 6]
[note] v5_part2 decoders are 1D-conv heads (no attention) — every lever below perturbs the ENCODER cross-attention only.
[baseline cued] hit=0.684 rt=6.00 prem=0.000 Vadv=-0.291 qent=0.421 qstd=0.921 Hpi=0.034

=== ALL-HEADS region sweeps (change_index_mode='cued') ===

[patch] patch keys (image gain), all heads
  b      hit    rt    prem    Vadv    qent    qstd    Hpi
   -6.0  0.566   7.0  0.000  -0.310  +0.428  0.925  0.026
   -4.0  0.641   7.0  0.000  -0.304  +0.420  0.926  0.023
   -2.0  0.613   6.0  0.000  -0.282  +0.407  0.913  0.041
   -1.0  0.676   7.0  0.004  -0.293  +0.416  0.919  0.035
   +0.0  0.621   6.0  0.000  -0.292  +0.411  0.918  0.036
   +1.0  0.594   7.0  0.000  -0.295  +0.418  0.922  0.032
   +2.0  0.566   5.0  0.004  -0.279  +0.397  0.911  0.032
   +4.0  0.594   6.0  0.000  -0.276  +0.407  0.915  0.035
   +6.0  0.656   6.0  0.000  -0.236  +0.501  0.966  0.046
  Δ(full sweep): hit=+0.090 prem=+0.000 Vadv=+0.073 qent=+0.073 Hpi=+0.019

[memory] memory keys H1+H2 (recurrent readout), all heads
  b      hit    rt    prem    Vadv    qent    qstd    Hpi
   -6.0  0.719   6.0  0.000  -0.229  +0.472  0.962  0.052
   -4.0  0.629   6.0  0.000  -0.280  +0.397  0.916  0.043
   -2.0  0.555   6.0  0.004  -0.277  +0.389  0.911  0.048
   -1.0  0.660   7.0  0.000  -0.299  +0.424  0.926  0.028
   +0.0  0.648   7.0  0.000  -0.304  +0.421  0.928  0.025
   +1.0  0.598   6.0  0.000  -0.291  +0.411  0.920  0.033
   +2.0  0.617   7.0  0.000  -0.311  +0.419  0.931  0.026
   +4.0  0.645   7.0  0.000  -0.304  +0.411  0.920  0.037
   +6.0  0.633   7.0  0.000  -0.306  +0.425  0.926  0.036
  Δ(full sweep): hit=-0.086 prem=+0.000 Vadv=-0.077 qent=-0.047 Hpi=-0.015

[quad_S1] patch keys of S1 (top-left)
  b      hit    rt    prem    Vadv    qent    qstd    Hpi
   -6.0  0.648   6.5  0.000  -0.284  +0.402  0.912  0.037
   -4.0  0.645   7.0  0.000  -0.287  +0.414  0.923  0.029
   -2.0  0.656   6.0  0.004  -0.289  +0.412  0.916  0.043
   -1.0  0.652   6.0  0.000  -0.302  +0.413  0.927  0.026
   +0.0  0.668   6.0  0.000  -0.289  +0.401  0.915  0.034
   +1.0  0.660   6.0  0.004  -0.290  +0.403  0.916  0.042
   +2.0  0.617   6.0  0.000  -0.295  +0.422  0.923  0.030
   +4.0  0.609   6.0  0.000  -0.294  +0.412  0.922  0.036
   +6.0  0.590   6.0  0.004  -0.273  +0.399  0.913  0.030
  Δ(full sweep): hit=-0.059 prem=+0.004 Vadv=+0.011 qent=-0.003 Hpi=-0.007

[quad_S4] patch keys of S4 (bottom-right)
  b      hit    rt    prem    Vadv    qent    qstd    Hpi
   -6.0  0.641   6.0  0.000  -0.297  +0.404  0.921  0.026
   -4.0  0.598   7.0  0.000  -0.294  +0.422  0.921  0.033
   -2.0  0.660   6.0  0.000  -0.285  +0.409  0.917  0.035
   -1.0  0.602   6.0  0.000  -0.308  +0.430  0.932  0.027
   +0.0  0.602   6.0  0.000  -0.297  +0.404  0.921  0.032
   +1.0  0.578   7.0  0.000  -0.291  +0.403  0.916  0.034
   +2.0  0.590   6.0  0.008  -0.294  +0.412  0.922  0.027
   +4.0  0.605   6.0  0.000  -0.287  +0.403  0.921  0.026
   +6.0  0.613   6.0  0.000  -0.269  +0.389  0.913  0.040
  Δ(full sweep): hit=-0.027 prem=+0.000 Vadv=+0.028 qent=-0.016 Hpi=+0.014

[memquad_S1] memory keys of S1 quadrant
  b      hit    rt    prem    Vadv    qent    qstd    Hpi
   -6.0  0.582   7.0  0.000  -0.309  +0.428  0.932  0.015
   -4.0  0.609   6.0  0.000  -0.304  +0.420  0.926  0.027
   -2.0  0.590   7.0  0.000  -0.302  +0.430  0.927  0.026
   -1.0  0.562   6.0  0.000  -0.291  +0.420  0.920  0.037
   +0.0  0.609   6.0  0.000  -0.298  +0.421  0.927  0.027
   +1.0  0.617   6.0  0.000  -0.293  +0.414  0.919  0.045
   +2.0  0.703   7.0  0.004  -0.304  +0.429  0.929  0.023
   +4.0  0.633   6.0  0.000  -0.304  +0.413  0.928  0.030
   +6.0  0.633   7.0  0.000  -0.300  +0.414  0.921  0.031
  Δ(full sweep): hit=+0.051 prem=+0.000 Vadv=+0.009 qent=-0.013 Hpi=+0.016

=== Invalid-alignment control: change ALWAYS at S1, cue FIXED right (S4) ===
[baseline changeS1/cueS4] hit=0.555 prem=0.000 Vadv=-0.326 qent=0.429
[S1_patch_invalid] Δ hit=+0.008 prem=-0.004 Vadv=+0.004 qent=-0.000
[S4_patch_invalid] Δ hit=+0.023 prem=+0.000 Vadv=+0.010 qent=-0.013
[patch_invalid] Δ hit=-0.027 prem=+0.004 Vadv=+0.068 qent=+0.076
[memory_invalid] Δ hit=-0.082 prem=+0.000 Vadv=-0.086 qent=-0.046
[memquad_S1_invalid] Δ hit=+0.148 prem=+0.004 Vadv=-0.011 qent=+0.006

=== DECISION-vs-UNCERTAINTY summary ===
region	|Δhit|	|Δprem|	|ΔVadv|	|Δqent|	decision	uncertainty	verdict
patch	0.090	0.000	0.073	0.073	0.090	0.073	DECISION-moving
memory	0.086	0.000	0.077	0.047	0.086	0.077	DECISION-moving
quad_S1	0.059	0.004	0.011	0.003	0.059	0.011	DECISION-moving
quad_S4	0.027	0.000	0.028	0.016	0.027	0.028	inert
memquad_S1	0.051	0.000	0.009	0.013	0.051	0.013	DECISION-moving
S1_patch_invalid	0.008	0.004	0.004	0.000	0.008	0.004	inert
S4_patch_invalid	0.023	0.000	0.010	0.013	0.023	0.013	inert
patch_invalid	0.027	0.004	0.068	0.076	0.027	0.076	uncertainty/value-moving
memory_invalid	0.082	0.000	0.086	0.046	0.082	0.086	uncertainty/value-moving
memquad_S1_invalid	0.148	0.004	0.011	0.006	0.148	0.011	DECISION-moving

[saved] /Users/jonathanmorgan/AttentionManuscript/RViT_plus_v8/analysis/deepdive/tables/exp4_causal.json
[saved] /Users/jonathanmorgan/AttentionManuscript/RViT_plus_v8/analysis/deepdive/tables/exp4_summary.tsv
[saved] /Users/jonathanmorgan/AttentionManuscript/RViT_plus_v8/analysis/deepdive/figs/exp4_region_behaviour.png, exp4_patch_vs_memory_value.png
[done]
