[loaded] /Users/jonathanmorgan/rvit_plus_checkpoints/v8/v8_analysis_snapshot.pt (iter=4999) device=cpu  encoder 1block×8H, N=100, d=128 — instrumenting the PATCH VALUE STREAM
[setup] |Δθ|=10.0 ring=0.75 change@t=15 n=256 cued change, cue FIXED left (changed quadrant = S1)
[note] zeroing the straw removes patch CONTENT only; patch tokens still query and still compete in the softmax (query-side modulation of memory survives).

=== PROBE 1: straw magnitude vs memory stream vs H1 residual (forced wait) ===
[mass] per-head patch attention mass (trial mean): H0=0.580  H1=0.019  H2=0.098  H3=0.120  H4=0.035  H5=0.198  H6=0.026  H7=0.211
[mass] image-watching head = H0 (0.580); all-head mean = 0.161
[norms mag10   ] model-space token-mean ‖·‖ — straw pre/post-change: 12.781/12.304  memory: 36.506/38.629  H1-residual: 5.136/5.329
[norms mag44   ] model-space token-mean ‖·‖ — straw pre/post-change: 12.781/12.187  memory: 36.506/40.791  H1-residual: 5.136/5.374
[norms nochange] model-space token-mean ‖·‖ — straw pre/post-change: 12.781/12.288  memory: 36.506/39.205  H1-residual: 5.136/5.325
[quad] straw norm by query quadrant post-change (mag10): S1=12.357  S2=12.314  S3=12.276  S4=12.268   (change is at S1)

[collect] 1200 fully-random forced-wait trials (straw features + PCA basis) ...
[collect] done: T=29, B=1200, change-trials=607, PCA rows=139200
[pca] straw variance: top-1=0.567  90% at k=5  99% at k=10 (of d=128)

[baseline] hit=0.629 FA=0.027 det=+0.602 rt= 6.0 prem=0.000 Vadv=-0.294 qent=+0.426

=== PROBE 2: when must the straw be open? (zero a_patch outside the window) ===
[blind_all               ] hit=0.664 FA=0.051 det=+0.613 rt= 6.0 prem=0.000 Vadv=-0.166 qent=+0.202   (straw closed at every frame)
[open_change_only        ] hit=0.645 FA=0.094 det=+0.551 rt= 6.0 prem=0.000 Vadv=-0.151 qent=+0.180   (open ONLY at the change frame t=15)
[open_change_pm1         ] hit=0.727 FA=0.062 det=+0.664 rt= 6.0 prem=0.000 Vadv=-0.144 qent=+0.167   (open t=change±1)
[open_change_pm2         ] hit=0.707 FA=0.086 det=+0.621 rt= 7.0 prem=0.000 Vadv=-0.140 qent=+0.154   (open t=change±2)
[open_cue_change         ] hit=0.672 FA=0.059 det=+0.613 rt= 7.0 prem=0.000 Vadv=-0.295 qent=+0.387   (open at cue frame + change frame)
[open_from_change        ] hit=0.609 FA=0.090 det=+0.520 rt= 6.0 prem=0.000 Vadv=-0.151 qent=+0.180   (blind BEFORE the change (no pre-change reference → comparator test))
[open_until_change       ] hit=0.746 FA=0.051 det=+0.695 rt= 6.0 prem=0.000 Vadv=-0.299 qent=+0.428   (blind FROM the change on (change never seen → false-press control))
[closed_cue_only         ] hit=0.613 FA=0.012 det=+0.602 rt= 7.0 prem=0.000 Vadv=-0.159 qent=+0.063   (closed only at the cue frame (cue-through-the-straw test))
[freeze_at_change        ] hit=0.504 FA=0.016 det=+0.488 rt= 7.0 prem=0.000 Vadv=-0.307 qent=+0.439   (replay pre-change straw CONTENT forever (query-side gating stays live))
[freeze_full             ] hit=0.074 FA=0.074 det=+0.000 rt= 5.0 prem=0.000 Vadv=-0.334 qent=+0.460   (freeze content AND attention weights at the change (both channels cut))

=== PROBE 3: spatial footprint (changed quadrant = S1; straw open at all t) ===
[keys_S1_only            ] hit=0.723 FA=0.039 det=+0.684 rt= 7.0 prem=0.000 Vadv=-0.317 qent=+0.445   (straw rebuilt from S1 patch KEYS only (25/100 keys))
[keys_not_S1             ] hit=0.637 FA=0.027 det=+0.609 rt= 6.0 prem=0.000 Vadv=-0.155 qent=-0.009   (straw without the S1 patch keys)
[queries_S1_only         ] hit=0.715 FA=0.043 det=+0.672 rt= 7.0 prem=0.000 Vadv=-0.176 qent=+0.194   (only S1 QUERY rows receive visual content)
[queries_not_S1          ] hit=0.637 FA=0.027 det=+0.609 rt= 7.0 prem=0.000 Vadv=-0.298 qent=+0.423   (every query row EXCEPT S1 receives visual content)

=== PROBE 5: per-head straw knockouts (image-watcher = H0) ===
[zero_H0                 ] hit=0.668 FA=0.031 det=+0.637 rt= 6.0 prem=0.000 Vadv=-0.297 qent=+0.422   (straw of head 0 zeroed (mass 0.580))
[zero_H1                 ] hit=0.629 FA=0.027 det=+0.602 rt= 6.0 prem=0.000 Vadv=-0.294 qent=+0.426   (straw of head 1 zeroed (mass 0.019))
[zero_H2                 ] hit=0.590 FA=0.027 det=+0.562 rt= 5.0 prem=0.000 Vadv=-0.294 qent=+0.422   (straw of head 2 zeroed (mass 0.098))
[zero_H3                 ] hit=0.562 FA=0.020 det=+0.543 rt= 7.0 prem=0.000 Vadv=-0.243 qent=+0.289   (straw of head 3 zeroed (mass 0.120))
[zero_H4                 ] hit=0.617 FA=0.027 det=+0.590 rt= 6.0 prem=0.000 Vadv=-0.292 qent=+0.410   (straw of head 4 zeroed (mass 0.035))
[zero_H5                 ] hit=0.652 FA=0.027 det=+0.625 rt= 6.0 prem=0.000 Vadv=-0.303 qent=+0.438   (straw of head 5 zeroed (mass 0.198))
[zero_H6                 ] hit=0.629 FA=0.027 det=+0.602 rt= 6.0 prem=0.000 Vadv=-0.294 qent=+0.427   (straw of head 6 zeroed (mass 0.026))
[zero_H7                 ] hit=0.684 FA=0.023 det=+0.660 rt= 6.0 prem=0.000 Vadv=-0.297 qent=+0.435   (straw of head 7 zeroed (mass 0.211))
[only_H0                 ] hit=0.660 FA=0.047 det=+0.613 rt= 7.0 prem=0.000 Vadv=-0.163 qent=+0.100   (ONLY head 0's straw survives)

=== PROBE 4: rank-k straw (PCA re-injection), psychometric sweep ===
  detect = hit − FA;  columns are straw rank k ('mean' = rank 0)
  |Δθ| \ k    mean      1      2      4      8     16     32   full   baseline
        5   0.109  0.145  0.113  0.086  0.082  0.105  0.105  0.105      0.105
       10   0.641  0.680  0.664  0.559  0.590  0.617  0.602  0.602      0.602
       20   0.938  0.953  0.961  0.957  0.957  0.957  0.957  0.957      0.957
       44   0.945  0.973  0.969  0.977  0.977  0.973  0.973  0.973      0.973

=== DECODING: change variables from the straw's pooled content (per frame) ===
  change_present    peaks: a_patch_mean=0.676  a_patch_quad=0.647  a_mem_mean=0.837  a_mem_quad=0.833
  change_location   peaks: a_patch_mean=0.360  a_patch_quad=0.432  a_mem_mean=0.429  a_mem_quad=0.449
  change_magnitude  peaks: a_patch_mean=0.192  a_patch_quad=0.137  a_mem_mean=0.618  a_mem_quad=0.609

[saved] /Users/jonathanmorgan/AttentionManuscript/RViT_plus_v8/analysis/deepdive/tables/exp6_straw.json
[saved] /Users/jonathanmorgan/AttentionManuscript/RViT_plus_v8/analysis/deepdive/tables/exp6_summary.tsv
[saved] /Users/jonathanmorgan/AttentionManuscript/RViT_plus_v8/analysis/deepdive/figs/exp6_straw_norms.png, exp6_ablation_behaviour.png, exp6_head_knockout.png, exp6_rank_sweep.png, exp6_straw_decoding.png
[done]
